[2026-09-06T17:22:14.618+0000] {local_task_job_runner.py:123} INFO - ::group::Pre task execution logs
[2026-09-06T17:22:14.653+0000] {taskinstance.py:2613} INFO - Dependencies all met for dep_context=non-requeueable deps ti=<TaskInstance: oil_price_pipeline_dag.bootstrap_historical_data manual__2026-09-06T17:22:09.670896+00:00 [queued]>
[2026-09-06T17:22:14.666+0000] {taskinstance.py:2613} INFO - Dependencies all met for dep_context=requeueable deps ti=<TaskInstance: oil_price_pipeline_dag.bootstrap_historical_data manual__2026-09-06T17:22:09.670896+00:00 [queued]>
[2026-09-06T17:22:14.667+0000] {taskinstance.py:2866} INFO - Starting attempt 1 of 2
[2026-09-06T17:22:14.684+0000] {taskinstance.py:2889} INFO - Executing <Task(PythonOperator): bootstrap_historical_data> on 2026-09-06 17:22:09.670896+00:00
[2026-09-06T17:22:14.692+0000] {warnings.py:112} WARNING - /home/***/.local/lib/python3.12/site-packages/***/task/task_runner/standard_task_runner.py:70: DeprecationWarning: This process (pid=483) is multi-threaded, use of fork() may lead to deadlocks in the child.
  pid = os.fork()

[2026-09-06T17:22:14.692+0000] {standard_task_runner.py:104} INFO - Running: ['***', 'tasks', 'run', 'oil_price_pipeline_dag', 'bootstrap_historical_data', 'manual__2026-09-06T17:22:09.670896+00:00', '--job-id', '4', '--raw', '--subdir', 'DAGS_FOLDER/ml_03_oil_pipeline.py', '--cfg-path', '/tmp/tmpv1po7pqs']
[2026-09-06T17:22:14.694+0000] {standard_task_runner.py:72} INFO - Started process 485 to run task
[2026-09-06T17:22:14.694+0000] {standard_task_runner.py:105} INFO - Job 4: Subtask bootstrap_historical_data
[2026-09-06T17:22:14.758+0000] {task_command.py:467} INFO - Running <TaskInstance: oil_price_pipeline_dag.bootstrap_historical_data manual__2026-09-06T17:22:09.670896+00:00 [running]> on host 1b5b1934435f
[2026-09-06T17:22:15.011+0000] {taskinstance.py:3132} INFO - Exporting env vars: AIRFLOW_CTX_DAG_OWNER='workshop2' AIRFLOW_CTX_DAG_ID='oil_price_pipeline_dag' AIRFLOW_CTX_TASK_ID='bootstrap_historical_data' AIRFLOW_CTX_EXECUTION_DATE='2026-09-06T17:22:09.670896+00:00' AIRFLOW_CTX_TRY_NUMBER='1' AIRFLOW_CTX_DAG_RUN_ID='manual__2026-09-06T17:22:09.670896+00:00'
[2026-09-06T17:22:15.013+0000] {taskinstance.py:731} INFO - ::endgroup::
[2026-09-06T17:22:15.391+0000] {base.py:84} INFO - Retrieving connection 'postgres_target'
[2026-09-06T17:22:15.398+0000] {sql.py:553} INFO - Running statement: SELECT COUNT(*) FROM oil_price_history WHERE symbol = %s;, parameters: ('CL=F',)
[2026-09-06T17:22:15.420+0000] {sql.py:562} INFO - Rows affected: 1
[2026-09-06T17:22:15.422+0000] {logging_mixin.py:190} INFO - มีข้อมูลย้อนหลังอยู่แล้ว 0 วันทำการ (ต้องการอย่างน้อย 60 วัน)
[2026-09-06T17:22:16.445+0000] {sql.py:553} INFO - Running statement: 
            INSERT INTO oil_price_history (date, symbol, price)
            VALUES (%s, %s, %s)
            ON CONFLICT (date, symbol) DO NOTHING;
            , parameters: ('2026-02-03', 'CL=F', 63.209999084472656)
[2026-09-06T17:22:16.450+0000] {sql.py:562} INFO - Rows affected: 1
[2026-09-06T17:22:16.457+0000] {sql.py:553} INFO - Running statement: 
            INSERT INTO oil_price_history (date, symbol, price)
            VALUES (%s, %s, %s)
            ON CONFLICT (date, symbol) DO NOTHING;
            , parameters: ('2026-02-04', 'CL=F', 65.13999938964844)
[2026-09-06T17:22:16.459+0000] {sql.py:562} INFO - Rows affected: 1
[2026-09-06T17:22:16.467+0000] {sql.py:553} INFO - Running statement: 
            INSERT INTO oil_price_history (date, symbol, price)
            VALUES (%s, %s, %s)
            ON CONFLICT (date, symbol) DO NOTHING;
            , parameters: ('2026-02-05', 'CL=F', 63.290000915527344)
[2026-09-06T17:22:16.469+0000] {sql.py:562} INFO - Rows affected: 1
[2026-09-06T17:22:16.476+0000] {sql.py:553} INFO - Running statement: 
            INSERT INTO oil_price_history (date, symbol, price)
            VALUES (%s, %s, %s)
            ON CONFLICT (date, symbol) DO NOTHING;
            , parameters: ('2026-02-06', 'CL=F', 63.54999923706055)
[2026-09-06T17:22:16.477+0000] {sql.py:562} INFO - Rows affected: 1
[2026-09-06T17:22:16.484+0000] {sql.py:553} INFO - Running statement: 
            INSERT INTO oil_price_history (date, symbol, price)
            VALUES (%s, %s, %s)
            ON CONFLICT (date, symbol) DO NOTHING;
            , parameters: ('2026-02-09', 'CL=F', 64.36000061035156)
[2026-09-06T17:22:16.486+0000] {sql.py:562} INFO - Rows affected: 1
[2026-09-06T17:22:16.493+0000] {sql.py:553} INFO - Running statement: 
            INSERT INTO oil_price_history (date, symbol, price)
            VALUES (%s, %s, %s)
            ON CONFLICT (date, symbol) DO NOTHING;
            , parameters: ('2026-02-10', 'CL=F', 63.959999084472656)
[2026-09-06T17:22:16.495+0000] {sql.py:562} INFO - Rows affected: 1
[2026-09-06T17:22:16.503+0000] {sql.py:553} INFO - Running statement: 
            INSERT INTO oil_price_history (date, symbol, price)
            VALUES (%s, %s, %s)
            ON CONFLICT (date, symbol) DO NOTHING;
            , parameters: ('2026-02-11', 'CL=F', 64.62999725341797)
[2026-09-06T17:22:16.505+0000] {sql.py:562} INFO - Rows affected: 1
[2026-09-06T17:22:16.512+0000] {sql.py:553} INFO - Running statement: 
            INSERT INTO oil_price_history (date, symbol, price)
            VALUES (%s, %s, %s)
            ON CONFLICT (date, symbol) DO NOTHING;
            , parameters: ('2026-02-12', 'CL=F', 62.84000015258789)
[2026-09-06T17:22:16.514+0000] {sql.py:562} INFO - Rows affected: 1
[2026-09-06T17:22:16.521+0000] {sql.py:553} INFO - Running statement: 
            INSERT INTO oil_price_history (date, symbol, price)
            VALUES (%s, %s, %s)
            ON CONFLICT (date, symbol) DO NOTHING;
            , parameters: ('2026-02-13', 'CL=F', 62.88999938964844)
[2026-09-06T17:22:16.522+0000] {sql.py:562} INFO - Rows affected: 1
[2026-09-06T17:22:16.529+0000] {sql.py:553} INFO - Running statement: 
            INSERT INTO oil_price_history (date, symbol, price)
            VALUES (%s, %s, %s)
            ON CONFLICT (date, symbol) DO NOTHING;
            , parameters: ('2026-02-17', 'CL=F', 62.33000183105469)
[2026-09-06T17:22:16.531+0000] {sql.py:562} INFO - Rows affected: 1
[2026-09-06T17:22:16.543+0000] {sql.py:553} INFO - Running statement: 
            INSERT INTO oil_price_history (date, symbol, price)
            VALUES (%s, %s, %s)
            ON CONFLICT (date, symbol) DO NOTHING;
            , parameters: ('2026-02-18', 'CL=F', 65.19000244140625)
[2026-09-06T17:22:16.544+0000] {sql.py:562} INFO - Rows affected: 1
[2026-09-06T17:22:16.551+0000] {sql.py:553} INFO - Running statement: 
            INSERT INTO oil_price_history (date, symbol, price)
            VALUES (%s, %s, %s)
            ON CONFLICT (date, symbol) DO NOTHING;
            , parameters: ('2026-02-19', 'CL=F', 66.43000030517578)
[2026-09-06T17:22:16.553+0000] {sql.py:562} INFO - Rows affected: 1
[2026-09-06T17:22:16.561+0000] {sql.py:553} INFO - Running statement: 
            INSERT INTO oil_price_history (date, symbol, price)
            VALUES (%s, %s, %s)
            ON CONFLICT (date, symbol) DO NOTHING;
            , parameters: ('2026-02-20', 'CL=F', 66.38999938964844)
[2026-09-06T17:22:16.563+0000] {sql.py:562} INFO - Rows affected: 1
[2026-09-06T17:22:16.570+0000] {sql.py:553} INFO - Running statement: 
            INSERT INTO oil_price_history (date, symbol, price)
            VALUES (%s, %s, %s)
            ON CONFLICT (date, symbol) DO NOTHING;
            , parameters: ('2026-02-23', 'CL=F', 66.30999755859375)
[2026-09-06T17:22:16.572+0000] {sql.py:562} INFO - Rows affected: 1
[2026-09-06T17:22:16.578+0000] {sql.py:553} INFO - Running statement: 
            INSERT INTO oil_price_history (date, symbol, price)
            VALUES (%s, %s, %s)
            ON CONFLICT (date, symbol) DO NOTHING;
            , parameters: ('2026-02-24', 'CL=F', 65.62999725341797)
[2026-09-06T17:22:16.580+0000] {sql.py:562} INFO - Rows affected: 1
[2026-09-06T17:22:16.586+0000] {sql.py:553} INFO - Running statement: 
            INSERT INTO oil_price_history (date, symbol, price)
            VALUES (%s, %s, %s)
            ON CONFLICT (date, symbol) DO NOTHING;
            , parameters: ('2026-02-25', 'CL=F', 65.41999816894531)
[2026-09-06T17:22:16.588+0000] {sql.py:562} INFO - Rows affected: 1
[2026-09-06T17:22:16.596+0000] {sql.py:553} INFO - Running statement: 
            INSERT INTO oil_price_history (date, symbol, price)
            VALUES (%s, %s, %s)
            ON CONFLICT (date, symbol) DO NOTHING;
            , parameters: ('2026-02-26', 'CL=F', 65.20999908447266)
[2026-09-06T17:22:16.597+0000] {sql.py:562} INFO - Rows affected: 1
[2026-09-06T17:22:16.606+0000] {sql.py:553} INFO - Running statement: 
            INSERT INTO oil_price_history (date, symbol, price)
            VALUES (%s, %s, %s)
            ON CONFLICT (date, symbol) DO NOTHING;
            , parameters: ('2026-02-27', 'CL=F', 67.0199966430664)
[2026-09-06T17:22:16.607+0000] {sql.py:562} INFO - Rows affected: 1
[2026-09-06T17:22:16.615+0000] {sql.py:553} INFO - Running statement: 
            INSERT INTO oil_price_history (date, symbol, price)
            VALUES (%s, %s, %s)
            ON CONFLICT (date, symbol) DO NOTHING;
            , parameters: ('2026-03-02', 'CL=F', 71.2300033569336)
[2026-09-06T17:22:16.616+0000] {sql.py:562} INFO - Rows affected: 1
[2026-09-06T17:22:16.623+0000] {sql.py:553} INFO - Running statement: 
            INSERT INTO oil_price_history (date, symbol, price)
            VALUES (%s, %s, %s)
            ON CONFLICT (date, symbol) DO NOTHING;
            , parameters: ('2026-03-03', 'CL=F', 74.55999755859375)
[2026-09-06T17:22:16.624+0000] {sql.py:562} INFO - Rows affected: 1
[2026-09-06T17:22:16.631+0000] {sql.py:553} INFO - Running statement: 
            INSERT INTO oil_price_history (date, symbol, price)
            VALUES (%s, %s, %s)
            ON CONFLICT (date, symbol) DO NOTHING;
            , parameters: ('2026-03-04', 'CL=F', 74.66000366210938)
[2026-09-06T17:22:16.633+0000] {sql.py:562} INFO - Rows affected: 1
[2026-09-06T17:22:16.640+0000] {sql.py:553} INFO - Running statement: 
            INSERT INTO oil_price_history (date, symbol, price)
            VALUES (%s, %s, %s)
            ON CONFLICT (date, symbol) DO NOTHING;
            , parameters: ('2026-03-05', 'CL=F', 81.01000213623047)
[2026-09-06T17:22:16.641+0000] {sql.py:562} INFO - Rows affected: 1
[2026-09-06T17:22:16.648+0000] {sql.py:553} INFO - Running statement: 
            INSERT INTO oil_price_history (date, symbol, price)
            VALUES (%s, %s, %s)
            ON CONFLICT (date, symbol) DO NOTHING;
            , parameters: ('2026-03-06', 'CL=F', 90.9000015258789)
[2026-09-06T17:22:16.650+0000] {sql.py:562} INFO - Rows affected: 1
[2026-09-06T17:22:16.656+0000] {sql.py:553} INFO - Running statement: 
            INSERT INTO oil_price_history (date, symbol, price)
            VALUES (%s, %s, %s)
            ON CONFLICT (date, symbol) DO NOTHING;
            , parameters: ('2026-03-09', 'CL=F', 94.7699966430664)
[2026-09-06T17:22:16.658+0000] {sql.py:562} INFO - Rows affected: 1
[2026-09-06T17:22:16.665+0000] {sql.py:553} INFO - Running statement: 
            INSERT INTO oil_price_history (date, symbol, price)
            VALUES (%s, %s, %s)
            ON CONFLICT (date, symbol) DO NOTHING;
            , parameters: ('2026-03-10', 'CL=F', 83.44999694824219)
[2026-09-06T17:22:16.669+0000] {sql.py:562} INFO - Rows affected: 1
[2026-09-06T17:22:16.676+0000] {sql.py:553} INFO - Running statement: 
            INSERT INTO oil_price_history (date, symbol, price)
            VALUES (%s, %s, %s)
            ON CONFLICT (date, symbol) DO NOTHING;
            , parameters: ('2026-03-11', 'CL=F', 87.25)
[2026-09-06T17:22:16.678+0000] {sql.py:562} INFO - Rows affected: 1
[2026-09-06T17:22:16.685+0000] {sql.py:553} INFO - Running statement: 
            INSERT INTO oil_price_history (date, symbol, price)
            VALUES (%s, %s, %s)
            ON CONFLICT (date, symbol) DO NOTHING;
            , parameters: ('2026-03-12', 'CL=F', 95.7300033569336)
[2026-09-06T17:22:16.687+0000] {sql.py:562} INFO - Rows affected: 1
[2026-09-06T17:22:16.694+0000] {sql.py:553} INFO - Running statement: 
            INSERT INTO oil_price_history (date, symbol, price)
            VALUES (%s, %s, %s)
            ON CONFLICT (date, symbol) DO NOTHING;
            , parameters: ('2026-03-13', 'CL=F', 98.70999908447266)
[2026-09-06T17:22:16.696+0000] {sql.py:562} INFO - Rows affected: 1
[2026-09-06T17:22:16.704+0000] {sql.py:553} INFO - Running statement: 
            INSERT INTO oil_price_history (date, symbol, price)
            VALUES (%s, %s, %s)
            ON CONFLICT (date, symbol) DO NOTHING;
            , parameters: ('2026-03-16', 'CL=F', 93.5)
[2026-09-06T17:22:16.707+0000] {sql.py:562} INFO - Rows affected: 1
[2026-09-06T17:22:16.716+0000] {sql.py:553} INFO - Running statement: 
            INSERT INTO oil_price_history (date, symbol, price)
            VALUES (%s, %s, %s)
            ON CONFLICT (date, symbol) DO NOTHING;
            , parameters: ('2026-03-17', 'CL=F', 96.20999908447266)
[2026-09-06T17:22:16.717+0000] {sql.py:562} INFO - Rows affected: 1
[2026-09-06T17:22:16.725+0000] {sql.py:553} INFO - Running statement: 
            INSERT INTO oil_price_history (date, symbol, price)
            VALUES (%s, %s, %s)
            ON CONFLICT (date, symbol) DO NOTHING;
            , parameters: ('2026-03-18', 'CL=F', 96.31999969482422)
[2026-09-06T17:22:16.727+0000] {sql.py:562} INFO - Rows affected: 1
[2026-09-06T17:22:16.735+0000] {sql.py:553} INFO - Running statement: 
            INSERT INTO oil_price_history (date, symbol, price)
            VALUES (%s, %s, %s)
            ON CONFLICT (date, symbol) DO NOTHING;
            , parameters: ('2026-03-19', 'CL=F', 96.13999938964844)
[2026-09-06T17:22:16.737+0000] {sql.py:562} INFO - Rows affected: 1
[2026-09-06T17:22:16.745+0000] {sql.py:553} INFO - Running statement: 
            INSERT INTO oil_price_history (date, symbol, price)
            VALUES (%s, %s, %s)
            ON CONFLICT (date, symbol) DO NOTHING;
            , parameters: ('2026-03-20', 'CL=F', 98.31999969482422)
[2026-09-06T17:22:16.747+0000] {sql.py:562} INFO - Rows affected: 1
[2026-09-06T17:22:16.756+0000] {sql.py:553} INFO - Running statement: 
            INSERT INTO oil_price_history (date, symbol, price)
            VALUES (%s, %s, %s)
            ON CONFLICT (date, symbol) DO NOTHING;
            , parameters: ('2026-03-23', 'CL=F', 88.12999725341797)
[2026-09-06T17:22:16.757+0000] {sql.py:562} INFO - Rows affected: 1
[2026-09-06T17:22:16.765+0000] {sql.py:553} INFO - Running statement: 
            INSERT INTO oil_price_history (date, symbol, price)
            VALUES (%s, %s, %s)
            ON CONFLICT (date, symbol) DO NOTHING;
            , parameters: ('2026-03-24', 'CL=F', 92.3499984741211)
[2026-09-06T17:22:16.766+0000] {sql.py:562} INFO - Rows affected: 1
[2026-09-06T17:22:16.778+0000] {sql.py:553} INFO - Running statement: 
            INSERT INTO oil_price_history (date, symbol, price)
            VALUES (%s, %s, %s)
            ON CONFLICT (date, symbol) DO NOTHING;
            , parameters: ('2026-03-25', 'CL=F', 90.31999969482422)
[2026-09-06T17:22:16.779+0000] {sql.py:562} INFO - Rows affected: 1
[2026-09-06T17:22:16.786+0000] {sql.py:553} INFO - Running statement: 
            INSERT INTO oil_price_history (date, symbol, price)
            VALUES (%s, %s, %s)
            ON CONFLICT (date, symbol) DO NOTHING;
            , parameters: ('2026-03-26', 'CL=F', 94.4800033569336)
[2026-09-06T17:22:16.788+0000] {sql.py:562} INFO - Rows affected: 1
[2026-09-06T17:22:16.796+0000] {sql.py:553} INFO - Running statement: 
            INSERT INTO oil_price_history (date, symbol, price)
            VALUES (%s, %s, %s)
            ON CONFLICT (date, symbol) DO NOTHING;
            , parameters: ('2026-03-27', 'CL=F', 99.63999938964844)
[2026-09-06T17:22:16.798+0000] {sql.py:562} INFO - Rows affected: 1
[2026-09-06T17:22:16.806+0000] {sql.py:553} INFO - Running statement: 
            INSERT INTO oil_price_history (date, symbol, price)
            VALUES (%s, %s, %s)
            ON CONFLICT (date, symbol) DO NOTHING;
            , parameters: ('2026-03-30', 'CL=F', 102.87999725341797)
[2026-09-06T17:22:16.808+0000] {sql.py:562} INFO - Rows affected: 1
[2026-09-06T17:22:16.815+0000] {sql.py:553} INFO - Running statement: 
            INSERT INTO oil_price_history (date, symbol, price)
            VALUES (%s, %s, %s)
            ON CONFLICT (date, symbol) DO NOTHING;
            , parameters: ('2026-03-31', 'CL=F', 101.37999725341797)
[2026-09-06T17:22:16.816+0000] {sql.py:562} INFO - Rows affected: 1
[2026-09-06T17:22:16.824+0000] {sql.py:553} INFO - Running statement: 
            INSERT INTO oil_price_history (date, symbol, price)
            VALUES (%s, %s, %s)
            ON CONFLICT (date, symbol) DO NOTHING;
            , parameters: ('2026-04-01', 'CL=F', 100.12000274658203)
[2026-09-06T17:22:16.827+0000] {sql.py:562} INFO - Rows affected: 1
[2026-09-06T17:22:16.835+0000] {sql.py:553} INFO - Running statement: 
            INSERT INTO oil_price_history (date, symbol, price)
            VALUES (%s, %s, %s)
            ON CONFLICT (date, symbol) DO NOTHING;
            , parameters: ('2026-04-02', 'CL=F', 111.54000091552734)
[2026-09-06T17:22:16.836+0000] {sql.py:562} INFO - Rows affected: 1
[2026-09-06T17:22:16.845+0000] {sql.py:553} INFO - Running statement: 
            INSERT INTO oil_price_history (date, symbol, price)
            VALUES (%s, %s, %s)
            ON CONFLICT (date, symbol) DO NOTHING;
            , parameters: ('2026-04-06', 'CL=F', 112.41000366210938)
[2026-09-06T17:22:16.846+0000] {sql.py:562} INFO - Rows affected: 1
[2026-09-06T17:22:16.854+0000] {sql.py:553} INFO - Running statement: 
            INSERT INTO oil_price_history (date, symbol, price)
            VALUES (%s, %s, %s)
            ON CONFLICT (date, symbol) DO NOTHING;
            , parameters: ('2026-04-07', 'CL=F', 112.94999694824219)
[2026-09-06T17:22:16.855+0000] {sql.py:562} INFO - Rows affected: 1
[2026-09-06T17:22:16.876+0000] {sql.py:553} INFO - Running statement: 
            INSERT INTO oil_price_history (date, symbol, price)
            VALUES (%s, %s, %s)
            ON CONFLICT (date, symbol) DO NOTHING;
            , parameters: ('2026-04-08', 'CL=F', 94.41000366210938)
[2026-09-06T17:22:16.877+0000] {sql.py:562} INFO - Rows affected: 1
[2026-09-06T17:22:16.885+0000] {sql.py:553} INFO - Running statement: 
            INSERT INTO oil_price_history (date, symbol, price)
            VALUES (%s, %s, %s)
            ON CONFLICT (date, symbol) DO NOTHING;
            , parameters: ('2026-04-09', 'CL=F', 97.87000274658203)
[2026-09-06T17:22:16.888+0000] {sql.py:562} INFO - Rows affected: 1
[2026-09-06T17:22:16.897+0000] {sql.py:553} INFO - Running statement: 
            INSERT INTO oil_price_history (date, symbol, price)
            VALUES (%s, %s, %s)
            ON CONFLICT (date, symbol) DO NOTHING;
            , parameters: ('2026-04-10', 'CL=F', 96.56999969482422)
[2026-09-06T17:22:16.902+0000] {sql.py:562} INFO - Rows affected: 1
[2026-09-06T17:22:16.911+0000] {sql.py:553} INFO - Running statement: 
            INSERT INTO oil_price_history (date, symbol, price)
            VALUES (%s, %s, %s)
            ON CONFLICT (date, symbol) DO NOTHING;
            , parameters: ('2026-04-13', 'CL=F', 99.08000183105469)
[2026-09-06T17:22:16.912+0000] {sql.py:562} INFO - Rows affected: 1
[2026-09-06T17:22:16.919+0000] {sql.py:553} INFO - Running statement: 
            INSERT INTO oil_price_history (date, symbol, price)
            VALUES (%s, %s, %s)
            ON CONFLICT (date, symbol) DO NOTHING;
            , parameters: ('2026-04-14', 'CL=F', 91.27999877929688)
[2026-09-06T17:22:16.921+0000] {sql.py:562} INFO - Rows affected: 1
[2026-09-06T17:22:16.931+0000] {sql.py:553} INFO - Running statement: 
            INSERT INTO oil_price_history (date, symbol, price)
            VALUES (%s, %s, %s)
            ON CONFLICT (date, symbol) DO NOTHING;
            , parameters: ('2026-04-15', 'CL=F', 91.29000091552734)
[2026-09-06T17:22:16.932+0000] {sql.py:562} INFO - Rows affected: 1
[2026-09-06T17:22:16.943+0000] {sql.py:553} INFO - Running statement: 
            INSERT INTO oil_price_history (date, symbol, price)
            VALUES (%s, %s, %s)
            ON CONFLICT (date, symbol) DO NOTHING;
            , parameters: ('2026-04-16', 'CL=F', 94.69000244140625)
[2026-09-06T17:22:16.944+0000] {sql.py:562} INFO - Rows affected: 1
[2026-09-06T17:22:16.952+0000] {sql.py:553} INFO - Running statement: 
            INSERT INTO oil_price_history (date, symbol, price)
            VALUES (%s, %s, %s)
            ON CONFLICT (date, symbol) DO NOTHING;
            , parameters: ('2026-04-17', 'CL=F', 83.8499984741211)
[2026-09-06T17:22:16.953+0000] {sql.py:562} INFO - Rows affected: 1
[2026-09-06T17:22:16.961+0000] {sql.py:553} INFO - Running statement: 
            INSERT INTO oil_price_history (date, symbol, price)
            VALUES (%s, %s, %s)
            ON CONFLICT (date, symbol) DO NOTHING;
            , parameters: ('2026-04-20', 'CL=F', 89.61000061035156)
[2026-09-06T17:22:16.964+0000] {sql.py:562} INFO - Rows affected: 1
[2026-09-06T17:22:16.985+0000] {sql.py:553} INFO - Running statement: 
            INSERT INTO oil_price_history (date, symbol, price)
            VALUES (%s, %s, %s)
            ON CONFLICT (date, symbol) DO NOTHING;
            , parameters: ('2026-04-21', 'CL=F', 92.12999725341797)
[2026-09-06T17:22:16.992+0000] {sql.py:562} INFO - Rows affected: 1
[2026-09-06T17:22:17.009+0000] {sql.py:553} INFO - Running statement: 
            INSERT INTO oil_price_history (date, symbol, price)
            VALUES (%s, %s, %s)
            ON CONFLICT (date, symbol) DO NOTHING;
            , parameters: ('2026-04-22', 'CL=F', 92.95999908447266)
[2026-09-06T17:22:17.010+0000] {sql.py:562} INFO - Rows affected: 1
[2026-09-06T17:22:17.032+0000] {sql.py:553} INFO - Running statement: 
            INSERT INTO oil_price_history (date, symbol, price)
            VALUES (%s, %s, %s)
            ON CONFLICT (date, symbol) DO NOTHING;
            , parameters: ('2026-04-23', 'CL=F', 95.8499984741211)
[2026-09-06T17:22:17.038+0000] {sql.py:562} INFO - Rows affected: 1
[2026-09-06T17:22:17.046+0000] {sql.py:553} INFO - Running statement: 
            INSERT INTO oil_price_history (date, symbol, price)
            VALUES (%s, %s, %s)
            ON CONFLICT (date, symbol) DO NOTHING;
            , parameters: ('2026-04-24', 'CL=F', 94.4000015258789)
[2026-09-06T17:22:17.047+0000] {sql.py:562} INFO - Rows affected: 1
[2026-09-06T17:22:17.055+0000] {sql.py:553} INFO - Running statement: 
            INSERT INTO oil_price_history (date, symbol, price)
            VALUES (%s, %s, %s)
            ON CONFLICT (date, symbol) DO NOTHING;
            , parameters: ('2026-04-27', 'CL=F', 96.37000274658203)
[2026-09-06T17:22:17.056+0000] {sql.py:562} INFO - Rows affected: 1
[2026-09-06T17:22:17.064+0000] {sql.py:553} INFO - Running statement: 
            INSERT INTO oil_price_history (date, symbol, price)
            VALUES (%s, %s, %s)
            ON CONFLICT (date, symbol) DO NOTHING;
            , parameters: ('2026-04-28', 'CL=F', 99.93000030517578)
[2026-09-06T17:22:17.065+0000] {sql.py:562} INFO - Rows affected: 1
[2026-09-06T17:22:17.074+0000] {sql.py:553} INFO - Running statement: 
            INSERT INTO oil_price_history (date, symbol, price)
            VALUES (%s, %s, %s)
            ON CONFLICT (date, symbol) DO NOTHING;
            , parameters: ('2026-04-29', 'CL=F', 106.87999725341797)
[2026-09-06T17:22:17.075+0000] {sql.py:562} INFO - Rows affected: 1
[2026-09-06T17:22:17.083+0000] {sql.py:553} INFO - Running statement: 
            INSERT INTO oil_price_history (date, symbol, price)
            VALUES (%s, %s, %s)
            ON CONFLICT (date, symbol) DO NOTHING;
            , parameters: ('2026-04-30', 'CL=F', 105.06999969482422)
[2026-09-06T17:22:17.084+0000] {sql.py:562} INFO - Rows affected: 1
[2026-09-06T17:22:17.091+0000] {sql.py:553} INFO - Running statement: 
            INSERT INTO oil_price_history (date, symbol, price)
            VALUES (%s, %s, %s)
            ON CONFLICT (date, symbol) DO NOTHING;
            , parameters: ('2026-05-01', 'CL=F', 101.94000244140625)
[2026-09-06T17:22:17.092+0000] {sql.py:562} INFO - Rows affected: 1
[2026-09-06T17:22:17.099+0000] {sql.py:553} INFO - Running statement: 
            INSERT INTO oil_price_history (date, symbol, price)
            VALUES (%s, %s, %s)
            ON CONFLICT (date, symbol) DO NOTHING;
            , parameters: ('2026-05-04', 'CL=F', 106.41999816894531)
[2026-09-06T17:22:17.100+0000] {sql.py:562} INFO - Rows affected: 1
[2026-09-06T17:22:17.109+0000] {sql.py:553} INFO - Running statement: 
            INSERT INTO oil_price_history (date, symbol, price)
            VALUES (%s, %s, %s)
            ON CONFLICT (date, symbol) DO NOTHING;
            , parameters: ('2026-05-05', 'CL=F', 102.2699966430664)
[2026-09-06T17:22:17.110+0000] {sql.py:562} INFO - Rows affected: 1
[2026-09-06T17:22:17.118+0000] {sql.py:553} INFO - Running statement: 
            INSERT INTO oil_price_history (date, symbol, price)
            VALUES (%s, %s, %s)
            ON CONFLICT (date, symbol) DO NOTHING;
            , parameters: ('2026-05-06', 'CL=F', 95.08000183105469)
[2026-09-06T17:22:17.119+0000] {sql.py:562} INFO - Rows affected: 1
[2026-09-06T17:22:17.127+0000] {sql.py:553} INFO - Running statement: 
            INSERT INTO oil_price_history (date, symbol, price)
            VALUES (%s, %s, %s)
            ON CONFLICT (date, symbol) DO NOTHING;
            , parameters: ('2026-05-07', 'CL=F', 94.80999755859375)
[2026-09-06T17:22:17.128+0000] {sql.py:562} INFO - Rows affected: 1
[2026-09-06T17:22:17.137+0000] {sql.py:553} INFO - Running statement: 
            INSERT INTO oil_price_history (date, symbol, price)
            VALUES (%s, %s, %s)
            ON CONFLICT (date, symbol) DO NOTHING;
            , parameters: ('2026-05-08', 'CL=F', 95.41999816894531)
[2026-09-06T17:22:17.138+0000] {sql.py:562} INFO - Rows affected: 1
[2026-09-06T17:22:17.145+0000] {sql.py:553} INFO - Running statement: 
            INSERT INTO oil_price_history (date, symbol, price)
            VALUES (%s, %s, %s)
            ON CONFLICT (date, symbol) DO NOTHING;
            , parameters: ('2026-05-11', 'CL=F', 98.06999969482422)
[2026-09-06T17:22:17.147+0000] {sql.py:562} INFO - Rows affected: 1
[2026-09-06T17:22:17.153+0000] {sql.py:553} INFO - Running statement: 
            INSERT INTO oil_price_history (date, symbol, price)
            VALUES (%s, %s, %s)
            ON CONFLICT (date, symbol) DO NOTHING;
            , parameters: ('2026-05-12', 'CL=F', 102.18000030517578)
[2026-09-06T17:22:17.154+0000] {sql.py:562} INFO - Rows affected: 1
[2026-09-06T17:22:17.161+0000] {sql.py:553} INFO - Running statement: 
            INSERT INTO oil_price_history (date, symbol, price)
            VALUES (%s, %s, %s)
            ON CONFLICT (date, symbol) DO NOTHING;
            , parameters: ('2026-05-13', 'CL=F', 101.0199966430664)
[2026-09-06T17:22:17.162+0000] {sql.py:562} INFO - Rows affected: 1
[2026-09-06T17:22:17.171+0000] {sql.py:553} INFO - Running statement: 
            INSERT INTO oil_price_history (date, symbol, price)
            VALUES (%s, %s, %s)
            ON CONFLICT (date, symbol) DO NOTHING;
            , parameters: ('2026-05-14', 'CL=F', 101.16999816894531)
[2026-09-06T17:22:17.173+0000] {sql.py:562} INFO - Rows affected: 1
[2026-09-06T17:22:17.180+0000] {sql.py:553} INFO - Running statement: 
            INSERT INTO oil_price_history (date, symbol, price)
            VALUES (%s, %s, %s)
            ON CONFLICT (date, symbol) DO NOTHING;
            , parameters: ('2026-05-15', 'CL=F', 105.41999816894531)
[2026-09-06T17:22:17.181+0000] {sql.py:562} INFO - Rows affected: 1
[2026-09-06T17:22:17.188+0000] {sql.py:553} INFO - Running statement: 
            INSERT INTO oil_price_history (date, symbol, price)
            VALUES (%s, %s, %s)
            ON CONFLICT (date, symbol) DO NOTHING;
            , parameters: ('2026-05-18', 'CL=F', 108.66000366210938)
[2026-09-06T17:22:17.189+0000] {sql.py:562} INFO - Rows affected: 1
[2026-09-06T17:22:17.196+0000] {sql.py:553} INFO - Running statement: 
            INSERT INTO oil_price_history (date, symbol, price)
            VALUES (%s, %s, %s)
            ON CONFLICT (date, symbol) DO NOTHING;
            , parameters: ('2026-05-19', 'CL=F', 107.7699966430664)
[2026-09-06T17:22:17.197+0000] {sql.py:562} INFO - Rows affected: 1
[2026-09-06T17:22:17.206+0000] {sql.py:553} INFO - Running statement: 
            INSERT INTO oil_price_history (date, symbol, price)
            VALUES (%s, %s, %s)
            ON CONFLICT (date, symbol) DO NOTHING;
            , parameters: ('2026-05-20', 'CL=F', 98.26000213623047)
[2026-09-06T17:22:17.207+0000] {sql.py:562} INFO - Rows affected: 1
[2026-09-06T17:22:17.214+0000] {sql.py:553} INFO - Running statement: 
            INSERT INTO oil_price_history (date, symbol, price)
            VALUES (%s, %s, %s)
            ON CONFLICT (date, symbol) DO NOTHING;
            , parameters: ('2026-05-21', 'CL=F', 96.3499984741211)
[2026-09-06T17:22:17.216+0000] {sql.py:562} INFO - Rows affected: 1
[2026-09-06T17:22:17.222+0000] {sql.py:553} INFO - Running statement: 
            INSERT INTO oil_price_history (date, symbol, price)
            VALUES (%s, %s, %s)
            ON CONFLICT (date, symbol) DO NOTHING;
            , parameters: ('2026-05-22', 'CL=F', 96.5999984741211)
[2026-09-06T17:22:17.223+0000] {sql.py:562} INFO - Rows affected: 1
[2026-09-06T17:22:17.230+0000] {sql.py:553} INFO - Running statement: 
            INSERT INTO oil_price_history (date, symbol, price)
            VALUES (%s, %s, %s)
            ON CONFLICT (date, symbol) DO NOTHING;
            , parameters: ('2026-05-26', 'CL=F', 93.88999938964844)
[2026-09-06T17:22:17.231+0000] {sql.py:562} INFO - Rows affected: 1
[2026-09-06T17:22:17.239+0000] {sql.py:553} INFO - Running statement: 
            INSERT INTO oil_price_history (date, symbol, price)
            VALUES (%s, %s, %s)
            ON CONFLICT (date, symbol) DO NOTHING;
            , parameters: ('2026-05-27', 'CL=F', 88.68000030517578)
[2026-09-06T17:22:17.241+0000] {sql.py:562} INFO - Rows affected: 1
[2026-09-06T17:22:17.248+0000] {sql.py:553} INFO - Running statement: 
            INSERT INTO oil_price_history (date, symbol, price)
            VALUES (%s, %s, %s)
            ON CONFLICT (date, symbol) DO NOTHING;
            , parameters: ('2026-05-28', 'CL=F', 88.9000015258789)
[2026-09-06T17:22:17.249+0000] {sql.py:562} INFO - Rows affected: 1
[2026-09-06T17:22:17.256+0000] {sql.py:553} INFO - Running statement: 
            INSERT INTO oil_price_history (date, symbol, price)
            VALUES (%s, %s, %s)
            ON CONFLICT (date, symbol) DO NOTHING;
            , parameters: ('2026-05-29', 'CL=F', 87.36000061035156)
[2026-09-06T17:22:17.257+0000] {sql.py:562} INFO - Rows affected: 1
[2026-09-06T17:22:17.270+0000] {sql.py:553} INFO - Running statement: 
            INSERT INTO oil_price_history (date, symbol, price)
            VALUES (%s, %s, %s)
            ON CONFLICT (date, symbol) DO NOTHING;
            , parameters: ('2026-06-01', 'CL=F', 92.16000366210938)
[2026-09-06T17:22:17.272+0000] {sql.py:562} INFO - Rows affected: 1
[2026-09-06T17:22:17.279+0000] {sql.py:553} INFO - Running statement: 
            INSERT INTO oil_price_history (date, symbol, price)
            VALUES (%s, %s, %s)
            ON CONFLICT (date, symbol) DO NOTHING;
            , parameters: ('2026-06-02', 'CL=F', 93.76000213623047)
[2026-09-06T17:22:17.280+0000] {sql.py:562} INFO - Rows affected: 1
[2026-09-06T17:22:17.287+0000] {sql.py:553} INFO - Running statement: 
            INSERT INTO oil_price_history (date, symbol, price)
            VALUES (%s, %s, %s)
            ON CONFLICT (date, symbol) DO NOTHING;
            , parameters: ('2026-06-03', 'CL=F', 96.0199966430664)
[2026-09-06T17:22:17.289+0000] {sql.py:562} INFO - Rows affected: 1
[2026-09-06T17:22:17.297+0000] {sql.py:553} INFO - Running statement: 
            INSERT INTO oil_price_history (date, symbol, price)
            VALUES (%s, %s, %s)
            ON CONFLICT (date, symbol) DO NOTHING;
            , parameters: ('2026-06-04', 'CL=F', 93.04000091552734)
[2026-09-06T17:22:17.298+0000] {sql.py:562} INFO - Rows affected: 1
[2026-09-06T17:22:17.307+0000] {sql.py:553} INFO - Running statement: 
            INSERT INTO oil_price_history (date, symbol, price)
            VALUES (%s, %s, %s)
            ON CONFLICT (date, symbol) DO NOTHING;
            , parameters: ('2026-06-05', 'CL=F', 90.54000091552734)
[2026-09-06T17:22:17.308+0000] {sql.py:562} INFO - Rows affected: 1
[2026-09-06T17:22:17.317+0000] {sql.py:553} INFO - Running statement: 
            INSERT INTO oil_price_history (date, symbol, price)
            VALUES (%s, %s, %s)
            ON CONFLICT (date, symbol) DO NOTHING;
            , parameters: ('2026-06-08', 'CL=F', 91.30000305175781)
[2026-09-06T17:22:17.319+0000] {sql.py:562} INFO - Rows affected: 1
[2026-09-06T17:22:17.327+0000] {sql.py:553} INFO - Running statement: 
            INSERT INTO oil_price_history (date, symbol, price)
            VALUES (%s, %s, %s)
            ON CONFLICT (date, symbol) DO NOTHING;
            , parameters: ('2026-06-09', 'CL=F', 88.19999694824219)
[2026-09-06T17:22:17.328+0000] {sql.py:562} INFO - Rows affected: 1
[2026-09-06T17:22:17.336+0000] {sql.py:553} INFO - Running statement: 
            INSERT INTO oil_price_history (date, symbol, price)
            VALUES (%s, %s, %s)
            ON CONFLICT (date, symbol) DO NOTHING;
            , parameters: ('2026-06-10', 'CL=F', 90.02999877929688)
[2026-09-06T17:22:17.339+0000] {sql.py:562} INFO - Rows affected: 1
[2026-09-06T17:22:17.347+0000] {sql.py:553} INFO - Running statement: 
            INSERT INTO oil_price_history (date, symbol, price)
            VALUES (%s, %s, %s)
            ON CONFLICT (date, symbol) DO NOTHING;
            , parameters: ('2026-06-11', 'CL=F', 87.70999908447266)
[2026-09-06T17:22:17.348+0000] {sql.py:562} INFO - Rows affected: 1
[2026-09-06T17:22:17.355+0000] {sql.py:553} INFO - Running statement: 
            INSERT INTO oil_price_history (date, symbol, price)
            VALUES (%s, %s, %s)
            ON CONFLICT (date, symbol) DO NOTHING;
            , parameters: ('2026-06-12', 'CL=F', 84.87999725341797)
[2026-09-06T17:22:17.357+0000] {sql.py:562} INFO - Rows affected: 1
[2026-09-06T17:22:17.365+0000] {sql.py:553} INFO - Running statement: 
            INSERT INTO oil_price_history (date, symbol, price)
            VALUES (%s, %s, %s)
            ON CONFLICT (date, symbol) DO NOTHING;
            , parameters: ('2026-06-15', 'CL=F', 80.75)
[2026-09-06T17:22:17.369+0000] {sql.py:562} INFO - Rows affected: 1
[2026-09-06T17:22:17.376+0000] {sql.py:553} INFO - Running statement: 
            INSERT INTO oil_price_history (date, symbol, price)
            VALUES (%s, %s, %s)
            ON CONFLICT (date, symbol) DO NOTHING;
            , parameters: ('2026-06-16', 'CL=F', 76.05000305175781)
[2026-09-06T17:22:17.378+0000] {sql.py:562} INFO - Rows affected: 1
[2026-09-06T17:22:17.385+0000] {sql.py:553} INFO - Running statement: 
            INSERT INTO oil_price_history (date, symbol, price)
            VALUES (%s, %s, %s)
            ON CONFLICT (date, symbol) DO NOTHING;
            , parameters: ('2026-06-17', 'CL=F', 76.79000091552734)
[2026-09-06T17:22:17.387+0000] {sql.py:562} INFO - Rows affected: 1
[2026-09-06T17:22:17.394+0000] {sql.py:553} INFO - Running statement: 
            INSERT INTO oil_price_history (date, symbol, price)
            VALUES (%s, %s, %s)
            ON CONFLICT (date, symbol) DO NOTHING;
            , parameters: ('2026-06-18', 'CL=F', 76.5999984741211)
[2026-09-06T17:22:17.395+0000] {sql.py:562} INFO - Rows affected: 1
[2026-09-06T17:22:17.404+0000] {sql.py:553} INFO - Running statement: 
            INSERT INTO oil_price_history (date, symbol, price)
            VALUES (%s, %s, %s)
            ON CONFLICT (date, symbol) DO NOTHING;
            , parameters: ('2026-06-22', 'CL=F', 74.81999969482422)
[2026-09-06T17:22:17.405+0000] {sql.py:562} INFO - Rows affected: 1
[2026-09-06T17:22:17.413+0000] {sql.py:553} INFO - Running statement: 
            INSERT INTO oil_price_history (date, symbol, price)
            VALUES (%s, %s, %s)
            ON CONFLICT (date, symbol) DO NOTHING;
            , parameters: ('2026-06-23', 'CL=F', 73.20999908447266)
[2026-09-06T17:22:17.415+0000] {sql.py:562} INFO - Rows affected: 1
[2026-09-06T17:22:17.422+0000] {sql.py:553} INFO - Running statement: 
            INSERT INTO oil_price_history (date, symbol, price)
            VALUES (%s, %s, %s)
            ON CONFLICT (date, symbol) DO NOTHING;
            , parameters: ('2026-06-24', 'CL=F', 70.33999633789062)
[2026-09-06T17:22:17.423+0000] {sql.py:562} INFO - Rows affected: 1
[2026-09-06T17:22:17.431+0000] {sql.py:553} INFO - Running statement: 
            INSERT INTO oil_price_history (date, symbol, price)
            VALUES (%s, %s, %s)
            ON CONFLICT (date, symbol) DO NOTHING;
            , parameters: ('2026-06-25', 'CL=F', 71.91999816894531)
[2026-09-06T17:22:17.432+0000] {sql.py:562} INFO - Rows affected: 1
[2026-09-06T17:22:17.441+0000] {sql.py:553} INFO - Running statement: 
            INSERT INTO oil_price_history (date, symbol, price)
            VALUES (%s, %s, %s)
            ON CONFLICT (date, symbol) DO NOTHING;
            , parameters: ('2026-06-26', 'CL=F', 69.2300033569336)
[2026-09-06T17:22:17.443+0000] {sql.py:562} INFO - Rows affected: 1
[2026-09-06T17:22:17.450+0000] {sql.py:553} INFO - Running statement: 
            INSERT INTO oil_price_history (date, symbol, price)
            VALUES (%s, %s, %s)
            ON CONFLICT (date, symbol) DO NOTHING;
            , parameters: ('2026-06-29', 'CL=F', 70.75)
[2026-09-06T17:22:17.451+0000] {sql.py:562} INFO - Rows affected: 1
[2026-09-06T17:22:17.458+0000] {sql.py:553} INFO - Running statement: 
            INSERT INTO oil_price_history (date, symbol, price)
            VALUES (%s, %s, %s)
            ON CONFLICT (date, symbol) DO NOTHING;
            , parameters: ('2026-06-30', 'CL=F', 69.5)
[2026-09-06T17:22:17.460+0000] {sql.py:562} INFO - Rows affected: 1
[2026-09-06T17:22:17.468+0000] {sql.py:553} INFO - Running statement: 
            INSERT INTO oil_price_history (date, symbol, price)
            VALUES (%s, %s, %s)
            ON CONFLICT (date, symbol) DO NOTHING;
            , parameters: ('2026-07-01', 'CL=F', 68.58000183105469)
[2026-09-06T17:22:17.471+0000] {sql.py:562} INFO - Rows affected: 1
[2026-09-06T17:22:17.479+0000] {sql.py:553} INFO - Running statement: 
            INSERT INTO oil_price_history (date, symbol, price)
            VALUES (%s, %s, %s)
            ON CONFLICT (date, symbol) DO NOTHING;
            , parameters: ('2026-07-02', 'CL=F', 68.69000244140625)
[2026-09-06T17:22:17.480+0000] {sql.py:562} INFO - Rows affected: 1
[2026-09-06T17:22:17.487+0000] {sql.py:553} INFO - Running statement: 
            INSERT INTO oil_price_history (date, symbol, price)
            VALUES (%s, %s, %s)
            ON CONFLICT (date, symbol) DO NOTHING;
            , parameters: ('2026-07-06', 'CL=F', 68.55000305175781)
[2026-09-06T17:22:17.488+0000] {sql.py:562} INFO - Rows affected: 1
[2026-09-06T17:22:17.495+0000] {sql.py:553} INFO - Running statement: 
            INSERT INTO oil_price_history (date, symbol, price)
            VALUES (%s, %s, %s)
            ON CONFLICT (date, symbol) DO NOTHING;
            , parameters: ('2026-07-07', 'CL=F', 70.44000244140625)
[2026-09-06T17:22:17.496+0000] {sql.py:562} INFO - Rows affected: 1
[2026-09-06T17:22:17.505+0000] {sql.py:553} INFO - Running statement: 
            INSERT INTO oil_price_history (date, symbol, price)
            VALUES (%s, %s, %s)
            ON CONFLICT (date, symbol) DO NOTHING;
            , parameters: ('2026-07-08', 'CL=F', 73.5199966430664)
[2026-09-06T17:22:17.507+0000] {sql.py:562} INFO - Rows affected: 1
[2026-09-06T17:22:17.515+0000] {sql.py:553} INFO - Running statement: 
            INSERT INTO oil_price_history (date, symbol, price)
            VALUES (%s, %s, %s)
            ON CONFLICT (date, symbol) DO NOTHING;
            , parameters: ('2026-07-09', 'CL=F', 72.08000183105469)
[2026-09-06T17:22:17.516+0000] {sql.py:562} INFO - Rows affected: 1
[2026-09-06T17:22:17.523+0000] {sql.py:553} INFO - Running statement: 
            INSERT INTO oil_price_history (date, symbol, price)
            VALUES (%s, %s, %s)
            ON CONFLICT (date, symbol) DO NOTHING;
            , parameters: ('2026-07-10', 'CL=F', 71.41000366210938)
[2026-09-06T17:22:17.524+0000] {sql.py:562} INFO - Rows affected: 1
[2026-09-06T17:22:17.533+0000] {sql.py:553} INFO - Running statement: 
            INSERT INTO oil_price_history (date, symbol, price)
            VALUES (%s, %s, %s)
            ON CONFLICT (date, symbol) DO NOTHING;
            , parameters: ('2026-07-13', 'CL=F', 78.13999938964844)
[2026-09-06T17:22:17.537+0000] {sql.py:562} INFO - Rows affected: 1
[2026-09-06T17:22:17.545+0000] {sql.py:553} INFO - Running statement: 
            INSERT INTO oil_price_history (date, symbol, price)
            VALUES (%s, %s, %s)
            ON CONFLICT (date, symbol) DO NOTHING;
            , parameters: ('2026-07-14', 'CL=F', 79.33999633789062)
[2026-09-06T17:22:17.547+0000] {sql.py:562} INFO - Rows affected: 1
[2026-09-06T17:22:17.557+0000] {sql.py:553} INFO - Running statement: 
            INSERT INTO oil_price_history (date, symbol, price)
            VALUES (%s, %s, %s)
            ON CONFLICT (date, symbol) DO NOTHING;
            , parameters: ('2026-07-15', 'CL=F', 79.5999984741211)
[2026-09-06T17:22:17.558+0000] {sql.py:562} INFO - Rows affected: 1
[2026-09-06T17:22:17.566+0000] {sql.py:553} INFO - Running statement: 
            INSERT INTO oil_price_history (date, symbol, price)
            VALUES (%s, %s, %s)
            ON CONFLICT (date, symbol) DO NOTHING;
            , parameters: ('2026-07-16', 'CL=F', 78.94999694824219)
[2026-09-06T17:22:17.568+0000] {sql.py:562} INFO - Rows affected: 1
[2026-09-06T17:22:17.577+0000] {sql.py:553} INFO - Running statement: 
            INSERT INTO oil_price_history (date, symbol, price)
            VALUES (%s, %s, %s)
            ON CONFLICT (date, symbol) DO NOTHING;
            , parameters: ('2026-07-17', 'CL=F', 82.48999786376953)
[2026-09-06T17:22:17.578+0000] {sql.py:562} INFO - Rows affected: 1
[2026-09-06T17:22:17.585+0000] {sql.py:553} INFO - Running statement: 
            INSERT INTO oil_price_history (date, symbol, price)
            VALUES (%s, %s, %s)
            ON CONFLICT (date, symbol) DO NOTHING;
            , parameters: ('2026-07-20', 'CL=F', 83.2300033569336)
[2026-09-06T17:22:17.588+0000] {sql.py:562} INFO - Rows affected: 1
[2026-09-06T17:22:17.595+0000] {sql.py:553} INFO - Running statement: 
            INSERT INTO oil_price_history (date, symbol, price)
            VALUES (%s, %s, %s)
            ON CONFLICT (date, symbol) DO NOTHING;
            , parameters: ('2026-07-21', 'CL=F', 84.91000366210938)
[2026-09-06T17:22:17.596+0000] {sql.py:562} INFO - Rows affected: 1
[2026-09-06T17:22:17.604+0000] {sql.py:553} INFO - Running statement: 
            INSERT INTO oil_price_history (date, symbol, price)
            VALUES (%s, %s, %s)
            ON CONFLICT (date, symbol) DO NOTHING;
            , parameters: ('2026-07-22', 'CL=F', 86.83000183105469)
[2026-09-06T17:22:17.606+0000] {sql.py:562} INFO - Rows affected: 1
[2026-09-06T17:22:17.614+0000] {sql.py:553} INFO - Running statement: 
            INSERT INTO oil_price_history (date, symbol, price)
            VALUES (%s, %s, %s)
            ON CONFLICT (date, symbol) DO NOTHING;
            , parameters: ('2026-07-23', 'CL=F', 92.19000244140625)
[2026-09-06T17:22:17.616+0000] {sql.py:562} INFO - Rows affected: 1
[2026-09-06T17:22:17.624+0000] {sql.py:553} INFO - Running statement: 
            INSERT INTO oil_price_history (date, symbol, price)
            VALUES (%s, %s, %s)
            ON CONFLICT (date, symbol) DO NOTHING;
            , parameters: ('2026-07-24', 'CL=F', 89.30999755859375)
[2026-09-06T17:22:17.625+0000] {sql.py:562} INFO - Rows affected: 1
[2026-09-06T17:22:17.632+0000] {sql.py:553} INFO - Running statement: 
            INSERT INTO oil_price_history (date, symbol, price)
            VALUES (%s, %s, %s)
            ON CONFLICT (date, symbol) DO NOTHING;
            , parameters: ('2026-07-27', 'CL=F', 82.61000061035156)
[2026-09-06T17:22:17.633+0000] {sql.py:562} INFO - Rows affected: 1
[2026-09-06T17:22:17.641+0000] {sql.py:553} INFO - Running statement: 
            INSERT INTO oil_price_history (date, symbol, price)
            VALUES (%s, %s, %s)
            ON CONFLICT (date, symbol) DO NOTHING;
            , parameters: ('2026-07-28', 'CL=F', 79.26000213623047)
[2026-09-06T17:22:17.643+0000] {sql.py:562} INFO - Rows affected: 1
[2026-09-06T17:22:17.650+0000] {sql.py:553} INFO - Running statement: 
            INSERT INTO oil_price_history (date, symbol, price)
            VALUES (%s, %s, %s)
            ON CONFLICT (date, symbol) DO NOTHING;
            , parameters: ('2026-07-29', 'CL=F', 84.45999908447266)
[2026-09-06T17:22:17.652+0000] {sql.py:562} INFO - Rows affected: 1
[2026-09-06T17:22:17.659+0000] {sql.py:553} INFO - Running statement: 
            INSERT INTO oil_price_history (date, symbol, price)
            VALUES (%s, %s, %s)
            ON CONFLICT (date, symbol) DO NOTHING;
            , parameters: ('2026-07-30', 'CL=F', 83.58999633789062)
[2026-09-06T17:22:17.660+0000] {sql.py:562} INFO - Rows affected: 1
[2026-09-06T17:22:17.667+0000] {sql.py:553} INFO - Running statement: 
            INSERT INTO oil_price_history (date, symbol, price)
            VALUES (%s, %s, %s)
            ON CONFLICT (date, symbol) DO NOTHING;
            , parameters: ('2026-07-31', 'CL=F', 84.66999816894531)
[2026-09-06T17:22:17.672+0000] {sql.py:562} INFO - Rows affected: 1
[2026-09-06T17:22:17.679+0000] {sql.py:553} INFO - Running statement: 
            INSERT INTO oil_price_history (date, symbol, price)
            VALUES (%s, %s, %s)
            ON CONFLICT (date, symbol) DO NOTHING;
            , parameters: ('2026-08-03', 'CL=F', 80.33999633789062)
[2026-09-06T17:22:17.680+0000] {sql.py:562} INFO - Rows affected: 1
[2026-09-06T17:22:17.687+0000] {sql.py:553} INFO - Running statement: 
            INSERT INTO oil_price_history (date, symbol, price)
            VALUES (%s, %s, %s)
            ON CONFLICT (date, symbol) DO NOTHING;
            , parameters: ('2026-08-04', 'CL=F', 75.7699966430664)
[2026-09-06T17:22:17.688+0000] {sql.py:562} INFO - Rows affected: 1
[2026-09-06T17:22:17.695+0000] {sql.py:553} INFO - Running statement: 
            INSERT INTO oil_price_history (date, symbol, price)
            VALUES (%s, %s, %s)
            ON CONFLICT (date, symbol) DO NOTHING;
            , parameters: ('2026-08-05', 'CL=F', 75.22000122070312)
[2026-09-06T17:22:17.696+0000] {sql.py:562} INFO - Rows affected: 1
[2026-09-06T17:22:17.705+0000] {sql.py:553} INFO - Running statement: 
            INSERT INTO oil_price_history (date, symbol, price)
            VALUES (%s, %s, %s)
            ON CONFLICT (date, symbol) DO NOTHING;
            , parameters: ('2026-08-06', 'CL=F', 77.29000091552734)
[2026-09-06T17:22:17.707+0000] {sql.py:562} INFO - Rows affected: 1
[2026-09-06T17:22:17.714+0000] {sql.py:553} INFO - Running statement: 
            INSERT INTO oil_price_history (date, symbol, price)
            VALUES (%s, %s, %s)
            ON CONFLICT (date, symbol) DO NOTHING;
            , parameters: ('2026-08-07', 'CL=F', 78.18000030517578)
[2026-09-06T17:22:17.715+0000] {sql.py:562} INFO - Rows affected: 1
[2026-09-06T17:22:17.722+0000] {sql.py:553} INFO - Running statement: 
            INSERT INTO oil_price_history (date, symbol, price)
            VALUES (%s, %s, %s)
            ON CONFLICT (date, symbol) DO NOTHING;
            , parameters: ('2026-08-10', 'CL=F', 82.12999725341797)
[2026-09-06T17:22:17.723+0000] {sql.py:562} INFO - Rows affected: 1
[2026-09-06T17:22:17.730+0000] {sql.py:553} INFO - Running statement: 
            INSERT INTO oil_price_history (date, symbol, price)
            VALUES (%s, %s, %s)
            ON CONFLICT (date, symbol) DO NOTHING;
            , parameters: ('2026-08-11', 'CL=F', 83.19999694824219)
[2026-09-06T17:22:17.731+0000] {sql.py:562} INFO - Rows affected: 1
[2026-09-06T17:22:17.740+0000] {sql.py:553} INFO - Running statement: 
            INSERT INTO oil_price_history (date, symbol, price)
            VALUES (%s, %s, %s)
            ON CONFLICT (date, symbol) DO NOTHING;
            , parameters: ('2026-08-12', 'CL=F', 83.2699966430664)
[2026-09-06T17:22:17.741+0000] {sql.py:562} INFO - Rows affected: 1
[2026-09-06T17:22:17.748+0000] {sql.py:553} INFO - Running statement: 
            INSERT INTO oil_price_history (date, symbol, price)
            VALUES (%s, %s, %s)
            ON CONFLICT (date, symbol) DO NOTHING;
            , parameters: ('2026-08-13', 'CL=F', 81.25)
[2026-09-06T17:22:17.749+0000] {sql.py:562} INFO - Rows affected: 1
[2026-09-06T17:22:17.757+0000] {sql.py:553} INFO - Running statement: 
            INSERT INTO oil_price_history (date, symbol, price)
            VALUES (%s, %s, %s)
            ON CONFLICT (date, symbol) DO NOTHING;
            , parameters: ('2026-08-14', 'CL=F', 82.4000015258789)
[2026-09-06T17:22:17.758+0000] {sql.py:562} INFO - Rows affected: 1
[2026-09-06T17:22:17.766+0000] {sql.py:553} INFO - Running statement: 
            INSERT INTO oil_price_history (date, symbol, price)
            VALUES (%s, %s, %s)
            ON CONFLICT (date, symbol) DO NOTHING;
            , parameters: ('2026-08-17', 'CL=F', 84.5)
[2026-09-06T17:22:17.771+0000] {sql.py:562} INFO - Rows affected: 1
[2026-09-06T17:22:17.777+0000] {sql.py:553} INFO - Running statement: 
            INSERT INTO oil_price_history (date, symbol, price)
            VALUES (%s, %s, %s)
            ON CONFLICT (date, symbol) DO NOTHING;
            , parameters: ('2026-08-18', 'CL=F', 84.94000244140625)
[2026-09-06T17:22:17.779+0000] {sql.py:562} INFO - Rows affected: 1
[2026-09-06T17:22:17.786+0000] {sql.py:553} INFO - Running statement: 
            INSERT INTO oil_price_history (date, symbol, price)
            VALUES (%s, %s, %s)
            ON CONFLICT (date, symbol) DO NOTHING;
            , parameters: ('2026-08-19', 'CL=F', 85.83000183105469)
[2026-09-06T17:22:17.787+0000] {sql.py:562} INFO - Rows affected: 1
[2026-09-06T17:22:17.794+0000] {sql.py:553} INFO - Running statement: 
            INSERT INTO oil_price_history (date, symbol, price)
            VALUES (%s, %s, %s)
            ON CONFLICT (date, symbol) DO NOTHING;
            , parameters: ('2026-08-20', 'CL=F', 87.83000183105469)
[2026-09-06T17:22:17.796+0000] {sql.py:562} INFO - Rows affected: 1
[2026-09-06T17:22:17.804+0000] {sql.py:553} INFO - Running statement: 
            INSERT INTO oil_price_history (date, symbol, price)
            VALUES (%s, %s, %s)
            ON CONFLICT (date, symbol) DO NOTHING;
            , parameters: ('2026-08-21', 'CL=F', 87.05999755859375)
[2026-09-06T17:22:17.806+0000] {sql.py:562} INFO - Rows affected: 1
[2026-09-06T17:22:17.814+0000] {sql.py:553} INFO - Running statement: 
            INSERT INTO oil_price_history (date, symbol, price)
            VALUES (%s, %s, %s)
            ON CONFLICT (date, symbol) DO NOTHING;
            , parameters: ('2026-08-24', 'CL=F', 85.01000213623047)
[2026-09-06T17:22:17.818+0000] {sql.py:562} INFO - Rows affected: 1
[2026-09-06T17:22:17.827+0000] {sql.py:553} INFO - Running statement: 
            INSERT INTO oil_price_history (date, symbol, price)
            VALUES (%s, %s, %s)
            ON CONFLICT (date, symbol) DO NOTHING;
            , parameters: ('2026-08-25', 'CL=F', 82.36000061035156)
[2026-09-06T17:22:17.828+0000] {sql.py:562} INFO - Rows affected: 1
[2026-09-06T17:22:17.837+0000] {sql.py:553} INFO - Running statement: 
            INSERT INTO oil_price_history (date, symbol, price)
            VALUES (%s, %s, %s)
            ON CONFLICT (date, symbol) DO NOTHING;
            , parameters: ('2026-08-26', 'CL=F', 82.2300033569336)
[2026-09-06T17:22:17.843+0000] {sql.py:562} INFO - Rows affected: 1
[2026-09-06T17:22:17.853+0000] {sql.py:553} INFO - Running statement: 
            INSERT INTO oil_price_history (date, symbol, price)
            VALUES (%s, %s, %s)
            ON CONFLICT (date, symbol) DO NOTHING;
            , parameters: ('2026-08-27', 'CL=F', 83.52999877929688)
[2026-09-06T17:22:17.855+0000] {sql.py:562} INFO - Rows affected: 1
[2026-09-06T17:22:17.863+0000] {sql.py:553} INFO - Running statement: 
            INSERT INTO oil_price_history (date, symbol, price)
            VALUES (%s, %s, %s)
            ON CONFLICT (date, symbol) DO NOTHING;
            , parameters: ('2026-08-28', 'CL=F', 83.4000015258789)
[2026-09-06T17:22:17.865+0000] {sql.py:562} INFO - Rows affected: 1
[2026-09-06T17:22:17.874+0000] {sql.py:553} INFO - Running statement: 
            INSERT INTO oil_price_history (date, symbol, price)
            VALUES (%s, %s, %s)
            ON CONFLICT (date, symbol) DO NOTHING;
            , parameters: ('2026-08-31', 'CL=F', 85.76000213623047)
[2026-09-06T17:22:17.876+0000] {sql.py:562} INFO - Rows affected: 1
[2026-09-06T17:22:17.884+0000] {sql.py:553} INFO - Running statement: 
            INSERT INTO oil_price_history (date, symbol, price)
            VALUES (%s, %s, %s)
            ON CONFLICT (date, symbol) DO NOTHING;
            , parameters: ('2026-09-01', 'CL=F', 90.22000122070312)
[2026-09-06T17:22:17.885+0000] {sql.py:562} INFO - Rows affected: 1
[2026-09-06T17:22:17.893+0000] {sql.py:553} INFO - Running statement: 
            INSERT INTO oil_price_history (date, symbol, price)
            VALUES (%s, %s, %s)
            ON CONFLICT (date, symbol) DO NOTHING;
            , parameters: ('2026-09-02', 'CL=F', 91.01000213623047)
[2026-09-06T17:22:17.895+0000] {sql.py:562} INFO - Rows affected: 1
[2026-09-06T17:22:17.903+0000] {sql.py:553} INFO - Running statement: 
            INSERT INTO oil_price_history (date, symbol, price)
            VALUES (%s, %s, %s)
            ON CONFLICT (date, symbol) DO NOTHING;
            , parameters: ('2026-09-03', 'CL=F', 91.30000305175781)
[2026-09-06T17:22:17.906+0000] {sql.py:562} INFO - Rows affected: 1
[2026-09-06T17:22:17.913+0000] {sql.py:553} INFO - Running statement: 
            INSERT INTO oil_price_history (date, symbol, price)
            VALUES (%s, %s, %s)
            ON CONFLICT (date, symbol) DO NOTHING;
            , parameters: ('2026-09-04', 'CL=F', 91.4800033569336)
[2026-09-06T17:22:17.915+0000] {sql.py:562} INFO - Rows affected: 1
[2026-09-06T17:22:17.918+0000] {logging_mixin.py:190} INFO - Bootstrap เสร็จ: ดึงราคาย้อนหลังมาเพิ่ม 149 วันทำการ
[2026-09-06T17:22:17.918+0000] {python.py:240} INFO - Done. Returned value was: None
[2026-09-06T17:22:17.928+0000] {taskinstance.py:340} INFO - ::group::Post task execution logs
[2026-09-06T17:22:17.929+0000] {taskinstance.py:352} INFO - Marking task as SUCCESS. dag_id=oil_price_pipeline_dag, task_id=bootstrap_historical_data, run_id=manual__2026-09-06T17:22:09.670896+00:00, execution_date=20260906T172209, start_date=20260906T172214, end_date=20260906T172217
[2026-09-06T17:22:17.962+0000] {local_task_job_runner.py:266} INFO - Task exited with return code 0
[2026-09-06T17:22:18.198+0000] {taskinstance.py:3895} INFO - 1 downstream tasks scheduled from follow-on schedule check
[2026-09-06T17:22:18.202+0000] {local_task_job_runner.py:245} INFO - ::endgroup::
