[2026-09-08T04:33:04.481+0000] {local_task_job_runner.py:123} INFO - ::group::Pre task execution logs
[2026-09-08T04:33:04.493+0000] {taskinstance.py:2613} INFO - Dependencies all met for dep_context=non-requeueable deps ti=<TaskInstance: oil_price_pipeline_dag.get_previous_rmse manual__2026-09-08T04:32:48.389541+00:00 [queued]>
[2026-09-08T04:33:04.499+0000] {taskinstance.py:2613} INFO - Dependencies all met for dep_context=requeueable deps ti=<TaskInstance: oil_price_pipeline_dag.get_previous_rmse manual__2026-09-08T04:32:48.389541+00:00 [queued]>
[2026-09-08T04:33:04.499+0000] {taskinstance.py:2866} INFO - Starting attempt 1 of 2
[2026-09-08T04:33:04.522+0000] {taskinstance.py:2889} INFO - Executing <Task(PythonOperator): get_previous_rmse> on 2026-09-08 04:32:48.389541+00:00
[2026-09-08T04:33:04.526+0000] {warnings.py:112} WARNING - /home/***/.local/lib/python3.12/site-packages/***/task/task_runner/standard_task_runner.py:70: DeprecationWarning: This process (pid=155) is multi-threaded, use of fork() may lead to deadlocks in the child.
  pid = os.fork()

[2026-09-08T04:33:04.528+0000] {standard_task_runner.py:72} INFO - Started process 157 to run task
[2026-09-08T04:33:04.528+0000] {standard_task_runner.py:104} INFO - Running: ['***', 'tasks', 'run', 'oil_price_pipeline_dag', 'get_previous_rmse', 'manual__2026-09-08T04:32:48.389541+00:00', '--job-id', '284', '--raw', '--subdir', 'DAGS_FOLDER/ml_03_oil_pipeline.py', '--cfg-path', '/tmp/tmpr41pnx0i']
[2026-09-08T04:33:04.530+0000] {standard_task_runner.py:105} INFO - Job 284: Subtask get_previous_rmse
[2026-09-08T04:33:04.566+0000] {task_command.py:467} INFO - Running <TaskInstance: oil_price_pipeline_dag.get_previous_rmse manual__2026-09-08T04:32:48.389541+00:00 [running]> on host 0bad5c1c53b5
[2026-09-08T04:33:04.770+0000] {taskinstance.py:3132} INFO - Exporting env vars: AIRFLOW_CTX_DAG_OWNER='workshop2' AIRFLOW_CTX_DAG_ID='oil_price_pipeline_dag' AIRFLOW_CTX_TASK_ID='get_previous_rmse' AIRFLOW_CTX_EXECUTION_DATE='2026-09-08T04:32:48.389541+00:00' AIRFLOW_CTX_TRY_NUMBER='1' AIRFLOW_CTX_DAG_RUN_ID='manual__2026-09-08T04:32:48.389541+00:00'
[2026-09-08T04:33:04.774+0000] {taskinstance.py:731} INFO - ::endgroup::
[2026-09-08T04:33:04.798+0000] {base.py:84} INFO - Retrieving connection 'postgres_target'
[2026-09-08T04:33:04.803+0000] {sql.py:553} INFO - Running statement: 
        SELECT rmse
        FROM model_metrics
        WHERE model_name = %s
          AND deployed = TRUE
        ORDER BY run_at DESC
        LIMIT 1;
        , parameters: ('gasohol_95_thailand',)
[2026-09-08T04:33:04.819+0000] {sql.py:562} INFO - Rows affected: 1
[2026-09-08T04:33:04.841+0000] {logging_mixin.py:190} INFO - Champion RMSE เดิม = 0.1836 บาท/ลิตร
[2026-09-08T04:33:04.841+0000] {python.py:240} INFO - Done. Returned value was: None
[2026-09-08T04:33:04.851+0000] {taskinstance.py:340} INFO - ::group::Post task execution logs
[2026-09-08T04:33:04.851+0000] {taskinstance.py:352} INFO - Marking task as SUCCESS. dag_id=oil_price_pipeline_dag, task_id=get_previous_rmse, run_id=manual__2026-09-08T04:32:48.389541+00:00, execution_date=20260908T043248, start_date=20260908T043304, end_date=20260908T043304
[2026-09-08T04:33:04.902+0000] {local_task_job_runner.py:266} INFO - Task exited with return code 0
[2026-09-08T04:33:05.039+0000] {taskinstance.py:3895} INFO - 1 downstream tasks scheduled from follow-on schedule check
[2026-09-08T04:33:05.048+0000] {local_task_job_runner.py:245} INFO - ::endgroup::
