[2026-09-07T12:15:03.171+0000] {local_task_job_runner.py:123} INFO - ::group::Pre task execution logs
[2026-09-07T12:15:03.192+0000] {taskinstance.py:2613} INFO - Dependencies all met for dep_context=non-requeueable deps ti=<TaskInstance: oil_price_pipeline_dag.deploy_model manual__2026-09-07T12:14:41.761286+00:00 [queued]>
[2026-09-07T12:15:03.205+0000] {taskinstance.py:2613} INFO - Dependencies all met for dep_context=requeueable deps ti=<TaskInstance: oil_price_pipeline_dag.deploy_model manual__2026-09-07T12:14:41.761286+00:00 [queued]>
[2026-09-07T12:15:03.206+0000] {taskinstance.py:2866} INFO - Starting attempt 1 of 2
[2026-09-07T12:15:03.226+0000] {taskinstance.py:2889} INFO - Executing <Task(PythonOperator): deploy_model> on 2026-09-07 12:14:41.761286+00:00
[2026-09-07T12:15:03.233+0000] {warnings.py:112} WARNING - /home/***/.local/lib/python3.12/site-packages/***/task/task_runner/standard_task_runner.py:70: DeprecationWarning: This process (pid=170) is multi-threaded, use of fork() may lead to deadlocks in the child.
  pid = os.fork()

[2026-09-07T12:15:03.237+0000] {standard_task_runner.py:72} INFO - Started process 172 to run task
[2026-09-07T12:15:03.235+0000] {standard_task_runner.py:104} INFO - Running: ['***', 'tasks', 'run', 'oil_price_pipeline_dag', 'deploy_model', 'manual__2026-09-07T12:14:41.761286+00:00', '--job-id', '169', '--raw', '--subdir', 'DAGS_FOLDER/ml_03_oil_pipeline.py', '--cfg-path', '/tmp/tmpt190g8xc']
[2026-09-07T12:15:03.238+0000] {standard_task_runner.py:105} INFO - Job 169: Subtask deploy_model
[2026-09-07T12:15:03.434+0000] {task_command.py:467} INFO - Running <TaskInstance: oil_price_pipeline_dag.deploy_model manual__2026-09-07T12:14:41.761286+00:00 [running]> on host 00dab4500809
[2026-09-07T12:15:03.503+0000] {taskinstance.py:3132} INFO - Exporting env vars: AIRFLOW_CTX_DAG_OWNER='workshop2' AIRFLOW_CTX_DAG_ID='oil_price_pipeline_dag' AIRFLOW_CTX_TASK_ID='deploy_model' AIRFLOW_CTX_EXECUTION_DATE='2026-09-07T12:14:41.761286+00:00' AIRFLOW_CTX_TRY_NUMBER='1' AIRFLOW_CTX_DAG_RUN_ID='manual__2026-09-07T12:14:41.761286+00:00'
[2026-09-07T12:15:03.504+0000] {taskinstance.py:731} INFO - ::endgroup::
[2026-09-07T12:15:03.542+0000] {logging_mixin.py:190} INFO - Deploy สำเร็จ: /opt/***/models/oil_models/candidate_manual__2026-09-07T12-14-41.761286-00-00.pkl -> /opt/***/models/oil_models/current_model.pkl
[2026-09-07T12:15:03.542+0000] {python.py:240} INFO - Done. Returned value was: deployed
[2026-09-07T12:15:03.565+0000] {taskinstance.py:340} INFO - ::group::Post task execution logs
[2026-09-07T12:15:03.566+0000] {taskinstance.py:352} INFO - Marking task as SUCCESS. dag_id=oil_price_pipeline_dag, task_id=deploy_model, run_id=manual__2026-09-07T12:14:41.761286+00:00, execution_date=20260907T121441, start_date=20260907T121503, end_date=20260907T121503
[2026-09-07T12:15:03.612+0000] {local_task_job_runner.py:266} INFO - Task exited with return code 0
[2026-09-07T12:15:03.767+0000] {taskinstance.py:3895} INFO - 0 downstream tasks scheduled from follow-on schedule check
[2026-09-07T12:15:03.771+0000] {local_task_job_runner.py:245} INFO - ::endgroup::
