[2026-09-06T17:51:53.334+0000] {local_task_job_runner.py:123} INFO - ::group::Pre task execution logs
[2026-09-06T17:51:53.352+0000] {taskinstance.py:2613} INFO - Dependencies all met for dep_context=non-requeueable deps ti=<TaskInstance: oil_price_pipeline_dag.get_previous_rmse manual__2026-09-06T17:51:15.733045+00:00 [queued]>
[2026-09-06T17:51:53.359+0000] {taskinstance.py:2613} INFO - Dependencies all met for dep_context=requeueable deps ti=<TaskInstance: oil_price_pipeline_dag.get_previous_rmse manual__2026-09-06T17:51:15.733045+00:00 [queued]>
[2026-09-06T17:51:53.359+0000] {taskinstance.py:2866} INFO - Starting attempt 1 of 2
[2026-09-06T17:51:53.372+0000] {taskinstance.py:2889} INFO - Executing <Task(PythonOperator): get_previous_rmse> on 2026-09-06 17:51:15.733045+00:00
[2026-09-06T17:51:53.379+0000] {warnings.py:112} WARNING - /home/***/.local/lib/python3.12/site-packages/***/task/task_runner/standard_task_runner.py:70: DeprecationWarning: This process (pid=194) is multi-threaded, use of fork() may lead to deadlocks in the child.
  pid = os.fork()

[2026-09-06T17:51:53.380+0000] {standard_task_runner.py:72} INFO - Started process 196 to run task
[2026-09-06T17:51:53.381+0000] {standard_task_runner.py:104} INFO - Running: ['***', 'tasks', 'run', 'oil_price_pipeline_dag', 'get_previous_rmse', 'manual__2026-09-06T17:51:15.733045+00:00', '--job-id', '9', '--raw', '--subdir', 'DAGS_FOLDER/ml_03_oil_pipeline.py', '--cfg-path', '/tmp/tmp2c1snem7']
[2026-09-06T17:51:53.383+0000] {standard_task_runner.py:105} INFO - Job 9: Subtask get_previous_rmse
[2026-09-06T17:51:53.428+0000] {task_command.py:467} INFO - Running <TaskInstance: oil_price_pipeline_dag.get_previous_rmse manual__2026-09-06T17:51:15.733045+00:00 [running]> on host 10c0bf379f23
[2026-09-06T17:51:53.634+0000] {taskinstance.py:3132} INFO - Exporting env vars: AIRFLOW_CTX_DAG_OWNER='workshop2' AIRFLOW_CTX_DAG_ID='oil_price_pipeline_dag' AIRFLOW_CTX_TASK_ID='get_previous_rmse' AIRFLOW_CTX_EXECUTION_DATE='2026-09-06T17:51:15.733045+00:00' AIRFLOW_CTX_TRY_NUMBER='1' AIRFLOW_CTX_DAG_RUN_ID='manual__2026-09-06T17:51:15.733045+00:00'
[2026-09-06T17:51:53.635+0000] {taskinstance.py:731} INFO - ::endgroup::
[2026-09-06T17:51:53.654+0000] {base.py:84} INFO - Retrieving connection 'postgres_target'
[2026-09-06T17:51:53.658+0000] {sql.py:553} INFO - Running statement: SELECT rmse FROM model_metrics WHERE model_name = %s AND deployed = TRUE ORDER BY run_at DESC LIMIT 1;, parameters: ('oil_price_wti',)
[2026-09-06T17:51:53.660+0000] {sql.py:562} INFO - Rows affected: 0
[2026-09-06T17:51:53.674+0000] {logging_mixin.py:190} INFO - ยังไม่เคยมีโมเดลที่ deploy มาก่อน (รอบแรก) — ถือว่ายังไม่มี champion ให้เทียบ
[2026-09-06T17:51:53.674+0000] {python.py:240} INFO - Done. Returned value was: None
[2026-09-06T17:51:53.683+0000] {taskinstance.py:340} INFO - ::group::Post task execution logs
[2026-09-06T17:51:53.684+0000] {taskinstance.py:352} INFO - Marking task as SUCCESS. dag_id=oil_price_pipeline_dag, task_id=get_previous_rmse, run_id=manual__2026-09-06T17:51:15.733045+00:00, execution_date=20260906T175115, start_date=20260906T175153, end_date=20260906T175153
[2026-09-06T17:51:53.716+0000] {local_task_job_runner.py:266} INFO - Task exited with return code 0
[2026-09-06T17:51:53.888+0000] {taskinstance.py:3895} INFO - 1 downstream tasks scheduled from follow-on schedule check
[2026-09-06T17:51:53.892+0000] {local_task_job_runner.py:245} INFO - ::endgroup::
