[2026-09-06T17:00:40.492+0000] {processor.py:186} INFO - Started process (PID=189) to work on /opt/airflow/dags/01_hello_dag.py
[2026-09-06T17:00:40.493+0000] {processor.py:914} INFO - Processing file /opt/airflow/dags/01_hello_dag.py for tasks to queue
[2026-09-06T17:00:40.494+0000] {logging_mixin.py:190} INFO - [2026-09-06T17:00:40.494+0000] {dagbag.py:588} INFO - Filling up the DagBag from /opt/airflow/dags/01_hello_dag.py
[2026-09-06T17:00:40.528+0000] {processor.py:925} INFO - DAG(s) 'hello_dag' retrieved from /opt/airflow/dags/01_hello_dag.py
[2026-09-06T17:00:40.746+0000] {logging_mixin.py:190} INFO - [2026-09-06T17:00:40.745+0000] {override.py:1911} INFO - Created Permission View: can delete on DAG:hello_dag
[2026-09-06T17:00:40.755+0000] {logging_mixin.py:190} INFO - [2026-09-06T17:00:40.755+0000] {override.py:1911} INFO - Created Permission View: can read on DAG:hello_dag
[2026-09-06T17:00:40.764+0000] {logging_mixin.py:190} INFO - [2026-09-06T17:00:40.764+0000] {override.py:1911} INFO - Created Permission View: can edit on DAG:hello_dag
[2026-09-06T17:00:40.775+0000] {logging_mixin.py:190} INFO - [2026-09-06T17:00:40.774+0000] {override.py:1911} INFO - Created Permission View: can create on DAG Run:hello_dag
[2026-09-06T17:00:40.783+0000] {logging_mixin.py:190} INFO - [2026-09-06T17:00:40.782+0000] {override.py:1911} INFO - Created Permission View: can read on DAG Run:hello_dag
[2026-09-06T17:00:40.790+0000] {logging_mixin.py:190} INFO - [2026-09-06T17:00:40.790+0000] {override.py:1911} INFO - Created Permission View: menu access on DAG Run:hello_dag
[2026-09-06T17:00:40.797+0000] {logging_mixin.py:190} INFO - [2026-09-06T17:00:40.797+0000] {override.py:1911} INFO - Created Permission View: can delete on DAG Run:hello_dag
[2026-09-06T17:00:40.798+0000] {logging_mixin.py:190} INFO - [2026-09-06T17:00:40.798+0000] {dag.py:3239} INFO - Sync 1 DAGs
[2026-09-06T17:00:40.812+0000] {logging_mixin.py:190} INFO - [2026-09-06T17:00:40.811+0000] {dag.py:3262} INFO - Creating ORM DAG for hello_dag
[2026-09-06T17:00:40.813+0000] {logging_mixin.py:190} INFO - [2026-09-06T17:00:40.813+0000] {dag.py:4180} INFO - Setting next_dagrun for hello_dag to None, run_after=None
[2026-09-06T17:00:40.833+0000] {processor.py:208} INFO - Processing /opt/airflow/dags/01_hello_dag.py took 0.346 seconds
[2026-09-06T17:01:11.381+0000] {processor.py:186} INFO - Started process (PID=203) to work on /opt/airflow/dags/01_hello_dag.py
[2026-09-06T17:01:11.382+0000] {processor.py:914} INFO - Processing file /opt/airflow/dags/01_hello_dag.py for tasks to queue
[2026-09-06T17:01:11.383+0000] {logging_mixin.py:190} INFO - [2026-09-06T17:01:11.383+0000] {dagbag.py:588} INFO - Filling up the DagBag from /opt/airflow/dags/01_hello_dag.py
[2026-09-06T17:01:11.399+0000] {processor.py:925} INFO - DAG(s) 'hello_dag' retrieved from /opt/airflow/dags/01_hello_dag.py
[2026-09-06T17:01:11.423+0000] {logging_mixin.py:190} INFO - [2026-09-06T17:01:11.422+0000] {dag.py:3239} INFO - Sync 1 DAGs
[2026-09-06T17:01:11.436+0000] {logging_mixin.py:190} INFO - [2026-09-06T17:01:11.436+0000] {dag.py:4180} INFO - Setting next_dagrun for hello_dag to None, run_after=None
[2026-09-06T17:01:11.473+0000] {processor.py:208} INFO - Processing /opt/airflow/dags/01_hello_dag.py took 0.097 seconds
[2026-09-06T17:01:41.615+0000] {processor.py:186} INFO - Started process (PID=219) to work on /opt/airflow/dags/01_hello_dag.py
[2026-09-06T17:01:41.616+0000] {processor.py:914} INFO - Processing file /opt/airflow/dags/01_hello_dag.py for tasks to queue
[2026-09-06T17:01:41.617+0000] {logging_mixin.py:190} INFO - [2026-09-06T17:01:41.617+0000] {dagbag.py:588} INFO - Filling up the DagBag from /opt/airflow/dags/01_hello_dag.py
[2026-09-06T17:01:41.631+0000] {processor.py:925} INFO - DAG(s) 'hello_dag' retrieved from /opt/airflow/dags/01_hello_dag.py
[2026-09-06T17:01:41.654+0000] {logging_mixin.py:190} INFO - [2026-09-06T17:01:41.654+0000] {dag.py:3239} INFO - Sync 1 DAGs
[2026-09-06T17:01:41.665+0000] {logging_mixin.py:190} INFO - [2026-09-06T17:01:41.665+0000] {dag.py:4180} INFO - Setting next_dagrun for hello_dag to None, run_after=None
[2026-09-06T17:01:41.682+0000] {processor.py:208} INFO - Processing /opt/airflow/dags/01_hello_dag.py took 0.071 seconds
[2026-09-06T17:02:11.743+0000] {processor.py:186} INFO - Started process (PID=235) to work on /opt/airflow/dags/01_hello_dag.py
[2026-09-06T17:02:11.743+0000] {processor.py:914} INFO - Processing file /opt/airflow/dags/01_hello_dag.py for tasks to queue
[2026-09-06T17:02:11.744+0000] {logging_mixin.py:190} INFO - [2026-09-06T17:02:11.744+0000] {dagbag.py:588} INFO - Filling up the DagBag from /opt/airflow/dags/01_hello_dag.py
[2026-09-06T17:02:11.765+0000] {processor.py:925} INFO - DAG(s) 'hello_dag' retrieved from /opt/airflow/dags/01_hello_dag.py
[2026-09-06T17:02:11.796+0000] {logging_mixin.py:190} INFO - [2026-09-06T17:02:11.796+0000] {dag.py:3239} INFO - Sync 1 DAGs
[2026-09-06T17:02:11.810+0000] {logging_mixin.py:190} INFO - [2026-09-06T17:02:11.810+0000] {dag.py:4180} INFO - Setting next_dagrun for hello_dag to None, run_after=None
[2026-09-06T17:02:12.388+0000] {processor.py:208} INFO - Processing /opt/airflow/dags/01_hello_dag.py took 0.652 seconds
[2026-09-06T17:02:42.557+0000] {processor.py:186} INFO - Started process (PID=251) to work on /opt/airflow/dags/01_hello_dag.py
[2026-09-06T17:02:42.558+0000] {processor.py:914} INFO - Processing file /opt/airflow/dags/01_hello_dag.py for tasks to queue
[2026-09-06T17:02:42.560+0000] {logging_mixin.py:190} INFO - [2026-09-06T17:02:42.559+0000] {dagbag.py:588} INFO - Filling up the DagBag from /opt/airflow/dags/01_hello_dag.py
[2026-09-06T17:02:42.734+0000] {processor.py:925} INFO - DAG(s) 'hello_dag' retrieved from /opt/airflow/dags/01_hello_dag.py
[2026-09-06T17:02:42.758+0000] {logging_mixin.py:190} INFO - [2026-09-06T17:02:42.758+0000] {dag.py:3239} INFO - Sync 1 DAGs
[2026-09-06T17:02:42.773+0000] {logging_mixin.py:190} INFO - [2026-09-06T17:02:42.773+0000] {dag.py:4180} INFO - Setting next_dagrun for hello_dag to None, run_after=None
[2026-09-06T17:02:42.793+0000] {processor.py:208} INFO - Processing /opt/airflow/dags/01_hello_dag.py took 0.241 seconds
[2026-09-06T17:03:13.430+0000] {processor.py:186} INFO - Started process (PID=267) to work on /opt/airflow/dags/01_hello_dag.py
[2026-09-06T17:03:13.431+0000] {processor.py:914} INFO - Processing file /opt/airflow/dags/01_hello_dag.py for tasks to queue
[2026-09-06T17:03:13.435+0000] {logging_mixin.py:190} INFO - [2026-09-06T17:03:13.435+0000] {dagbag.py:588} INFO - Filling up the DagBag from /opt/airflow/dags/01_hello_dag.py
[2026-09-06T17:03:13.451+0000] {processor.py:925} INFO - DAG(s) 'hello_dag' retrieved from /opt/airflow/dags/01_hello_dag.py
[2026-09-06T17:03:13.479+0000] {logging_mixin.py:190} INFO - [2026-09-06T17:03:13.478+0000] {dag.py:3239} INFO - Sync 1 DAGs
[2026-09-06T17:03:13.497+0000] {logging_mixin.py:190} INFO - [2026-09-06T17:03:13.497+0000] {dag.py:4180} INFO - Setting next_dagrun for hello_dag to None, run_after=None
[2026-09-06T17:03:13.524+0000] {processor.py:208} INFO - Processing /opt/airflow/dags/01_hello_dag.py took 0.101 seconds
[2026-09-06T17:03:44.327+0000] {processor.py:186} INFO - Started process (PID=283) to work on /opt/airflow/dags/01_hello_dag.py
[2026-09-06T17:03:44.327+0000] {processor.py:914} INFO - Processing file /opt/airflow/dags/01_hello_dag.py for tasks to queue
[2026-09-06T17:03:44.329+0000] {logging_mixin.py:190} INFO - [2026-09-06T17:03:44.328+0000] {dagbag.py:588} INFO - Filling up the DagBag from /opt/airflow/dags/01_hello_dag.py
[2026-09-06T17:03:44.344+0000] {processor.py:925} INFO - DAG(s) 'hello_dag' retrieved from /opt/airflow/dags/01_hello_dag.py
[2026-09-06T17:03:44.367+0000] {logging_mixin.py:190} INFO - [2026-09-06T17:03:44.367+0000] {dag.py:3239} INFO - Sync 1 DAGs
[2026-09-06T17:03:44.381+0000] {logging_mixin.py:190} INFO - [2026-09-06T17:03:44.380+0000] {dag.py:4180} INFO - Setting next_dagrun for hello_dag to None, run_after=None
[2026-09-06T17:03:44.403+0000] {processor.py:208} INFO - Processing /opt/airflow/dags/01_hello_dag.py took 0.082 seconds
[2026-09-06T17:04:15.151+0000] {processor.py:186} INFO - Started process (PID=299) to work on /opt/airflow/dags/01_hello_dag.py
[2026-09-06T17:04:15.151+0000] {processor.py:914} INFO - Processing file /opt/airflow/dags/01_hello_dag.py for tasks to queue
[2026-09-06T17:04:15.153+0000] {logging_mixin.py:190} INFO - [2026-09-06T17:04:15.152+0000] {dagbag.py:588} INFO - Filling up the DagBag from /opt/airflow/dags/01_hello_dag.py
[2026-09-06T17:04:15.171+0000] {processor.py:925} INFO - DAG(s) 'hello_dag' retrieved from /opt/airflow/dags/01_hello_dag.py
[2026-09-06T17:04:15.196+0000] {logging_mixin.py:190} INFO - [2026-09-06T17:04:15.196+0000] {dag.py:3239} INFO - Sync 1 DAGs
[2026-09-06T17:04:15.211+0000] {logging_mixin.py:190} INFO - [2026-09-06T17:04:15.210+0000] {dag.py:4180} INFO - Setting next_dagrun for hello_dag to None, run_after=None
[2026-09-06T17:04:15.231+0000] {processor.py:208} INFO - Processing /opt/airflow/dags/01_hello_dag.py took 0.086 seconds
[2026-09-06T17:04:45.744+0000] {processor.py:186} INFO - Started process (PID=315) to work on /opt/airflow/dags/01_hello_dag.py
[2026-09-06T17:04:45.745+0000] {processor.py:914} INFO - Processing file /opt/airflow/dags/01_hello_dag.py for tasks to queue
[2026-09-06T17:04:45.746+0000] {logging_mixin.py:190} INFO - [2026-09-06T17:04:45.746+0000] {dagbag.py:588} INFO - Filling up the DagBag from /opt/airflow/dags/01_hello_dag.py
[2026-09-06T17:04:45.762+0000] {processor.py:925} INFO - DAG(s) 'hello_dag' retrieved from /opt/airflow/dags/01_hello_dag.py
[2026-09-06T17:04:45.784+0000] {logging_mixin.py:190} INFO - [2026-09-06T17:04:45.784+0000] {dag.py:3239} INFO - Sync 1 DAGs
[2026-09-06T17:04:45.797+0000] {logging_mixin.py:190} INFO - [2026-09-06T17:04:45.797+0000] {dag.py:4180} INFO - Setting next_dagrun for hello_dag to None, run_after=None
[2026-09-06T17:04:45.816+0000] {processor.py:208} INFO - Processing /opt/airflow/dags/01_hello_dag.py took 0.078 seconds
[2026-09-06T17:05:16.327+0000] {processor.py:186} INFO - Started process (PID=331) to work on /opt/airflow/dags/01_hello_dag.py
[2026-09-06T17:05:16.328+0000] {processor.py:914} INFO - Processing file /opt/airflow/dags/01_hello_dag.py for tasks to queue
[2026-09-06T17:05:16.329+0000] {logging_mixin.py:190} INFO - [2026-09-06T17:05:16.329+0000] {dagbag.py:588} INFO - Filling up the DagBag from /opt/airflow/dags/01_hello_dag.py
[2026-09-06T17:05:16.345+0000] {processor.py:925} INFO - DAG(s) 'hello_dag' retrieved from /opt/airflow/dags/01_hello_dag.py
[2026-09-06T17:05:16.368+0000] {logging_mixin.py:190} INFO - [2026-09-06T17:05:16.368+0000] {dag.py:3239} INFO - Sync 1 DAGs
[2026-09-06T17:05:16.388+0000] {logging_mixin.py:190} INFO - [2026-09-06T17:05:16.388+0000] {dag.py:4180} INFO - Setting next_dagrun for hello_dag to None, run_after=None
[2026-09-06T17:05:16.413+0000] {processor.py:208} INFO - Processing /opt/airflow/dags/01_hello_dag.py took 0.092 seconds
[2026-09-06T17:05:47.245+0000] {processor.py:186} INFO - Started process (PID=347) to work on /opt/airflow/dags/01_hello_dag.py
[2026-09-06T17:05:47.246+0000] {processor.py:914} INFO - Processing file /opt/airflow/dags/01_hello_dag.py for tasks to queue
[2026-09-06T17:05:47.248+0000] {logging_mixin.py:190} INFO - [2026-09-06T17:05:47.248+0000] {dagbag.py:588} INFO - Filling up the DagBag from /opt/airflow/dags/01_hello_dag.py
[2026-09-06T17:05:47.272+0000] {processor.py:925} INFO - DAG(s) 'hello_dag' retrieved from /opt/airflow/dags/01_hello_dag.py
[2026-09-06T17:05:47.308+0000] {logging_mixin.py:190} INFO - [2026-09-06T17:05:47.308+0000] {dag.py:3239} INFO - Sync 1 DAGs
[2026-09-06T17:05:47.324+0000] {logging_mixin.py:190} INFO - [2026-09-06T17:05:47.323+0000] {dag.py:4180} INFO - Setting next_dagrun for hello_dag to None, run_after=None
[2026-09-06T17:05:47.351+0000] {processor.py:208} INFO - Processing /opt/airflow/dags/01_hello_dag.py took 0.121 seconds
[2026-09-06T17:06:17.819+0000] {processor.py:186} INFO - Started process (PID=361) to work on /opt/airflow/dags/01_hello_dag.py
[2026-09-06T17:06:17.819+0000] {processor.py:914} INFO - Processing file /opt/airflow/dags/01_hello_dag.py for tasks to queue
[2026-09-06T17:06:17.820+0000] {logging_mixin.py:190} INFO - [2026-09-06T17:06:17.820+0000] {dagbag.py:588} INFO - Filling up the DagBag from /opt/airflow/dags/01_hello_dag.py
[2026-09-06T17:06:17.835+0000] {processor.py:925} INFO - DAG(s) 'hello_dag' retrieved from /opt/airflow/dags/01_hello_dag.py
[2026-09-06T17:06:17.857+0000] {logging_mixin.py:190} INFO - [2026-09-06T17:06:17.857+0000] {dag.py:3239} INFO - Sync 1 DAGs
[2026-09-06T17:06:17.871+0000] {logging_mixin.py:190} INFO - [2026-09-06T17:06:17.871+0000] {dag.py:4180} INFO - Setting next_dagrun for hello_dag to None, run_after=None
[2026-09-06T17:06:17.890+0000] {processor.py:208} INFO - Processing /opt/airflow/dags/01_hello_dag.py took 0.076 seconds
[2026-09-06T17:06:48.393+0000] {processor.py:186} INFO - Started process (PID=376) to work on /opt/airflow/dags/01_hello_dag.py
[2026-09-06T17:06:48.393+0000] {processor.py:914} INFO - Processing file /opt/airflow/dags/01_hello_dag.py for tasks to queue
[2026-09-06T17:06:48.394+0000] {logging_mixin.py:190} INFO - [2026-09-06T17:06:48.394+0000] {dagbag.py:588} INFO - Filling up the DagBag from /opt/airflow/dags/01_hello_dag.py
[2026-09-06T17:06:48.408+0000] {processor.py:925} INFO - DAG(s) 'hello_dag' retrieved from /opt/airflow/dags/01_hello_dag.py
[2026-09-06T17:06:48.429+0000] {logging_mixin.py:190} INFO - [2026-09-06T17:06:48.429+0000] {dag.py:3239} INFO - Sync 1 DAGs
[2026-09-06T17:06:48.441+0000] {logging_mixin.py:190} INFO - [2026-09-06T17:06:48.441+0000] {dag.py:4180} INFO - Setting next_dagrun for hello_dag to None, run_after=None
[2026-09-06T17:06:48.464+0000] {processor.py:208} INFO - Processing /opt/airflow/dags/01_hello_dag.py took 0.076 seconds
[2026-09-06T17:07:18.940+0000] {processor.py:186} INFO - Started process (PID=390) to work on /opt/airflow/dags/01_hello_dag.py
[2026-09-06T17:07:18.941+0000] {processor.py:914} INFO - Processing file /opt/airflow/dags/01_hello_dag.py for tasks to queue
[2026-09-06T17:07:18.942+0000] {logging_mixin.py:190} INFO - [2026-09-06T17:07:18.941+0000] {dagbag.py:588} INFO - Filling up the DagBag from /opt/airflow/dags/01_hello_dag.py
[2026-09-06T17:07:18.954+0000] {processor.py:925} INFO - DAG(s) 'hello_dag' retrieved from /opt/airflow/dags/01_hello_dag.py
[2026-09-06T17:07:18.978+0000] {logging_mixin.py:190} INFO - [2026-09-06T17:07:18.978+0000] {dag.py:3239} INFO - Sync 1 DAGs
[2026-09-06T17:07:18.989+0000] {logging_mixin.py:190} INFO - [2026-09-06T17:07:18.989+0000] {dag.py:4180} INFO - Setting next_dagrun for hello_dag to None, run_after=None
[2026-09-06T17:07:19.009+0000] {processor.py:208} INFO - Processing /opt/airflow/dags/01_hello_dag.py took 0.075 seconds
[2026-09-06T17:07:49.512+0000] {processor.py:186} INFO - Started process (PID=404) to work on /opt/airflow/dags/01_hello_dag.py
[2026-09-06T17:07:49.513+0000] {processor.py:914} INFO - Processing file /opt/airflow/dags/01_hello_dag.py for tasks to queue
[2026-09-06T17:07:49.514+0000] {logging_mixin.py:190} INFO - [2026-09-06T17:07:49.514+0000] {dagbag.py:588} INFO - Filling up the DagBag from /opt/airflow/dags/01_hello_dag.py
[2026-09-06T17:07:49.529+0000] {processor.py:925} INFO - DAG(s) 'hello_dag' retrieved from /opt/airflow/dags/01_hello_dag.py
[2026-09-06T17:07:49.553+0000] {logging_mixin.py:190} INFO - [2026-09-06T17:07:49.553+0000] {dag.py:3239} INFO - Sync 1 DAGs
[2026-09-06T17:07:49.564+0000] {logging_mixin.py:190} INFO - [2026-09-06T17:07:49.564+0000] {dag.py:4180} INFO - Setting next_dagrun for hello_dag to None, run_after=None
[2026-09-06T17:07:49.583+0000] {processor.py:208} INFO - Processing /opt/airflow/dags/01_hello_dag.py took 0.076 seconds
[2026-09-06T17:08:20.065+0000] {processor.py:186} INFO - Started process (PID=418) to work on /opt/airflow/dags/01_hello_dag.py
[2026-09-06T17:08:20.066+0000] {processor.py:914} INFO - Processing file /opt/airflow/dags/01_hello_dag.py for tasks to queue
[2026-09-06T17:08:20.069+0000] {logging_mixin.py:190} INFO - [2026-09-06T17:08:20.069+0000] {dagbag.py:588} INFO - Filling up the DagBag from /opt/airflow/dags/01_hello_dag.py
[2026-09-06T17:08:20.084+0000] {processor.py:925} INFO - DAG(s) 'hello_dag' retrieved from /opt/airflow/dags/01_hello_dag.py
[2026-09-06T17:08:20.110+0000] {logging_mixin.py:190} INFO - [2026-09-06T17:08:20.110+0000] {dag.py:3239} INFO - Sync 1 DAGs
[2026-09-06T17:08:20.127+0000] {logging_mixin.py:190} INFO - [2026-09-06T17:08:20.126+0000] {dag.py:4180} INFO - Setting next_dagrun for hello_dag to None, run_after=None
[2026-09-06T17:08:20.151+0000] {processor.py:208} INFO - Processing /opt/airflow/dags/01_hello_dag.py took 0.092 seconds
[2026-09-06T17:08:50.714+0000] {processor.py:186} INFO - Started process (PID=432) to work on /opt/airflow/dags/01_hello_dag.py
[2026-09-06T17:08:50.715+0000] {processor.py:914} INFO - Processing file /opt/airflow/dags/01_hello_dag.py for tasks to queue
[2026-09-06T17:08:50.716+0000] {logging_mixin.py:190} INFO - [2026-09-06T17:08:50.715+0000] {dagbag.py:588} INFO - Filling up the DagBag from /opt/airflow/dags/01_hello_dag.py
[2026-09-06T17:08:50.731+0000] {processor.py:925} INFO - DAG(s) 'hello_dag' retrieved from /opt/airflow/dags/01_hello_dag.py
[2026-09-06T17:08:50.753+0000] {logging_mixin.py:190} INFO - [2026-09-06T17:08:50.753+0000] {dag.py:3239} INFO - Sync 1 DAGs
[2026-09-06T17:08:50.765+0000] {logging_mixin.py:190} INFO - [2026-09-06T17:08:50.764+0000] {dag.py:4180} INFO - Setting next_dagrun for hello_dag to None, run_after=None
[2026-09-06T17:08:50.782+0000] {processor.py:208} INFO - Processing /opt/airflow/dags/01_hello_dag.py took 0.074 seconds
[2026-09-06T17:09:21.378+0000] {processor.py:186} INFO - Started process (PID=446) to work on /opt/airflow/dags/01_hello_dag.py
[2026-09-06T17:09:21.379+0000] {processor.py:914} INFO - Processing file /opt/airflow/dags/01_hello_dag.py for tasks to queue
[2026-09-06T17:09:21.383+0000] {logging_mixin.py:190} INFO - [2026-09-06T17:09:21.383+0000] {dagbag.py:588} INFO - Filling up the DagBag from /opt/airflow/dags/01_hello_dag.py
[2026-09-06T17:09:21.419+0000] {processor.py:925} INFO - DAG(s) 'hello_dag' retrieved from /opt/airflow/dags/01_hello_dag.py
[2026-09-06T17:09:21.510+0000] {logging_mixin.py:190} INFO - [2026-09-06T17:09:21.509+0000] {dag.py:3239} INFO - Sync 1 DAGs
[2026-09-06T17:09:21.528+0000] {logging_mixin.py:190} INFO - [2026-09-06T17:09:21.527+0000] {dag.py:4180} INFO - Setting next_dagrun for hello_dag to None, run_after=None
[2026-09-06T17:09:21.554+0000] {processor.py:208} INFO - Processing /opt/airflow/dags/01_hello_dag.py took 0.190 seconds
[2026-09-06T17:09:52.204+0000] {processor.py:186} INFO - Started process (PID=460) to work on /opt/airflow/dags/01_hello_dag.py
[2026-09-06T17:09:52.205+0000] {processor.py:914} INFO - Processing file /opt/airflow/dags/01_hello_dag.py for tasks to queue
[2026-09-06T17:09:52.207+0000] {logging_mixin.py:190} INFO - [2026-09-06T17:09:52.206+0000] {dagbag.py:588} INFO - Filling up the DagBag from /opt/airflow/dags/01_hello_dag.py
[2026-09-06T17:09:52.223+0000] {processor.py:925} INFO - DAG(s) 'hello_dag' retrieved from /opt/airflow/dags/01_hello_dag.py
[2026-09-06T17:09:52.250+0000] {logging_mixin.py:190} INFO - [2026-09-06T17:09:52.250+0000] {dag.py:3239} INFO - Sync 1 DAGs
[2026-09-06T17:09:52.266+0000] {logging_mixin.py:190} INFO - [2026-09-06T17:09:52.266+0000] {dag.py:4180} INFO - Setting next_dagrun for hello_dag to None, run_after=None
[2026-09-06T17:09:52.287+0000] {processor.py:208} INFO - Processing /opt/airflow/dags/01_hello_dag.py took 0.091 seconds
[2026-09-06T17:10:22.349+0000] {processor.py:186} INFO - Started process (PID=474) to work on /opt/airflow/dags/01_hello_dag.py
[2026-09-06T17:10:22.349+0000] {processor.py:914} INFO - Processing file /opt/airflow/dags/01_hello_dag.py for tasks to queue
[2026-09-06T17:10:22.351+0000] {logging_mixin.py:190} INFO - [2026-09-06T17:10:22.351+0000] {dagbag.py:588} INFO - Filling up the DagBag from /opt/airflow/dags/01_hello_dag.py
[2026-09-06T17:10:22.367+0000] {processor.py:925} INFO - DAG(s) 'hello_dag' retrieved from /opt/airflow/dags/01_hello_dag.py
[2026-09-06T17:10:22.394+0000] {logging_mixin.py:190} INFO - [2026-09-06T17:10:22.394+0000] {dag.py:3239} INFO - Sync 1 DAGs
[2026-09-06T17:10:22.410+0000] {logging_mixin.py:190} INFO - [2026-09-06T17:10:22.410+0000] {dag.py:4180} INFO - Setting next_dagrun for hello_dag to None, run_after=None
[2026-09-06T17:10:22.431+0000] {processor.py:208} INFO - Processing /opt/airflow/dags/01_hello_dag.py took 0.089 seconds
[2026-09-06T17:10:53.038+0000] {processor.py:186} INFO - Started process (PID=488) to work on /opt/airflow/dags/01_hello_dag.py
[2026-09-06T17:10:53.039+0000] {processor.py:914} INFO - Processing file /opt/airflow/dags/01_hello_dag.py for tasks to queue
[2026-09-06T17:10:53.040+0000] {logging_mixin.py:190} INFO - [2026-09-06T17:10:53.039+0000] {dagbag.py:588} INFO - Filling up the DagBag from /opt/airflow/dags/01_hello_dag.py
[2026-09-06T17:10:53.058+0000] {processor.py:925} INFO - DAG(s) 'hello_dag' retrieved from /opt/airflow/dags/01_hello_dag.py
[2026-09-06T17:10:53.095+0000] {logging_mixin.py:190} INFO - [2026-09-06T17:10:53.095+0000] {dag.py:3239} INFO - Sync 1 DAGs
[2026-09-06T17:10:53.120+0000] {logging_mixin.py:190} INFO - [2026-09-06T17:10:53.120+0000] {dag.py:4180} INFO - Setting next_dagrun for hello_dag to None, run_after=None
[2026-09-06T17:10:53.146+0000] {processor.py:208} INFO - Processing /opt/airflow/dags/01_hello_dag.py took 0.115 seconds
[2026-09-06T17:11:23.707+0000] {processor.py:186} INFO - Started process (PID=502) to work on /opt/airflow/dags/01_hello_dag.py
[2026-09-06T17:11:23.708+0000] {processor.py:914} INFO - Processing file /opt/airflow/dags/01_hello_dag.py for tasks to queue
[2026-09-06T17:11:23.709+0000] {logging_mixin.py:190} INFO - [2026-09-06T17:11:23.709+0000] {dagbag.py:588} INFO - Filling up the DagBag from /opt/airflow/dags/01_hello_dag.py
[2026-09-06T17:11:23.729+0000] {processor.py:925} INFO - DAG(s) 'hello_dag' retrieved from /opt/airflow/dags/01_hello_dag.py
[2026-09-06T17:11:23.756+0000] {logging_mixin.py:190} INFO - [2026-09-06T17:11:23.756+0000] {dag.py:3239} INFO - Sync 1 DAGs
[2026-09-06T17:11:23.775+0000] {logging_mixin.py:190} INFO - [2026-09-06T17:11:23.775+0000] {dag.py:4180} INFO - Setting next_dagrun for hello_dag to None, run_after=None
[2026-09-06T17:11:23.797+0000] {processor.py:208} INFO - Processing /opt/airflow/dags/01_hello_dag.py took 0.100 seconds
[2026-09-06T17:11:54.579+0000] {processor.py:186} INFO - Started process (PID=516) to work on /opt/airflow/dags/01_hello_dag.py
[2026-09-06T17:11:54.580+0000] {processor.py:914} INFO - Processing file /opt/airflow/dags/01_hello_dag.py for tasks to queue
[2026-09-06T17:11:54.581+0000] {logging_mixin.py:190} INFO - [2026-09-06T17:11:54.581+0000] {dagbag.py:588} INFO - Filling up the DagBag from /opt/airflow/dags/01_hello_dag.py
[2026-09-06T17:11:54.599+0000] {processor.py:925} INFO - DAG(s) 'hello_dag' retrieved from /opt/airflow/dags/01_hello_dag.py
[2026-09-06T17:11:54.624+0000] {logging_mixin.py:190} INFO - [2026-09-06T17:11:54.623+0000] {dag.py:3239} INFO - Sync 1 DAGs
[2026-09-06T17:11:54.642+0000] {logging_mixin.py:190} INFO - [2026-09-06T17:11:54.642+0000] {dag.py:4180} INFO - Setting next_dagrun for hello_dag to None, run_after=None
[2026-09-06T17:11:54.665+0000] {processor.py:208} INFO - Processing /opt/airflow/dags/01_hello_dag.py took 0.091 seconds
[2026-09-06T17:12:25.294+0000] {processor.py:186} INFO - Started process (PID=530) to work on /opt/airflow/dags/01_hello_dag.py
[2026-09-06T17:12:25.296+0000] {processor.py:914} INFO - Processing file /opt/airflow/dags/01_hello_dag.py for tasks to queue
[2026-09-06T17:12:25.297+0000] {logging_mixin.py:190} INFO - [2026-09-06T17:12:25.297+0000] {dagbag.py:588} INFO - Filling up the DagBag from /opt/airflow/dags/01_hello_dag.py
[2026-09-06T17:12:25.318+0000] {processor.py:925} INFO - DAG(s) 'hello_dag' retrieved from /opt/airflow/dags/01_hello_dag.py
[2026-09-06T17:12:25.345+0000] {logging_mixin.py:190} INFO - [2026-09-06T17:12:25.344+0000] {dag.py:3239} INFO - Sync 1 DAGs
[2026-09-06T17:12:25.358+0000] {logging_mixin.py:190} INFO - [2026-09-06T17:12:25.358+0000] {dag.py:4180} INFO - Setting next_dagrun for hello_dag to None, run_after=None
[2026-09-06T17:12:25.381+0000] {processor.py:208} INFO - Processing /opt/airflow/dags/01_hello_dag.py took 0.094 seconds
[2026-09-06T17:12:55.998+0000] {processor.py:186} INFO - Started process (PID=550) to work on /opt/airflow/dags/01_hello_dag.py
[2026-09-06T17:12:55.999+0000] {processor.py:914} INFO - Processing file /opt/airflow/dags/01_hello_dag.py for tasks to queue
[2026-09-06T17:12:56.000+0000] {logging_mixin.py:190} INFO - [2026-09-06T17:12:56.000+0000] {dagbag.py:588} INFO - Filling up the DagBag from /opt/airflow/dags/01_hello_dag.py
[2026-09-06T17:12:56.023+0000] {processor.py:925} INFO - DAG(s) 'hello_dag' retrieved from /opt/airflow/dags/01_hello_dag.py
[2026-09-06T17:12:56.058+0000] {logging_mixin.py:190} INFO - [2026-09-06T17:12:56.058+0000] {dag.py:3239} INFO - Sync 1 DAGs
[2026-09-06T17:12:56.076+0000] {logging_mixin.py:190} INFO - [2026-09-06T17:12:56.076+0000] {dag.py:4180} INFO - Setting next_dagrun for hello_dag to None, run_after=None
[2026-09-06T17:12:56.096+0000] {processor.py:208} INFO - Processing /opt/airflow/dags/01_hello_dag.py took 0.107 seconds
[2026-09-06T17:13:26.730+0000] {processor.py:186} INFO - Started process (PID=564) to work on /opt/airflow/dags/01_hello_dag.py
[2026-09-06T17:13:26.731+0000] {processor.py:914} INFO - Processing file /opt/airflow/dags/01_hello_dag.py for tasks to queue
[2026-09-06T17:13:26.738+0000] {logging_mixin.py:190} INFO - [2026-09-06T17:13:26.737+0000] {dagbag.py:588} INFO - Filling up the DagBag from /opt/airflow/dags/01_hello_dag.py
[2026-09-06T17:13:26.761+0000] {processor.py:925} INFO - DAG(s) 'hello_dag' retrieved from /opt/airflow/dags/01_hello_dag.py
[2026-09-06T17:13:26.796+0000] {logging_mixin.py:190} INFO - [2026-09-06T17:13:26.796+0000] {dag.py:3239} INFO - Sync 1 DAGs
[2026-09-06T17:13:26.816+0000] {logging_mixin.py:190} INFO - [2026-09-06T17:13:26.816+0000] {dag.py:4180} INFO - Setting next_dagrun for hello_dag to None, run_after=None
[2026-09-06T17:13:26.841+0000] {processor.py:208} INFO - Processing /opt/airflow/dags/01_hello_dag.py took 0.117 seconds
[2026-09-06T17:13:57.420+0000] {processor.py:186} INFO - Started process (PID=578) to work on /opt/airflow/dags/01_hello_dag.py
[2026-09-06T17:13:57.420+0000] {processor.py:914} INFO - Processing file /opt/airflow/dags/01_hello_dag.py for tasks to queue
[2026-09-06T17:13:57.421+0000] {logging_mixin.py:190} INFO - [2026-09-06T17:13:57.421+0000] {dagbag.py:588} INFO - Filling up the DagBag from /opt/airflow/dags/01_hello_dag.py
[2026-09-06T17:13:57.437+0000] {processor.py:925} INFO - DAG(s) 'hello_dag' retrieved from /opt/airflow/dags/01_hello_dag.py
[2026-09-06T17:13:57.465+0000] {logging_mixin.py:190} INFO - [2026-09-06T17:13:57.465+0000] {dag.py:3239} INFO - Sync 1 DAGs
[2026-09-06T17:13:57.482+0000] {logging_mixin.py:190} INFO - [2026-09-06T17:13:57.482+0000] {dag.py:4180} INFO - Setting next_dagrun for hello_dag to None, run_after=None
[2026-09-06T17:13:57.510+0000] {processor.py:208} INFO - Processing /opt/airflow/dags/01_hello_dag.py took 0.096 seconds
[2026-09-06T17:14:28.182+0000] {processor.py:186} INFO - Started process (PID=592) to work on /opt/airflow/dags/01_hello_dag.py
[2026-09-06T17:14:28.183+0000] {processor.py:914} INFO - Processing file /opt/airflow/dags/01_hello_dag.py for tasks to queue
[2026-09-06T17:14:28.184+0000] {logging_mixin.py:190} INFO - [2026-09-06T17:14:28.184+0000] {dagbag.py:588} INFO - Filling up the DagBag from /opt/airflow/dags/01_hello_dag.py
[2026-09-06T17:14:28.205+0000] {processor.py:925} INFO - DAG(s) 'hello_dag' retrieved from /opt/airflow/dags/01_hello_dag.py
[2026-09-06T17:14:28.230+0000] {logging_mixin.py:190} INFO - [2026-09-06T17:14:28.229+0000] {dag.py:3239} INFO - Sync 1 DAGs
[2026-09-06T17:14:28.247+0000] {logging_mixin.py:190} INFO - [2026-09-06T17:14:28.247+0000] {dag.py:4180} INFO - Setting next_dagrun for hello_dag to None, run_after=None
[2026-09-06T17:14:28.272+0000] {processor.py:208} INFO - Processing /opt/airflow/dags/01_hello_dag.py took 0.096 seconds
[2026-09-06T17:14:58.860+0000] {processor.py:186} INFO - Started process (PID=606) to work on /opt/airflow/dags/01_hello_dag.py
[2026-09-06T17:14:58.860+0000] {processor.py:914} INFO - Processing file /opt/airflow/dags/01_hello_dag.py for tasks to queue
[2026-09-06T17:14:58.861+0000] {logging_mixin.py:190} INFO - [2026-09-06T17:14:58.861+0000] {dagbag.py:588} INFO - Filling up the DagBag from /opt/airflow/dags/01_hello_dag.py
[2026-09-06T17:14:58.882+0000] {processor.py:925} INFO - DAG(s) 'hello_dag' retrieved from /opt/airflow/dags/01_hello_dag.py
[2026-09-06T17:14:58.908+0000] {logging_mixin.py:190} INFO - [2026-09-06T17:14:58.908+0000] {dag.py:3239} INFO - Sync 1 DAGs
[2026-09-06T17:14:58.924+0000] {logging_mixin.py:190} INFO - [2026-09-06T17:14:58.924+0000] {dag.py:4180} INFO - Setting next_dagrun for hello_dag to None, run_after=None
[2026-09-06T17:14:58.955+0000] {processor.py:208} INFO - Processing /opt/airflow/dags/01_hello_dag.py took 0.101 seconds
[2026-09-06T17:15:29.542+0000] {processor.py:186} INFO - Started process (PID=620) to work on /opt/airflow/dags/01_hello_dag.py
[2026-09-06T17:15:29.543+0000] {processor.py:914} INFO - Processing file /opt/airflow/dags/01_hello_dag.py for tasks to queue
[2026-09-06T17:15:29.544+0000] {logging_mixin.py:190} INFO - [2026-09-06T17:15:29.544+0000] {dagbag.py:588} INFO - Filling up the DagBag from /opt/airflow/dags/01_hello_dag.py
[2026-09-06T17:15:29.559+0000] {processor.py:925} INFO - DAG(s) 'hello_dag' retrieved from /opt/airflow/dags/01_hello_dag.py
[2026-09-06T17:15:29.586+0000] {logging_mixin.py:190} INFO - [2026-09-06T17:15:29.586+0000] {dag.py:3239} INFO - Sync 1 DAGs
[2026-09-06T17:15:29.601+0000] {logging_mixin.py:190} INFO - [2026-09-06T17:15:29.600+0000] {dag.py:4180} INFO - Setting next_dagrun for hello_dag to None, run_after=None
[2026-09-06T17:15:29.627+0000] {processor.py:208} INFO - Processing /opt/airflow/dags/01_hello_dag.py took 0.092 seconds
[2026-09-06T17:15:59.816+0000] {processor.py:186} INFO - Started process (PID=634) to work on /opt/airflow/dags/01_hello_dag.py
[2026-09-06T17:15:59.816+0000] {processor.py:914} INFO - Processing file /opt/airflow/dags/01_hello_dag.py for tasks to queue
[2026-09-06T17:15:59.818+0000] {logging_mixin.py:190} INFO - [2026-09-06T17:15:59.818+0000] {dagbag.py:588} INFO - Filling up the DagBag from /opt/airflow/dags/01_hello_dag.py
[2026-09-06T17:15:59.836+0000] {processor.py:925} INFO - DAG(s) 'hello_dag' retrieved from /opt/airflow/dags/01_hello_dag.py
[2026-09-06T17:15:59.861+0000] {logging_mixin.py:190} INFO - [2026-09-06T17:15:59.861+0000] {dag.py:3239} INFO - Sync 1 DAGs
[2026-09-06T17:15:59.877+0000] {logging_mixin.py:190} INFO - [2026-09-06T17:15:59.877+0000] {dag.py:4180} INFO - Setting next_dagrun for hello_dag to None, run_after=None
[2026-09-06T17:15:59.896+0000] {processor.py:208} INFO - Processing /opt/airflow/dags/01_hello_dag.py took 0.086 seconds
[2026-09-06T17:16:30.514+0000] {processor.py:186} INFO - Started process (PID=648) to work on /opt/airflow/dags/01_hello_dag.py
[2026-09-06T17:16:30.515+0000] {processor.py:914} INFO - Processing file /opt/airflow/dags/01_hello_dag.py for tasks to queue
[2026-09-06T17:16:30.516+0000] {logging_mixin.py:190} INFO - [2026-09-06T17:16:30.515+0000] {dagbag.py:588} INFO - Filling up the DagBag from /opt/airflow/dags/01_hello_dag.py
[2026-09-06T17:16:30.534+0000] {processor.py:925} INFO - DAG(s) 'hello_dag' retrieved from /opt/airflow/dags/01_hello_dag.py
[2026-09-06T17:16:30.561+0000] {logging_mixin.py:190} INFO - [2026-09-06T17:16:30.560+0000] {dag.py:3239} INFO - Sync 1 DAGs
[2026-09-06T17:16:30.574+0000] {logging_mixin.py:190} INFO - [2026-09-06T17:16:30.574+0000] {dag.py:4180} INFO - Setting next_dagrun for hello_dag to None, run_after=None
[2026-09-06T17:16:30.593+0000] {processor.py:208} INFO - Processing /opt/airflow/dags/01_hello_dag.py took 0.085 seconds
[2026-09-06T17:17:01.240+0000] {processor.py:186} INFO - Started process (PID=662) to work on /opt/airflow/dags/01_hello_dag.py
[2026-09-06T17:17:01.242+0000] {processor.py:914} INFO - Processing file /opt/airflow/dags/01_hello_dag.py for tasks to queue
[2026-09-06T17:17:01.246+0000] {logging_mixin.py:190} INFO - [2026-09-06T17:17:01.245+0000] {dagbag.py:588} INFO - Filling up the DagBag from /opt/airflow/dags/01_hello_dag.py
[2026-09-06T17:17:01.272+0000] {processor.py:925} INFO - DAG(s) 'hello_dag' retrieved from /opt/airflow/dags/01_hello_dag.py
[2026-09-06T17:17:01.311+0000] {logging_mixin.py:190} INFO - [2026-09-06T17:17:01.311+0000] {dag.py:3239} INFO - Sync 1 DAGs
[2026-09-06T17:17:01.333+0000] {logging_mixin.py:190} INFO - [2026-09-06T17:17:01.333+0000] {dag.py:4180} INFO - Setting next_dagrun for hello_dag to None, run_after=None
[2026-09-06T17:17:01.358+0000] {processor.py:208} INFO - Processing /opt/airflow/dags/01_hello_dag.py took 0.132 seconds
[2026-09-06T17:17:31.956+0000] {processor.py:186} INFO - Started process (PID=676) to work on /opt/airflow/dags/01_hello_dag.py
[2026-09-06T17:17:31.957+0000] {processor.py:914} INFO - Processing file /opt/airflow/dags/01_hello_dag.py for tasks to queue
[2026-09-06T17:17:31.959+0000] {logging_mixin.py:190} INFO - [2026-09-06T17:17:31.958+0000] {dagbag.py:588} INFO - Filling up the DagBag from /opt/airflow/dags/01_hello_dag.py
[2026-09-06T17:17:31.976+0000] {processor.py:925} INFO - DAG(s) 'hello_dag' retrieved from /opt/airflow/dags/01_hello_dag.py
[2026-09-06T17:17:32.004+0000] {logging_mixin.py:190} INFO - [2026-09-06T17:17:32.004+0000] {dag.py:3239} INFO - Sync 1 DAGs
[2026-09-06T17:17:32.019+0000] {logging_mixin.py:190} INFO - [2026-09-06T17:17:32.019+0000] {dag.py:4180} INFO - Setting next_dagrun for hello_dag to None, run_after=None
[2026-09-06T17:17:32.040+0000] {processor.py:208} INFO - Processing /opt/airflow/dags/01_hello_dag.py took 0.091 seconds
[2026-09-06T17:18:02.664+0000] {processor.py:186} INFO - Started process (PID=690) to work on /opt/airflow/dags/01_hello_dag.py
[2026-09-06T17:18:02.665+0000] {processor.py:914} INFO - Processing file /opt/airflow/dags/01_hello_dag.py for tasks to queue
[2026-09-06T17:18:02.666+0000] {logging_mixin.py:190} INFO - [2026-09-06T17:18:02.666+0000] {dagbag.py:588} INFO - Filling up the DagBag from /opt/airflow/dags/01_hello_dag.py
[2026-09-06T17:18:02.684+0000] {processor.py:925} INFO - DAG(s) 'hello_dag' retrieved from /opt/airflow/dags/01_hello_dag.py
[2026-09-06T17:18:02.709+0000] {logging_mixin.py:190} INFO - [2026-09-06T17:18:02.708+0000] {dag.py:3239} INFO - Sync 1 DAGs
[2026-09-06T17:18:02.724+0000] {logging_mixin.py:190} INFO - [2026-09-06T17:18:02.724+0000] {dag.py:4180} INFO - Setting next_dagrun for hello_dag to None, run_after=None
[2026-09-06T17:18:02.746+0000] {processor.py:208} INFO - Processing /opt/airflow/dags/01_hello_dag.py took 0.088 seconds
[2026-09-06T17:18:33.325+0000] {processor.py:186} INFO - Started process (PID=704) to work on /opt/airflow/dags/01_hello_dag.py
[2026-09-06T17:18:33.326+0000] {processor.py:914} INFO - Processing file /opt/airflow/dags/01_hello_dag.py for tasks to queue
[2026-09-06T17:18:33.327+0000] {logging_mixin.py:190} INFO - [2026-09-06T17:18:33.326+0000] {dagbag.py:588} INFO - Filling up the DagBag from /opt/airflow/dags/01_hello_dag.py
[2026-09-06T17:18:33.347+0000] {processor.py:925} INFO - DAG(s) 'hello_dag' retrieved from /opt/airflow/dags/01_hello_dag.py
[2026-09-06T17:18:33.377+0000] {logging_mixin.py:190} INFO - [2026-09-06T17:18:33.376+0000] {dag.py:3239} INFO - Sync 1 DAGs
[2026-09-06T17:18:33.391+0000] {logging_mixin.py:190} INFO - [2026-09-06T17:18:33.391+0000] {dag.py:4180} INFO - Setting next_dagrun for hello_dag to None, run_after=None
[2026-09-06T17:18:33.413+0000] {processor.py:208} INFO - Processing /opt/airflow/dags/01_hello_dag.py took 0.094 seconds
[2026-09-06T17:19:03.970+0000] {processor.py:186} INFO - Started process (PID=718) to work on /opt/airflow/dags/01_hello_dag.py
[2026-09-06T17:19:03.971+0000] {processor.py:914} INFO - Processing file /opt/airflow/dags/01_hello_dag.py for tasks to queue
[2026-09-06T17:19:03.972+0000] {logging_mixin.py:190} INFO - [2026-09-06T17:19:03.971+0000] {dagbag.py:588} INFO - Filling up the DagBag from /opt/airflow/dags/01_hello_dag.py
[2026-09-06T17:19:03.989+0000] {processor.py:925} INFO - DAG(s) 'hello_dag' retrieved from /opt/airflow/dags/01_hello_dag.py
[2026-09-06T17:19:04.023+0000] {logging_mixin.py:190} INFO - [2026-09-06T17:19:04.023+0000] {dag.py:3239} INFO - Sync 1 DAGs
[2026-09-06T17:19:04.042+0000] {logging_mixin.py:190} INFO - [2026-09-06T17:19:04.041+0000] {dag.py:4180} INFO - Setting next_dagrun for hello_dag to None, run_after=None
[2026-09-06T17:19:04.066+0000] {processor.py:208} INFO - Processing /opt/airflow/dags/01_hello_dag.py took 0.104 seconds
[2026-09-06T17:19:34.808+0000] {processor.py:186} INFO - Started process (PID=732) to work on /opt/airflow/dags/01_hello_dag.py
[2026-09-06T17:19:34.808+0000] {processor.py:914} INFO - Processing file /opt/airflow/dags/01_hello_dag.py for tasks to queue
[2026-09-06T17:19:34.809+0000] {logging_mixin.py:190} INFO - [2026-09-06T17:19:34.809+0000] {dagbag.py:588} INFO - Filling up the DagBag from /opt/airflow/dags/01_hello_dag.py
[2026-09-06T17:19:34.825+0000] {processor.py:925} INFO - DAG(s) 'hello_dag' retrieved from /opt/airflow/dags/01_hello_dag.py
[2026-09-06T17:19:34.852+0000] {logging_mixin.py:190} INFO - [2026-09-06T17:19:34.852+0000] {dag.py:3239} INFO - Sync 1 DAGs
[2026-09-06T17:19:34.878+0000] {logging_mixin.py:190} INFO - [2026-09-06T17:19:34.878+0000] {dag.py:4180} INFO - Setting next_dagrun for hello_dag to None, run_after=None
[2026-09-06T17:19:34.902+0000] {processor.py:208} INFO - Processing /opt/airflow/dags/01_hello_dag.py took 0.100 seconds
[2026-09-06T17:20:05.535+0000] {processor.py:186} INFO - Started process (PID=746) to work on /opt/airflow/dags/01_hello_dag.py
[2026-09-06T17:20:05.538+0000] {processor.py:914} INFO - Processing file /opt/airflow/dags/01_hello_dag.py for tasks to queue
[2026-09-06T17:20:05.541+0000] {logging_mixin.py:190} INFO - [2026-09-06T17:20:05.541+0000] {dagbag.py:588} INFO - Filling up the DagBag from /opt/airflow/dags/01_hello_dag.py
[2026-09-06T17:20:05.563+0000] {processor.py:925} INFO - DAG(s) 'hello_dag' retrieved from /opt/airflow/dags/01_hello_dag.py
[2026-09-06T17:20:05.597+0000] {logging_mixin.py:190} INFO - [2026-09-06T17:20:05.597+0000] {dag.py:3239} INFO - Sync 1 DAGs
[2026-09-06T17:20:05.613+0000] {logging_mixin.py:190} INFO - [2026-09-06T17:20:05.613+0000] {dag.py:4180} INFO - Setting next_dagrun for hello_dag to None, run_after=None
[2026-09-06T17:20:05.643+0000] {processor.py:208} INFO - Processing /opt/airflow/dags/01_hello_dag.py took 0.116 seconds
[2026-09-06T17:20:36.269+0000] {processor.py:186} INFO - Started process (PID=760) to work on /opt/airflow/dags/01_hello_dag.py
[2026-09-06T17:20:36.270+0000] {processor.py:914} INFO - Processing file /opt/airflow/dags/01_hello_dag.py for tasks to queue
[2026-09-06T17:20:36.272+0000] {logging_mixin.py:190} INFO - [2026-09-06T17:20:36.271+0000] {dagbag.py:588} INFO - Filling up the DagBag from /opt/airflow/dags/01_hello_dag.py
[2026-09-06T17:20:36.287+0000] {processor.py:925} INFO - DAG(s) 'hello_dag' retrieved from /opt/airflow/dags/01_hello_dag.py
[2026-09-06T17:20:36.312+0000] {logging_mixin.py:190} INFO - [2026-09-06T17:20:36.312+0000] {dag.py:3239} INFO - Sync 1 DAGs
[2026-09-06T17:20:36.334+0000] {logging_mixin.py:190} INFO - [2026-09-06T17:20:36.330+0000] {dag.py:4180} INFO - Setting next_dagrun for hello_dag to None, run_after=None
[2026-09-06T17:20:36.365+0000] {processor.py:208} INFO - Processing /opt/airflow/dags/01_hello_dag.py took 0.103 seconds
[2026-09-06T17:21:07.063+0000] {processor.py:186} INFO - Started process (PID=775) to work on /opt/airflow/dags/01_hello_dag.py
[2026-09-06T17:21:07.064+0000] {processor.py:914} INFO - Processing file /opt/airflow/dags/01_hello_dag.py for tasks to queue
[2026-09-06T17:21:07.065+0000] {logging_mixin.py:190} INFO - [2026-09-06T17:21:07.065+0000] {dagbag.py:588} INFO - Filling up the DagBag from /opt/airflow/dags/01_hello_dag.py
[2026-09-06T17:21:07.082+0000] {processor.py:925} INFO - DAG(s) 'hello_dag' retrieved from /opt/airflow/dags/01_hello_dag.py
[2026-09-06T17:21:07.107+0000] {logging_mixin.py:190} INFO - [2026-09-06T17:21:07.107+0000] {dag.py:3239} INFO - Sync 1 DAGs
[2026-09-06T17:21:07.120+0000] {logging_mixin.py:190} INFO - [2026-09-06T17:21:07.120+0000] {dag.py:4180} INFO - Setting next_dagrun for hello_dag to None, run_after=None
[2026-09-06T17:21:07.140+0000] {processor.py:208} INFO - Processing /opt/airflow/dags/01_hello_dag.py took 0.083 seconds
[2026-09-06T17:21:37.759+0000] {processor.py:186} INFO - Started process (PID=789) to work on /opt/airflow/dags/01_hello_dag.py
[2026-09-06T17:21:37.760+0000] {processor.py:914} INFO - Processing file /opt/airflow/dags/01_hello_dag.py for tasks to queue
[2026-09-06T17:21:37.761+0000] {logging_mixin.py:190} INFO - [2026-09-06T17:21:37.760+0000] {dagbag.py:588} INFO - Filling up the DagBag from /opt/airflow/dags/01_hello_dag.py
[2026-09-06T17:21:37.779+0000] {processor.py:925} INFO - DAG(s) 'hello_dag' retrieved from /opt/airflow/dags/01_hello_dag.py
[2026-09-06T17:21:37.804+0000] {logging_mixin.py:190} INFO - [2026-09-06T17:21:37.804+0000] {dag.py:3239} INFO - Sync 1 DAGs
[2026-09-06T17:21:37.819+0000] {logging_mixin.py:190} INFO - [2026-09-06T17:21:37.819+0000] {dag.py:4180} INFO - Setting next_dagrun for hello_dag to None, run_after=None
[2026-09-06T17:21:37.840+0000] {processor.py:208} INFO - Processing /opt/airflow/dags/01_hello_dag.py took 0.087 seconds
[2026-09-06T17:22:08.407+0000] {processor.py:186} INFO - Started process (PID=803) to work on /opt/airflow/dags/01_hello_dag.py
[2026-09-06T17:22:08.408+0000] {processor.py:914} INFO - Processing file /opt/airflow/dags/01_hello_dag.py for tasks to queue
[2026-09-06T17:22:08.410+0000] {logging_mixin.py:190} INFO - [2026-09-06T17:22:08.409+0000] {dagbag.py:588} INFO - Filling up the DagBag from /opt/airflow/dags/01_hello_dag.py
[2026-09-06T17:22:08.426+0000] {processor.py:925} INFO - DAG(s) 'hello_dag' retrieved from /opt/airflow/dags/01_hello_dag.py
[2026-09-06T17:22:08.454+0000] {logging_mixin.py:190} INFO - [2026-09-06T17:22:08.454+0000] {dag.py:3239} INFO - Sync 1 DAGs
[2026-09-06T17:22:08.469+0000] {logging_mixin.py:190} INFO - [2026-09-06T17:22:08.469+0000] {dag.py:4180} INFO - Setting next_dagrun for hello_dag to None, run_after=None
[2026-09-06T17:22:08.490+0000] {processor.py:208} INFO - Processing /opt/airflow/dags/01_hello_dag.py took 0.089 seconds
[2026-09-06T17:22:38.899+0000] {processor.py:186} INFO - Started process (PID=817) to work on /opt/airflow/dags/01_hello_dag.py
[2026-09-06T17:22:38.904+0000] {processor.py:914} INFO - Processing file /opt/airflow/dags/01_hello_dag.py for tasks to queue
[2026-09-06T17:22:38.909+0000] {logging_mixin.py:190} INFO - [2026-09-06T17:22:38.909+0000] {dagbag.py:588} INFO - Filling up the DagBag from /opt/airflow/dags/01_hello_dag.py
[2026-09-06T17:22:38.950+0000] {processor.py:925} INFO - DAG(s) 'hello_dag' retrieved from /opt/airflow/dags/01_hello_dag.py
[2026-09-06T17:22:39.022+0000] {logging_mixin.py:190} INFO - [2026-09-06T17:22:39.021+0000] {dag.py:3239} INFO - Sync 1 DAGs
[2026-09-06T17:22:39.061+0000] {logging_mixin.py:190} INFO - [2026-09-06T17:22:39.061+0000] {dag.py:4180} INFO - Setting next_dagrun for hello_dag to None, run_after=None
[2026-09-06T17:22:39.110+0000] {processor.py:208} INFO - Processing /opt/airflow/dags/01_hello_dag.py took 0.222 seconds
[2026-09-06T17:23:09.756+0000] {processor.py:186} INFO - Started process (PID=831) to work on /opt/airflow/dags/01_hello_dag.py
[2026-09-06T17:23:09.756+0000] {processor.py:914} INFO - Processing file /opt/airflow/dags/01_hello_dag.py for tasks to queue
[2026-09-06T17:23:09.758+0000] {logging_mixin.py:190} INFO - [2026-09-06T17:23:09.757+0000] {dagbag.py:588} INFO - Filling up the DagBag from /opt/airflow/dags/01_hello_dag.py
[2026-09-06T17:23:09.776+0000] {processor.py:925} INFO - DAG(s) 'hello_dag' retrieved from /opt/airflow/dags/01_hello_dag.py
[2026-09-06T17:23:09.805+0000] {logging_mixin.py:190} INFO - [2026-09-06T17:23:09.805+0000] {dag.py:3239} INFO - Sync 1 DAGs
[2026-09-06T17:23:09.819+0000] {logging_mixin.py:190} INFO - [2026-09-06T17:23:09.818+0000] {dag.py:4180} INFO - Setting next_dagrun for hello_dag to None, run_after=None
[2026-09-06T17:23:09.844+0000] {processor.py:208} INFO - Processing /opt/airflow/dags/01_hello_dag.py took 0.094 seconds
[2026-09-06T17:23:39.917+0000] {processor.py:186} INFO - Started process (PID=845) to work on /opt/airflow/dags/01_hello_dag.py
[2026-09-06T17:23:39.918+0000] {processor.py:914} INFO - Processing file /opt/airflow/dags/01_hello_dag.py for tasks to queue
[2026-09-06T17:23:39.919+0000] {logging_mixin.py:190} INFO - [2026-09-06T17:23:39.918+0000] {dagbag.py:588} INFO - Filling up the DagBag from /opt/airflow/dags/01_hello_dag.py
[2026-09-06T17:23:39.943+0000] {processor.py:925} INFO - DAG(s) 'hello_dag' retrieved from /opt/airflow/dags/01_hello_dag.py
[2026-09-06T17:23:39.975+0000] {logging_mixin.py:190} INFO - [2026-09-06T17:23:39.975+0000] {dag.py:3239} INFO - Sync 1 DAGs
[2026-09-06T17:23:39.992+0000] {logging_mixin.py:190} INFO - [2026-09-06T17:23:39.992+0000] {dag.py:4180} INFO - Setting next_dagrun for hello_dag to None, run_after=None
[2026-09-06T17:23:40.020+0000] {processor.py:208} INFO - Processing /opt/airflow/dags/01_hello_dag.py took 0.111 seconds
[2026-09-06T17:24:10.580+0000] {processor.py:186} INFO - Started process (PID=859) to work on /opt/airflow/dags/01_hello_dag.py
[2026-09-06T17:24:10.581+0000] {processor.py:914} INFO - Processing file /opt/airflow/dags/01_hello_dag.py for tasks to queue
[2026-09-06T17:24:10.582+0000] {logging_mixin.py:190} INFO - [2026-09-06T17:24:10.582+0000] {dagbag.py:588} INFO - Filling up the DagBag from /opt/airflow/dags/01_hello_dag.py
[2026-09-06T17:24:10.598+0000] {processor.py:925} INFO - DAG(s) 'hello_dag' retrieved from /opt/airflow/dags/01_hello_dag.py
[2026-09-06T17:24:10.625+0000] {logging_mixin.py:190} INFO - [2026-09-06T17:24:10.625+0000] {dag.py:3239} INFO - Sync 1 DAGs
[2026-09-06T17:24:10.640+0000] {logging_mixin.py:190} INFO - [2026-09-06T17:24:10.640+0000] {dag.py:4180} INFO - Setting next_dagrun for hello_dag to None, run_after=None
[2026-09-06T17:24:10.660+0000] {processor.py:208} INFO - Processing /opt/airflow/dags/01_hello_dag.py took 0.087 seconds
[2026-09-06T17:24:41.311+0000] {processor.py:186} INFO - Started process (PID=874) to work on /opt/airflow/dags/01_hello_dag.py
[2026-09-06T17:24:41.312+0000] {processor.py:914} INFO - Processing file /opt/airflow/dags/01_hello_dag.py for tasks to queue
[2026-09-06T17:24:41.314+0000] {logging_mixin.py:190} INFO - [2026-09-06T17:24:41.313+0000] {dagbag.py:588} INFO - Filling up the DagBag from /opt/airflow/dags/01_hello_dag.py
[2026-09-06T17:24:41.332+0000] {processor.py:925} INFO - DAG(s) 'hello_dag' retrieved from /opt/airflow/dags/01_hello_dag.py
[2026-09-06T17:24:41.363+0000] {logging_mixin.py:190} INFO - [2026-09-06T17:24:41.362+0000] {dag.py:3239} INFO - Sync 1 DAGs
[2026-09-06T17:24:41.380+0000] {logging_mixin.py:190} INFO - [2026-09-06T17:24:41.380+0000] {dag.py:4180} INFO - Setting next_dagrun for hello_dag to None, run_after=None
[2026-09-06T17:24:41.402+0000] {processor.py:208} INFO - Processing /opt/airflow/dags/01_hello_dag.py took 0.097 seconds
[2026-09-06T17:25:12.184+0000] {processor.py:186} INFO - Started process (PID=888) to work on /opt/airflow/dags/01_hello_dag.py
[2026-09-06T17:25:12.185+0000] {processor.py:914} INFO - Processing file /opt/airflow/dags/01_hello_dag.py for tasks to queue
[2026-09-06T17:25:12.186+0000] {logging_mixin.py:190} INFO - [2026-09-06T17:25:12.186+0000] {dagbag.py:588} INFO - Filling up the DagBag from /opt/airflow/dags/01_hello_dag.py
[2026-09-06T17:25:12.209+0000] {processor.py:925} INFO - DAG(s) 'hello_dag' retrieved from /opt/airflow/dags/01_hello_dag.py
[2026-09-06T17:25:12.245+0000] {logging_mixin.py:190} INFO - [2026-09-06T17:25:12.245+0000] {dag.py:3239} INFO - Sync 1 DAGs
[2026-09-06T17:25:12.264+0000] {logging_mixin.py:190} INFO - [2026-09-06T17:25:12.264+0000] {dag.py:4180} INFO - Setting next_dagrun for hello_dag to None, run_after=None
[2026-09-06T17:25:12.303+0000] {processor.py:208} INFO - Processing /opt/airflow/dags/01_hello_dag.py took 0.126 seconds
[2026-09-06T17:25:43.016+0000] {processor.py:186} INFO - Started process (PID=902) to work on /opt/airflow/dags/01_hello_dag.py
[2026-09-06T17:25:43.017+0000] {processor.py:914} INFO - Processing file /opt/airflow/dags/01_hello_dag.py for tasks to queue
[2026-09-06T17:25:43.018+0000] {logging_mixin.py:190} INFO - [2026-09-06T17:25:43.018+0000] {dagbag.py:588} INFO - Filling up the DagBag from /opt/airflow/dags/01_hello_dag.py
[2026-09-06T17:25:43.036+0000] {processor.py:925} INFO - DAG(s) 'hello_dag' retrieved from /opt/airflow/dags/01_hello_dag.py
[2026-09-06T17:25:43.065+0000] {logging_mixin.py:190} INFO - [2026-09-06T17:25:43.065+0000] {dag.py:3239} INFO - Sync 1 DAGs
[2026-09-06T17:25:43.087+0000] {logging_mixin.py:190} INFO - [2026-09-06T17:25:43.086+0000] {dag.py:4180} INFO - Setting next_dagrun for hello_dag to None, run_after=None
[2026-09-06T17:25:43.114+0000] {processor.py:208} INFO - Processing /opt/airflow/dags/01_hello_dag.py took 0.105 seconds
[2026-09-06T17:26:13.697+0000] {processor.py:186} INFO - Started process (PID=916) to work on /opt/airflow/dags/01_hello_dag.py
[2026-09-06T17:26:13.699+0000] {processor.py:914} INFO - Processing file /opt/airflow/dags/01_hello_dag.py for tasks to queue
[2026-09-06T17:26:13.701+0000] {logging_mixin.py:190} INFO - [2026-09-06T17:26:13.701+0000] {dagbag.py:588} INFO - Filling up the DagBag from /opt/airflow/dags/01_hello_dag.py
[2026-09-06T17:26:13.725+0000] {processor.py:925} INFO - DAG(s) 'hello_dag' retrieved from /opt/airflow/dags/01_hello_dag.py
[2026-09-06T17:26:13.756+0000] {logging_mixin.py:190} INFO - [2026-09-06T17:26:13.755+0000] {dag.py:3239} INFO - Sync 1 DAGs
[2026-09-06T17:26:13.768+0000] {logging_mixin.py:190} INFO - [2026-09-06T17:26:13.768+0000] {dag.py:4180} INFO - Setting next_dagrun for hello_dag to None, run_after=None
[2026-09-06T17:26:13.792+0000] {processor.py:208} INFO - Processing /opt/airflow/dags/01_hello_dag.py took 0.101 seconds
[2026-09-06T17:26:44.397+0000] {processor.py:186} INFO - Started process (PID=930) to work on /opt/airflow/dags/01_hello_dag.py
[2026-09-06T17:26:44.398+0000] {processor.py:914} INFO - Processing file /opt/airflow/dags/01_hello_dag.py for tasks to queue
[2026-09-06T17:26:44.400+0000] {logging_mixin.py:190} INFO - [2026-09-06T17:26:44.400+0000] {dagbag.py:588} INFO - Filling up the DagBag from /opt/airflow/dags/01_hello_dag.py
[2026-09-06T17:26:44.423+0000] {processor.py:925} INFO - DAG(s) 'hello_dag' retrieved from /opt/airflow/dags/01_hello_dag.py
[2026-09-06T17:26:44.455+0000] {logging_mixin.py:190} INFO - [2026-09-06T17:26:44.454+0000] {dag.py:3239} INFO - Sync 1 DAGs
[2026-09-06T17:26:44.476+0000] {logging_mixin.py:190} INFO - [2026-09-06T17:26:44.476+0000] {dag.py:4180} INFO - Setting next_dagrun for hello_dag to None, run_after=None
[2026-09-06T17:26:44.498+0000] {processor.py:208} INFO - Processing /opt/airflow/dags/01_hello_dag.py took 0.107 seconds
[2026-09-06T17:27:15.305+0000] {processor.py:186} INFO - Started process (PID=944) to work on /opt/airflow/dags/01_hello_dag.py
[2026-09-06T17:27:15.306+0000] {processor.py:914} INFO - Processing file /opt/airflow/dags/01_hello_dag.py for tasks to queue
[2026-09-06T17:27:15.307+0000] {logging_mixin.py:190} INFO - [2026-09-06T17:27:15.307+0000] {dagbag.py:588} INFO - Filling up the DagBag from /opt/airflow/dags/01_hello_dag.py
[2026-09-06T17:27:15.323+0000] {processor.py:925} INFO - DAG(s) 'hello_dag' retrieved from /opt/airflow/dags/01_hello_dag.py
[2026-09-06T17:27:15.351+0000] {logging_mixin.py:190} INFO - [2026-09-06T17:27:15.351+0000] {dag.py:3239} INFO - Sync 1 DAGs
[2026-09-06T17:27:15.367+0000] {logging_mixin.py:190} INFO - [2026-09-06T17:27:15.367+0000] {dag.py:4180} INFO - Setting next_dagrun for hello_dag to None, run_after=None
[2026-09-06T17:27:15.390+0000] {processor.py:208} INFO - Processing /opt/airflow/dags/01_hello_dag.py took 0.093 seconds
[2026-09-06T17:27:45.580+0000] {processor.py:186} INFO - Started process (PID=958) to work on /opt/airflow/dags/01_hello_dag.py
[2026-09-06T17:27:45.581+0000] {processor.py:914} INFO - Processing file /opt/airflow/dags/01_hello_dag.py for tasks to queue
[2026-09-06T17:27:45.582+0000] {logging_mixin.py:190} INFO - [2026-09-06T17:27:45.582+0000] {dagbag.py:588} INFO - Filling up the DagBag from /opt/airflow/dags/01_hello_dag.py
[2026-09-06T17:27:45.599+0000] {processor.py:925} INFO - DAG(s) 'hello_dag' retrieved from /opt/airflow/dags/01_hello_dag.py
[2026-09-06T17:27:45.627+0000] {logging_mixin.py:190} INFO - [2026-09-06T17:27:45.626+0000] {dag.py:3239} INFO - Sync 1 DAGs
[2026-09-06T17:27:45.643+0000] {logging_mixin.py:190} INFO - [2026-09-06T17:27:45.643+0000] {dag.py:4180} INFO - Setting next_dagrun for hello_dag to None, run_after=None
[2026-09-06T17:27:45.664+0000] {processor.py:208} INFO - Processing /opt/airflow/dags/01_hello_dag.py took 0.090 seconds
[2026-09-06T17:28:16.309+0000] {processor.py:186} INFO - Started process (PID=972) to work on /opt/airflow/dags/01_hello_dag.py
[2026-09-06T17:28:16.310+0000] {processor.py:914} INFO - Processing file /opt/airflow/dags/01_hello_dag.py for tasks to queue
[2026-09-06T17:28:16.313+0000] {logging_mixin.py:190} INFO - [2026-09-06T17:28:16.312+0000] {dagbag.py:588} INFO - Filling up the DagBag from /opt/airflow/dags/01_hello_dag.py
[2026-09-06T17:28:16.328+0000] {processor.py:925} INFO - DAG(s) 'hello_dag' retrieved from /opt/airflow/dags/01_hello_dag.py
[2026-09-06T17:28:16.358+0000] {logging_mixin.py:190} INFO - [2026-09-06T17:28:16.358+0000] {dag.py:3239} INFO - Sync 1 DAGs
[2026-09-06T17:28:16.381+0000] {logging_mixin.py:190} INFO - [2026-09-06T17:28:16.380+0000] {dag.py:4180} INFO - Setting next_dagrun for hello_dag to None, run_after=None
[2026-09-06T17:28:16.410+0000] {processor.py:208} INFO - Processing /opt/airflow/dags/01_hello_dag.py took 0.109 seconds
[2026-09-06T17:28:46.666+0000] {processor.py:186} INFO - Started process (PID=986) to work on /opt/airflow/dags/01_hello_dag.py
[2026-09-06T17:28:46.667+0000] {processor.py:914} INFO - Processing file /opt/airflow/dags/01_hello_dag.py for tasks to queue
[2026-09-06T17:28:46.672+0000] {logging_mixin.py:190} INFO - [2026-09-06T17:28:46.672+0000] {dagbag.py:588} INFO - Filling up the DagBag from /opt/airflow/dags/01_hello_dag.py
[2026-09-06T17:28:46.692+0000] {processor.py:925} INFO - DAG(s) 'hello_dag' retrieved from /opt/airflow/dags/01_hello_dag.py
[2026-09-06T17:28:46.730+0000] {logging_mixin.py:190} INFO - [2026-09-06T17:28:46.730+0000] {dag.py:3239} INFO - Sync 1 DAGs
[2026-09-06T17:28:46.751+0000] {logging_mixin.py:190} INFO - [2026-09-06T17:28:46.750+0000] {dag.py:4180} INFO - Setting next_dagrun for hello_dag to None, run_after=None
[2026-09-06T17:28:46.778+0000] {processor.py:208} INFO - Processing /opt/airflow/dags/01_hello_dag.py took 0.119 seconds
[2026-09-06T17:29:17.429+0000] {processor.py:186} INFO - Started process (PID=1000) to work on /opt/airflow/dags/01_hello_dag.py
[2026-09-06T17:29:17.430+0000] {processor.py:914} INFO - Processing file /opt/airflow/dags/01_hello_dag.py for tasks to queue
[2026-09-06T17:29:17.432+0000] {logging_mixin.py:190} INFO - [2026-09-06T17:29:17.431+0000] {dagbag.py:588} INFO - Filling up the DagBag from /opt/airflow/dags/01_hello_dag.py
[2026-09-06T17:29:17.454+0000] {processor.py:925} INFO - DAG(s) 'hello_dag' retrieved from /opt/airflow/dags/01_hello_dag.py
[2026-09-06T17:29:17.480+0000] {logging_mixin.py:190} INFO - [2026-09-06T17:29:17.480+0000] {dag.py:3239} INFO - Sync 1 DAGs
[2026-09-06T17:29:17.495+0000] {logging_mixin.py:190} INFO - [2026-09-06T17:29:17.495+0000] {dag.py:4180} INFO - Setting next_dagrun for hello_dag to None, run_after=None
[2026-09-06T17:29:17.518+0000] {processor.py:208} INFO - Processing /opt/airflow/dags/01_hello_dag.py took 0.094 seconds
[2026-09-06T17:29:48.204+0000] {processor.py:186} INFO - Started process (PID=1014) to work on /opt/airflow/dags/01_hello_dag.py
[2026-09-06T17:29:48.216+0000] {processor.py:914} INFO - Processing file /opt/airflow/dags/01_hello_dag.py for tasks to queue
[2026-09-06T17:29:48.262+0000] {logging_mixin.py:190} INFO - [2026-09-06T17:29:48.261+0000] {dagbag.py:588} INFO - Filling up the DagBag from /opt/airflow/dags/01_hello_dag.py
[2026-09-06T17:29:48.365+0000] {processor.py:925} INFO - DAG(s) 'hello_dag' retrieved from /opt/airflow/dags/01_hello_dag.py
[2026-09-06T17:29:48.445+0000] {logging_mixin.py:190} INFO - [2026-09-06T17:29:48.444+0000] {dag.py:3239} INFO - Sync 1 DAGs
[2026-09-06T17:29:48.491+0000] {logging_mixin.py:190} INFO - [2026-09-06T17:29:48.491+0000] {dag.py:4180} INFO - Setting next_dagrun for hello_dag to None, run_after=None
[2026-09-06T17:29:48.523+0000] {processor.py:208} INFO - Processing /opt/airflow/dags/01_hello_dag.py took 0.346 seconds
[2026-09-06T17:30:18.751+0000] {processor.py:186} INFO - Started process (PID=1029) to work on /opt/airflow/dags/01_hello_dag.py
[2026-09-06T17:30:18.752+0000] {processor.py:914} INFO - Processing file /opt/airflow/dags/01_hello_dag.py for tasks to queue
[2026-09-06T17:30:18.754+0000] {logging_mixin.py:190} INFO - [2026-09-06T17:30:18.753+0000] {dagbag.py:588} INFO - Filling up the DagBag from /opt/airflow/dags/01_hello_dag.py
[2026-09-06T17:30:18.776+0000] {processor.py:925} INFO - DAG(s) 'hello_dag' retrieved from /opt/airflow/dags/01_hello_dag.py
[2026-09-06T17:30:18.812+0000] {logging_mixin.py:190} INFO - [2026-09-06T17:30:18.811+0000] {dag.py:3239} INFO - Sync 1 DAGs
[2026-09-06T17:30:18.829+0000] {logging_mixin.py:190} INFO - [2026-09-06T17:30:18.829+0000] {dag.py:4180} INFO - Setting next_dagrun for hello_dag to None, run_after=None
[2026-09-06T17:30:18.859+0000] {processor.py:208} INFO - Processing /opt/airflow/dags/01_hello_dag.py took 0.114 seconds
[2026-09-06T17:48:22.371+0000] {processor.py:186} INFO - Started process (PID=99) to work on /opt/airflow/dags/01_hello_dag.py
[2026-09-06T17:48:22.383+0000] {processor.py:914} INFO - Processing file /opt/airflow/dags/01_hello_dag.py for tasks to queue
[2026-09-06T17:48:22.387+0000] {logging_mixin.py:190} INFO - [2026-09-06T17:48:22.386+0000] {dagbag.py:588} INFO - Filling up the DagBag from /opt/airflow/dags/01_hello_dag.py
[2026-09-06T17:48:22.482+0000] {processor.py:925} INFO - DAG(s) 'hello_dag' retrieved from /opt/airflow/dags/01_hello_dag.py
[2026-09-06T17:48:22.909+0000] {logging_mixin.py:190} INFO - [2026-09-06T17:48:22.908+0000] {override.py:1911} INFO - Created Permission View: can delete on DAG:hello_dag
[2026-09-06T17:48:22.936+0000] {logging_mixin.py:190} INFO - [2026-09-06T17:48:22.936+0000] {override.py:1911} INFO - Created Permission View: can read on DAG:hello_dag
[2026-09-06T17:48:22.953+0000] {logging_mixin.py:190} INFO - [2026-09-06T17:48:22.952+0000] {override.py:1911} INFO - Created Permission View: can edit on DAG:hello_dag
[2026-09-06T17:48:22.982+0000] {logging_mixin.py:190} INFO - [2026-09-06T17:48:22.982+0000] {override.py:1911} INFO - Created Permission View: can create on DAG Run:hello_dag
[2026-09-06T17:48:22.999+0000] {logging_mixin.py:190} INFO - [2026-09-06T17:48:22.998+0000] {override.py:1911} INFO - Created Permission View: menu access on DAG Run:hello_dag
[2026-09-06T17:48:23.012+0000] {logging_mixin.py:190} INFO - [2026-09-06T17:48:23.011+0000] {override.py:1911} INFO - Created Permission View: can read on DAG Run:hello_dag
[2026-09-06T17:48:23.027+0000] {logging_mixin.py:190} INFO - [2026-09-06T17:48:23.026+0000] {override.py:1911} INFO - Created Permission View: can delete on DAG Run:hello_dag
[2026-09-06T17:48:23.041+0000] {logging_mixin.py:190} INFO - [2026-09-06T17:48:23.040+0000] {dag.py:3239} INFO - Sync 1 DAGs
[2026-09-06T17:48:23.085+0000] {logging_mixin.py:190} INFO - [2026-09-06T17:48:23.085+0000] {dag.py:3262} INFO - Creating ORM DAG for hello_dag
[2026-09-06T17:48:23.087+0000] {logging_mixin.py:190} INFO - [2026-09-06T17:48:23.087+0000] {dag.py:4180} INFO - Setting next_dagrun for hello_dag to None, run_after=None
[2026-09-06T17:48:23.136+0000] {processor.py:208} INFO - Processing /opt/airflow/dags/01_hello_dag.py took 0.779 seconds
[2026-09-06T17:48:53.787+0000] {processor.py:186} INFO - Started process (PID=112) to work on /opt/airflow/dags/01_hello_dag.py
[2026-09-06T17:48:53.790+0000] {processor.py:914} INFO - Processing file /opt/airflow/dags/01_hello_dag.py for tasks to queue
[2026-09-06T17:48:53.791+0000] {logging_mixin.py:190} INFO - [2026-09-06T17:48:53.791+0000] {dagbag.py:588} INFO - Filling up the DagBag from /opt/airflow/dags/01_hello_dag.py
[2026-09-06T17:48:53.810+0000] {processor.py:925} INFO - DAG(s) 'hello_dag' retrieved from /opt/airflow/dags/01_hello_dag.py
[2026-09-06T17:48:53.846+0000] {logging_mixin.py:190} INFO - [2026-09-06T17:48:53.846+0000] {dag.py:3239} INFO - Sync 1 DAGs
[2026-09-06T17:48:53.864+0000] {logging_mixin.py:190} INFO - [2026-09-06T17:48:53.863+0000] {dag.py:4180} INFO - Setting next_dagrun for hello_dag to None, run_after=None
[2026-09-06T17:48:53.888+0000] {processor.py:208} INFO - Processing /opt/airflow/dags/01_hello_dag.py took 0.108 seconds
[2026-09-06T17:49:24.500+0000] {processor.py:186} INFO - Started process (PID=126) to work on /opt/airflow/dags/01_hello_dag.py
[2026-09-06T17:49:24.501+0000] {processor.py:914} INFO - Processing file /opt/airflow/dags/01_hello_dag.py for tasks to queue
[2026-09-06T17:49:24.505+0000] {logging_mixin.py:190} INFO - [2026-09-06T17:49:24.505+0000] {dagbag.py:588} INFO - Filling up the DagBag from /opt/airflow/dags/01_hello_dag.py
[2026-09-06T17:49:24.528+0000] {processor.py:925} INFO - DAG(s) 'hello_dag' retrieved from /opt/airflow/dags/01_hello_dag.py
[2026-09-06T17:49:24.647+0000] {logging_mixin.py:190} INFO - [2026-09-06T17:49:24.647+0000] {dag.py:3239} INFO - Sync 1 DAGs
[2026-09-06T17:49:24.714+0000] {logging_mixin.py:190} INFO - [2026-09-06T17:49:24.714+0000] {dag.py:4180} INFO - Setting next_dagrun for hello_dag to None, run_after=None
[2026-09-06T17:49:24.747+0000] {processor.py:208} INFO - Processing /opt/airflow/dags/01_hello_dag.py took 0.261 seconds
[2026-09-06T17:49:55.603+0000] {processor.py:186} INFO - Started process (PID=140) to work on /opt/airflow/dags/01_hello_dag.py
[2026-09-06T17:49:55.603+0000] {processor.py:914} INFO - Processing file /opt/airflow/dags/01_hello_dag.py for tasks to queue
[2026-09-06T17:49:55.607+0000] {logging_mixin.py:190} INFO - [2026-09-06T17:49:55.606+0000] {dagbag.py:588} INFO - Filling up the DagBag from /opt/airflow/dags/01_hello_dag.py
[2026-09-06T17:49:55.639+0000] {processor.py:925} INFO - DAG(s) 'hello_dag' retrieved from /opt/airflow/dags/01_hello_dag.py
[2026-09-06T17:49:55.677+0000] {logging_mixin.py:190} INFO - [2026-09-06T17:49:55.677+0000] {dag.py:3239} INFO - Sync 1 DAGs
[2026-09-06T17:49:55.697+0000] {logging_mixin.py:190} INFO - [2026-09-06T17:49:55.697+0000] {dag.py:4180} INFO - Setting next_dagrun for hello_dag to None, run_after=None
[2026-09-06T17:49:55.726+0000] {processor.py:208} INFO - Processing /opt/airflow/dags/01_hello_dag.py took 0.135 seconds
[2026-09-06T17:50:25.967+0000] {processor.py:186} INFO - Started process (PID=154) to work on /opt/airflow/dags/01_hello_dag.py
[2026-09-06T17:50:25.968+0000] {processor.py:914} INFO - Processing file /opt/airflow/dags/01_hello_dag.py for tasks to queue
[2026-09-06T17:50:25.969+0000] {logging_mixin.py:190} INFO - [2026-09-06T17:50:25.969+0000] {dagbag.py:588} INFO - Filling up the DagBag from /opt/airflow/dags/01_hello_dag.py
[2026-09-06T17:50:25.984+0000] {processor.py:925} INFO - DAG(s) 'hello_dag' retrieved from /opt/airflow/dags/01_hello_dag.py
[2026-09-06T17:50:26.011+0000] {logging_mixin.py:190} INFO - [2026-09-06T17:50:26.011+0000] {dag.py:3239} INFO - Sync 1 DAGs
[2026-09-06T17:50:26.186+0000] {logging_mixin.py:190} INFO - [2026-09-06T17:50:26.185+0000] {dag.py:4180} INFO - Setting next_dagrun for hello_dag to None, run_after=None
[2026-09-06T17:50:26.211+0000] {processor.py:208} INFO - Processing /opt/airflow/dags/01_hello_dag.py took 0.251 seconds
[2026-09-06T17:50:56.601+0000] {processor.py:186} INFO - Started process (PID=174) to work on /opt/airflow/dags/01_hello_dag.py
[2026-09-06T17:50:56.602+0000] {processor.py:914} INFO - Processing file /opt/airflow/dags/01_hello_dag.py for tasks to queue
[2026-09-06T17:50:56.605+0000] {logging_mixin.py:190} INFO - [2026-09-06T17:50:56.604+0000] {dagbag.py:588} INFO - Filling up the DagBag from /opt/airflow/dags/01_hello_dag.py
[2026-09-06T17:50:56.620+0000] {processor.py:925} INFO - DAG(s) 'hello_dag' retrieved from /opt/airflow/dags/01_hello_dag.py
[2026-09-06T17:50:56.647+0000] {logging_mixin.py:190} INFO - [2026-09-06T17:50:56.646+0000] {dag.py:3239} INFO - Sync 1 DAGs
[2026-09-06T17:50:56.661+0000] {logging_mixin.py:190} INFO - [2026-09-06T17:50:56.661+0000] {dag.py:4180} INFO - Setting next_dagrun for hello_dag to None, run_after=None
[2026-09-06T17:50:56.680+0000] {processor.py:208} INFO - Processing /opt/airflow/dags/01_hello_dag.py took 0.085 seconds
[2026-09-06T17:51:27.538+0000] {processor.py:186} INFO - Started process (PID=188) to work on /opt/airflow/dags/01_hello_dag.py
[2026-09-06T17:51:27.553+0000] {processor.py:914} INFO - Processing file /opt/airflow/dags/01_hello_dag.py for tasks to queue
[2026-09-06T17:51:27.567+0000] {logging_mixin.py:190} INFO - [2026-09-06T17:51:27.566+0000] {dagbag.py:588} INFO - Filling up the DagBag from /opt/airflow/dags/01_hello_dag.py
[2026-09-06T17:51:28.341+0000] {processor.py:925} INFO - DAG(s) 'hello_dag' retrieved from /opt/airflow/dags/01_hello_dag.py
[2026-09-06T17:51:29.424+0000] {logging_mixin.py:190} INFO - [2026-09-06T17:51:29.424+0000] {dag.py:3239} INFO - Sync 1 DAGs
[2026-09-06T17:51:30.005+0000] {logging_mixin.py:190} INFO - [2026-09-06T17:51:30.004+0000] {dag.py:4180} INFO - Setting next_dagrun for hello_dag to None, run_after=None
[2026-09-06T17:51:30.912+0000] {processor.py:208} INFO - Processing /opt/airflow/dags/01_hello_dag.py took 3.538 seconds
[2026-09-06T17:52:01.863+0000] {processor.py:186} INFO - Started process (PID=203) to work on /opt/airflow/dags/01_hello_dag.py
[2026-09-06T17:52:01.864+0000] {processor.py:914} INFO - Processing file /opt/airflow/dags/01_hello_dag.py for tasks to queue
[2026-09-06T17:52:01.865+0000] {logging_mixin.py:190} INFO - [2026-09-06T17:52:01.865+0000] {dagbag.py:588} INFO - Filling up the DagBag from /opt/airflow/dags/01_hello_dag.py
[2026-09-06T17:52:01.885+0000] {processor.py:925} INFO - DAG(s) 'hello_dag' retrieved from /opt/airflow/dags/01_hello_dag.py
[2026-09-06T17:52:01.916+0000] {logging_mixin.py:190} INFO - [2026-09-06T17:52:01.915+0000] {dag.py:3239} INFO - Sync 1 DAGs
[2026-09-06T17:52:01.930+0000] {logging_mixin.py:190} INFO - [2026-09-06T17:52:01.930+0000] {dag.py:4180} INFO - Setting next_dagrun for hello_dag to None, run_after=None
[2026-09-06T17:52:01.949+0000] {processor.py:208} INFO - Processing /opt/airflow/dags/01_hello_dag.py took 0.091 seconds
[2026-09-06T17:52:32.715+0000] {processor.py:186} INFO - Started process (PID=217) to work on /opt/airflow/dags/01_hello_dag.py
[2026-09-06T17:52:32.716+0000] {processor.py:914} INFO - Processing file /opt/airflow/dags/01_hello_dag.py for tasks to queue
[2026-09-06T17:52:32.719+0000] {logging_mixin.py:190} INFO - [2026-09-06T17:52:32.718+0000] {dagbag.py:588} INFO - Filling up the DagBag from /opt/airflow/dags/01_hello_dag.py
[2026-09-06T17:52:32.740+0000] {processor.py:925} INFO - DAG(s) 'hello_dag' retrieved from /opt/airflow/dags/01_hello_dag.py
[2026-09-06T17:52:32.769+0000] {logging_mixin.py:190} INFO - [2026-09-06T17:52:32.769+0000] {dag.py:3239} INFO - Sync 1 DAGs
[2026-09-06T17:52:32.787+0000] {logging_mixin.py:190} INFO - [2026-09-06T17:52:32.786+0000] {dag.py:4180} INFO - Setting next_dagrun for hello_dag to None, run_after=None
[2026-09-06T17:52:32.815+0000] {processor.py:208} INFO - Processing /opt/airflow/dags/01_hello_dag.py took 0.108 seconds
[2026-09-06T17:53:03.348+0000] {processor.py:186} INFO - Started process (PID=231) to work on /opt/airflow/dags/01_hello_dag.py
[2026-09-06T17:53:03.349+0000] {processor.py:914} INFO - Processing file /opt/airflow/dags/01_hello_dag.py for tasks to queue
[2026-09-06T17:53:03.350+0000] {logging_mixin.py:190} INFO - [2026-09-06T17:53:03.350+0000] {dagbag.py:588} INFO - Filling up the DagBag from /opt/airflow/dags/01_hello_dag.py
[2026-09-06T17:53:03.367+0000] {processor.py:925} INFO - DAG(s) 'hello_dag' retrieved from /opt/airflow/dags/01_hello_dag.py
[2026-09-06T17:53:03.396+0000] {logging_mixin.py:190} INFO - [2026-09-06T17:53:03.396+0000] {dag.py:3239} INFO - Sync 1 DAGs
[2026-09-06T17:53:03.412+0000] {logging_mixin.py:190} INFO - [2026-09-06T17:53:03.411+0000] {dag.py:4180} INFO - Setting next_dagrun for hello_dag to None, run_after=None
[2026-09-06T17:53:03.437+0000] {processor.py:208} INFO - Processing /opt/airflow/dags/01_hello_dag.py took 0.093 seconds
[2026-09-06T17:53:34.111+0000] {processor.py:186} INFO - Started process (PID=245) to work on /opt/airflow/dags/01_hello_dag.py
[2026-09-06T17:53:34.112+0000] {processor.py:914} INFO - Processing file /opt/airflow/dags/01_hello_dag.py for tasks to queue
[2026-09-06T17:53:34.114+0000] {logging_mixin.py:190} INFO - [2026-09-06T17:53:34.113+0000] {dagbag.py:588} INFO - Filling up the DagBag from /opt/airflow/dags/01_hello_dag.py
[2026-09-06T17:53:34.128+0000] {processor.py:925} INFO - DAG(s) 'hello_dag' retrieved from /opt/airflow/dags/01_hello_dag.py
[2026-09-06T17:53:34.152+0000] {logging_mixin.py:190} INFO - [2026-09-06T17:53:34.151+0000] {dag.py:3239} INFO - Sync 1 DAGs
[2026-09-06T17:53:34.166+0000] {logging_mixin.py:190} INFO - [2026-09-06T17:53:34.165+0000] {dag.py:4180} INFO - Setting next_dagrun for hello_dag to None, run_after=None
[2026-09-06T17:53:34.187+0000] {processor.py:208} INFO - Processing /opt/airflow/dags/01_hello_dag.py took 0.081 seconds
[2026-09-06T17:54:04.758+0000] {processor.py:186} INFO - Started process (PID=259) to work on /opt/airflow/dags/01_hello_dag.py
[2026-09-06T17:54:04.758+0000] {processor.py:914} INFO - Processing file /opt/airflow/dags/01_hello_dag.py for tasks to queue
[2026-09-06T17:54:04.760+0000] {logging_mixin.py:190} INFO - [2026-09-06T17:54:04.759+0000] {dagbag.py:588} INFO - Filling up the DagBag from /opt/airflow/dags/01_hello_dag.py
[2026-09-06T17:54:04.777+0000] {processor.py:925} INFO - DAG(s) 'hello_dag' retrieved from /opt/airflow/dags/01_hello_dag.py
[2026-09-06T17:54:04.805+0000] {logging_mixin.py:190} INFO - [2026-09-06T17:54:04.805+0000] {dag.py:3239} INFO - Sync 1 DAGs
[2026-09-06T17:54:04.821+0000] {logging_mixin.py:190} INFO - [2026-09-06T17:54:04.821+0000] {dag.py:4180} INFO - Setting next_dagrun for hello_dag to None, run_after=None
[2026-09-06T17:54:04.844+0000] {processor.py:208} INFO - Processing /opt/airflow/dags/01_hello_dag.py took 0.091 seconds
[2026-09-06T17:54:35.432+0000] {processor.py:186} INFO - Started process (PID=273) to work on /opt/airflow/dags/01_hello_dag.py
[2026-09-06T17:54:35.432+0000] {processor.py:914} INFO - Processing file /opt/airflow/dags/01_hello_dag.py for tasks to queue
[2026-09-06T17:54:35.434+0000] {logging_mixin.py:190} INFO - [2026-09-06T17:54:35.433+0000] {dagbag.py:588} INFO - Filling up the DagBag from /opt/airflow/dags/01_hello_dag.py
[2026-09-06T17:54:35.446+0000] {processor.py:925} INFO - DAG(s) 'hello_dag' retrieved from /opt/airflow/dags/01_hello_dag.py
[2026-09-06T17:54:35.467+0000] {logging_mixin.py:190} INFO - [2026-09-06T17:54:35.467+0000] {dag.py:3239} INFO - Sync 1 DAGs
[2026-09-06T17:54:35.479+0000] {logging_mixin.py:190} INFO - [2026-09-06T17:54:35.478+0000] {dag.py:4180} INFO - Setting next_dagrun for hello_dag to None, run_after=None
[2026-09-06T17:54:35.501+0000] {processor.py:208} INFO - Processing /opt/airflow/dags/01_hello_dag.py took 0.074 seconds
[2026-09-06T17:55:06.019+0000] {processor.py:186} INFO - Started process (PID=287) to work on /opt/airflow/dags/01_hello_dag.py
[2026-09-06T17:55:06.020+0000] {processor.py:914} INFO - Processing file /opt/airflow/dags/01_hello_dag.py for tasks to queue
[2026-09-06T17:55:06.021+0000] {logging_mixin.py:190} INFO - [2026-09-06T17:55:06.020+0000] {dagbag.py:588} INFO - Filling up the DagBag from /opt/airflow/dags/01_hello_dag.py
[2026-09-06T17:55:06.034+0000] {processor.py:925} INFO - DAG(s) 'hello_dag' retrieved from /opt/airflow/dags/01_hello_dag.py
[2026-09-06T17:55:06.055+0000] {logging_mixin.py:190} INFO - [2026-09-06T17:55:06.055+0000] {dag.py:3239} INFO - Sync 1 DAGs
[2026-09-06T17:55:06.068+0000] {logging_mixin.py:190} INFO - [2026-09-06T17:55:06.068+0000] {dag.py:4180} INFO - Setting next_dagrun for hello_dag to None, run_after=None
[2026-09-06T17:55:06.089+0000] {processor.py:208} INFO - Processing /opt/airflow/dags/01_hello_dag.py took 0.075 seconds
[2026-09-06T17:55:36.622+0000] {processor.py:186} INFO - Started process (PID=301) to work on /opt/airflow/dags/01_hello_dag.py
[2026-09-06T17:55:36.623+0000] {processor.py:914} INFO - Processing file /opt/airflow/dags/01_hello_dag.py for tasks to queue
[2026-09-06T17:55:36.624+0000] {logging_mixin.py:190} INFO - [2026-09-06T17:55:36.624+0000] {dagbag.py:588} INFO - Filling up the DagBag from /opt/airflow/dags/01_hello_dag.py
[2026-09-06T17:55:36.638+0000] {processor.py:925} INFO - DAG(s) 'hello_dag' retrieved from /opt/airflow/dags/01_hello_dag.py
[2026-09-06T17:55:36.659+0000] {logging_mixin.py:190} INFO - [2026-09-06T17:55:36.659+0000] {dag.py:3239} INFO - Sync 1 DAGs
[2026-09-06T17:55:36.671+0000] {logging_mixin.py:190} INFO - [2026-09-06T17:55:36.671+0000] {dag.py:4180} INFO - Setting next_dagrun for hello_dag to None, run_after=None
[2026-09-06T17:55:36.688+0000] {processor.py:208} INFO - Processing /opt/airflow/dags/01_hello_dag.py took 0.071 seconds
[2026-09-06T17:56:07.173+0000] {processor.py:186} INFO - Started process (PID=315) to work on /opt/airflow/dags/01_hello_dag.py
[2026-09-06T17:56:07.174+0000] {processor.py:914} INFO - Processing file /opt/airflow/dags/01_hello_dag.py for tasks to queue
[2026-09-06T17:56:07.175+0000] {logging_mixin.py:190} INFO - [2026-09-06T17:56:07.175+0000] {dagbag.py:588} INFO - Filling up the DagBag from /opt/airflow/dags/01_hello_dag.py
[2026-09-06T17:56:07.189+0000] {processor.py:925} INFO - DAG(s) 'hello_dag' retrieved from /opt/airflow/dags/01_hello_dag.py
[2026-09-06T17:56:07.210+0000] {logging_mixin.py:190} INFO - [2026-09-06T17:56:07.209+0000] {dag.py:3239} INFO - Sync 1 DAGs
[2026-09-06T17:56:07.222+0000] {logging_mixin.py:190} INFO - [2026-09-06T17:56:07.222+0000] {dag.py:4180} INFO - Setting next_dagrun for hello_dag to None, run_after=None
[2026-09-06T17:56:07.251+0000] {processor.py:208} INFO - Processing /opt/airflow/dags/01_hello_dag.py took 0.083 seconds
[2026-09-06T17:56:37.801+0000] {processor.py:186} INFO - Started process (PID=329) to work on /opt/airflow/dags/01_hello_dag.py
[2026-09-06T17:56:37.802+0000] {processor.py:914} INFO - Processing file /opt/airflow/dags/01_hello_dag.py for tasks to queue
[2026-09-06T17:56:37.803+0000] {logging_mixin.py:190} INFO - [2026-09-06T17:56:37.803+0000] {dagbag.py:588} INFO - Filling up the DagBag from /opt/airflow/dags/01_hello_dag.py
[2026-09-06T17:56:37.816+0000] {processor.py:925} INFO - DAG(s) 'hello_dag' retrieved from /opt/airflow/dags/01_hello_dag.py
[2026-09-06T17:56:37.838+0000] {logging_mixin.py:190} INFO - [2026-09-06T17:56:37.838+0000] {dag.py:3239} INFO - Sync 1 DAGs
[2026-09-06T17:56:37.850+0000] {logging_mixin.py:190} INFO - [2026-09-06T17:56:37.850+0000] {dag.py:4180} INFO - Setting next_dagrun for hello_dag to None, run_after=None
[2026-09-06T17:56:37.870+0000] {processor.py:208} INFO - Processing /opt/airflow/dags/01_hello_dag.py took 0.075 seconds
[2026-09-06T17:57:08.412+0000] {processor.py:186} INFO - Started process (PID=343) to work on /opt/airflow/dags/01_hello_dag.py
[2026-09-06T17:57:08.412+0000] {processor.py:914} INFO - Processing file /opt/airflow/dags/01_hello_dag.py for tasks to queue
[2026-09-06T17:57:08.414+0000] {logging_mixin.py:190} INFO - [2026-09-06T17:57:08.414+0000] {dagbag.py:588} INFO - Filling up the DagBag from /opt/airflow/dags/01_hello_dag.py
[2026-09-06T17:57:08.427+0000] {processor.py:925} INFO - DAG(s) 'hello_dag' retrieved from /opt/airflow/dags/01_hello_dag.py
[2026-09-06T17:57:08.450+0000] {logging_mixin.py:190} INFO - [2026-09-06T17:57:08.449+0000] {dag.py:3239} INFO - Sync 1 DAGs
[2026-09-06T17:57:08.461+0000] {logging_mixin.py:190} INFO - [2026-09-06T17:57:08.461+0000] {dag.py:4180} INFO - Setting next_dagrun for hello_dag to None, run_after=None
[2026-09-06T17:57:08.482+0000] {processor.py:208} INFO - Processing /opt/airflow/dags/01_hello_dag.py took 0.075 seconds
[2026-09-06T17:57:39.011+0000] {processor.py:186} INFO - Started process (PID=357) to work on /opt/airflow/dags/01_hello_dag.py
[2026-09-06T17:57:39.012+0000] {processor.py:914} INFO - Processing file /opt/airflow/dags/01_hello_dag.py for tasks to queue
[2026-09-06T17:57:39.013+0000] {logging_mixin.py:190} INFO - [2026-09-06T17:57:39.013+0000] {dagbag.py:588} INFO - Filling up the DagBag from /opt/airflow/dags/01_hello_dag.py
[2026-09-06T17:57:39.029+0000] {processor.py:925} INFO - DAG(s) 'hello_dag' retrieved from /opt/airflow/dags/01_hello_dag.py
[2026-09-06T17:57:39.051+0000] {logging_mixin.py:190} INFO - [2026-09-06T17:57:39.050+0000] {dag.py:3239} INFO - Sync 1 DAGs
[2026-09-06T17:57:39.063+0000] {logging_mixin.py:190} INFO - [2026-09-06T17:57:39.062+0000] {dag.py:4180} INFO - Setting next_dagrun for hello_dag to None, run_after=None
[2026-09-06T17:57:39.081+0000] {processor.py:208} INFO - Processing /opt/airflow/dags/01_hello_dag.py took 0.075 seconds
[2026-09-06T17:58:09.583+0000] {processor.py:186} INFO - Started process (PID=371) to work on /opt/airflow/dags/01_hello_dag.py
[2026-09-06T17:58:09.584+0000] {processor.py:914} INFO - Processing file /opt/airflow/dags/01_hello_dag.py for tasks to queue
[2026-09-06T17:58:09.585+0000] {logging_mixin.py:190} INFO - [2026-09-06T17:58:09.585+0000] {dagbag.py:588} INFO - Filling up the DagBag from /opt/airflow/dags/01_hello_dag.py
[2026-09-06T17:58:09.599+0000] {processor.py:925} INFO - DAG(s) 'hello_dag' retrieved from /opt/airflow/dags/01_hello_dag.py
[2026-09-06T17:58:09.620+0000] {logging_mixin.py:190} INFO - [2026-09-06T17:58:09.619+0000] {dag.py:3239} INFO - Sync 1 DAGs
[2026-09-06T17:58:09.631+0000] {logging_mixin.py:190} INFO - [2026-09-06T17:58:09.631+0000] {dag.py:4180} INFO - Setting next_dagrun for hello_dag to None, run_after=None
[2026-09-06T17:58:09.650+0000] {processor.py:208} INFO - Processing /opt/airflow/dags/01_hello_dag.py took 0.071 seconds
[2026-09-06T17:58:40.209+0000] {processor.py:186} INFO - Started process (PID=385) to work on /opt/airflow/dags/01_hello_dag.py
[2026-09-06T17:58:40.209+0000] {processor.py:914} INFO - Processing file /opt/airflow/dags/01_hello_dag.py for tasks to queue
[2026-09-06T17:58:40.210+0000] {logging_mixin.py:190} INFO - [2026-09-06T17:58:40.210+0000] {dagbag.py:588} INFO - Filling up the DagBag from /opt/airflow/dags/01_hello_dag.py
[2026-09-06T17:58:40.225+0000] {processor.py:925} INFO - DAG(s) 'hello_dag' retrieved from /opt/airflow/dags/01_hello_dag.py
[2026-09-06T17:58:40.248+0000] {logging_mixin.py:190} INFO - [2026-09-06T17:58:40.247+0000] {dag.py:3239} INFO - Sync 1 DAGs
[2026-09-06T17:58:40.260+0000] {logging_mixin.py:190} INFO - [2026-09-06T17:58:40.260+0000] {dag.py:4180} INFO - Setting next_dagrun for hello_dag to None, run_after=None
[2026-09-06T17:58:40.280+0000] {processor.py:208} INFO - Processing /opt/airflow/dags/01_hello_dag.py took 0.076 seconds
