[2026-09-06T17:00:40.862+0000] {processor.py:186} INFO - Started process (PID=191) to work on /opt/airflow/dags/02_xcom_dag.py
[2026-09-06T17:00:40.862+0000] {processor.py:914} INFO - Processing file /opt/airflow/dags/02_xcom_dag.py for tasks to queue
[2026-09-06T17:00:40.863+0000] {logging_mixin.py:190} INFO - [2026-09-06T17:00:40.863+0000] {dagbag.py:588} INFO - Filling up the DagBag from /opt/airflow/dags/02_xcom_dag.py
[2026-09-06T17:00:40.886+0000] {processor.py:925} INFO - DAG(s) 'xcom_dag' retrieved from /opt/airflow/dags/02_xcom_dag.py
[2026-09-06T17:00:41.002+0000] {logging_mixin.py:190} INFO - [2026-09-06T17:00:40.999+0000] {override.py:1911} INFO - Created Permission View: can delete on DAG:xcom_dag
[2026-09-06T17:00:41.019+0000] {logging_mixin.py:190} INFO - [2026-09-06T17:00:41.018+0000] {override.py:1911} INFO - Created Permission View: can read on DAG:xcom_dag
[2026-09-06T17:00:41.028+0000] {logging_mixin.py:190} INFO - [2026-09-06T17:00:41.028+0000] {override.py:1911} INFO - Created Permission View: can edit on DAG:xcom_dag
[2026-09-06T17:00:41.040+0000] {logging_mixin.py:190} INFO - [2026-09-06T17:00:41.040+0000] {override.py:1911} INFO - Created Permission View: can create on DAG Run:xcom_dag
[2026-09-06T17:00:41.050+0000] {logging_mixin.py:190} INFO - [2026-09-06T17:00:41.050+0000] {override.py:1911} INFO - Created Permission View: can read on DAG Run:xcom_dag
[2026-09-06T17:00:41.059+0000] {logging_mixin.py:190} INFO - [2026-09-06T17:00:41.059+0000] {override.py:1911} INFO - Created Permission View: menu access on DAG Run:xcom_dag
[2026-09-06T17:00:41.073+0000] {logging_mixin.py:190} INFO - [2026-09-06T17:00:41.072+0000] {override.py:1911} INFO - Created Permission View: can delete on DAG Run:xcom_dag
[2026-09-06T17:00:41.073+0000] {logging_mixin.py:190} INFO - [2026-09-06T17:00:41.073+0000] {dag.py:3239} INFO - Sync 1 DAGs
[2026-09-06T17:00:41.089+0000] {logging_mixin.py:190} INFO - [2026-09-06T17:00:41.088+0000] {dag.py:3262} INFO - Creating ORM DAG for xcom_dag
[2026-09-06T17:00:41.090+0000] {logging_mixin.py:190} INFO - [2026-09-06T17:00:41.089+0000] {dag.py:4180} INFO - Setting next_dagrun for xcom_dag to None, run_after=None
[2026-09-06T17:00:41.117+0000] {processor.py:208} INFO - Processing /opt/airflow/dags/02_xcom_dag.py took 0.260 seconds
[2026-09-06T17:01:11.388+0000] {processor.py:186} INFO - Started process (PID=204) to work on /opt/airflow/dags/02_xcom_dag.py
[2026-09-06T17:01:11.389+0000] {processor.py:914} INFO - Processing file /opt/airflow/dags/02_xcom_dag.py for tasks to queue
[2026-09-06T17:01:11.390+0000] {logging_mixin.py:190} INFO - [2026-09-06T17:01:11.389+0000] {dagbag.py:588} INFO - Filling up the DagBag from /opt/airflow/dags/02_xcom_dag.py
[2026-09-06T17:01:11.404+0000] {processor.py:925} INFO - DAG(s) 'xcom_dag' retrieved from /opt/airflow/dags/02_xcom_dag.py
[2026-09-06T17:01:11.425+0000] {logging_mixin.py:190} INFO - [2026-09-06T17:01:11.425+0000] {dag.py:3239} INFO - Sync 1 DAGs
[2026-09-06T17:01:11.438+0000] {logging_mixin.py:190} INFO - [2026-09-06T17:01:11.437+0000] {dag.py:4180} INFO - Setting next_dagrun for xcom_dag to None, run_after=None
[2026-09-06T17:01:11.462+0000] {processor.py:208} INFO - Processing /opt/airflow/dags/02_xcom_dag.py took 0.079 seconds
[2026-09-06T17:01:41.622+0000] {processor.py:186} INFO - Started process (PID=220) to work on /opt/airflow/dags/02_xcom_dag.py
[2026-09-06T17:01:41.622+0000] {processor.py:914} INFO - Processing file /opt/airflow/dags/02_xcom_dag.py for tasks to queue
[2026-09-06T17:01:41.623+0000] {logging_mixin.py:190} INFO - [2026-09-06T17:01:41.623+0000] {dagbag.py:588} INFO - Filling up the DagBag from /opt/airflow/dags/02_xcom_dag.py
[2026-09-06T17:01:41.638+0000] {processor.py:925} INFO - DAG(s) 'xcom_dag' retrieved from /opt/airflow/dags/02_xcom_dag.py
[2026-09-06T17:01:41.657+0000] {logging_mixin.py:190} INFO - [2026-09-06T17:01:41.657+0000] {dag.py:3239} INFO - Sync 1 DAGs
[2026-09-06T17:01:41.670+0000] {logging_mixin.py:190} INFO - [2026-09-06T17:01:41.670+0000] {dag.py:4180} INFO - Setting next_dagrun for xcom_dag to None, run_after=None
[2026-09-06T17:01:41.687+0000] {processor.py:208} INFO - Processing /opt/airflow/dags/02_xcom_dag.py took 0.070 seconds
[2026-09-06T17:02:11.749+0000] {processor.py:186} INFO - Started process (PID=236) to work on /opt/airflow/dags/02_xcom_dag.py
[2026-09-06T17:02:11.750+0000] {processor.py:914} INFO - Processing file /opt/airflow/dags/02_xcom_dag.py for tasks to queue
[2026-09-06T17:02:11.751+0000] {logging_mixin.py:190} INFO - [2026-09-06T17:02:11.751+0000] {dagbag.py:588} INFO - Filling up the DagBag from /opt/airflow/dags/02_xcom_dag.py
[2026-09-06T17:02:11.769+0000] {processor.py:925} INFO - DAG(s) 'xcom_dag' retrieved from /opt/airflow/dags/02_xcom_dag.py
[2026-09-06T17:02:11.795+0000] {logging_mixin.py:190} INFO - [2026-09-06T17:02:11.795+0000] {dag.py:3239} INFO - Sync 1 DAGs
[2026-09-06T17:02:11.811+0000] {logging_mixin.py:190} INFO - [2026-09-06T17:02:11.811+0000] {dag.py:4180} INFO - Setting next_dagrun for xcom_dag to None, run_after=None
[2026-09-06T17:02:12.399+0000] {processor.py:208} INFO - Processing /opt/airflow/dags/02_xcom_dag.py took 0.657 seconds
[2026-09-06T17:02:42.567+0000] {processor.py:186} INFO - Started process (PID=252) to work on /opt/airflow/dags/02_xcom_dag.py
[2026-09-06T17:02:42.568+0000] {processor.py:914} INFO - Processing file /opt/airflow/dags/02_xcom_dag.py for tasks to queue
[2026-09-06T17:02:42.569+0000] {logging_mixin.py:190} INFO - [2026-09-06T17:02:42.569+0000] {dagbag.py:588} INFO - Filling up the DagBag from /opt/airflow/dags/02_xcom_dag.py
[2026-09-06T17:02:42.739+0000] {processor.py:925} INFO - DAG(s) 'xcom_dag' retrieved from /opt/airflow/dags/02_xcom_dag.py
[2026-09-06T17:02:42.762+0000] {logging_mixin.py:190} INFO - [2026-09-06T17:02:42.762+0000] {dag.py:3239} INFO - Sync 1 DAGs
[2026-09-06T17:02:42.776+0000] {logging_mixin.py:190} INFO - [2026-09-06T17:02:42.776+0000] {dag.py:4180} INFO - Setting next_dagrun for xcom_dag to None, run_after=None
[2026-09-06T17:02:42.796+0000] {processor.py:208} INFO - Processing /opt/airflow/dags/02_xcom_dag.py took 0.234 seconds
[2026-09-06T17:03:13.442+0000] {processor.py:186} INFO - Started process (PID=268) to work on /opt/airflow/dags/02_xcom_dag.py
[2026-09-06T17:03:13.442+0000] {processor.py:914} INFO - Processing file /opt/airflow/dags/02_xcom_dag.py for tasks to queue
[2026-09-06T17:03:13.444+0000] {logging_mixin.py:190} INFO - [2026-09-06T17:03:13.443+0000] {dagbag.py:588} INFO - Filling up the DagBag from /opt/airflow/dags/02_xcom_dag.py
[2026-09-06T17:03:13.456+0000] {processor.py:925} INFO - DAG(s) 'xcom_dag' retrieved from /opt/airflow/dags/02_xcom_dag.py
[2026-09-06T17:03:13.484+0000] {logging_mixin.py:190} INFO - [2026-09-06T17:03:13.483+0000] {dag.py:3239} INFO - Sync 1 DAGs
[2026-09-06T17:03:13.502+0000] {logging_mixin.py:190} INFO - [2026-09-06T17:03:13.502+0000] {dag.py:4180} INFO - Setting next_dagrun for xcom_dag to None, run_after=None
[2026-09-06T17:03:13.526+0000] {processor.py:208} INFO - Processing /opt/airflow/dags/02_xcom_dag.py took 0.090 seconds
[2026-09-06T17:03:44.333+0000] {processor.py:186} INFO - Started process (PID=284) to work on /opt/airflow/dags/02_xcom_dag.py
[2026-09-06T17:03:44.335+0000] {processor.py:914} INFO - Processing file /opt/airflow/dags/02_xcom_dag.py for tasks to queue
[2026-09-06T17:03:44.336+0000] {logging_mixin.py:190} INFO - [2026-09-06T17:03:44.336+0000] {dagbag.py:588} INFO - Filling up the DagBag from /opt/airflow/dags/02_xcom_dag.py
[2026-09-06T17:03:44.349+0000] {processor.py:925} INFO - DAG(s) 'xcom_dag' retrieved from /opt/airflow/dags/02_xcom_dag.py
[2026-09-06T17:03:44.370+0000] {logging_mixin.py:190} INFO - [2026-09-06T17:03:44.370+0000] {dag.py:3239} INFO - Sync 1 DAGs
[2026-09-06T17:03:44.385+0000] {logging_mixin.py:190} INFO - [2026-09-06T17:03:44.385+0000] {dag.py:4180} INFO - Setting next_dagrun for xcom_dag to None, run_after=None
[2026-09-06T17:03:44.411+0000] {processor.py:208} INFO - Processing /opt/airflow/dags/02_xcom_dag.py took 0.082 seconds
[2026-09-06T17:04:15.158+0000] {processor.py:186} INFO - Started process (PID=300) to work on /opt/airflow/dags/02_xcom_dag.py
[2026-09-06T17:04:15.159+0000] {processor.py:914} INFO - Processing file /opt/airflow/dags/02_xcom_dag.py for tasks to queue
[2026-09-06T17:04:15.160+0000] {logging_mixin.py:190} INFO - [2026-09-06T17:04:15.160+0000] {dagbag.py:588} INFO - Filling up the DagBag from /opt/airflow/dags/02_xcom_dag.py
[2026-09-06T17:04:15.178+0000] {processor.py:925} INFO - DAG(s) 'xcom_dag' retrieved from /opt/airflow/dags/02_xcom_dag.py
[2026-09-06T17:04:15.203+0000] {logging_mixin.py:190} INFO - [2026-09-06T17:04:15.203+0000] {dag.py:3239} INFO - Sync 1 DAGs
[2026-09-06T17:04:15.217+0000] {logging_mixin.py:190} INFO - [2026-09-06T17:04:15.217+0000] {dag.py:4180} INFO - Setting next_dagrun for xcom_dag to None, run_after=None
[2026-09-06T17:04:15.235+0000] {processor.py:208} INFO - Processing /opt/airflow/dags/02_xcom_dag.py took 0.082 seconds
[2026-09-06T17:04:45.750+0000] {processor.py:186} INFO - Started process (PID=316) to work on /opt/airflow/dags/02_xcom_dag.py
[2026-09-06T17:04:45.751+0000] {processor.py:914} INFO - Processing file /opt/airflow/dags/02_xcom_dag.py for tasks to queue
[2026-09-06T17:04:45.752+0000] {logging_mixin.py:190} INFO - [2026-09-06T17:04:45.752+0000] {dagbag.py:588} INFO - Filling up the DagBag from /opt/airflow/dags/02_xcom_dag.py
[2026-09-06T17:04:45.767+0000] {processor.py:925} INFO - DAG(s) 'xcom_dag' retrieved from /opt/airflow/dags/02_xcom_dag.py
[2026-09-06T17:04:45.790+0000] {logging_mixin.py:190} INFO - [2026-09-06T17:04:45.790+0000] {dag.py:3239} INFO - Sync 1 DAGs
[2026-09-06T17:04:45.803+0000] {logging_mixin.py:190} INFO - [2026-09-06T17:04:45.803+0000] {dag.py:4180} INFO - Setting next_dagrun for xcom_dag to None, run_after=None
[2026-09-06T17:04:45.820+0000] {processor.py:208} INFO - Processing /opt/airflow/dags/02_xcom_dag.py took 0.075 seconds
[2026-09-06T17:05:16.334+0000] {processor.py:186} INFO - Started process (PID=332) to work on /opt/airflow/dags/02_xcom_dag.py
[2026-09-06T17:05:16.335+0000] {processor.py:914} INFO - Processing file /opt/airflow/dags/02_xcom_dag.py for tasks to queue
[2026-09-06T17:05:16.336+0000] {logging_mixin.py:190} INFO - [2026-09-06T17:05:16.335+0000] {dagbag.py:588} INFO - Filling up the DagBag from /opt/airflow/dags/02_xcom_dag.py
[2026-09-06T17:05:16.350+0000] {processor.py:925} INFO - DAG(s) 'xcom_dag' retrieved from /opt/airflow/dags/02_xcom_dag.py
[2026-09-06T17:05:16.377+0000] {logging_mixin.py:190} INFO - [2026-09-06T17:05:16.376+0000] {dag.py:3239} INFO - Sync 1 DAGs
[2026-09-06T17:05:16.397+0000] {logging_mixin.py:190} INFO - [2026-09-06T17:05:16.397+0000] {dag.py:4180} INFO - Setting next_dagrun for xcom_dag to None, run_after=None
[2026-09-06T17:05:16.420+0000] {processor.py:208} INFO - Processing /opt/airflow/dags/02_xcom_dag.py took 0.092 seconds
[2026-09-06T17:05:47.253+0000] {processor.py:186} INFO - Started process (PID=348) to work on /opt/airflow/dags/02_xcom_dag.py
[2026-09-06T17:05:47.254+0000] {processor.py:914} INFO - Processing file /opt/airflow/dags/02_xcom_dag.py for tasks to queue
[2026-09-06T17:05:47.256+0000] {logging_mixin.py:190} INFO - [2026-09-06T17:05:47.255+0000] {dagbag.py:588} INFO - Filling up the DagBag from /opt/airflow/dags/02_xcom_dag.py
[2026-09-06T17:05:47.278+0000] {processor.py:925} INFO - DAG(s) 'xcom_dag' retrieved from /opt/airflow/dags/02_xcom_dag.py
[2026-09-06T17:05:47.316+0000] {logging_mixin.py:190} INFO - [2026-09-06T17:05:47.315+0000] {dag.py:3239} INFO - Sync 1 DAGs
[2026-09-06T17:05:47.336+0000] {logging_mixin.py:190} INFO - [2026-09-06T17:05:47.336+0000] {dag.py:4180} INFO - Setting next_dagrun for xcom_dag to None, run_after=None
[2026-09-06T17:05:47.359+0000] {processor.py:208} INFO - Processing /opt/airflow/dags/02_xcom_dag.py took 0.119 seconds
[2026-09-06T17:06:17.826+0000] {processor.py:186} INFO - Started process (PID=362) to work on /opt/airflow/dags/02_xcom_dag.py
[2026-09-06T17:06:17.826+0000] {processor.py:914} INFO - Processing file /opt/airflow/dags/02_xcom_dag.py for tasks to queue
[2026-09-06T17:06:17.827+0000] {logging_mixin.py:190} INFO - [2026-09-06T17:06:17.827+0000] {dagbag.py:588} INFO - Filling up the DagBag from /opt/airflow/dags/02_xcom_dag.py
[2026-09-06T17:06:17.841+0000] {processor.py:925} INFO - DAG(s) 'xcom_dag' retrieved from /opt/airflow/dags/02_xcom_dag.py
[2026-09-06T17:06:17.863+0000] {logging_mixin.py:190} INFO - [2026-09-06T17:06:17.863+0000] {dag.py:3239} INFO - Sync 1 DAGs
[2026-09-06T17:06:17.875+0000] {logging_mixin.py:190} INFO - [2026-09-06T17:06:17.875+0000] {dag.py:4180} INFO - Setting next_dagrun for xcom_dag to None, run_after=None
[2026-09-06T17:06:17.891+0000] {processor.py:208} INFO - Processing /opt/airflow/dags/02_xcom_dag.py took 0.070 seconds
[2026-09-06T17:06:48.401+0000] {processor.py:186} INFO - Started process (PID=377) to work on /opt/airflow/dags/02_xcom_dag.py
[2026-09-06T17:06:48.402+0000] {processor.py:914} INFO - Processing file /opt/airflow/dags/02_xcom_dag.py for tasks to queue
[2026-09-06T17:06:48.403+0000] {logging_mixin.py:190} INFO - [2026-09-06T17:06:48.403+0000] {dagbag.py:588} INFO - Filling up the DagBag from /opt/airflow/dags/02_xcom_dag.py
[2026-09-06T17:06:48.416+0000] {processor.py:925} INFO - DAG(s) 'xcom_dag' retrieved from /opt/airflow/dags/02_xcom_dag.py
[2026-09-06T17:06:48.437+0000] {logging_mixin.py:190} INFO - [2026-09-06T17:06:48.437+0000] {dag.py:3239} INFO - Sync 1 DAGs
[2026-09-06T17:06:48.448+0000] {logging_mixin.py:190} INFO - [2026-09-06T17:06:48.448+0000] {dag.py:4180} INFO - Setting next_dagrun for xcom_dag to None, run_after=None
[2026-09-06T17:06:48.467+0000] {processor.py:208} INFO - Processing /opt/airflow/dags/02_xcom_dag.py took 0.071 seconds
[2026-09-06T17:07:18.949+0000] {processor.py:186} INFO - Started process (PID=391) to work on /opt/airflow/dags/02_xcom_dag.py
[2026-09-06T17:07:18.949+0000] {processor.py:914} INFO - Processing file /opt/airflow/dags/02_xcom_dag.py for tasks to queue
[2026-09-06T17:07:18.950+0000] {logging_mixin.py:190} INFO - [2026-09-06T17:07:18.950+0000] {dagbag.py:588} INFO - Filling up the DagBag from /opt/airflow/dags/02_xcom_dag.py
[2026-09-06T17:07:18.964+0000] {processor.py:925} INFO - DAG(s) 'xcom_dag' retrieved from /opt/airflow/dags/02_xcom_dag.py
[2026-09-06T17:07:18.986+0000] {logging_mixin.py:190} INFO - [2026-09-06T17:07:18.986+0000] {dag.py:3239} INFO - Sync 1 DAGs
[2026-09-06T17:07:18.998+0000] {logging_mixin.py:190} INFO - [2026-09-06T17:07:18.998+0000] {dag.py:4180} INFO - Setting next_dagrun for xcom_dag to None, run_after=None
[2026-09-06T17:07:19.015+0000] {processor.py:208} INFO - Processing /opt/airflow/dags/02_xcom_dag.py took 0.072 seconds
[2026-09-06T17:07:49.517+0000] {processor.py:186} INFO - Started process (PID=405) to work on /opt/airflow/dags/02_xcom_dag.py
[2026-09-06T17:07:49.517+0000] {processor.py:914} INFO - Processing file /opt/airflow/dags/02_xcom_dag.py for tasks to queue
[2026-09-06T17:07:49.519+0000] {logging_mixin.py:190} INFO - [2026-09-06T17:07:49.518+0000] {dagbag.py:588} INFO - Filling up the DagBag from /opt/airflow/dags/02_xcom_dag.py
[2026-09-06T17:07:49.539+0000] {processor.py:925} INFO - DAG(s) 'xcom_dag' retrieved from /opt/airflow/dags/02_xcom_dag.py
[2026-09-06T17:07:49.560+0000] {logging_mixin.py:190} INFO - [2026-09-06T17:07:49.559+0000] {dag.py:3239} INFO - Sync 1 DAGs
[2026-09-06T17:07:49.575+0000] {logging_mixin.py:190} INFO - [2026-09-06T17:07:49.575+0000] {dag.py:4180} INFO - Setting next_dagrun for xcom_dag to None, run_after=None
[2026-09-06T17:07:49.591+0000] {processor.py:208} INFO - Processing /opt/airflow/dags/02_xcom_dag.py took 0.079 seconds
[2026-09-06T17:08:20.079+0000] {processor.py:186} INFO - Started process (PID=419) to work on /opt/airflow/dags/02_xcom_dag.py
[2026-09-06T17:08:20.079+0000] {processor.py:914} INFO - Processing file /opt/airflow/dags/02_xcom_dag.py for tasks to queue
[2026-09-06T17:08:20.081+0000] {logging_mixin.py:190} INFO - [2026-09-06T17:08:20.080+0000] {dagbag.py:588} INFO - Filling up the DagBag from /opt/airflow/dags/02_xcom_dag.py
[2026-09-06T17:08:20.096+0000] {processor.py:925} INFO - DAG(s) 'xcom_dag' retrieved from /opt/airflow/dags/02_xcom_dag.py
[2026-09-06T17:08:20.127+0000] {logging_mixin.py:190} INFO - [2026-09-06T17:08:20.127+0000] {dag.py:3239} INFO - Sync 1 DAGs
[2026-09-06T17:08:20.146+0000] {logging_mixin.py:190} INFO - [2026-09-06T17:08:20.146+0000] {dag.py:4180} INFO - Setting next_dagrun for xcom_dag to None, run_after=None
[2026-09-06T17:08:20.166+0000] {processor.py:208} INFO - Processing /opt/airflow/dags/02_xcom_dag.py took 0.095 seconds
[2026-09-06T17:08:50.723+0000] {processor.py:186} INFO - Started process (PID=433) to work on /opt/airflow/dags/02_xcom_dag.py
[2026-09-06T17:08:50.724+0000] {processor.py:914} INFO - Processing file /opt/airflow/dags/02_xcom_dag.py for tasks to queue
[2026-09-06T17:08:50.725+0000] {logging_mixin.py:190} INFO - [2026-09-06T17:08:50.725+0000] {dagbag.py:588} INFO - Filling up the DagBag from /opt/airflow/dags/02_xcom_dag.py
[2026-09-06T17:08:50.741+0000] {processor.py:925} INFO - DAG(s) 'xcom_dag' retrieved from /opt/airflow/dags/02_xcom_dag.py
[2026-09-06T17:08:50.762+0000] {logging_mixin.py:190} INFO - [2026-09-06T17:08:50.761+0000] {dag.py:3239} INFO - Sync 1 DAGs
[2026-09-06T17:08:50.776+0000] {logging_mixin.py:190} INFO - [2026-09-06T17:08:50.776+0000] {dag.py:4180} INFO - Setting next_dagrun for xcom_dag to None, run_after=None
[2026-09-06T17:08:50.794+0000] {processor.py:208} INFO - Processing /opt/airflow/dags/02_xcom_dag.py took 0.076 seconds
[2026-09-06T17:09:21.383+0000] {processor.py:186} INFO - Started process (PID=447) to work on /opt/airflow/dags/02_xcom_dag.py
[2026-09-06T17:09:21.384+0000] {processor.py:914} INFO - Processing file /opt/airflow/dags/02_xcom_dag.py for tasks to queue
[2026-09-06T17:09:21.386+0000] {logging_mixin.py:190} INFO - [2026-09-06T17:09:21.385+0000] {dagbag.py:588} INFO - Filling up the DagBag from /opt/airflow/dags/02_xcom_dag.py
[2026-09-06T17:09:21.419+0000] {processor.py:925} INFO - DAG(s) 'xcom_dag' retrieved from /opt/airflow/dags/02_xcom_dag.py
[2026-09-06T17:09:21.514+0000] {logging_mixin.py:190} INFO - [2026-09-06T17:09:21.514+0000] {dag.py:3239} INFO - Sync 1 DAGs
[2026-09-06T17:09:21.530+0000] {logging_mixin.py:190} INFO - [2026-09-06T17:09:21.529+0000] {dag.py:4180} INFO - Setting next_dagrun for xcom_dag to None, run_after=None
[2026-09-06T17:09:21.573+0000] {processor.py:208} INFO - Processing /opt/airflow/dags/02_xcom_dag.py took 0.199 seconds
[2026-09-06T17:09:52.213+0000] {processor.py:186} INFO - Started process (PID=461) to work on /opt/airflow/dags/02_xcom_dag.py
[2026-09-06T17:09:52.214+0000] {processor.py:914} INFO - Processing file /opt/airflow/dags/02_xcom_dag.py for tasks to queue
[2026-09-06T17:09:52.215+0000] {logging_mixin.py:190} INFO - [2026-09-06T17:09:52.215+0000] {dagbag.py:588} INFO - Filling up the DagBag from /opt/airflow/dags/02_xcom_dag.py
[2026-09-06T17:09:52.232+0000] {processor.py:925} INFO - DAG(s) 'xcom_dag' retrieved from /opt/airflow/dags/02_xcom_dag.py
[2026-09-06T17:09:52.260+0000] {logging_mixin.py:190} INFO - [2026-09-06T17:09:52.260+0000] {dag.py:3239} INFO - Sync 1 DAGs
[2026-09-06T17:09:52.278+0000] {logging_mixin.py:190} INFO - [2026-09-06T17:09:52.278+0000] {dag.py:4180} INFO - Setting next_dagrun for xcom_dag to None, run_after=None
[2026-09-06T17:09:52.297+0000] {processor.py:208} INFO - Processing /opt/airflow/dags/02_xcom_dag.py took 0.090 seconds
[2026-09-06T17:10:22.359+0000] {processor.py:186} INFO - Started process (PID=475) to work on /opt/airflow/dags/02_xcom_dag.py
[2026-09-06T17:10:22.360+0000] {processor.py:914} INFO - Processing file /opt/airflow/dags/02_xcom_dag.py for tasks to queue
[2026-09-06T17:10:22.361+0000] {logging_mixin.py:190} INFO - [2026-09-06T17:10:22.361+0000] {dagbag.py:588} INFO - Filling up the DagBag from /opt/airflow/dags/02_xcom_dag.py
[2026-09-06T17:10:22.379+0000] {processor.py:925} INFO - DAG(s) 'xcom_dag' retrieved from /opt/airflow/dags/02_xcom_dag.py
[2026-09-06T17:10:22.406+0000] {logging_mixin.py:190} INFO - [2026-09-06T17:10:22.405+0000] {dag.py:3239} INFO - Sync 1 DAGs
[2026-09-06T17:10:22.420+0000] {logging_mixin.py:190} INFO - [2026-09-06T17:10:22.419+0000] {dag.py:4180} INFO - Setting next_dagrun for xcom_dag to None, run_after=None
[2026-09-06T17:10:22.446+0000] {processor.py:208} INFO - Processing /opt/airflow/dags/02_xcom_dag.py took 0.092 seconds
[2026-09-06T17:10:53.047+0000] {processor.py:186} INFO - Started process (PID=489) to work on /opt/airflow/dags/02_xcom_dag.py
[2026-09-06T17:10:53.047+0000] {processor.py:914} INFO - Processing file /opt/airflow/dags/02_xcom_dag.py for tasks to queue
[2026-09-06T17:10:53.049+0000] {logging_mixin.py:190} INFO - [2026-09-06T17:10:53.048+0000] {dagbag.py:588} INFO - Filling up the DagBag from /opt/airflow/dags/02_xcom_dag.py
[2026-09-06T17:10:53.066+0000] {processor.py:925} INFO - DAG(s) 'xcom_dag' retrieved from /opt/airflow/dags/02_xcom_dag.py
[2026-09-06T17:10:53.099+0000] {logging_mixin.py:190} INFO - [2026-09-06T17:10:53.097+0000] {dag.py:3239} INFO - Sync 1 DAGs
[2026-09-06T17:10:53.121+0000] {logging_mixin.py:190} INFO - [2026-09-06T17:10:53.121+0000] {dag.py:4180} INFO - Setting next_dagrun for xcom_dag to None, run_after=None
[2026-09-06T17:10:53.145+0000] {processor.py:208} INFO - Processing /opt/airflow/dags/02_xcom_dag.py took 0.103 seconds
[2026-09-06T17:11:23.720+0000] {processor.py:186} INFO - Started process (PID=503) to work on /opt/airflow/dags/02_xcom_dag.py
[2026-09-06T17:11:23.720+0000] {processor.py:914} INFO - Processing file /opt/airflow/dags/02_xcom_dag.py for tasks to queue
[2026-09-06T17:11:23.722+0000] {logging_mixin.py:190} INFO - [2026-09-06T17:11:23.721+0000] {dagbag.py:588} INFO - Filling up the DagBag from /opt/airflow/dags/02_xcom_dag.py
[2026-09-06T17:11:23.742+0000] {processor.py:925} INFO - DAG(s) 'xcom_dag' retrieved from /opt/airflow/dags/02_xcom_dag.py
[2026-09-06T17:11:23.768+0000] {logging_mixin.py:190} INFO - [2026-09-06T17:11:23.768+0000] {dag.py:3239} INFO - Sync 1 DAGs
[2026-09-06T17:11:23.786+0000] {logging_mixin.py:190} INFO - [2026-09-06T17:11:23.786+0000] {dag.py:4180} INFO - Setting next_dagrun for xcom_dag to None, run_after=None
[2026-09-06T17:11:23.808+0000] {processor.py:208} INFO - Processing /opt/airflow/dags/02_xcom_dag.py took 0.094 seconds
[2026-09-06T17:11:54.591+0000] {processor.py:186} INFO - Started process (PID=517) to work on /opt/airflow/dags/02_xcom_dag.py
[2026-09-06T17:11:54.592+0000] {processor.py:914} INFO - Processing file /opt/airflow/dags/02_xcom_dag.py for tasks to queue
[2026-09-06T17:11:54.593+0000] {logging_mixin.py:190} INFO - [2026-09-06T17:11:54.593+0000] {dagbag.py:588} INFO - Filling up the DagBag from /opt/airflow/dags/02_xcom_dag.py
[2026-09-06T17:11:54.612+0000] {processor.py:925} INFO - DAG(s) 'xcom_dag' retrieved from /opt/airflow/dags/02_xcom_dag.py
[2026-09-06T17:11:54.641+0000] {logging_mixin.py:190} INFO - [2026-09-06T17:11:54.641+0000] {dag.py:3239} INFO - Sync 1 DAGs
[2026-09-06T17:11:54.657+0000] {logging_mixin.py:190} INFO - [2026-09-06T17:11:54.657+0000] {dag.py:4180} INFO - Setting next_dagrun for xcom_dag to None, run_after=None
[2026-09-06T17:11:54.682+0000] {processor.py:208} INFO - Processing /opt/airflow/dags/02_xcom_dag.py took 0.096 seconds
[2026-09-06T17:12:25.308+0000] {processor.py:186} INFO - Started process (PID=531) to work on /opt/airflow/dags/02_xcom_dag.py
[2026-09-06T17:12:25.309+0000] {processor.py:914} INFO - Processing file /opt/airflow/dags/02_xcom_dag.py for tasks to queue
[2026-09-06T17:12:25.310+0000] {logging_mixin.py:190} INFO - [2026-09-06T17:12:25.310+0000] {dagbag.py:588} INFO - Filling up the DagBag from /opt/airflow/dags/02_xcom_dag.py
[2026-09-06T17:12:25.326+0000] {processor.py:925} INFO - DAG(s) 'xcom_dag' retrieved from /opt/airflow/dags/02_xcom_dag.py
[2026-09-06T17:12:25.357+0000] {logging_mixin.py:190} INFO - [2026-09-06T17:12:25.356+0000] {dag.py:3239} INFO - Sync 1 DAGs
[2026-09-06T17:12:25.376+0000] {logging_mixin.py:190} INFO - [2026-09-06T17:12:25.376+0000] {dag.py:4180} INFO - Setting next_dagrun for xcom_dag to None, run_after=None
[2026-09-06T17:12:25.397+0000] {processor.py:208} INFO - Processing /opt/airflow/dags/02_xcom_dag.py took 0.098 seconds
[2026-09-06T17:12:56.014+0000] {processor.py:186} INFO - Started process (PID=551) to work on /opt/airflow/dags/02_xcom_dag.py
[2026-09-06T17:12:56.014+0000] {processor.py:914} INFO - Processing file /opt/airflow/dags/02_xcom_dag.py for tasks to queue
[2026-09-06T17:12:56.016+0000] {logging_mixin.py:190} INFO - [2026-09-06T17:12:56.016+0000] {dagbag.py:588} INFO - Filling up the DagBag from /opt/airflow/dags/02_xcom_dag.py
[2026-09-06T17:12:56.039+0000] {processor.py:925} INFO - DAG(s) 'xcom_dag' retrieved from /opt/airflow/dags/02_xcom_dag.py
[2026-09-06T17:12:56.071+0000] {logging_mixin.py:190} INFO - [2026-09-06T17:12:56.070+0000] {dag.py:3239} INFO - Sync 1 DAGs
[2026-09-06T17:12:56.087+0000] {logging_mixin.py:190} INFO - [2026-09-06T17:12:56.087+0000] {dag.py:4180} INFO - Setting next_dagrun for xcom_dag to None, run_after=None
[2026-09-06T17:12:56.110+0000] {processor.py:208} INFO - Processing /opt/airflow/dags/02_xcom_dag.py took 0.103 seconds
[2026-09-06T17:13:26.749+0000] {processor.py:186} INFO - Started process (PID=565) to work on /opt/airflow/dags/02_xcom_dag.py
[2026-09-06T17:13:26.751+0000] {processor.py:914} INFO - Processing file /opt/airflow/dags/02_xcom_dag.py for tasks to queue
[2026-09-06T17:13:26.752+0000] {logging_mixin.py:190} INFO - [2026-09-06T17:13:26.752+0000] {dagbag.py:588} INFO - Filling up the DagBag from /opt/airflow/dags/02_xcom_dag.py
[2026-09-06T17:13:26.778+0000] {processor.py:925} INFO - DAG(s) 'xcom_dag' retrieved from /opt/airflow/dags/02_xcom_dag.py
[2026-09-06T17:13:26.813+0000] {logging_mixin.py:190} INFO - [2026-09-06T17:13:26.813+0000] {dag.py:3239} INFO - Sync 1 DAGs
[2026-09-06T17:13:26.829+0000] {logging_mixin.py:190} INFO - [2026-09-06T17:13:26.829+0000] {dag.py:4180} INFO - Setting next_dagrun for xcom_dag to None, run_after=None
[2026-09-06T17:13:26.850+0000] {processor.py:208} INFO - Processing /opt/airflow/dags/02_xcom_dag.py took 0.110 seconds
[2026-09-06T17:13:57.427+0000] {processor.py:186} INFO - Started process (PID=579) to work on /opt/airflow/dags/02_xcom_dag.py
[2026-09-06T17:13:57.429+0000] {processor.py:914} INFO - Processing file /opt/airflow/dags/02_xcom_dag.py for tasks to queue
[2026-09-06T17:13:57.430+0000] {logging_mixin.py:190} INFO - [2026-09-06T17:13:57.430+0000] {dagbag.py:588} INFO - Filling up the DagBag from /opt/airflow/dags/02_xcom_dag.py
[2026-09-06T17:13:57.448+0000] {processor.py:925} INFO - DAG(s) 'xcom_dag' retrieved from /opt/airflow/dags/02_xcom_dag.py
[2026-09-06T17:13:57.473+0000] {logging_mixin.py:190} INFO - [2026-09-06T17:13:57.473+0000] {dag.py:3239} INFO - Sync 1 DAGs
[2026-09-06T17:13:57.488+0000] {logging_mixin.py:190} INFO - [2026-09-06T17:13:57.488+0000] {dag.py:4180} INFO - Setting next_dagrun for xcom_dag to None, run_after=None
[2026-09-06T17:13:57.512+0000] {processor.py:208} INFO - Processing /opt/airflow/dags/02_xcom_dag.py took 0.091 seconds
[2026-09-06T17:14:28.191+0000] {processor.py:186} INFO - Started process (PID=593) to work on /opt/airflow/dags/02_xcom_dag.py
[2026-09-06T17:14:28.192+0000] {processor.py:914} INFO - Processing file /opt/airflow/dags/02_xcom_dag.py for tasks to queue
[2026-09-06T17:14:28.194+0000] {logging_mixin.py:190} INFO - [2026-09-06T17:14:28.193+0000] {dagbag.py:588} INFO - Filling up the DagBag from /opt/airflow/dags/02_xcom_dag.py
[2026-09-06T17:14:28.217+0000] {processor.py:925} INFO - DAG(s) 'xcom_dag' retrieved from /opt/airflow/dags/02_xcom_dag.py
[2026-09-06T17:14:28.248+0000] {logging_mixin.py:190} INFO - [2026-09-06T17:14:28.247+0000] {dag.py:3239} INFO - Sync 1 DAGs
[2026-09-06T17:14:28.262+0000] {logging_mixin.py:190} INFO - [2026-09-06T17:14:28.262+0000] {dag.py:4180} INFO - Setting next_dagrun for xcom_dag to None, run_after=None
[2026-09-06T17:14:28.286+0000] {processor.py:208} INFO - Processing /opt/airflow/dags/02_xcom_dag.py took 0.100 seconds
[2026-09-06T17:14:58.871+0000] {processor.py:186} INFO - Started process (PID=607) to work on /opt/airflow/dags/02_xcom_dag.py
[2026-09-06T17:14:58.872+0000] {processor.py:914} INFO - Processing file /opt/airflow/dags/02_xcom_dag.py for tasks to queue
[2026-09-06T17:14:58.873+0000] {logging_mixin.py:190} INFO - [2026-09-06T17:14:58.873+0000] {dagbag.py:588} INFO - Filling up the DagBag from /opt/airflow/dags/02_xcom_dag.py
[2026-09-06T17:14:58.890+0000] {processor.py:925} INFO - DAG(s) 'xcom_dag' retrieved from /opt/airflow/dags/02_xcom_dag.py
[2026-09-06T17:14:58.921+0000] {logging_mixin.py:190} INFO - [2026-09-06T17:14:58.921+0000] {dag.py:3239} INFO - Sync 1 DAGs
[2026-09-06T17:14:58.935+0000] {logging_mixin.py:190} INFO - [2026-09-06T17:14:58.935+0000] {dag.py:4180} INFO - Setting next_dagrun for xcom_dag to None, run_after=None
[2026-09-06T17:14:58.959+0000] {processor.py:208} INFO - Processing /opt/airflow/dags/02_xcom_dag.py took 0.094 seconds
[2026-09-06T17:15:29.551+0000] {processor.py:186} INFO - Started process (PID=621) to work on /opt/airflow/dags/02_xcom_dag.py
[2026-09-06T17:15:29.552+0000] {processor.py:914} INFO - Processing file /opt/airflow/dags/02_xcom_dag.py for tasks to queue
[2026-09-06T17:15:29.553+0000] {logging_mixin.py:190} INFO - [2026-09-06T17:15:29.553+0000] {dagbag.py:588} INFO - Filling up the DagBag from /opt/airflow/dags/02_xcom_dag.py
[2026-09-06T17:15:29.570+0000] {processor.py:925} INFO - DAG(s) 'xcom_dag' retrieved from /opt/airflow/dags/02_xcom_dag.py
[2026-09-06T17:15:29.594+0000] {logging_mixin.py:190} INFO - [2026-09-06T17:15:29.594+0000] {dag.py:3239} INFO - Sync 1 DAGs
[2026-09-06T17:15:29.611+0000] {logging_mixin.py:190} INFO - [2026-09-06T17:15:29.611+0000] {dag.py:4180} INFO - Setting next_dagrun for xcom_dag to None, run_after=None
[2026-09-06T17:15:29.647+0000] {processor.py:208} INFO - Processing /opt/airflow/dags/02_xcom_dag.py took 0.102 seconds
[2026-09-06T17:15:59.827+0000] {processor.py:186} INFO - Started process (PID=635) to work on /opt/airflow/dags/02_xcom_dag.py
[2026-09-06T17:15:59.828+0000] {processor.py:914} INFO - Processing file /opt/airflow/dags/02_xcom_dag.py for tasks to queue
[2026-09-06T17:15:59.829+0000] {logging_mixin.py:190} INFO - [2026-09-06T17:15:59.829+0000] {dagbag.py:588} INFO - Filling up the DagBag from /opt/airflow/dags/02_xcom_dag.py
[2026-09-06T17:15:59.849+0000] {processor.py:925} INFO - DAG(s) 'xcom_dag' retrieved from /opt/airflow/dags/02_xcom_dag.py
[2026-09-06T17:15:59.876+0000] {logging_mixin.py:190} INFO - [2026-09-06T17:15:59.876+0000] {dag.py:3239} INFO - Sync 1 DAGs
[2026-09-06T17:15:59.889+0000] {logging_mixin.py:190} INFO - [2026-09-06T17:15:59.889+0000] {dag.py:4180} INFO - Setting next_dagrun for xcom_dag to None, run_after=None
[2026-09-06T17:15:59.911+0000] {processor.py:208} INFO - Processing /opt/airflow/dags/02_xcom_dag.py took 0.090 seconds
[2026-09-06T17:16:30.526+0000] {processor.py:186} INFO - Started process (PID=649) to work on /opt/airflow/dags/02_xcom_dag.py
[2026-09-06T17:16:30.526+0000] {processor.py:914} INFO - Processing file /opt/airflow/dags/02_xcom_dag.py for tasks to queue
[2026-09-06T17:16:30.527+0000] {logging_mixin.py:190} INFO - [2026-09-06T17:16:30.527+0000] {dagbag.py:588} INFO - Filling up the DagBag from /opt/airflow/dags/02_xcom_dag.py
[2026-09-06T17:16:30.548+0000] {processor.py:925} INFO - DAG(s) 'xcom_dag' retrieved from /opt/airflow/dags/02_xcom_dag.py
[2026-09-06T17:16:30.576+0000] {logging_mixin.py:190} INFO - [2026-09-06T17:16:30.576+0000] {dag.py:3239} INFO - Sync 1 DAGs
[2026-09-06T17:16:30.590+0000] {logging_mixin.py:190} INFO - [2026-09-06T17:16:30.589+0000] {dag.py:4180} INFO - Setting next_dagrun for xcom_dag to None, run_after=None
[2026-09-06T17:16:30.610+0000] {processor.py:208} INFO - Processing /opt/airflow/dags/02_xcom_dag.py took 0.090 seconds
[2026-09-06T17:17:01.257+0000] {processor.py:186} INFO - Started process (PID=663) to work on /opt/airflow/dags/02_xcom_dag.py
[2026-09-06T17:17:01.257+0000] {processor.py:914} INFO - Processing file /opt/airflow/dags/02_xcom_dag.py for tasks to queue
[2026-09-06T17:17:01.260+0000] {logging_mixin.py:190} INFO - [2026-09-06T17:17:01.259+0000] {dagbag.py:588} INFO - Filling up the DagBag from /opt/airflow/dags/02_xcom_dag.py
[2026-09-06T17:17:01.286+0000] {processor.py:925} INFO - DAG(s) 'xcom_dag' retrieved from /opt/airflow/dags/02_xcom_dag.py
[2026-09-06T17:17:01.322+0000] {logging_mixin.py:190} INFO - [2026-09-06T17:17:01.322+0000] {dag.py:3239} INFO - Sync 1 DAGs
[2026-09-06T17:17:01.349+0000] {logging_mixin.py:190} INFO - [2026-09-06T17:17:01.348+0000] {dag.py:4180} INFO - Setting next_dagrun for xcom_dag to None, run_after=None
[2026-09-06T17:17:01.374+0000] {processor.py:208} INFO - Processing /opt/airflow/dags/02_xcom_dag.py took 0.126 seconds
[2026-09-06T17:17:31.967+0000] {processor.py:186} INFO - Started process (PID=677) to work on /opt/airflow/dags/02_xcom_dag.py
[2026-09-06T17:17:31.967+0000] {processor.py:914} INFO - Processing file /opt/airflow/dags/02_xcom_dag.py for tasks to queue
[2026-09-06T17:17:31.969+0000] {logging_mixin.py:190} INFO - [2026-09-06T17:17:31.968+0000] {dagbag.py:588} INFO - Filling up the DagBag from /opt/airflow/dags/02_xcom_dag.py
[2026-09-06T17:17:31.988+0000] {processor.py:925} INFO - DAG(s) 'xcom_dag' retrieved from /opt/airflow/dags/02_xcom_dag.py
[2026-09-06T17:17:32.016+0000] {logging_mixin.py:190} INFO - [2026-09-06T17:17:32.016+0000] {dag.py:3239} INFO - Sync 1 DAGs
[2026-09-06T17:17:32.030+0000] {logging_mixin.py:190} INFO - [2026-09-06T17:17:32.030+0000] {dag.py:4180} INFO - Setting next_dagrun for xcom_dag to None, run_after=None
[2026-09-06T17:17:32.051+0000] {processor.py:208} INFO - Processing /opt/airflow/dags/02_xcom_dag.py took 0.090 seconds
[2026-09-06T17:18:02.675+0000] {processor.py:186} INFO - Started process (PID=691) to work on /opt/airflow/dags/02_xcom_dag.py
[2026-09-06T17:18:02.676+0000] {processor.py:914} INFO - Processing file /opt/airflow/dags/02_xcom_dag.py for tasks to queue
[2026-09-06T17:18:02.677+0000] {logging_mixin.py:190} INFO - [2026-09-06T17:18:02.677+0000] {dagbag.py:588} INFO - Filling up the DagBag from /opt/airflow/dags/02_xcom_dag.py
[2026-09-06T17:18:02.694+0000] {processor.py:925} INFO - DAG(s) 'xcom_dag' retrieved from /opt/airflow/dags/02_xcom_dag.py
[2026-09-06T17:18:02.724+0000] {logging_mixin.py:190} INFO - [2026-09-06T17:18:02.724+0000] {dag.py:3239} INFO - Sync 1 DAGs
[2026-09-06T17:18:02.742+0000] {logging_mixin.py:190} INFO - [2026-09-06T17:18:02.742+0000] {dag.py:4180} INFO - Setting next_dagrun for xcom_dag to None, run_after=None
[2026-09-06T17:18:02.766+0000] {processor.py:208} INFO - Processing /opt/airflow/dags/02_xcom_dag.py took 0.097 seconds
[2026-09-06T17:18:33.332+0000] {processor.py:186} INFO - Started process (PID=705) to work on /opt/airflow/dags/02_xcom_dag.py
[2026-09-06T17:18:33.333+0000] {processor.py:914} INFO - Processing file /opt/airflow/dags/02_xcom_dag.py for tasks to queue
[2026-09-06T17:18:33.335+0000] {logging_mixin.py:190} INFO - [2026-09-06T17:18:33.334+0000] {dagbag.py:588} INFO - Filling up the DagBag from /opt/airflow/dags/02_xcom_dag.py
[2026-09-06T17:18:33.352+0000] {processor.py:925} INFO - DAG(s) 'xcom_dag' retrieved from /opt/airflow/dags/02_xcom_dag.py
[2026-09-06T17:18:33.377+0000] {logging_mixin.py:190} INFO - [2026-09-06T17:18:33.377+0000] {dag.py:3239} INFO - Sync 1 DAGs
[2026-09-06T17:18:33.391+0000] {logging_mixin.py:190} INFO - [2026-09-06T17:18:33.390+0000] {dag.py:4180} INFO - Setting next_dagrun for xcom_dag to None, run_after=None
[2026-09-06T17:18:33.410+0000] {processor.py:208} INFO - Processing /opt/airflow/dags/02_xcom_dag.py took 0.084 seconds
[2026-09-06T17:19:03.981+0000] {processor.py:186} INFO - Started process (PID=719) to work on /opt/airflow/dags/02_xcom_dag.py
[2026-09-06T17:19:03.982+0000] {processor.py:914} INFO - Processing file /opt/airflow/dags/02_xcom_dag.py for tasks to queue
[2026-09-06T17:19:03.983+0000] {logging_mixin.py:190} INFO - [2026-09-06T17:19:03.983+0000] {dagbag.py:588} INFO - Filling up the DagBag from /opt/airflow/dags/02_xcom_dag.py
[2026-09-06T17:19:04.002+0000] {processor.py:925} INFO - DAG(s) 'xcom_dag' retrieved from /opt/airflow/dags/02_xcom_dag.py
[2026-09-06T17:19:04.037+0000] {logging_mixin.py:190} INFO - [2026-09-06T17:19:04.036+0000] {dag.py:3239} INFO - Sync 1 DAGs
[2026-09-06T17:19:04.053+0000] {logging_mixin.py:190} INFO - [2026-09-06T17:19:04.053+0000] {dag.py:4180} INFO - Setting next_dagrun for xcom_dag to None, run_after=None
[2026-09-06T17:19:04.078+0000] {processor.py:208} INFO - Processing /opt/airflow/dags/02_xcom_dag.py took 0.103 seconds
[2026-09-06T17:19:34.813+0000] {processor.py:186} INFO - Started process (PID=733) to work on /opt/airflow/dags/02_xcom_dag.py
[2026-09-06T17:19:34.814+0000] {processor.py:914} INFO - Processing file /opt/airflow/dags/02_xcom_dag.py for tasks to queue
[2026-09-06T17:19:34.815+0000] {logging_mixin.py:190} INFO - [2026-09-06T17:19:34.815+0000] {dagbag.py:588} INFO - Filling up the DagBag from /opt/airflow/dags/02_xcom_dag.py
[2026-09-06T17:19:34.829+0000] {processor.py:925} INFO - DAG(s) 'xcom_dag' retrieved from /opt/airflow/dags/02_xcom_dag.py
[2026-09-06T17:19:34.858+0000] {logging_mixin.py:190} INFO - [2026-09-06T17:19:34.857+0000] {dag.py:3239} INFO - Sync 1 DAGs
[2026-09-06T17:19:34.878+0000] {logging_mixin.py:190} INFO - [2026-09-06T17:19:34.878+0000] {dag.py:4180} INFO - Setting next_dagrun for xcom_dag to None, run_after=None
[2026-09-06T17:19:34.905+0000] {processor.py:208} INFO - Processing /opt/airflow/dags/02_xcom_dag.py took 0.097 seconds
[2026-09-06T17:20:05.555+0000] {processor.py:186} INFO - Started process (PID=747) to work on /opt/airflow/dags/02_xcom_dag.py
[2026-09-06T17:20:05.555+0000] {processor.py:914} INFO - Processing file /opt/airflow/dags/02_xcom_dag.py for tasks to queue
[2026-09-06T17:20:05.557+0000] {logging_mixin.py:190} INFO - [2026-09-06T17:20:05.556+0000] {dagbag.py:588} INFO - Filling up the DagBag from /opt/airflow/dags/02_xcom_dag.py
[2026-09-06T17:20:05.579+0000] {processor.py:925} INFO - DAG(s) 'xcom_dag' retrieved from /opt/airflow/dags/02_xcom_dag.py
[2026-09-06T17:20:05.613+0000] {logging_mixin.py:190} INFO - [2026-09-06T17:20:05.612+0000] {dag.py:3239} INFO - Sync 1 DAGs
[2026-09-06T17:20:05.629+0000] {logging_mixin.py:190} INFO - [2026-09-06T17:20:05.629+0000] {dag.py:4180} INFO - Setting next_dagrun for xcom_dag to None, run_after=None
[2026-09-06T17:20:05.666+0000] {processor.py:208} INFO - Processing /opt/airflow/dags/02_xcom_dag.py took 0.119 seconds
[2026-09-06T17:20:36.278+0000] {processor.py:186} INFO - Started process (PID=761) to work on /opt/airflow/dags/02_xcom_dag.py
[2026-09-06T17:20:36.278+0000] {processor.py:914} INFO - Processing file /opt/airflow/dags/02_xcom_dag.py for tasks to queue
[2026-09-06T17:20:36.280+0000] {logging_mixin.py:190} INFO - [2026-09-06T17:20:36.279+0000] {dagbag.py:588} INFO - Filling up the DagBag from /opt/airflow/dags/02_xcom_dag.py
[2026-09-06T17:20:36.294+0000] {processor.py:925} INFO - DAG(s) 'xcom_dag' retrieved from /opt/airflow/dags/02_xcom_dag.py
[2026-09-06T17:20:36.324+0000] {logging_mixin.py:190} INFO - [2026-09-06T17:20:36.323+0000] {dag.py:3239} INFO - Sync 1 DAGs
[2026-09-06T17:20:36.355+0000] {logging_mixin.py:190} INFO - [2026-09-06T17:20:36.354+0000] {dag.py:4180} INFO - Setting next_dagrun for xcom_dag to None, run_after=None
[2026-09-06T17:20:36.381+0000] {processor.py:208} INFO - Processing /opt/airflow/dags/02_xcom_dag.py took 0.108 seconds
[2026-09-06T17:21:07.072+0000] {processor.py:186} INFO - Started process (PID=776) to work on /opt/airflow/dags/02_xcom_dag.py
[2026-09-06T17:21:07.073+0000] {processor.py:914} INFO - Processing file /opt/airflow/dags/02_xcom_dag.py for tasks to queue
[2026-09-06T17:21:07.074+0000] {logging_mixin.py:190} INFO - [2026-09-06T17:21:07.074+0000] {dagbag.py:588} INFO - Filling up the DagBag from /opt/airflow/dags/02_xcom_dag.py
[2026-09-06T17:21:07.088+0000] {processor.py:925} INFO - DAG(s) 'xcom_dag' retrieved from /opt/airflow/dags/02_xcom_dag.py
[2026-09-06T17:21:07.111+0000] {logging_mixin.py:190} INFO - [2026-09-06T17:21:07.111+0000] {dag.py:3239} INFO - Sync 1 DAGs
[2026-09-06T17:21:07.124+0000] {logging_mixin.py:190} INFO - [2026-09-06T17:21:07.124+0000] {dag.py:4180} INFO - Setting next_dagrun for xcom_dag to None, run_after=None
[2026-09-06T17:21:07.144+0000] {processor.py:208} INFO - Processing /opt/airflow/dags/02_xcom_dag.py took 0.079 seconds
[2026-09-06T17:21:37.770+0000] {processor.py:186} INFO - Started process (PID=790) to work on /opt/airflow/dags/02_xcom_dag.py
[2026-09-06T17:21:37.773+0000] {processor.py:914} INFO - Processing file /opt/airflow/dags/02_xcom_dag.py for tasks to queue
[2026-09-06T17:21:37.775+0000] {logging_mixin.py:190} INFO - [2026-09-06T17:21:37.774+0000] {dagbag.py:588} INFO - Filling up the DagBag from /opt/airflow/dags/02_xcom_dag.py
[2026-09-06T17:21:37.792+0000] {processor.py:925} INFO - DAG(s) 'xcom_dag' retrieved from /opt/airflow/dags/02_xcom_dag.py
[2026-09-06T17:21:37.817+0000] {logging_mixin.py:190} INFO - [2026-09-06T17:21:37.817+0000] {dag.py:3239} INFO - Sync 1 DAGs
[2026-09-06T17:21:37.831+0000] {logging_mixin.py:190} INFO - [2026-09-06T17:21:37.830+0000] {dag.py:4180} INFO - Setting next_dagrun for xcom_dag to None, run_after=None
[2026-09-06T17:21:37.853+0000] {processor.py:208} INFO - Processing /opt/airflow/dags/02_xcom_dag.py took 0.088 seconds
[2026-09-06T17:22:08.418+0000] {processor.py:186} INFO - Started process (PID=804) to work on /opt/airflow/dags/02_xcom_dag.py
[2026-09-06T17:22:08.418+0000] {processor.py:914} INFO - Processing file /opt/airflow/dags/02_xcom_dag.py for tasks to queue
[2026-09-06T17:22:08.419+0000] {logging_mixin.py:190} INFO - [2026-09-06T17:22:08.419+0000] {dagbag.py:588} INFO - Filling up the DagBag from /opt/airflow/dags/02_xcom_dag.py
[2026-09-06T17:22:08.435+0000] {processor.py:925} INFO - DAG(s) 'xcom_dag' retrieved from /opt/airflow/dags/02_xcom_dag.py
[2026-09-06T17:22:08.465+0000] {logging_mixin.py:190} INFO - [2026-09-06T17:22:08.465+0000] {dag.py:3239} INFO - Sync 1 DAGs
[2026-09-06T17:22:08.481+0000] {logging_mixin.py:190} INFO - [2026-09-06T17:22:08.481+0000] {dag.py:4180} INFO - Setting next_dagrun for xcom_dag to None, run_after=None
[2026-09-06T17:22:08.501+0000] {processor.py:208} INFO - Processing /opt/airflow/dags/02_xcom_dag.py took 0.088 seconds
[2026-09-06T17:22:38.924+0000] {processor.py:186} INFO - Started process (PID=818) to work on /opt/airflow/dags/02_xcom_dag.py
[2026-09-06T17:22:38.926+0000] {processor.py:914} INFO - Processing file /opt/airflow/dags/02_xcom_dag.py for tasks to queue
[2026-09-06T17:22:38.928+0000] {logging_mixin.py:190} INFO - [2026-09-06T17:22:38.927+0000] {dagbag.py:588} INFO - Filling up the DagBag from /opt/airflow/dags/02_xcom_dag.py
[2026-09-06T17:22:39.037+0000] {processor.py:925} INFO - DAG(s) 'xcom_dag' retrieved from /opt/airflow/dags/02_xcom_dag.py
[2026-09-06T17:22:39.091+0000] {logging_mixin.py:190} INFO - [2026-09-06T17:22:39.090+0000] {dag.py:3239} INFO - Sync 1 DAGs
[2026-09-06T17:22:39.127+0000] {logging_mixin.py:190} INFO - [2026-09-06T17:22:39.127+0000] {dag.py:4180} INFO - Setting next_dagrun for xcom_dag to None, run_after=None
[2026-09-06T17:22:39.164+0000] {processor.py:208} INFO - Processing /opt/airflow/dags/02_xcom_dag.py took 0.250 seconds
[2026-09-06T17:23:09.763+0000] {processor.py:186} INFO - Started process (PID=832) to work on /opt/airflow/dags/02_xcom_dag.py
[2026-09-06T17:23:09.767+0000] {processor.py:914} INFO - Processing file /opt/airflow/dags/02_xcom_dag.py for tasks to queue
[2026-09-06T17:23:09.768+0000] {logging_mixin.py:190} INFO - [2026-09-06T17:23:09.768+0000] {dagbag.py:588} INFO - Filling up the DagBag from /opt/airflow/dags/02_xcom_dag.py
[2026-09-06T17:23:09.783+0000] {processor.py:925} INFO - DAG(s) 'xcom_dag' retrieved from /opt/airflow/dags/02_xcom_dag.py
[2026-09-06T17:23:09.809+0000] {logging_mixin.py:190} INFO - [2026-09-06T17:23:09.809+0000] {dag.py:3239} INFO - Sync 1 DAGs
[2026-09-06T17:23:09.824+0000] {logging_mixin.py:190} INFO - [2026-09-06T17:23:09.824+0000] {dag.py:4180} INFO - Setting next_dagrun for xcom_dag to None, run_after=None
[2026-09-06T17:23:09.844+0000] {processor.py:208} INFO - Processing /opt/airflow/dags/02_xcom_dag.py took 0.086 seconds
[2026-09-06T17:23:39.928+0000] {processor.py:186} INFO - Started process (PID=846) to work on /opt/airflow/dags/02_xcom_dag.py
[2026-09-06T17:23:39.929+0000] {processor.py:914} INFO - Processing file /opt/airflow/dags/02_xcom_dag.py for tasks to queue
[2026-09-06T17:23:39.933+0000] {logging_mixin.py:190} INFO - [2026-09-06T17:23:39.932+0000] {dagbag.py:588} INFO - Filling up the DagBag from /opt/airflow/dags/02_xcom_dag.py
[2026-09-06T17:23:39.952+0000] {processor.py:925} INFO - DAG(s) 'xcom_dag' retrieved from /opt/airflow/dags/02_xcom_dag.py
[2026-09-06T17:23:39.982+0000] {logging_mixin.py:190} INFO - [2026-09-06T17:23:39.981+0000] {dag.py:3239} INFO - Sync 1 DAGs
[2026-09-06T17:23:40.000+0000] {logging_mixin.py:190} INFO - [2026-09-06T17:23:39.999+0000] {dag.py:4180} INFO - Setting next_dagrun for xcom_dag to None, run_after=None
[2026-09-06T17:23:40.024+0000] {processor.py:208} INFO - Processing /opt/airflow/dags/02_xcom_dag.py took 0.105 seconds
[2026-09-06T17:24:10.590+0000] {processor.py:186} INFO - Started process (PID=860) to work on /opt/airflow/dags/02_xcom_dag.py
[2026-09-06T17:24:10.591+0000] {processor.py:914} INFO - Processing file /opt/airflow/dags/02_xcom_dag.py for tasks to queue
[2026-09-06T17:24:10.592+0000] {logging_mixin.py:190} INFO - [2026-09-06T17:24:10.592+0000] {dagbag.py:588} INFO - Filling up the DagBag from /opt/airflow/dags/02_xcom_dag.py
[2026-09-06T17:24:10.608+0000] {processor.py:925} INFO - DAG(s) 'xcom_dag' retrieved from /opt/airflow/dags/02_xcom_dag.py
[2026-09-06T17:24:10.631+0000] {logging_mixin.py:190} INFO - [2026-09-06T17:24:10.631+0000] {dag.py:3239} INFO - Sync 1 DAGs
[2026-09-06T17:24:10.646+0000] {logging_mixin.py:190} INFO - [2026-09-06T17:24:10.645+0000] {dag.py:4180} INFO - Setting next_dagrun for xcom_dag to None, run_after=None
[2026-09-06T17:24:10.664+0000] {processor.py:208} INFO - Processing /opt/airflow/dags/02_xcom_dag.py took 0.080 seconds
[2026-09-06T17:24:41.319+0000] {processor.py:186} INFO - Started process (PID=875) to work on /opt/airflow/dags/02_xcom_dag.py
[2026-09-06T17:24:41.319+0000] {processor.py:914} INFO - Processing file /opt/airflow/dags/02_xcom_dag.py for tasks to queue
[2026-09-06T17:24:41.320+0000] {logging_mixin.py:190} INFO - [2026-09-06T17:24:41.320+0000] {dagbag.py:588} INFO - Filling up the DagBag from /opt/airflow/dags/02_xcom_dag.py
[2026-09-06T17:24:41.340+0000] {processor.py:925} INFO - DAG(s) 'xcom_dag' retrieved from /opt/airflow/dags/02_xcom_dag.py
[2026-09-06T17:24:41.375+0000] {logging_mixin.py:190} INFO - [2026-09-06T17:24:41.375+0000] {dag.py:3239} INFO - Sync 1 DAGs
[2026-09-06T17:24:41.391+0000] {logging_mixin.py:190} INFO - [2026-09-06T17:24:41.391+0000] {dag.py:4180} INFO - Setting next_dagrun for xcom_dag to None, run_after=None
[2026-09-06T17:24:41.419+0000] {processor.py:208} INFO - Processing /opt/airflow/dags/02_xcom_dag.py took 0.106 seconds
[2026-09-06T17:25:12.198+0000] {processor.py:186} INFO - Started process (PID=889) to work on /opt/airflow/dags/02_xcom_dag.py
[2026-09-06T17:25:12.199+0000] {processor.py:914} INFO - Processing file /opt/airflow/dags/02_xcom_dag.py for tasks to queue
[2026-09-06T17:25:12.200+0000] {logging_mixin.py:190} INFO - [2026-09-06T17:25:12.200+0000] {dagbag.py:588} INFO - Filling up the DagBag from /opt/airflow/dags/02_xcom_dag.py
[2026-09-06T17:25:12.221+0000] {processor.py:925} INFO - DAG(s) 'xcom_dag' retrieved from /opt/airflow/dags/02_xcom_dag.py
[2026-09-06T17:25:12.264+0000] {logging_mixin.py:190} INFO - [2026-09-06T17:25:12.264+0000] {dag.py:3239} INFO - Sync 1 DAGs
[2026-09-06T17:25:12.284+0000] {logging_mixin.py:190} INFO - [2026-09-06T17:25:12.284+0000] {dag.py:4180} INFO - Setting next_dagrun for xcom_dag to None, run_after=None
[2026-09-06T17:25:12.315+0000] {processor.py:208} INFO - Processing /opt/airflow/dags/02_xcom_dag.py took 0.124 seconds
[2026-09-06T17:25:43.024+0000] {processor.py:186} INFO - Started process (PID=903) to work on /opt/airflow/dags/02_xcom_dag.py
[2026-09-06T17:25:43.024+0000] {processor.py:914} INFO - Processing file /opt/airflow/dags/02_xcom_dag.py for tasks to queue
[2026-09-06T17:25:43.025+0000] {logging_mixin.py:190} INFO - [2026-09-06T17:25:43.025+0000] {dagbag.py:588} INFO - Filling up the DagBag from /opt/airflow/dags/02_xcom_dag.py
[2026-09-06T17:25:43.046+0000] {processor.py:925} INFO - DAG(s) 'xcom_dag' retrieved from /opt/airflow/dags/02_xcom_dag.py
[2026-09-06T17:25:43.079+0000] {logging_mixin.py:190} INFO - [2026-09-06T17:25:43.078+0000] {dag.py:3239} INFO - Sync 1 DAGs
[2026-09-06T17:25:43.095+0000] {logging_mixin.py:190} INFO - [2026-09-06T17:25:43.094+0000] {dag.py:4180} INFO - Setting next_dagrun for xcom_dag to None, run_after=None
[2026-09-06T17:25:43.120+0000] {processor.py:208} INFO - Processing /opt/airflow/dags/02_xcom_dag.py took 0.103 seconds
[2026-09-06T17:26:13.711+0000] {processor.py:186} INFO - Started process (PID=917) to work on /opt/airflow/dags/02_xcom_dag.py
[2026-09-06T17:26:13.712+0000] {processor.py:914} INFO - Processing file /opt/airflow/dags/02_xcom_dag.py for tasks to queue
[2026-09-06T17:26:13.714+0000] {logging_mixin.py:190} INFO - [2026-09-06T17:26:13.714+0000] {dagbag.py:588} INFO - Filling up the DagBag from /opt/airflow/dags/02_xcom_dag.py
[2026-09-06T17:26:13.734+0000] {processor.py:925} INFO - DAG(s) 'xcom_dag' retrieved from /opt/airflow/dags/02_xcom_dag.py
[2026-09-06T17:26:13.761+0000] {logging_mixin.py:190} INFO - [2026-09-06T17:26:13.761+0000] {dag.py:3239} INFO - Sync 1 DAGs
[2026-09-06T17:26:13.778+0000] {logging_mixin.py:190} INFO - [2026-09-06T17:26:13.778+0000] {dag.py:4180} INFO - Setting next_dagrun for xcom_dag to None, run_after=None
[2026-09-06T17:26:13.795+0000] {processor.py:208} INFO - Processing /opt/airflow/dags/02_xcom_dag.py took 0.093 seconds
[2026-09-06T17:26:44.408+0000] {processor.py:186} INFO - Started process (PID=931) to work on /opt/airflow/dags/02_xcom_dag.py
[2026-09-06T17:26:44.409+0000] {processor.py:914} INFO - Processing file /opt/airflow/dags/02_xcom_dag.py for tasks to queue
[2026-09-06T17:26:44.410+0000] {logging_mixin.py:190} INFO - [2026-09-06T17:26:44.410+0000] {dagbag.py:588} INFO - Filling up the DagBag from /opt/airflow/dags/02_xcom_dag.py
[2026-09-06T17:26:44.431+0000] {processor.py:925} INFO - DAG(s) 'xcom_dag' retrieved from /opt/airflow/dags/02_xcom_dag.py
[2026-09-06T17:26:44.465+0000] {logging_mixin.py:190} INFO - [2026-09-06T17:26:44.465+0000] {dag.py:3239} INFO - Sync 1 DAGs
[2026-09-06T17:26:44.487+0000] {logging_mixin.py:190} INFO - [2026-09-06T17:26:44.487+0000] {dag.py:4180} INFO - Setting next_dagrun for xcom_dag to None, run_after=None
[2026-09-06T17:26:44.515+0000] {processor.py:208} INFO - Processing /opt/airflow/dags/02_xcom_dag.py took 0.113 seconds
[2026-09-06T17:27:15.304+0000] {processor.py:186} INFO - Started process (PID=945) to work on /opt/airflow/dags/02_xcom_dag.py
[2026-09-06T17:27:15.305+0000] {processor.py:914} INFO - Processing file /opt/airflow/dags/02_xcom_dag.py for tasks to queue
[2026-09-06T17:27:15.307+0000] {logging_mixin.py:190} INFO - [2026-09-06T17:27:15.306+0000] {dagbag.py:588} INFO - Filling up the DagBag from /opt/airflow/dags/02_xcom_dag.py
[2026-09-06T17:27:15.323+0000] {processor.py:925} INFO - DAG(s) 'xcom_dag' retrieved from /opt/airflow/dags/02_xcom_dag.py
[2026-09-06T17:27:15.352+0000] {logging_mixin.py:190} INFO - [2026-09-06T17:27:15.351+0000] {dag.py:3239} INFO - Sync 1 DAGs
[2026-09-06T17:27:15.365+0000] {logging_mixin.py:190} INFO - [2026-09-06T17:27:15.365+0000] {dag.py:4180} INFO - Setting next_dagrun for xcom_dag to None, run_after=None
[2026-09-06T17:27:15.387+0000] {processor.py:208} INFO - Processing /opt/airflow/dags/02_xcom_dag.py took 0.090 seconds
[2026-09-06T17:27:45.592+0000] {processor.py:186} INFO - Started process (PID=959) to work on /opt/airflow/dags/02_xcom_dag.py
[2026-09-06T17:27:45.593+0000] {processor.py:914} INFO - Processing file /opt/airflow/dags/02_xcom_dag.py for tasks to queue
[2026-09-06T17:27:45.594+0000] {logging_mixin.py:190} INFO - [2026-09-06T17:27:45.593+0000] {dagbag.py:588} INFO - Filling up the DagBag from /opt/airflow/dags/02_xcom_dag.py
[2026-09-06T17:27:45.615+0000] {processor.py:925} INFO - DAG(s) 'xcom_dag' retrieved from /opt/airflow/dags/02_xcom_dag.py
[2026-09-06T17:27:45.647+0000] {logging_mixin.py:190} INFO - [2026-09-06T17:27:45.647+0000] {dag.py:3239} INFO - Sync 1 DAGs
[2026-09-06T17:27:45.661+0000] {logging_mixin.py:190} INFO - [2026-09-06T17:27:45.661+0000] {dag.py:4180} INFO - Setting next_dagrun for xcom_dag to None, run_after=None
[2026-09-06T17:27:45.682+0000] {processor.py:208} INFO - Processing /opt/airflow/dags/02_xcom_dag.py took 0.097 seconds
[2026-09-06T17:28:16.320+0000] {processor.py:186} INFO - Started process (PID=973) to work on /opt/airflow/dags/02_xcom_dag.py
[2026-09-06T17:28:16.321+0000] {processor.py:914} INFO - Processing file /opt/airflow/dags/02_xcom_dag.py for tasks to queue
[2026-09-06T17:28:16.322+0000] {logging_mixin.py:190} INFO - [2026-09-06T17:28:16.322+0000] {dagbag.py:588} INFO - Filling up the DagBag from /opt/airflow/dags/02_xcom_dag.py
[2026-09-06T17:28:16.338+0000] {processor.py:925} INFO - DAG(s) 'xcom_dag' retrieved from /opt/airflow/dags/02_xcom_dag.py
[2026-09-06T17:28:16.370+0000] {logging_mixin.py:190} INFO - [2026-09-06T17:28:16.370+0000] {dag.py:3239} INFO - Sync 1 DAGs
[2026-09-06T17:28:16.392+0000] {logging_mixin.py:190} INFO - [2026-09-06T17:28:16.391+0000] {dag.py:4180} INFO - Setting next_dagrun for xcom_dag to None, run_after=None
[2026-09-06T17:28:16.422+0000] {processor.py:208} INFO - Processing /opt/airflow/dags/02_xcom_dag.py took 0.107 seconds
[2026-09-06T17:28:46.683+0000] {processor.py:186} INFO - Started process (PID=987) to work on /opt/airflow/dags/02_xcom_dag.py
[2026-09-06T17:28:46.684+0000] {processor.py:914} INFO - Processing file /opt/airflow/dags/02_xcom_dag.py for tasks to queue
[2026-09-06T17:28:46.686+0000] {logging_mixin.py:190} INFO - [2026-09-06T17:28:46.685+0000] {dagbag.py:588} INFO - Filling up the DagBag from /opt/airflow/dags/02_xcom_dag.py
[2026-09-06T17:28:46.706+0000] {processor.py:925} INFO - DAG(s) 'xcom_dag' retrieved from /opt/airflow/dags/02_xcom_dag.py
[2026-09-06T17:28:46.741+0000] {logging_mixin.py:190} INFO - [2026-09-06T17:28:46.740+0000] {dag.py:3239} INFO - Sync 1 DAGs
[2026-09-06T17:28:46.766+0000] {logging_mixin.py:190} INFO - [2026-09-06T17:28:46.766+0000] {dag.py:4180} INFO - Setting next_dagrun for xcom_dag to None, run_after=None
[2026-09-06T17:28:46.794+0000] {processor.py:208} INFO - Processing /opt/airflow/dags/02_xcom_dag.py took 0.119 seconds
[2026-09-06T17:29:17.440+0000] {processor.py:186} INFO - Started process (PID=1001) to work on /opt/airflow/dags/02_xcom_dag.py
[2026-09-06T17:29:17.441+0000] {processor.py:914} INFO - Processing file /opt/airflow/dags/02_xcom_dag.py for tasks to queue
[2026-09-06T17:29:17.442+0000] {logging_mixin.py:190} INFO - [2026-09-06T17:29:17.442+0000] {dagbag.py:588} INFO - Filling up the DagBag from /opt/airflow/dags/02_xcom_dag.py
[2026-09-06T17:29:17.458+0000] {processor.py:925} INFO - DAG(s) 'xcom_dag' retrieved from /opt/airflow/dags/02_xcom_dag.py
[2026-09-06T17:29:17.490+0000] {logging_mixin.py:190} INFO - [2026-09-06T17:29:17.490+0000] {dag.py:3239} INFO - Sync 1 DAGs
[2026-09-06T17:29:17.506+0000] {logging_mixin.py:190} INFO - [2026-09-06T17:29:17.506+0000] {dag.py:4180} INFO - Setting next_dagrun for xcom_dag to None, run_after=None
[2026-09-06T17:29:17.525+0000] {processor.py:208} INFO - Processing /opt/airflow/dags/02_xcom_dag.py took 0.092 seconds
[2026-09-06T17:29:48.205+0000] {processor.py:186} INFO - Started process (PID=1015) to work on /opt/airflow/dags/02_xcom_dag.py
[2026-09-06T17:29:48.215+0000] {processor.py:914} INFO - Processing file /opt/airflow/dags/02_xcom_dag.py for tasks to queue
[2026-09-06T17:29:48.245+0000] {logging_mixin.py:190} INFO - [2026-09-06T17:29:48.243+0000] {dagbag.py:588} INFO - Filling up the DagBag from /opt/airflow/dags/02_xcom_dag.py
[2026-09-06T17:29:48.340+0000] {processor.py:925} INFO - DAG(s) 'xcom_dag' retrieved from /opt/airflow/dags/02_xcom_dag.py
[2026-09-06T17:29:48.441+0000] {logging_mixin.py:190} INFO - [2026-09-06T17:29:48.440+0000] {dag.py:3239} INFO - Sync 1 DAGs
[2026-09-06T17:29:48.487+0000] {logging_mixin.py:190} INFO - [2026-09-06T17:29:48.487+0000] {dag.py:4180} INFO - Setting next_dagrun for xcom_dag to None, run_after=None
[2026-09-06T17:29:48.521+0000] {processor.py:208} INFO - Processing /opt/airflow/dags/02_xcom_dag.py took 0.346 seconds
[2026-09-06T17:30:18.764+0000] {processor.py:186} INFO - Started process (PID=1030) to work on /opt/airflow/dags/02_xcom_dag.py
[2026-09-06T17:30:18.765+0000] {processor.py:914} INFO - Processing file /opt/airflow/dags/02_xcom_dag.py for tasks to queue
[2026-09-06T17:30:18.766+0000] {logging_mixin.py:190} INFO - [2026-09-06T17:30:18.766+0000] {dagbag.py:588} INFO - Filling up the DagBag from /opt/airflow/dags/02_xcom_dag.py
[2026-09-06T17:30:18.792+0000] {processor.py:925} INFO - DAG(s) 'xcom_dag' retrieved from /opt/airflow/dags/02_xcom_dag.py
[2026-09-06T17:30:18.830+0000] {logging_mixin.py:190} INFO - [2026-09-06T17:30:18.830+0000] {dag.py:3239} INFO - Sync 1 DAGs
[2026-09-06T17:30:18.856+0000] {logging_mixin.py:190} INFO - [2026-09-06T17:30:18.856+0000] {dag.py:4180} INFO - Setting next_dagrun for xcom_dag to None, run_after=None
[2026-09-06T17:30:18.891+0000] {processor.py:208} INFO - Processing /opt/airflow/dags/02_xcom_dag.py took 0.134 seconds
[2026-09-06T17:48:23.193+0000] {processor.py:186} INFO - Started process (PID=101) to work on /opt/airflow/dags/02_xcom_dag.py
[2026-09-06T17:48:23.203+0000] {processor.py:914} INFO - Processing file /opt/airflow/dags/02_xcom_dag.py for tasks to queue
[2026-09-06T17:48:23.204+0000] {logging_mixin.py:190} INFO - [2026-09-06T17:48:23.204+0000] {dagbag.py:588} INFO - Filling up the DagBag from /opt/airflow/dags/02_xcom_dag.py
[2026-09-06T17:48:23.233+0000] {processor.py:925} INFO - DAG(s) 'xcom_dag' retrieved from /opt/airflow/dags/02_xcom_dag.py
[2026-09-06T17:48:23.439+0000] {logging_mixin.py:190} INFO - [2026-09-06T17:48:23.438+0000] {override.py:1911} INFO - Created Permission View: can delete on DAG:xcom_dag
[2026-09-06T17:48:23.460+0000] {logging_mixin.py:190} INFO - [2026-09-06T17:48:23.460+0000] {override.py:1911} INFO - Created Permission View: can read on DAG:xcom_dag
[2026-09-06T17:48:23.478+0000] {logging_mixin.py:190} INFO - [2026-09-06T17:48:23.477+0000] {override.py:1911} INFO - Created Permission View: can edit on DAG:xcom_dag
[2026-09-06T17:48:23.494+0000] {logging_mixin.py:190} INFO - [2026-09-06T17:48:23.493+0000] {override.py:1911} INFO - Created Permission View: can create on DAG Run:xcom_dag
[2026-09-06T17:48:23.506+0000] {logging_mixin.py:190} INFO - [2026-09-06T17:48:23.505+0000] {override.py:1911} INFO - Created Permission View: menu access on DAG Run:xcom_dag
[2026-09-06T17:48:23.519+0000] {logging_mixin.py:190} INFO - [2026-09-06T17:48:23.518+0000] {override.py:1911} INFO - Created Permission View: can read on DAG Run:xcom_dag
[2026-09-06T17:48:23.534+0000] {logging_mixin.py:190} INFO - [2026-09-06T17:48:23.534+0000] {override.py:1911} INFO - Created Permission View: can delete on DAG Run:xcom_dag
[2026-09-06T17:48:23.537+0000] {logging_mixin.py:190} INFO - [2026-09-06T17:48:23.537+0000] {dag.py:3239} INFO - Sync 1 DAGs
[2026-09-06T17:48:23.567+0000] {logging_mixin.py:190} INFO - [2026-09-06T17:48:23.566+0000] {dag.py:3262} INFO - Creating ORM DAG for xcom_dag
[2026-09-06T17:48:23.573+0000] {logging_mixin.py:190} INFO - [2026-09-06T17:48:23.573+0000] {dag.py:4180} INFO - Setting next_dagrun for xcom_dag to None, run_after=None
[2026-09-06T17:48:23.621+0000] {processor.py:208} INFO - Processing /opt/airflow/dags/02_xcom_dag.py took 0.435 seconds
[2026-09-06T17:48:53.793+0000] {processor.py:186} INFO - Started process (PID=113) to work on /opt/airflow/dags/02_xcom_dag.py
[2026-09-06T17:48:53.795+0000] {processor.py:914} INFO - Processing file /opt/airflow/dags/02_xcom_dag.py for tasks to queue
[2026-09-06T17:48:53.796+0000] {logging_mixin.py:190} INFO - [2026-09-06T17:48:53.796+0000] {dagbag.py:588} INFO - Filling up the DagBag from /opt/airflow/dags/02_xcom_dag.py
[2026-09-06T17:48:53.816+0000] {processor.py:925} INFO - DAG(s) 'xcom_dag' retrieved from /opt/airflow/dags/02_xcom_dag.py
[2026-09-06T17:48:53.846+0000] {logging_mixin.py:190} INFO - [2026-09-06T17:48:53.846+0000] {dag.py:3239} INFO - Sync 1 DAGs
[2026-09-06T17:48:53.863+0000] {logging_mixin.py:190} INFO - [2026-09-06T17:48:53.863+0000] {dag.py:4180} INFO - Setting next_dagrun for xcom_dag to None, run_after=None
[2026-09-06T17:48:53.888+0000] {processor.py:208} INFO - Processing /opt/airflow/dags/02_xcom_dag.py took 0.100 seconds
[2026-09-06T17:49:24.524+0000] {processor.py:186} INFO - Started process (PID=127) to work on /opt/airflow/dags/02_xcom_dag.py
[2026-09-06T17:49:24.525+0000] {processor.py:914} INFO - Processing file /opt/airflow/dags/02_xcom_dag.py for tasks to queue
[2026-09-06T17:49:24.538+0000] {logging_mixin.py:190} INFO - [2026-09-06T17:49:24.535+0000] {dagbag.py:588} INFO - Filling up the DagBag from /opt/airflow/dags/02_xcom_dag.py
[2026-09-06T17:49:24.579+0000] {processor.py:925} INFO - DAG(s) 'xcom_dag' retrieved from /opt/airflow/dags/02_xcom_dag.py
[2026-09-06T17:49:24.647+0000] {logging_mixin.py:190} INFO - [2026-09-06T17:49:24.646+0000] {dag.py:3239} INFO - Sync 1 DAGs
[2026-09-06T17:49:24.714+0000] {logging_mixin.py:190} INFO - [2026-09-06T17:49:24.714+0000] {dag.py:4180} INFO - Setting next_dagrun for xcom_dag to None, run_after=None
[2026-09-06T17:49:24.745+0000] {processor.py:208} INFO - Processing /opt/airflow/dags/02_xcom_dag.py took 0.230 seconds
[2026-09-06T17:49:55.618+0000] {processor.py:186} INFO - Started process (PID=141) to work on /opt/airflow/dags/02_xcom_dag.py
[2026-09-06T17:49:55.619+0000] {processor.py:914} INFO - Processing file /opt/airflow/dags/02_xcom_dag.py for tasks to queue
[2026-09-06T17:49:55.621+0000] {logging_mixin.py:190} INFO - [2026-09-06T17:49:55.620+0000] {dagbag.py:588} INFO - Filling up the DagBag from /opt/airflow/dags/02_xcom_dag.py
[2026-09-06T17:49:55.646+0000] {processor.py:925} INFO - DAG(s) 'xcom_dag' retrieved from /opt/airflow/dags/02_xcom_dag.py
[2026-09-06T17:49:55.680+0000] {logging_mixin.py:190} INFO - [2026-09-06T17:49:55.680+0000] {dag.py:3239} INFO - Sync 1 DAGs
[2026-09-06T17:49:55.701+0000] {logging_mixin.py:190} INFO - [2026-09-06T17:49:55.701+0000] {dag.py:4180} INFO - Setting next_dagrun for xcom_dag to None, run_after=None
[2026-09-06T17:49:55.726+0000] {processor.py:208} INFO - Processing /opt/airflow/dags/02_xcom_dag.py took 0.121 seconds
[2026-09-06T17:50:25.975+0000] {processor.py:186} INFO - Started process (PID=155) to work on /opt/airflow/dags/02_xcom_dag.py
[2026-09-06T17:50:25.976+0000] {processor.py:914} INFO - Processing file /opt/airflow/dags/02_xcom_dag.py for tasks to queue
[2026-09-06T17:50:25.977+0000] {logging_mixin.py:190} INFO - [2026-09-06T17:50:25.977+0000] {dagbag.py:588} INFO - Filling up the DagBag from /opt/airflow/dags/02_xcom_dag.py
[2026-09-06T17:50:25.991+0000] {processor.py:925} INFO - DAG(s) 'xcom_dag' retrieved from /opt/airflow/dags/02_xcom_dag.py
[2026-09-06T17:50:26.018+0000] {logging_mixin.py:190} INFO - [2026-09-06T17:50:26.017+0000] {dag.py:3239} INFO - Sync 1 DAGs
[2026-09-06T17:50:26.187+0000] {logging_mixin.py:190} INFO - [2026-09-06T17:50:26.187+0000] {dag.py:4180} INFO - Setting next_dagrun for xcom_dag to None, run_after=None
[2026-09-06T17:50:26.210+0000] {processor.py:208} INFO - Processing /opt/airflow/dags/02_xcom_dag.py took 0.241 seconds
[2026-09-06T17:50:56.613+0000] {processor.py:186} INFO - Started process (PID=175) to work on /opt/airflow/dags/02_xcom_dag.py
[2026-09-06T17:50:56.614+0000] {processor.py:914} INFO - Processing file /opt/airflow/dags/02_xcom_dag.py for tasks to queue
[2026-09-06T17:50:56.615+0000] {logging_mixin.py:190} INFO - [2026-09-06T17:50:56.615+0000] {dagbag.py:588} INFO - Filling up the DagBag from /opt/airflow/dags/02_xcom_dag.py
[2026-09-06T17:50:56.632+0000] {processor.py:925} INFO - DAG(s) 'xcom_dag' retrieved from /opt/airflow/dags/02_xcom_dag.py
[2026-09-06T17:50:56.660+0000] {logging_mixin.py:190} INFO - [2026-09-06T17:50:56.659+0000] {dag.py:3239} INFO - Sync 1 DAGs
[2026-09-06T17:50:56.675+0000] {logging_mixin.py:190} INFO - [2026-09-06T17:50:56.675+0000] {dag.py:4180} INFO - Setting next_dagrun for xcom_dag to None, run_after=None
[2026-09-06T17:50:56.692+0000] {processor.py:208} INFO - Processing /opt/airflow/dags/02_xcom_dag.py took 0.086 seconds
[2026-09-06T17:51:27.546+0000] {processor.py:186} INFO - Started process (PID=189) to work on /opt/airflow/dags/02_xcom_dag.py
[2026-09-06T17:51:27.553+0000] {processor.py:914} INFO - Processing file /opt/airflow/dags/02_xcom_dag.py for tasks to queue
[2026-09-06T17:51:27.561+0000] {logging_mixin.py:190} INFO - [2026-09-06T17:51:27.561+0000] {dagbag.py:588} INFO - Filling up the DagBag from /opt/airflow/dags/02_xcom_dag.py
[2026-09-06T17:51:28.341+0000] {processor.py:925} INFO - DAG(s) 'xcom_dag' retrieved from /opt/airflow/dags/02_xcom_dag.py
[2026-09-06T17:51:28.379+0000] {logging_mixin.py:190} INFO - [2026-09-06T17:51:28.378+0000] {dag.py:3239} INFO - Sync 1 DAGs
[2026-09-06T17:51:29.402+0000] {logging_mixin.py:190} INFO - [2026-09-06T17:51:29.402+0000] {dag.py:4180} INFO - Setting next_dagrun for xcom_dag to None, run_after=None
[2026-09-06T17:51:30.301+0000] {processor.py:208} INFO - Processing /opt/airflow/dags/02_xcom_dag.py took 2.840 seconds
[2026-09-06T17:52:00.846+0000] {processor.py:186} INFO - Started process (PID=202) to work on /opt/airflow/dags/02_xcom_dag.py
[2026-09-06T17:52:00.847+0000] {processor.py:914} INFO - Processing file /opt/airflow/dags/02_xcom_dag.py for tasks to queue
[2026-09-06T17:52:00.849+0000] {logging_mixin.py:190} INFO - [2026-09-06T17:52:00.848+0000] {dagbag.py:588} INFO - Filling up the DagBag from /opt/airflow/dags/02_xcom_dag.py
[2026-09-06T17:52:00.870+0000] {processor.py:925} INFO - DAG(s) 'xcom_dag' retrieved from /opt/airflow/dags/02_xcom_dag.py
[2026-09-06T17:52:00.916+0000] {logging_mixin.py:190} INFO - [2026-09-06T17:52:00.916+0000] {dag.py:3239} INFO - Sync 1 DAGs
[2026-09-06T17:52:00.938+0000] {logging_mixin.py:190} INFO - [2026-09-06T17:52:00.937+0000] {dag.py:4180} INFO - Setting next_dagrun for xcom_dag to None, run_after=None
[2026-09-06T17:52:00.968+0000] {processor.py:208} INFO - Processing /opt/airflow/dags/02_xcom_dag.py took 0.128 seconds
[2026-09-06T17:52:31.691+0000] {processor.py:186} INFO - Started process (PID=216) to work on /opt/airflow/dags/02_xcom_dag.py
[2026-09-06T17:52:31.692+0000] {processor.py:914} INFO - Processing file /opt/airflow/dags/02_xcom_dag.py for tasks to queue
[2026-09-06T17:52:31.693+0000] {logging_mixin.py:190} INFO - [2026-09-06T17:52:31.693+0000] {dagbag.py:588} INFO - Filling up the DagBag from /opt/airflow/dags/02_xcom_dag.py
[2026-09-06T17:52:31.723+0000] {processor.py:925} INFO - DAG(s) 'xcom_dag' retrieved from /opt/airflow/dags/02_xcom_dag.py
[2026-09-06T17:52:31.757+0000] {logging_mixin.py:190} INFO - [2026-09-06T17:52:31.756+0000] {dag.py:3239} INFO - Sync 1 DAGs
[2026-09-06T17:52:31.776+0000] {logging_mixin.py:190} INFO - [2026-09-06T17:52:31.776+0000] {dag.py:4180} INFO - Setting next_dagrun for xcom_dag to None, run_after=None
[2026-09-06T17:52:31.802+0000] {processor.py:208} INFO - Processing /opt/airflow/dags/02_xcom_dag.py took 0.117 seconds
[2026-09-06T17:53:02.327+0000] {processor.py:186} INFO - Started process (PID=230) to work on /opt/airflow/dags/02_xcom_dag.py
[2026-09-06T17:53:02.327+0000] {processor.py:914} INFO - Processing file /opt/airflow/dags/02_xcom_dag.py for tasks to queue
[2026-09-06T17:53:02.329+0000] {logging_mixin.py:190} INFO - [2026-09-06T17:53:02.328+0000] {dagbag.py:588} INFO - Filling up the DagBag from /opt/airflow/dags/02_xcom_dag.py
[2026-09-06T17:53:02.347+0000] {processor.py:925} INFO - DAG(s) 'xcom_dag' retrieved from /opt/airflow/dags/02_xcom_dag.py
[2026-09-06T17:53:02.370+0000] {logging_mixin.py:190} INFO - [2026-09-06T17:53:02.370+0000] {dag.py:3239} INFO - Sync 1 DAGs
[2026-09-06T17:53:02.384+0000] {logging_mixin.py:190} INFO - [2026-09-06T17:53:02.384+0000] {dag.py:4180} INFO - Setting next_dagrun for xcom_dag to None, run_after=None
[2026-09-06T17:53:02.401+0000] {processor.py:208} INFO - Processing /opt/airflow/dags/02_xcom_dag.py took 0.081 seconds
[2026-09-06T17:53:33.087+0000] {processor.py:186} INFO - Started process (PID=244) to work on /opt/airflow/dags/02_xcom_dag.py
[2026-09-06T17:53:33.088+0000] {processor.py:914} INFO - Processing file /opt/airflow/dags/02_xcom_dag.py for tasks to queue
[2026-09-06T17:53:33.089+0000] {logging_mixin.py:190} INFO - [2026-09-06T17:53:33.089+0000] {dagbag.py:588} INFO - Filling up the DagBag from /opt/airflow/dags/02_xcom_dag.py
[2026-09-06T17:53:33.105+0000] {processor.py:925} INFO - DAG(s) 'xcom_dag' retrieved from /opt/airflow/dags/02_xcom_dag.py
[2026-09-06T17:53:33.127+0000] {logging_mixin.py:190} INFO - [2026-09-06T17:53:33.127+0000] {dag.py:3239} INFO - Sync 1 DAGs
[2026-09-06T17:53:33.140+0000] {logging_mixin.py:190} INFO - [2026-09-06T17:53:33.140+0000] {dag.py:4180} INFO - Setting next_dagrun for xcom_dag to None, run_after=None
[2026-09-06T17:53:33.163+0000] {processor.py:208} INFO - Processing /opt/airflow/dags/02_xcom_dag.py took 0.082 seconds
[2026-09-06T17:54:03.728+0000] {processor.py:186} INFO - Started process (PID=258) to work on /opt/airflow/dags/02_xcom_dag.py
[2026-09-06T17:54:03.729+0000] {processor.py:914} INFO - Processing file /opt/airflow/dags/02_xcom_dag.py for tasks to queue
[2026-09-06T17:54:03.731+0000] {logging_mixin.py:190} INFO - [2026-09-06T17:54:03.730+0000] {dagbag.py:588} INFO - Filling up the DagBag from /opt/airflow/dags/02_xcom_dag.py
[2026-09-06T17:54:03.756+0000] {processor.py:925} INFO - DAG(s) 'xcom_dag' retrieved from /opt/airflow/dags/02_xcom_dag.py
[2026-09-06T17:54:03.783+0000] {logging_mixin.py:190} INFO - [2026-09-06T17:54:03.782+0000] {dag.py:3239} INFO - Sync 1 DAGs
[2026-09-06T17:54:03.797+0000] {logging_mixin.py:190} INFO - [2026-09-06T17:54:03.797+0000] {dag.py:4180} INFO - Setting next_dagrun for xcom_dag to None, run_after=None
[2026-09-06T17:54:03.818+0000] {processor.py:208} INFO - Processing /opt/airflow/dags/02_xcom_dag.py took 0.095 seconds
[2026-09-06T17:54:34.411+0000] {processor.py:186} INFO - Started process (PID=272) to work on /opt/airflow/dags/02_xcom_dag.py
[2026-09-06T17:54:34.411+0000] {processor.py:914} INFO - Processing file /opt/airflow/dags/02_xcom_dag.py for tasks to queue
[2026-09-06T17:54:34.413+0000] {logging_mixin.py:190} INFO - [2026-09-06T17:54:34.412+0000] {dagbag.py:588} INFO - Filling up the DagBag from /opt/airflow/dags/02_xcom_dag.py
[2026-09-06T17:54:34.429+0000] {processor.py:925} INFO - DAG(s) 'xcom_dag' retrieved from /opt/airflow/dags/02_xcom_dag.py
[2026-09-06T17:54:34.451+0000] {logging_mixin.py:190} INFO - [2026-09-06T17:54:34.451+0000] {dag.py:3239} INFO - Sync 1 DAGs
[2026-09-06T17:54:34.465+0000] {logging_mixin.py:190} INFO - [2026-09-06T17:54:34.465+0000] {dag.py:4180} INFO - Setting next_dagrun for xcom_dag to None, run_after=None
[2026-09-06T17:54:34.483+0000] {processor.py:208} INFO - Processing /opt/airflow/dags/02_xcom_dag.py took 0.078 seconds
[2026-09-06T17:55:04.995+0000] {processor.py:186} INFO - Started process (PID=286) to work on /opt/airflow/dags/02_xcom_dag.py
[2026-09-06T17:55:04.996+0000] {processor.py:914} INFO - Processing file /opt/airflow/dags/02_xcom_dag.py for tasks to queue
[2026-09-06T17:55:04.997+0000] {logging_mixin.py:190} INFO - [2026-09-06T17:55:04.997+0000] {dagbag.py:588} INFO - Filling up the DagBag from /opt/airflow/dags/02_xcom_dag.py
[2026-09-06T17:55:05.012+0000] {processor.py:925} INFO - DAG(s) 'xcom_dag' retrieved from /opt/airflow/dags/02_xcom_dag.py
[2026-09-06T17:55:05.034+0000] {logging_mixin.py:190} INFO - [2026-09-06T17:55:05.034+0000] {dag.py:3239} INFO - Sync 1 DAGs
[2026-09-06T17:55:05.048+0000] {logging_mixin.py:190} INFO - [2026-09-06T17:55:05.048+0000] {dag.py:4180} INFO - Setting next_dagrun for xcom_dag to None, run_after=None
[2026-09-06T17:55:05.068+0000] {processor.py:208} INFO - Processing /opt/airflow/dags/02_xcom_dag.py took 0.078 seconds
[2026-09-06T17:55:35.597+0000] {processor.py:186} INFO - Started process (PID=300) to work on /opt/airflow/dags/02_xcom_dag.py
[2026-09-06T17:55:35.598+0000] {processor.py:914} INFO - Processing file /opt/airflow/dags/02_xcom_dag.py for tasks to queue
[2026-09-06T17:55:35.599+0000] {logging_mixin.py:190} INFO - [2026-09-06T17:55:35.599+0000] {dagbag.py:588} INFO - Filling up the DagBag from /opt/airflow/dags/02_xcom_dag.py
[2026-09-06T17:55:35.614+0000] {processor.py:925} INFO - DAG(s) 'xcom_dag' retrieved from /opt/airflow/dags/02_xcom_dag.py
[2026-09-06T17:55:35.636+0000] {logging_mixin.py:190} INFO - [2026-09-06T17:55:35.636+0000] {dag.py:3239} INFO - Sync 1 DAGs
[2026-09-06T17:55:35.648+0000] {logging_mixin.py:190} INFO - [2026-09-06T17:55:35.648+0000] {dag.py:4180} INFO - Setting next_dagrun for xcom_dag to None, run_after=None
[2026-09-06T17:55:35.668+0000] {processor.py:208} INFO - Processing /opt/airflow/dags/02_xcom_dag.py took 0.077 seconds
[2026-09-06T17:56:06.097+0000] {processor.py:186} INFO - Started process (PID=314) to work on /opt/airflow/dags/02_xcom_dag.py
[2026-09-06T17:56:06.098+0000] {processor.py:914} INFO - Processing file /opt/airflow/dags/02_xcom_dag.py for tasks to queue
[2026-09-06T17:56:06.099+0000] {logging_mixin.py:190} INFO - [2026-09-06T17:56:06.099+0000] {dagbag.py:588} INFO - Filling up the DagBag from /opt/airflow/dags/02_xcom_dag.py
[2026-09-06T17:56:06.114+0000] {processor.py:925} INFO - DAG(s) 'xcom_dag' retrieved from /opt/airflow/dags/02_xcom_dag.py
[2026-09-06T17:56:06.135+0000] {logging_mixin.py:190} INFO - [2026-09-06T17:56:06.135+0000] {dag.py:3239} INFO - Sync 1 DAGs
[2026-09-06T17:56:06.148+0000] {logging_mixin.py:190} INFO - [2026-09-06T17:56:06.147+0000] {dag.py:4180} INFO - Setting next_dagrun for xcom_dag to None, run_after=None
[2026-09-06T17:56:06.170+0000] {processor.py:208} INFO - Processing /opt/airflow/dags/02_xcom_dag.py took 0.078 seconds
[2026-09-06T17:56:36.778+0000] {processor.py:186} INFO - Started process (PID=328) to work on /opt/airflow/dags/02_xcom_dag.py
[2026-09-06T17:56:36.778+0000] {processor.py:914} INFO - Processing file /opt/airflow/dags/02_xcom_dag.py for tasks to queue
[2026-09-06T17:56:36.780+0000] {logging_mixin.py:190} INFO - [2026-09-06T17:56:36.780+0000] {dagbag.py:588} INFO - Filling up the DagBag from /opt/airflow/dags/02_xcom_dag.py
[2026-09-06T17:56:36.795+0000] {processor.py:925} INFO - DAG(s) 'xcom_dag' retrieved from /opt/airflow/dags/02_xcom_dag.py
[2026-09-06T17:56:36.818+0000] {logging_mixin.py:190} INFO - [2026-09-06T17:56:36.817+0000] {dag.py:3239} INFO - Sync 1 DAGs
[2026-09-06T17:56:36.829+0000] {logging_mixin.py:190} INFO - [2026-09-06T17:56:36.829+0000] {dag.py:4180} INFO - Setting next_dagrun for xcom_dag to None, run_after=None
[2026-09-06T17:56:36.847+0000] {processor.py:208} INFO - Processing /opt/airflow/dags/02_xcom_dag.py took 0.075 seconds
[2026-09-06T17:57:07.388+0000] {processor.py:186} INFO - Started process (PID=342) to work on /opt/airflow/dags/02_xcom_dag.py
[2026-09-06T17:57:07.389+0000] {processor.py:914} INFO - Processing file /opt/airflow/dags/02_xcom_dag.py for tasks to queue
[2026-09-06T17:57:07.390+0000] {logging_mixin.py:190} INFO - [2026-09-06T17:57:07.390+0000] {dagbag.py:588} INFO - Filling up the DagBag from /opt/airflow/dags/02_xcom_dag.py
[2026-09-06T17:57:07.406+0000] {processor.py:925} INFO - DAG(s) 'xcom_dag' retrieved from /opt/airflow/dags/02_xcom_dag.py
[2026-09-06T17:57:07.431+0000] {logging_mixin.py:190} INFO - [2026-09-06T17:57:07.431+0000] {dag.py:3239} INFO - Sync 1 DAGs
[2026-09-06T17:57:07.443+0000] {logging_mixin.py:190} INFO - [2026-09-06T17:57:07.443+0000] {dag.py:4180} INFO - Setting next_dagrun for xcom_dag to None, run_after=None
[2026-09-06T17:57:07.463+0000] {processor.py:208} INFO - Processing /opt/airflow/dags/02_xcom_dag.py took 0.080 seconds
[2026-09-06T17:57:37.930+0000] {processor.py:186} INFO - Started process (PID=356) to work on /opt/airflow/dags/02_xcom_dag.py
[2026-09-06T17:57:37.930+0000] {processor.py:914} INFO - Processing file /opt/airflow/dags/02_xcom_dag.py for tasks to queue
[2026-09-06T17:57:37.931+0000] {logging_mixin.py:190} INFO - [2026-09-06T17:57:37.931+0000] {dagbag.py:588} INFO - Filling up the DagBag from /opt/airflow/dags/02_xcom_dag.py
[2026-09-06T17:57:37.947+0000] {processor.py:925} INFO - DAG(s) 'xcom_dag' retrieved from /opt/airflow/dags/02_xcom_dag.py
[2026-09-06T17:57:37.969+0000] {logging_mixin.py:190} INFO - [2026-09-06T17:57:37.969+0000] {dag.py:3239} INFO - Sync 1 DAGs
[2026-09-06T17:57:37.981+0000] {logging_mixin.py:190} INFO - [2026-09-06T17:57:37.981+0000] {dag.py:4180} INFO - Setting next_dagrun for xcom_dag to None, run_after=None
[2026-09-06T17:57:38.000+0000] {processor.py:208} INFO - Processing /opt/airflow/dags/02_xcom_dag.py took 0.076 seconds
[2026-09-06T17:58:08.486+0000] {processor.py:186} INFO - Started process (PID=370) to work on /opt/airflow/dags/02_xcom_dag.py
[2026-09-06T17:58:08.486+0000] {processor.py:914} INFO - Processing file /opt/airflow/dags/02_xcom_dag.py for tasks to queue
[2026-09-06T17:58:08.487+0000] {logging_mixin.py:190} INFO - [2026-09-06T17:58:08.487+0000] {dagbag.py:588} INFO - Filling up the DagBag from /opt/airflow/dags/02_xcom_dag.py
[2026-09-06T17:58:08.501+0000] {processor.py:925} INFO - DAG(s) 'xcom_dag' retrieved from /opt/airflow/dags/02_xcom_dag.py
[2026-09-06T17:58:08.523+0000] {logging_mixin.py:190} INFO - [2026-09-06T17:58:08.523+0000] {dag.py:3239} INFO - Sync 1 DAGs
[2026-09-06T17:58:08.535+0000] {logging_mixin.py:190} INFO - [2026-09-06T17:58:08.535+0000] {dag.py:4180} INFO - Setting next_dagrun for xcom_dag to None, run_after=None
[2026-09-06T17:58:08.552+0000] {processor.py:208} INFO - Processing /opt/airflow/dags/02_xcom_dag.py took 0.072 seconds
[2026-09-06T17:58:39.184+0000] {processor.py:186} INFO - Started process (PID=384) to work on /opt/airflow/dags/02_xcom_dag.py
[2026-09-06T17:58:39.184+0000] {processor.py:914} INFO - Processing file /opt/airflow/dags/02_xcom_dag.py for tasks to queue
[2026-09-06T17:58:39.185+0000] {logging_mixin.py:190} INFO - [2026-09-06T17:58:39.185+0000] {dagbag.py:588} INFO - Filling up the DagBag from /opt/airflow/dags/02_xcom_dag.py
[2026-09-06T17:58:39.200+0000] {processor.py:925} INFO - DAG(s) 'xcom_dag' retrieved from /opt/airflow/dags/02_xcom_dag.py
[2026-09-06T17:58:39.222+0000] {logging_mixin.py:190} INFO - [2026-09-06T17:58:39.222+0000] {dag.py:3239} INFO - Sync 1 DAGs
[2026-09-06T17:58:39.235+0000] {logging_mixin.py:190} INFO - [2026-09-06T17:58:39.235+0000] {dag.py:4180} INFO - Setting next_dagrun for xcom_dag to None, run_after=None
[2026-09-06T17:58:39.253+0000] {processor.py:208} INFO - Processing /opt/airflow/dags/02_xcom_dag.py took 0.074 seconds
