[2026-09-06T17:00:41.150+0000] {processor.py:186} INFO - Started process (PID=192) to work on /opt/airflow/dags/03_branching_dag.py
[2026-09-06T17:00:41.151+0000] {processor.py:914} INFO - Processing file /opt/airflow/dags/03_branching_dag.py for tasks to queue
[2026-09-06T17:00:41.152+0000] {logging_mixin.py:190} INFO - [2026-09-06T17:00:41.152+0000] {dagbag.py:588} INFO - Filling up the DagBag from /opt/airflow/dags/03_branching_dag.py
[2026-09-06T17:00:41.177+0000] {processor.py:925} INFO - DAG(s) 'branching_dag' retrieved from /opt/airflow/dags/03_branching_dag.py
[2026-09-06T17:00:41.314+0000] {logging_mixin.py:190} INFO - [2026-09-06T17:00:41.312+0000] {override.py:1911} INFO - Created Permission View: can delete on DAG:branching_dag
[2026-09-06T17:00:41.328+0000] {logging_mixin.py:190} INFO - [2026-09-06T17:00:41.328+0000] {override.py:1911} INFO - Created Permission View: can read on DAG:branching_dag
[2026-09-06T17:00:41.341+0000] {logging_mixin.py:190} INFO - [2026-09-06T17:00:41.341+0000] {override.py:1911} INFO - Created Permission View: can edit on DAG:branching_dag
[2026-09-06T17:00:41.356+0000] {logging_mixin.py:190} INFO - [2026-09-06T17:00:41.356+0000] {override.py:1911} INFO - Created Permission View: can create on DAG Run:branching_dag
[2026-09-06T17:00:41.367+0000] {logging_mixin.py:190} INFO - [2026-09-06T17:00:41.367+0000] {override.py:1911} INFO - Created Permission View: can read on DAG Run:branching_dag
[2026-09-06T17:00:41.376+0000] {logging_mixin.py:190} INFO - [2026-09-06T17:00:41.376+0000] {override.py:1911} INFO - Created Permission View: menu access on DAG Run:branching_dag
[2026-09-06T17:00:41.386+0000] {logging_mixin.py:190} INFO - [2026-09-06T17:00:41.385+0000] {override.py:1911} INFO - Created Permission View: can delete on DAG Run:branching_dag
[2026-09-06T17:00:41.386+0000] {logging_mixin.py:190} INFO - [2026-09-06T17:00:41.386+0000] {dag.py:3239} INFO - Sync 1 DAGs
[2026-09-06T17:00:41.404+0000] {logging_mixin.py:190} INFO - [2026-09-06T17:00:41.404+0000] {dag.py:3262} INFO - Creating ORM DAG for branching_dag
[2026-09-06T17:00:41.405+0000] {logging_mixin.py:190} INFO - [2026-09-06T17:00:41.405+0000] {dag.py:4180} INFO - Setting next_dagrun for branching_dag to None, run_after=None
[2026-09-06T17:00:41.425+0000] {processor.py:208} INFO - Processing /opt/airflow/dags/03_branching_dag.py took 0.279 seconds
[2026-09-06T17:01:11.490+0000] {processor.py:186} INFO - Started process (PID=205) to work on /opt/airflow/dags/03_branching_dag.py
[2026-09-06T17:01:11.490+0000] {processor.py:914} INFO - Processing file /opt/airflow/dags/03_branching_dag.py for tasks to queue
[2026-09-06T17:01:11.491+0000] {logging_mixin.py:190} INFO - [2026-09-06T17:01:11.491+0000] {dagbag.py:588} INFO - Filling up the DagBag from /opt/airflow/dags/03_branching_dag.py
[2026-09-06T17:01:11.506+0000] {processor.py:925} INFO - DAG(s) 'branching_dag' retrieved from /opt/airflow/dags/03_branching_dag.py
[2026-09-06T17:01:11.535+0000] {logging_mixin.py:190} INFO - [2026-09-06T17:01:11.535+0000] {dag.py:3239} INFO - Sync 1 DAGs
[2026-09-06T17:01:11.549+0000] {logging_mixin.py:190} INFO - [2026-09-06T17:01:11.548+0000] {dag.py:4180} INFO - Setting next_dagrun for branching_dag to None, run_after=None
[2026-09-06T17:01:11.578+0000] {processor.py:208} INFO - Processing /opt/airflow/dags/03_branching_dag.py took 0.092 seconds
[2026-09-06T17:01:41.710+0000] {processor.py:186} INFO - Started process (PID=221) to work on /opt/airflow/dags/03_branching_dag.py
[2026-09-06T17:01:41.710+0000] {processor.py:914} INFO - Processing file /opt/airflow/dags/03_branching_dag.py for tasks to queue
[2026-09-06T17:01:41.711+0000] {logging_mixin.py:190} INFO - [2026-09-06T17:01:41.711+0000] {dagbag.py:588} INFO - Filling up the DagBag from /opt/airflow/dags/03_branching_dag.py
[2026-09-06T17:01:41.722+0000] {processor.py:925} INFO - DAG(s) 'branching_dag' retrieved from /opt/airflow/dags/03_branching_dag.py
[2026-09-06T17:01:41.744+0000] {logging_mixin.py:190} INFO - [2026-09-06T17:01:41.744+0000] {dag.py:3239} INFO - Sync 1 DAGs
[2026-09-06T17:01:41.757+0000] {logging_mixin.py:190} INFO - [2026-09-06T17:01:41.756+0000] {dag.py:4180} INFO - Setting next_dagrun for branching_dag to None, run_after=None
[2026-09-06T17:01:41.774+0000] {processor.py:208} INFO - Processing /opt/airflow/dags/03_branching_dag.py took 0.068 seconds
[2026-09-06T17:02:12.424+0000] {processor.py:186} INFO - Started process (PID=237) to work on /opt/airflow/dags/03_branching_dag.py
[2026-09-06T17:02:12.425+0000] {processor.py:914} INFO - Processing file /opt/airflow/dags/03_branching_dag.py for tasks to queue
[2026-09-06T17:02:12.426+0000] {logging_mixin.py:190} INFO - [2026-09-06T17:02:12.426+0000] {dagbag.py:588} INFO - Filling up the DagBag from /opt/airflow/dags/03_branching_dag.py
[2026-09-06T17:02:12.439+0000] {processor.py:925} INFO - DAG(s) 'branching_dag' retrieved from /opt/airflow/dags/03_branching_dag.py
[2026-09-06T17:02:12.460+0000] {logging_mixin.py:190} INFO - [2026-09-06T17:02:12.460+0000] {dag.py:3239} INFO - Sync 1 DAGs
[2026-09-06T17:02:12.474+0000] {logging_mixin.py:190} INFO - [2026-09-06T17:02:12.473+0000] {dag.py:4180} INFO - Setting next_dagrun for branching_dag to None, run_after=None
[2026-09-06T17:02:12.620+0000] {processor.py:208} INFO - Processing /opt/airflow/dags/03_branching_dag.py took 0.201 seconds
[2026-09-06T17:02:42.834+0000] {processor.py:186} INFO - Started process (PID=253) to work on /opt/airflow/dags/03_branching_dag.py
[2026-09-06T17:02:42.835+0000] {processor.py:914} INFO - Processing file /opt/airflow/dags/03_branching_dag.py for tasks to queue
[2026-09-06T17:02:42.836+0000] {logging_mixin.py:190} INFO - [2026-09-06T17:02:42.836+0000] {dagbag.py:588} INFO - Filling up the DagBag from /opt/airflow/dags/03_branching_dag.py
[2026-09-06T17:02:42.969+0000] {processor.py:925} INFO - DAG(s) 'branching_dag' retrieved from /opt/airflow/dags/03_branching_dag.py
[2026-09-06T17:02:42.987+0000] {logging_mixin.py:190} INFO - [2026-09-06T17:02:42.986+0000] {dag.py:3239} INFO - Sync 1 DAGs
[2026-09-06T17:02:42.996+0000] {logging_mixin.py:190} INFO - [2026-09-06T17:02:42.996+0000] {dag.py:4180} INFO - Setting next_dagrun for branching_dag to None, run_after=None
[2026-09-06T17:02:43.015+0000] {processor.py:208} INFO - Processing /opt/airflow/dags/03_branching_dag.py took 0.185 seconds
[2026-09-06T17:03:13.556+0000] {processor.py:186} INFO - Started process (PID=269) to work on /opt/airflow/dags/03_branching_dag.py
[2026-09-06T17:03:13.556+0000] {processor.py:914} INFO - Processing file /opt/airflow/dags/03_branching_dag.py for tasks to queue
[2026-09-06T17:03:13.557+0000] {logging_mixin.py:190} INFO - [2026-09-06T17:03:13.557+0000] {dagbag.py:588} INFO - Filling up the DagBag from /opt/airflow/dags/03_branching_dag.py
[2026-09-06T17:03:13.570+0000] {processor.py:925} INFO - DAG(s) 'branching_dag' retrieved from /opt/airflow/dags/03_branching_dag.py
[2026-09-06T17:03:13.590+0000] {logging_mixin.py:190} INFO - [2026-09-06T17:03:13.590+0000] {dag.py:3239} INFO - Sync 1 DAGs
[2026-09-06T17:03:13.602+0000] {logging_mixin.py:190} INFO - [2026-09-06T17:03:13.602+0000] {dag.py:4180} INFO - Setting next_dagrun for branching_dag to None, run_after=None
[2026-09-06T17:03:13.618+0000] {processor.py:208} INFO - Processing /opt/airflow/dags/03_branching_dag.py took 0.067 seconds
[2026-09-06T17:03:44.443+0000] {processor.py:186} INFO - Started process (PID=285) to work on /opt/airflow/dags/03_branching_dag.py
[2026-09-06T17:03:44.443+0000] {processor.py:914} INFO - Processing file /opt/airflow/dags/03_branching_dag.py for tasks to queue
[2026-09-06T17:03:44.445+0000] {logging_mixin.py:190} INFO - [2026-09-06T17:03:44.444+0000] {dagbag.py:588} INFO - Filling up the DagBag from /opt/airflow/dags/03_branching_dag.py
[2026-09-06T17:03:44.467+0000] {processor.py:925} INFO - DAG(s) 'branching_dag' retrieved from /opt/airflow/dags/03_branching_dag.py
[2026-09-06T17:03:44.503+0000] {logging_mixin.py:190} INFO - [2026-09-06T17:03:44.503+0000] {dag.py:3239} INFO - Sync 1 DAGs
[2026-09-06T17:03:44.526+0000] {logging_mixin.py:190} INFO - [2026-09-06T17:03:44.525+0000] {dag.py:4180} INFO - Setting next_dagrun for branching_dag to None, run_after=None
[2026-09-06T17:03:44.553+0000] {processor.py:208} INFO - Processing /opt/airflow/dags/03_branching_dag.py took 0.116 seconds
[2026-09-06T17:04:15.259+0000] {processor.py:186} INFO - Started process (PID=301) to work on /opt/airflow/dags/03_branching_dag.py
[2026-09-06T17:04:15.260+0000] {processor.py:914} INFO - Processing file /opt/airflow/dags/03_branching_dag.py for tasks to queue
[2026-09-06T17:04:15.261+0000] {logging_mixin.py:190} INFO - [2026-09-06T17:04:15.261+0000] {dagbag.py:588} INFO - Filling up the DagBag from /opt/airflow/dags/03_branching_dag.py
[2026-09-06T17:04:15.276+0000] {processor.py:925} INFO - DAG(s) 'branching_dag' retrieved from /opt/airflow/dags/03_branching_dag.py
[2026-09-06T17:04:15.299+0000] {logging_mixin.py:190} INFO - [2026-09-06T17:04:15.299+0000] {dag.py:3239} INFO - Sync 1 DAGs
[2026-09-06T17:04:15.311+0000] {logging_mixin.py:190} INFO - [2026-09-06T17:04:15.311+0000] {dag.py:4180} INFO - Setting next_dagrun for branching_dag to None, run_after=None
[2026-09-06T17:04:15.328+0000] {processor.py:208} INFO - Processing /opt/airflow/dags/03_branching_dag.py took 0.074 seconds
[2026-09-06T17:04:45.845+0000] {processor.py:186} INFO - Started process (PID=317) to work on /opt/airflow/dags/03_branching_dag.py
[2026-09-06T17:04:45.846+0000] {processor.py:914} INFO - Processing file /opt/airflow/dags/03_branching_dag.py for tasks to queue
[2026-09-06T17:04:45.847+0000] {logging_mixin.py:190} INFO - [2026-09-06T17:04:45.846+0000] {dagbag.py:588} INFO - Filling up the DagBag from /opt/airflow/dags/03_branching_dag.py
[2026-09-06T17:04:45.858+0000] {processor.py:925} INFO - DAG(s) 'branching_dag' retrieved from /opt/airflow/dags/03_branching_dag.py
[2026-09-06T17:04:45.880+0000] {logging_mixin.py:190} INFO - [2026-09-06T17:04:45.880+0000] {dag.py:3239} INFO - Sync 1 DAGs
[2026-09-06T17:04:45.891+0000] {logging_mixin.py:190} INFO - [2026-09-06T17:04:45.891+0000] {dag.py:4180} INFO - Setting next_dagrun for branching_dag to None, run_after=None
[2026-09-06T17:04:45.915+0000] {processor.py:208} INFO - Processing /opt/airflow/dags/03_branching_dag.py took 0.075 seconds
[2026-09-06T17:05:16.445+0000] {processor.py:186} INFO - Started process (PID=333) to work on /opt/airflow/dags/03_branching_dag.py
[2026-09-06T17:05:16.445+0000] {processor.py:914} INFO - Processing file /opt/airflow/dags/03_branching_dag.py for tasks to queue
[2026-09-06T17:05:16.446+0000] {logging_mixin.py:190} INFO - [2026-09-06T17:05:16.446+0000] {dagbag.py:588} INFO - Filling up the DagBag from /opt/airflow/dags/03_branching_dag.py
[2026-09-06T17:05:16.458+0000] {processor.py:925} INFO - DAG(s) 'branching_dag' retrieved from /opt/airflow/dags/03_branching_dag.py
[2026-09-06T17:05:16.480+0000] {logging_mixin.py:190} INFO - [2026-09-06T17:05:16.480+0000] {dag.py:3239} INFO - Sync 1 DAGs
[2026-09-06T17:05:16.493+0000] {logging_mixin.py:190} INFO - [2026-09-06T17:05:16.492+0000] {dag.py:4180} INFO - Setting next_dagrun for branching_dag to None, run_after=None
[2026-09-06T17:05:16.509+0000] {processor.py:208} INFO - Processing /opt/airflow/dags/03_branching_dag.py took 0.069 seconds
[2026-09-06T17:05:47.384+0000] {processor.py:186} INFO - Started process (PID=349) to work on /opt/airflow/dags/03_branching_dag.py
[2026-09-06T17:05:47.384+0000] {processor.py:914} INFO - Processing file /opt/airflow/dags/03_branching_dag.py for tasks to queue
[2026-09-06T17:05:47.386+0000] {logging_mixin.py:190} INFO - [2026-09-06T17:05:47.385+0000] {dagbag.py:588} INFO - Filling up the DagBag from /opt/airflow/dags/03_branching_dag.py
[2026-09-06T17:05:47.402+0000] {processor.py:925} INFO - DAG(s) 'branching_dag' retrieved from /opt/airflow/dags/03_branching_dag.py
[2026-09-06T17:05:47.428+0000] {logging_mixin.py:190} INFO - [2026-09-06T17:05:47.428+0000] {dag.py:3239} INFO - Sync 1 DAGs
[2026-09-06T17:05:47.442+0000] {logging_mixin.py:190} INFO - [2026-09-06T17:05:47.442+0000] {dag.py:4180} INFO - Setting next_dagrun for branching_dag to None, run_after=None
[2026-09-06T17:05:47.460+0000] {processor.py:208} INFO - Processing /opt/airflow/dags/03_branching_dag.py took 0.083 seconds
[2026-09-06T17:06:17.916+0000] {processor.py:186} INFO - Started process (PID=363) to work on /opt/airflow/dags/03_branching_dag.py
[2026-09-06T17:06:17.917+0000] {processor.py:914} INFO - Processing file /opt/airflow/dags/03_branching_dag.py for tasks to queue
[2026-09-06T17:06:17.918+0000] {logging_mixin.py:190} INFO - [2026-09-06T17:06:17.918+0000] {dagbag.py:588} INFO - Filling up the DagBag from /opt/airflow/dags/03_branching_dag.py
[2026-09-06T17:06:17.931+0000] {processor.py:925} INFO - DAG(s) 'branching_dag' retrieved from /opt/airflow/dags/03_branching_dag.py
[2026-09-06T17:06:17.953+0000] {logging_mixin.py:190} INFO - [2026-09-06T17:06:17.953+0000] {dag.py:3239} INFO - Sync 1 DAGs
[2026-09-06T17:06:17.965+0000] {logging_mixin.py:190} INFO - [2026-09-06T17:06:17.965+0000] {dag.py:4180} INFO - Setting next_dagrun for branching_dag to None, run_after=None
[2026-09-06T17:06:17.981+0000] {processor.py:208} INFO - Processing /opt/airflow/dags/03_branching_dag.py took 0.069 seconds
[2026-09-06T17:06:48.492+0000] {processor.py:186} INFO - Started process (PID=378) to work on /opt/airflow/dags/03_branching_dag.py
[2026-09-06T17:06:48.493+0000] {processor.py:914} INFO - Processing file /opt/airflow/dags/03_branching_dag.py for tasks to queue
[2026-09-06T17:06:48.494+0000] {logging_mixin.py:190} INFO - [2026-09-06T17:06:48.493+0000] {dagbag.py:588} INFO - Filling up the DagBag from /opt/airflow/dags/03_branching_dag.py
[2026-09-06T17:06:48.505+0000] {processor.py:925} INFO - DAG(s) 'branching_dag' retrieved from /opt/airflow/dags/03_branching_dag.py
[2026-09-06T17:06:48.528+0000] {logging_mixin.py:190} INFO - [2026-09-06T17:06:48.528+0000] {dag.py:3239} INFO - Sync 1 DAGs
[2026-09-06T17:06:48.540+0000] {logging_mixin.py:190} INFO - [2026-09-06T17:06:48.540+0000] {dag.py:4180} INFO - Setting next_dagrun for branching_dag to None, run_after=None
[2026-09-06T17:06:48.555+0000] {processor.py:208} INFO - Processing /opt/airflow/dags/03_branching_dag.py took 0.068 seconds
[2026-09-06T17:07:19.036+0000] {processor.py:186} INFO - Started process (PID=392) to work on /opt/airflow/dags/03_branching_dag.py
[2026-09-06T17:07:19.037+0000] {processor.py:914} INFO - Processing file /opt/airflow/dags/03_branching_dag.py for tasks to queue
[2026-09-06T17:07:19.038+0000] {logging_mixin.py:190} INFO - [2026-09-06T17:07:19.038+0000] {dagbag.py:588} INFO - Filling up the DagBag from /opt/airflow/dags/03_branching_dag.py
[2026-09-06T17:07:19.057+0000] {processor.py:925} INFO - DAG(s) 'branching_dag' retrieved from /opt/airflow/dags/03_branching_dag.py
[2026-09-06T17:07:19.089+0000] {logging_mixin.py:190} INFO - [2026-09-06T17:07:19.089+0000] {dag.py:3239} INFO - Sync 1 DAGs
[2026-09-06T17:07:19.105+0000] {logging_mixin.py:190} INFO - [2026-09-06T17:07:19.104+0000] {dag.py:4180} INFO - Setting next_dagrun for branching_dag to None, run_after=None
[2026-09-06T17:07:19.126+0000] {processor.py:208} INFO - Processing /opt/airflow/dags/03_branching_dag.py took 0.096 seconds
[2026-09-06T17:07:49.611+0000] {processor.py:186} INFO - Started process (PID=406) to work on /opt/airflow/dags/03_branching_dag.py
[2026-09-06T17:07:49.612+0000] {processor.py:914} INFO - Processing file /opt/airflow/dags/03_branching_dag.py for tasks to queue
[2026-09-06T17:07:49.613+0000] {logging_mixin.py:190} INFO - [2026-09-06T17:07:49.613+0000] {dagbag.py:588} INFO - Filling up the DagBag from /opt/airflow/dags/03_branching_dag.py
[2026-09-06T17:07:49.625+0000] {processor.py:925} INFO - DAG(s) 'branching_dag' retrieved from /opt/airflow/dags/03_branching_dag.py
[2026-09-06T17:07:49.647+0000] {logging_mixin.py:190} INFO - [2026-09-06T17:07:49.647+0000] {dag.py:3239} INFO - Sync 1 DAGs
[2026-09-06T17:07:49.658+0000] {logging_mixin.py:190} INFO - [2026-09-06T17:07:49.658+0000] {dag.py:4180} INFO - Setting next_dagrun for branching_dag to None, run_after=None
[2026-09-06T17:07:49.676+0000] {processor.py:208} INFO - Processing /opt/airflow/dags/03_branching_dag.py took 0.069 seconds
[2026-09-06T17:08:20.182+0000] {processor.py:186} INFO - Started process (PID=420) to work on /opt/airflow/dags/03_branching_dag.py
[2026-09-06T17:08:20.182+0000] {processor.py:914} INFO - Processing file /opt/airflow/dags/03_branching_dag.py for tasks to queue
[2026-09-06T17:08:20.184+0000] {logging_mixin.py:190} INFO - [2026-09-06T17:08:20.183+0000] {dagbag.py:588} INFO - Filling up the DagBag from /opt/airflow/dags/03_branching_dag.py
[2026-09-06T17:08:20.198+0000] {processor.py:925} INFO - DAG(s) 'branching_dag' retrieved from /opt/airflow/dags/03_branching_dag.py
[2026-09-06T17:08:20.225+0000] {logging_mixin.py:190} INFO - [2026-09-06T17:08:20.225+0000] {dag.py:3239} INFO - Sync 1 DAGs
[2026-09-06T17:08:20.245+0000] {logging_mixin.py:190} INFO - [2026-09-06T17:08:20.245+0000] {dag.py:4180} INFO - Setting next_dagrun for branching_dag to None, run_after=None
[2026-09-06T17:08:20.263+0000] {processor.py:208} INFO - Processing /opt/airflow/dags/03_branching_dag.py took 0.086 seconds
[2026-09-06T17:08:50.815+0000] {processor.py:186} INFO - Started process (PID=434) to work on /opt/airflow/dags/03_branching_dag.py
[2026-09-06T17:08:50.816+0000] {processor.py:914} INFO - Processing file /opt/airflow/dags/03_branching_dag.py for tasks to queue
[2026-09-06T17:08:50.817+0000] {logging_mixin.py:190} INFO - [2026-09-06T17:08:50.816+0000] {dagbag.py:588} INFO - Filling up the DagBag from /opt/airflow/dags/03_branching_dag.py
[2026-09-06T17:08:50.831+0000] {processor.py:925} INFO - DAG(s) 'branching_dag' retrieved from /opt/airflow/dags/03_branching_dag.py
[2026-09-06T17:08:50.853+0000] {logging_mixin.py:190} INFO - [2026-09-06T17:08:50.853+0000] {dag.py:3239} INFO - Sync 1 DAGs
[2026-09-06T17:08:50.865+0000] {logging_mixin.py:190} INFO - [2026-09-06T17:08:50.864+0000] {dag.py:4180} INFO - Setting next_dagrun for branching_dag to None, run_after=None
[2026-09-06T17:08:50.887+0000] {processor.py:208} INFO - Processing /opt/airflow/dags/03_branching_dag.py took 0.077 seconds
[2026-09-06T17:09:21.604+0000] {processor.py:186} INFO - Started process (PID=448) to work on /opt/airflow/dags/03_branching_dag.py
[2026-09-06T17:09:21.605+0000] {processor.py:914} INFO - Processing file /opt/airflow/dags/03_branching_dag.py for tasks to queue
[2026-09-06T17:09:21.607+0000] {logging_mixin.py:190} INFO - [2026-09-06T17:09:21.606+0000] {dagbag.py:588} INFO - Filling up the DagBag from /opt/airflow/dags/03_branching_dag.py
[2026-09-06T17:09:21.625+0000] {processor.py:925} INFO - DAG(s) 'branching_dag' retrieved from /opt/airflow/dags/03_branching_dag.py
[2026-09-06T17:09:21.657+0000] {logging_mixin.py:190} INFO - [2026-09-06T17:09:21.657+0000] {dag.py:3239} INFO - Sync 1 DAGs
[2026-09-06T17:09:21.671+0000] {logging_mixin.py:190} INFO - [2026-09-06T17:09:21.671+0000] {dag.py:4180} INFO - Setting next_dagrun for branching_dag to None, run_after=None
[2026-09-06T17:09:21.691+0000] {processor.py:208} INFO - Processing /opt/airflow/dags/03_branching_dag.py took 0.096 seconds
[2026-09-06T17:09:52.323+0000] {processor.py:186} INFO - Started process (PID=462) to work on /opt/airflow/dags/03_branching_dag.py
[2026-09-06T17:09:52.324+0000] {processor.py:914} INFO - Processing file /opt/airflow/dags/03_branching_dag.py for tasks to queue
[2026-09-06T17:09:52.325+0000] {logging_mixin.py:190} INFO - [2026-09-06T17:09:52.325+0000] {dagbag.py:588} INFO - Filling up the DagBag from /opt/airflow/dags/03_branching_dag.py
[2026-09-06T17:09:52.341+0000] {processor.py:925} INFO - DAG(s) 'branching_dag' retrieved from /opt/airflow/dags/03_branching_dag.py
[2026-09-06T17:09:52.370+0000] {logging_mixin.py:190} INFO - [2026-09-06T17:09:52.370+0000] {dag.py:3239} INFO - Sync 1 DAGs
[2026-09-06T17:09:52.385+0000] {logging_mixin.py:190} INFO - [2026-09-06T17:09:52.385+0000] {dag.py:4180} INFO - Setting next_dagrun for branching_dag to None, run_after=None
[2026-09-06T17:09:52.408+0000] {processor.py:208} INFO - Processing /opt/airflow/dags/03_branching_dag.py took 0.089 seconds
[2026-09-06T17:10:22.475+0000] {processor.py:186} INFO - Started process (PID=476) to work on /opt/airflow/dags/03_branching_dag.py
[2026-09-06T17:10:22.476+0000] {processor.py:914} INFO - Processing file /opt/airflow/dags/03_branching_dag.py for tasks to queue
[2026-09-06T17:10:22.477+0000] {logging_mixin.py:190} INFO - [2026-09-06T17:10:22.477+0000] {dagbag.py:588} INFO - Filling up the DagBag from /opt/airflow/dags/03_branching_dag.py
[2026-09-06T17:10:22.494+0000] {processor.py:925} INFO - DAG(s) 'branching_dag' retrieved from /opt/airflow/dags/03_branching_dag.py
[2026-09-06T17:10:22.528+0000] {logging_mixin.py:190} INFO - [2026-09-06T17:10:22.524+0000] {dag.py:3239} INFO - Sync 1 DAGs
[2026-09-06T17:10:22.557+0000] {logging_mixin.py:190} INFO - [2026-09-06T17:10:22.556+0000] {dag.py:4180} INFO - Setting next_dagrun for branching_dag to None, run_after=None
[2026-09-06T17:10:22.589+0000] {processor.py:208} INFO - Processing /opt/airflow/dags/03_branching_dag.py took 0.123 seconds
[2026-09-06T17:10:53.179+0000] {processor.py:186} INFO - Started process (PID=490) to work on /opt/airflow/dags/03_branching_dag.py
[2026-09-06T17:10:53.179+0000] {processor.py:914} INFO - Processing file /opt/airflow/dags/03_branching_dag.py for tasks to queue
[2026-09-06T17:10:53.181+0000] {logging_mixin.py:190} INFO - [2026-09-06T17:10:53.180+0000] {dagbag.py:588} INFO - Filling up the DagBag from /opt/airflow/dags/03_branching_dag.py
[2026-09-06T17:10:53.197+0000] {processor.py:925} INFO - DAG(s) 'branching_dag' retrieved from /opt/airflow/dags/03_branching_dag.py
[2026-09-06T17:10:53.221+0000] {logging_mixin.py:190} INFO - [2026-09-06T17:10:53.221+0000] {dag.py:3239} INFO - Sync 1 DAGs
[2026-09-06T17:10:53.236+0000] {logging_mixin.py:190} INFO - [2026-09-06T17:10:53.235+0000] {dag.py:4180} INFO - Setting next_dagrun for branching_dag to None, run_after=None
[2026-09-06T17:10:53.256+0000] {processor.py:208} INFO - Processing /opt/airflow/dags/03_branching_dag.py took 0.083 seconds
[2026-09-06T17:11:23.834+0000] {processor.py:186} INFO - Started process (PID=504) to work on /opt/airflow/dags/03_branching_dag.py
[2026-09-06T17:11:23.834+0000] {processor.py:914} INFO - Processing file /opt/airflow/dags/03_branching_dag.py for tasks to queue
[2026-09-06T17:11:23.838+0000] {logging_mixin.py:190} INFO - [2026-09-06T17:11:23.835+0000] {dagbag.py:588} INFO - Filling up the DagBag from /opt/airflow/dags/03_branching_dag.py
[2026-09-06T17:11:23.855+0000] {processor.py:925} INFO - DAG(s) 'branching_dag' retrieved from /opt/airflow/dags/03_branching_dag.py
[2026-09-06T17:11:23.882+0000] {logging_mixin.py:190} INFO - [2026-09-06T17:11:23.882+0000] {dag.py:3239} INFO - Sync 1 DAGs
[2026-09-06T17:11:23.895+0000] {logging_mixin.py:190} INFO - [2026-09-06T17:11:23.894+0000] {dag.py:4180} INFO - Setting next_dagrun for branching_dag to None, run_after=None
[2026-09-06T17:11:23.920+0000] {processor.py:208} INFO - Processing /opt/airflow/dags/03_branching_dag.py took 0.092 seconds
[2026-09-06T17:11:54.701+0000] {processor.py:186} INFO - Started process (PID=518) to work on /opt/airflow/dags/03_branching_dag.py
[2026-09-06T17:11:54.704+0000] {processor.py:914} INFO - Processing file /opt/airflow/dags/03_branching_dag.py for tasks to queue
[2026-09-06T17:11:54.705+0000] {logging_mixin.py:190} INFO - [2026-09-06T17:11:54.705+0000] {dagbag.py:588} INFO - Filling up the DagBag from /opt/airflow/dags/03_branching_dag.py
[2026-09-06T17:11:54.721+0000] {processor.py:925} INFO - DAG(s) 'branching_dag' retrieved from /opt/airflow/dags/03_branching_dag.py
[2026-09-06T17:11:54.747+0000] {logging_mixin.py:190} INFO - [2026-09-06T17:11:54.747+0000] {dag.py:3239} INFO - Sync 1 DAGs
[2026-09-06T17:11:54.761+0000] {logging_mixin.py:190} INFO - [2026-09-06T17:11:54.761+0000] {dag.py:4180} INFO - Setting next_dagrun for branching_dag to None, run_after=None
[2026-09-06T17:11:54.784+0000] {processor.py:208} INFO - Processing /opt/airflow/dags/03_branching_dag.py took 0.088 seconds
[2026-09-06T17:12:25.415+0000] {processor.py:186} INFO - Started process (PID=532) to work on /opt/airflow/dags/03_branching_dag.py
[2026-09-06T17:12:25.415+0000] {processor.py:914} INFO - Processing file /opt/airflow/dags/03_branching_dag.py for tasks to queue
[2026-09-06T17:12:25.416+0000] {logging_mixin.py:190} INFO - [2026-09-06T17:12:25.416+0000] {dagbag.py:588} INFO - Filling up the DagBag from /opt/airflow/dags/03_branching_dag.py
[2026-09-06T17:12:25.431+0000] {processor.py:925} INFO - DAG(s) 'branching_dag' retrieved from /opt/airflow/dags/03_branching_dag.py
[2026-09-06T17:12:25.457+0000] {logging_mixin.py:190} INFO - [2026-09-06T17:12:25.457+0000] {dag.py:3239} INFO - Sync 1 DAGs
[2026-09-06T17:12:25.471+0000] {logging_mixin.py:190} INFO - [2026-09-06T17:12:25.471+0000] {dag.py:4180} INFO - Setting next_dagrun for branching_dag to None, run_after=None
[2026-09-06T17:12:25.489+0000] {processor.py:208} INFO - Processing /opt/airflow/dags/03_branching_dag.py took 0.080 seconds
[2026-09-06T17:12:56.130+0000] {processor.py:186} INFO - Started process (PID=552) to work on /opt/airflow/dags/03_branching_dag.py
[2026-09-06T17:12:56.131+0000] {processor.py:914} INFO - Processing file /opt/airflow/dags/03_branching_dag.py for tasks to queue
[2026-09-06T17:12:56.132+0000] {logging_mixin.py:190} INFO - [2026-09-06T17:12:56.132+0000] {dagbag.py:588} INFO - Filling up the DagBag from /opt/airflow/dags/03_branching_dag.py
[2026-09-06T17:12:56.151+0000] {processor.py:925} INFO - DAG(s) 'branching_dag' retrieved from /opt/airflow/dags/03_branching_dag.py
[2026-09-06T17:12:56.183+0000] {logging_mixin.py:190} INFO - [2026-09-06T17:12:56.183+0000] {dag.py:3239} INFO - Sync 1 DAGs
[2026-09-06T17:12:56.202+0000] {logging_mixin.py:190} INFO - [2026-09-06T17:12:56.201+0000] {dag.py:4180} INFO - Setting next_dagrun for branching_dag to None, run_after=None
[2026-09-06T17:12:56.229+0000] {processor.py:208} INFO - Processing /opt/airflow/dags/03_branching_dag.py took 0.104 seconds
[2026-09-06T17:13:26.874+0000] {processor.py:186} INFO - Started process (PID=566) to work on /opt/airflow/dags/03_branching_dag.py
[2026-09-06T17:13:26.875+0000] {processor.py:914} INFO - Processing file /opt/airflow/dags/03_branching_dag.py for tasks to queue
[2026-09-06T17:13:26.876+0000] {logging_mixin.py:190} INFO - [2026-09-06T17:13:26.876+0000] {dagbag.py:588} INFO - Filling up the DagBag from /opt/airflow/dags/03_branching_dag.py
[2026-09-06T17:13:26.891+0000] {processor.py:925} INFO - DAG(s) 'branching_dag' retrieved from /opt/airflow/dags/03_branching_dag.py
[2026-09-06T17:13:26.920+0000] {logging_mixin.py:190} INFO - [2026-09-06T17:13:26.919+0000] {dag.py:3239} INFO - Sync 1 DAGs
[2026-09-06T17:13:26.935+0000] {logging_mixin.py:190} INFO - [2026-09-06T17:13:26.935+0000] {dag.py:4180} INFO - Setting next_dagrun for branching_dag to None, run_after=None
[2026-09-06T17:13:26.961+0000] {processor.py:208} INFO - Processing /opt/airflow/dags/03_branching_dag.py took 0.093 seconds
[2026-09-06T17:13:57.544+0000] {processor.py:186} INFO - Started process (PID=580) to work on /opt/airflow/dags/03_branching_dag.py
[2026-09-06T17:13:57.545+0000] {processor.py:914} INFO - Processing file /opt/airflow/dags/03_branching_dag.py for tasks to queue
[2026-09-06T17:13:57.546+0000] {logging_mixin.py:190} INFO - [2026-09-06T17:13:57.546+0000] {dagbag.py:588} INFO - Filling up the DagBag from /opt/airflow/dags/03_branching_dag.py
[2026-09-06T17:13:57.560+0000] {processor.py:925} INFO - DAG(s) 'branching_dag' retrieved from /opt/airflow/dags/03_branching_dag.py
[2026-09-06T17:13:57.591+0000] {logging_mixin.py:190} INFO - [2026-09-06T17:13:57.590+0000] {dag.py:3239} INFO - Sync 1 DAGs
[2026-09-06T17:13:57.604+0000] {logging_mixin.py:190} INFO - [2026-09-06T17:13:57.603+0000] {dag.py:4180} INFO - Setting next_dagrun for branching_dag to None, run_after=None
[2026-09-06T17:13:57.625+0000] {processor.py:208} INFO - Processing /opt/airflow/dags/03_branching_dag.py took 0.086 seconds
[2026-09-06T17:14:28.310+0000] {processor.py:186} INFO - Started process (PID=594) to work on /opt/airflow/dags/03_branching_dag.py
[2026-09-06T17:14:28.310+0000] {processor.py:914} INFO - Processing file /opt/airflow/dags/03_branching_dag.py for tasks to queue
[2026-09-06T17:14:28.311+0000] {logging_mixin.py:190} INFO - [2026-09-06T17:14:28.311+0000] {dagbag.py:588} INFO - Filling up the DagBag from /opt/airflow/dags/03_branching_dag.py
[2026-09-06T17:14:28.329+0000] {processor.py:925} INFO - DAG(s) 'branching_dag' retrieved from /opt/airflow/dags/03_branching_dag.py
[2026-09-06T17:14:28.358+0000] {logging_mixin.py:190} INFO - [2026-09-06T17:14:28.358+0000] {dag.py:3239} INFO - Sync 1 DAGs
[2026-09-06T17:14:28.374+0000] {logging_mixin.py:190} INFO - [2026-09-06T17:14:28.373+0000] {dag.py:4180} INFO - Setting next_dagrun for branching_dag to None, run_after=None
[2026-09-06T17:14:28.394+0000] {processor.py:208} INFO - Processing /opt/airflow/dags/03_branching_dag.py took 0.090 seconds
[2026-09-06T17:14:58.991+0000] {processor.py:186} INFO - Started process (PID=608) to work on /opt/airflow/dags/03_branching_dag.py
[2026-09-06T17:14:58.991+0000] {processor.py:914} INFO - Processing file /opt/airflow/dags/03_branching_dag.py for tasks to queue
[2026-09-06T17:14:58.992+0000] {logging_mixin.py:190} INFO - [2026-09-06T17:14:58.992+0000] {dagbag.py:588} INFO - Filling up the DagBag from /opt/airflow/dags/03_branching_dag.py
[2026-09-06T17:14:59.009+0000] {processor.py:925} INFO - DAG(s) 'branching_dag' retrieved from /opt/airflow/dags/03_branching_dag.py
[2026-09-06T17:14:59.035+0000] {logging_mixin.py:190} INFO - [2026-09-06T17:14:59.035+0000] {dag.py:3239} INFO - Sync 1 DAGs
[2026-09-06T17:14:59.050+0000] {logging_mixin.py:190} INFO - [2026-09-06T17:14:59.049+0000] {dag.py:4180} INFO - Setting next_dagrun for branching_dag to None, run_after=None
[2026-09-06T17:14:59.071+0000] {processor.py:208} INFO - Processing /opt/airflow/dags/03_branching_dag.py took 0.085 seconds
[2026-09-06T17:15:29.664+0000] {processor.py:186} INFO - Started process (PID=622) to work on /opt/airflow/dags/03_branching_dag.py
[2026-09-06T17:15:29.665+0000] {processor.py:914} INFO - Processing file /opt/airflow/dags/03_branching_dag.py for tasks to queue
[2026-09-06T17:15:29.666+0000] {logging_mixin.py:190} INFO - [2026-09-06T17:15:29.666+0000] {dagbag.py:588} INFO - Filling up the DagBag from /opt/airflow/dags/03_branching_dag.py
[2026-09-06T17:15:29.683+0000] {processor.py:925} INFO - DAG(s) 'branching_dag' retrieved from /opt/airflow/dags/03_branching_dag.py
[2026-09-06T17:15:29.709+0000] {logging_mixin.py:190} INFO - [2026-09-06T17:15:29.708+0000] {dag.py:3239} INFO - Sync 1 DAGs
[2026-09-06T17:15:29.722+0000] {logging_mixin.py:190} INFO - [2026-09-06T17:15:29.722+0000] {dag.py:4180} INFO - Setting next_dagrun for branching_dag to None, run_after=None
[2026-09-06T17:15:29.747+0000] {processor.py:208} INFO - Processing /opt/airflow/dags/03_branching_dag.py took 0.089 seconds
[2026-09-06T17:15:59.931+0000] {processor.py:186} INFO - Started process (PID=636) to work on /opt/airflow/dags/03_branching_dag.py
[2026-09-06T17:15:59.932+0000] {processor.py:914} INFO - Processing file /opt/airflow/dags/03_branching_dag.py for tasks to queue
[2026-09-06T17:15:59.933+0000] {logging_mixin.py:190} INFO - [2026-09-06T17:15:59.932+0000] {dagbag.py:588} INFO - Filling up the DagBag from /opt/airflow/dags/03_branching_dag.py
[2026-09-06T17:15:59.951+0000] {processor.py:925} INFO - DAG(s) 'branching_dag' retrieved from /opt/airflow/dags/03_branching_dag.py
[2026-09-06T17:15:59.976+0000] {logging_mixin.py:190} INFO - [2026-09-06T17:15:59.976+0000] {dag.py:3239} INFO - Sync 1 DAGs
[2026-09-06T17:15:59.990+0000] {logging_mixin.py:190} INFO - [2026-09-06T17:15:59.990+0000] {dag.py:4180} INFO - Setting next_dagrun for branching_dag to None, run_after=None
[2026-09-06T17:16:00.012+0000] {processor.py:208} INFO - Processing /opt/airflow/dags/03_branching_dag.py took 0.087 seconds
[2026-09-06T17:16:30.631+0000] {processor.py:186} INFO - Started process (PID=650) to work on /opt/airflow/dags/03_branching_dag.py
[2026-09-06T17:16:30.632+0000] {processor.py:914} INFO - Processing file /opt/airflow/dags/03_branching_dag.py for tasks to queue
[2026-09-06T17:16:30.637+0000] {logging_mixin.py:190} INFO - [2026-09-06T17:16:30.637+0000] {dagbag.py:588} INFO - Filling up the DagBag from /opt/airflow/dags/03_branching_dag.py
[2026-09-06T17:16:30.656+0000] {processor.py:925} INFO - DAG(s) 'branching_dag' retrieved from /opt/airflow/dags/03_branching_dag.py
[2026-09-06T17:16:30.700+0000] {logging_mixin.py:190} INFO - [2026-09-06T17:16:30.700+0000] {dag.py:3239} INFO - Sync 1 DAGs
[2026-09-06T17:16:30.732+0000] {logging_mixin.py:190} INFO - [2026-09-06T17:16:30.732+0000] {dag.py:4180} INFO - Setting next_dagrun for branching_dag to None, run_after=None
[2026-09-06T17:16:30.761+0000] {processor.py:208} INFO - Processing /opt/airflow/dags/03_branching_dag.py took 0.136 seconds
[2026-09-06T17:17:01.402+0000] {processor.py:186} INFO - Started process (PID=664) to work on /opt/airflow/dags/03_branching_dag.py
[2026-09-06T17:17:01.403+0000] {processor.py:914} INFO - Processing file /opt/airflow/dags/03_branching_dag.py for tasks to queue
[2026-09-06T17:17:01.405+0000] {logging_mixin.py:190} INFO - [2026-09-06T17:17:01.404+0000] {dagbag.py:588} INFO - Filling up the DagBag from /opt/airflow/dags/03_branching_dag.py
[2026-09-06T17:17:01.421+0000] {processor.py:925} INFO - DAG(s) 'branching_dag' retrieved from /opt/airflow/dags/03_branching_dag.py
[2026-09-06T17:17:01.450+0000] {logging_mixin.py:190} INFO - [2026-09-06T17:17:01.450+0000] {dag.py:3239} INFO - Sync 1 DAGs
[2026-09-06T17:17:01.465+0000] {logging_mixin.py:190} INFO - [2026-09-06T17:17:01.465+0000] {dag.py:4180} INFO - Setting next_dagrun for branching_dag to None, run_after=None
[2026-09-06T17:17:01.489+0000] {processor.py:208} INFO - Processing /opt/airflow/dags/03_branching_dag.py took 0.095 seconds
[2026-09-06T17:17:32.078+0000] {processor.py:186} INFO - Started process (PID=678) to work on /opt/airflow/dags/03_branching_dag.py
[2026-09-06T17:17:32.078+0000] {processor.py:914} INFO - Processing file /opt/airflow/dags/03_branching_dag.py for tasks to queue
[2026-09-06T17:17:32.080+0000] {logging_mixin.py:190} INFO - [2026-09-06T17:17:32.079+0000] {dagbag.py:588} INFO - Filling up the DagBag from /opt/airflow/dags/03_branching_dag.py
[2026-09-06T17:17:32.095+0000] {processor.py:925} INFO - DAG(s) 'branching_dag' retrieved from /opt/airflow/dags/03_branching_dag.py
[2026-09-06T17:17:32.121+0000] {logging_mixin.py:190} INFO - [2026-09-06T17:17:32.121+0000] {dag.py:3239} INFO - Sync 1 DAGs
[2026-09-06T17:17:32.135+0000] {logging_mixin.py:190} INFO - [2026-09-06T17:17:32.135+0000] {dag.py:4180} INFO - Setting next_dagrun for branching_dag to None, run_after=None
[2026-09-06T17:17:32.164+0000] {processor.py:208} INFO - Processing /opt/airflow/dags/03_branching_dag.py took 0.094 seconds
[2026-09-06T17:18:02.784+0000] {processor.py:186} INFO - Started process (PID=692) to work on /opt/airflow/dags/03_branching_dag.py
[2026-09-06T17:18:02.784+0000] {processor.py:914} INFO - Processing file /opt/airflow/dags/03_branching_dag.py for tasks to queue
[2026-09-06T17:18:02.785+0000] {logging_mixin.py:190} INFO - [2026-09-06T17:18:02.785+0000] {dagbag.py:588} INFO - Filling up the DagBag from /opt/airflow/dags/03_branching_dag.py
[2026-09-06T17:18:02.800+0000] {processor.py:925} INFO - DAG(s) 'branching_dag' retrieved from /opt/airflow/dags/03_branching_dag.py
[2026-09-06T17:18:02.825+0000] {logging_mixin.py:190} INFO - [2026-09-06T17:18:02.825+0000] {dag.py:3239} INFO - Sync 1 DAGs
[2026-09-06T17:18:02.838+0000] {logging_mixin.py:190} INFO - [2026-09-06T17:18:02.838+0000] {dag.py:4180} INFO - Setting next_dagrun for branching_dag to None, run_after=None
[2026-09-06T17:18:02.858+0000] {processor.py:208} INFO - Processing /opt/airflow/dags/03_branching_dag.py took 0.080 seconds
[2026-09-06T17:18:33.445+0000] {processor.py:186} INFO - Started process (PID=706) to work on /opt/airflow/dags/03_branching_dag.py
[2026-09-06T17:18:33.446+0000] {processor.py:914} INFO - Processing file /opt/airflow/dags/03_branching_dag.py for tasks to queue
[2026-09-06T17:18:33.448+0000] {logging_mixin.py:190} INFO - [2026-09-06T17:18:33.447+0000] {dagbag.py:588} INFO - Filling up the DagBag from /opt/airflow/dags/03_branching_dag.py
[2026-09-06T17:18:33.465+0000] {processor.py:925} INFO - DAG(s) 'branching_dag' retrieved from /opt/airflow/dags/03_branching_dag.py
[2026-09-06T17:18:33.495+0000] {logging_mixin.py:190} INFO - [2026-09-06T17:18:33.495+0000] {dag.py:3239} INFO - Sync 1 DAGs
[2026-09-06T17:18:33.512+0000] {logging_mixin.py:190} INFO - [2026-09-06T17:18:33.512+0000] {dag.py:4180} INFO - Setting next_dagrun for branching_dag to None, run_after=None
[2026-09-06T17:18:33.529+0000] {processor.py:208} INFO - Processing /opt/airflow/dags/03_branching_dag.py took 0.090 seconds
[2026-09-06T17:19:04.102+0000] {processor.py:186} INFO - Started process (PID=720) to work on /opt/airflow/dags/03_branching_dag.py
[2026-09-06T17:19:04.103+0000] {processor.py:914} INFO - Processing file /opt/airflow/dags/03_branching_dag.py for tasks to queue
[2026-09-06T17:19:04.105+0000] {logging_mixin.py:190} INFO - [2026-09-06T17:19:04.105+0000] {dagbag.py:588} INFO - Filling up the DagBag from /opt/airflow/dags/03_branching_dag.py
[2026-09-06T17:19:04.119+0000] {processor.py:925} INFO - DAG(s) 'branching_dag' retrieved from /opt/airflow/dags/03_branching_dag.py
[2026-09-06T17:19:04.149+0000] {logging_mixin.py:190} INFO - [2026-09-06T17:19:04.149+0000] {dag.py:3239} INFO - Sync 1 DAGs
[2026-09-06T17:19:04.163+0000] {logging_mixin.py:190} INFO - [2026-09-06T17:19:04.162+0000] {dag.py:4180} INFO - Setting next_dagrun for branching_dag to None, run_after=None
[2026-09-06T17:19:04.186+0000] {processor.py:208} INFO - Processing /opt/airflow/dags/03_branching_dag.py took 0.090 seconds
[2026-09-06T17:19:34.939+0000] {processor.py:186} INFO - Started process (PID=734) to work on /opt/airflow/dags/03_branching_dag.py
[2026-09-06T17:19:34.939+0000] {processor.py:914} INFO - Processing file /opt/airflow/dags/03_branching_dag.py for tasks to queue
[2026-09-06T17:19:34.941+0000] {logging_mixin.py:190} INFO - [2026-09-06T17:19:34.940+0000] {dagbag.py:588} INFO - Filling up the DagBag from /opt/airflow/dags/03_branching_dag.py
[2026-09-06T17:19:34.954+0000] {processor.py:925} INFO - DAG(s) 'branching_dag' retrieved from /opt/airflow/dags/03_branching_dag.py
[2026-09-06T17:19:34.979+0000] {logging_mixin.py:190} INFO - [2026-09-06T17:19:34.979+0000] {dag.py:3239} INFO - Sync 1 DAGs
[2026-09-06T17:19:34.994+0000] {logging_mixin.py:190} INFO - [2026-09-06T17:19:34.994+0000] {dag.py:4180} INFO - Setting next_dagrun for branching_dag to None, run_after=None
[2026-09-06T17:19:35.016+0000] {processor.py:208} INFO - Processing /opt/airflow/dags/03_branching_dag.py took 0.083 seconds
[2026-09-06T17:20:05.683+0000] {processor.py:186} INFO - Started process (PID=748) to work on /opt/airflow/dags/03_branching_dag.py
[2026-09-06T17:20:05.683+0000] {processor.py:914} INFO - Processing file /opt/airflow/dags/03_branching_dag.py for tasks to queue
[2026-09-06T17:20:05.685+0000] {logging_mixin.py:190} INFO - [2026-09-06T17:20:05.684+0000] {dagbag.py:588} INFO - Filling up the DagBag from /opt/airflow/dags/03_branching_dag.py
[2026-09-06T17:20:05.703+0000] {processor.py:925} INFO - DAG(s) 'branching_dag' retrieved from /opt/airflow/dags/03_branching_dag.py
[2026-09-06T17:20:05.731+0000] {logging_mixin.py:190} INFO - [2026-09-06T17:20:05.730+0000] {dag.py:3239} INFO - Sync 1 DAGs
[2026-09-06T17:20:05.746+0000] {logging_mixin.py:190} INFO - [2026-09-06T17:20:05.746+0000] {dag.py:4180} INFO - Setting next_dagrun for branching_dag to None, run_after=None
[2026-09-06T17:20:05.774+0000] {processor.py:208} INFO - Processing /opt/airflow/dags/03_branching_dag.py took 0.099 seconds
[2026-09-06T17:20:36.402+0000] {processor.py:186} INFO - Started process (PID=762) to work on /opt/airflow/dags/03_branching_dag.py
[2026-09-06T17:20:36.403+0000] {processor.py:914} INFO - Processing file /opt/airflow/dags/03_branching_dag.py for tasks to queue
[2026-09-06T17:20:36.405+0000] {logging_mixin.py:190} INFO - [2026-09-06T17:20:36.405+0000] {dagbag.py:588} INFO - Filling up the DagBag from /opt/airflow/dags/03_branching_dag.py
[2026-09-06T17:20:36.422+0000] {processor.py:925} INFO - DAG(s) 'branching_dag' retrieved from /opt/airflow/dags/03_branching_dag.py
[2026-09-06T17:20:36.455+0000] {logging_mixin.py:190} INFO - [2026-09-06T17:20:36.455+0000] {dag.py:3239} INFO - Sync 1 DAGs
[2026-09-06T17:20:36.482+0000] {logging_mixin.py:190} INFO - [2026-09-06T17:20:36.482+0000] {dag.py:4180} INFO - Setting next_dagrun for branching_dag to None, run_after=None
[2026-09-06T17:20:36.521+0000] {processor.py:208} INFO - Processing /opt/airflow/dags/03_branching_dag.py took 0.126 seconds
[2026-09-06T17:21:07.172+0000] {processor.py:186} INFO - Started process (PID=777) to work on /opt/airflow/dags/03_branching_dag.py
[2026-09-06T17:21:07.172+0000] {processor.py:914} INFO - Processing file /opt/airflow/dags/03_branching_dag.py for tasks to queue
[2026-09-06T17:21:07.174+0000] {logging_mixin.py:190} INFO - [2026-09-06T17:21:07.173+0000] {dagbag.py:588} INFO - Filling up the DagBag from /opt/airflow/dags/03_branching_dag.py
[2026-09-06T17:21:07.188+0000] {processor.py:925} INFO - DAG(s) 'branching_dag' retrieved from /opt/airflow/dags/03_branching_dag.py
[2026-09-06T17:21:07.214+0000] {logging_mixin.py:190} INFO - [2026-09-06T17:21:07.213+0000] {dag.py:3239} INFO - Sync 1 DAGs
[2026-09-06T17:21:07.226+0000] {logging_mixin.py:190} INFO - [2026-09-06T17:21:07.226+0000] {dag.py:4180} INFO - Setting next_dagrun for branching_dag to None, run_after=None
[2026-09-06T17:21:07.247+0000] {processor.py:208} INFO - Processing /opt/airflow/dags/03_branching_dag.py took 0.081 seconds
[2026-09-06T17:21:37.873+0000] {processor.py:186} INFO - Started process (PID=791) to work on /opt/airflow/dags/03_branching_dag.py
[2026-09-06T17:21:37.874+0000] {processor.py:914} INFO - Processing file /opt/airflow/dags/03_branching_dag.py for tasks to queue
[2026-09-06T17:21:37.875+0000] {logging_mixin.py:190} INFO - [2026-09-06T17:21:37.875+0000] {dagbag.py:588} INFO - Filling up the DagBag from /opt/airflow/dags/03_branching_dag.py
[2026-09-06T17:21:37.889+0000] {processor.py:925} INFO - DAG(s) 'branching_dag' retrieved from /opt/airflow/dags/03_branching_dag.py
[2026-09-06T17:21:37.912+0000] {logging_mixin.py:190} INFO - [2026-09-06T17:21:37.911+0000] {dag.py:3239} INFO - Sync 1 DAGs
[2026-09-06T17:21:37.924+0000] {logging_mixin.py:190} INFO - [2026-09-06T17:21:37.924+0000] {dag.py:4180} INFO - Setting next_dagrun for branching_dag to None, run_after=None
[2026-09-06T17:21:37.945+0000] {processor.py:208} INFO - Processing /opt/airflow/dags/03_branching_dag.py took 0.078 seconds
[2026-09-06T17:22:08.526+0000] {processor.py:186} INFO - Started process (PID=805) to work on /opt/airflow/dags/03_branching_dag.py
[2026-09-06T17:22:08.526+0000] {processor.py:914} INFO - Processing file /opt/airflow/dags/03_branching_dag.py for tasks to queue
[2026-09-06T17:22:08.527+0000] {logging_mixin.py:190} INFO - [2026-09-06T17:22:08.527+0000] {dagbag.py:588} INFO - Filling up the DagBag from /opt/airflow/dags/03_branching_dag.py
[2026-09-06T17:22:08.544+0000] {processor.py:925} INFO - DAG(s) 'branching_dag' retrieved from /opt/airflow/dags/03_branching_dag.py
[2026-09-06T17:22:08.575+0000] {logging_mixin.py:190} INFO - [2026-09-06T17:22:08.575+0000] {dag.py:3239} INFO - Sync 1 DAGs
[2026-09-06T17:22:08.589+0000] {logging_mixin.py:190} INFO - [2026-09-06T17:22:08.589+0000] {dag.py:4180} INFO - Setting next_dagrun for branching_dag to None, run_after=None
[2026-09-06T17:22:08.612+0000] {processor.py:208} INFO - Processing /opt/airflow/dags/03_branching_dag.py took 0.091 seconds
[2026-09-06T17:22:39.219+0000] {processor.py:186} INFO - Started process (PID=819) to work on /opt/airflow/dags/03_branching_dag.py
[2026-09-06T17:22:39.220+0000] {processor.py:914} INFO - Processing file /opt/airflow/dags/03_branching_dag.py for tasks to queue
[2026-09-06T17:22:39.222+0000] {logging_mixin.py:190} INFO - [2026-09-06T17:22:39.221+0000] {dagbag.py:588} INFO - Filling up the DagBag from /opt/airflow/dags/03_branching_dag.py
[2026-09-06T17:22:39.254+0000] {processor.py:925} INFO - DAG(s) 'branching_dag' retrieved from /opt/airflow/dags/03_branching_dag.py
[2026-09-06T17:22:39.294+0000] {logging_mixin.py:190} INFO - [2026-09-06T17:22:39.293+0000] {dag.py:3239} INFO - Sync 1 DAGs
[2026-09-06T17:22:39.318+0000] {logging_mixin.py:190} INFO - [2026-09-06T17:22:39.318+0000] {dag.py:4180} INFO - Setting next_dagrun for branching_dag to None, run_after=None
[2026-09-06T17:22:39.345+0000] {processor.py:208} INFO - Processing /opt/airflow/dags/03_branching_dag.py took 0.135 seconds
[2026-09-06T17:23:09.878+0000] {processor.py:186} INFO - Started process (PID=833) to work on /opt/airflow/dags/03_branching_dag.py
[2026-09-06T17:23:09.879+0000] {processor.py:914} INFO - Processing file /opt/airflow/dags/03_branching_dag.py for tasks to queue
[2026-09-06T17:23:09.880+0000] {logging_mixin.py:190} INFO - [2026-09-06T17:23:09.880+0000] {dagbag.py:588} INFO - Filling up the DagBag from /opt/airflow/dags/03_branching_dag.py
[2026-09-06T17:23:09.895+0000] {processor.py:925} INFO - DAG(s) 'branching_dag' retrieved from /opt/airflow/dags/03_branching_dag.py
[2026-09-06T17:23:09.932+0000] {logging_mixin.py:190} INFO - [2026-09-06T17:23:09.932+0000] {dag.py:3239} INFO - Sync 1 DAGs
[2026-09-06T17:23:09.954+0000] {logging_mixin.py:190} INFO - [2026-09-06T17:23:09.954+0000] {dag.py:4180} INFO - Setting next_dagrun for branching_dag to None, run_after=None
[2026-09-06T17:23:09.976+0000] {processor.py:208} INFO - Processing /opt/airflow/dags/03_branching_dag.py took 0.103 seconds
[2026-09-06T17:23:40.061+0000] {processor.py:186} INFO - Started process (PID=847) to work on /opt/airflow/dags/03_branching_dag.py
[2026-09-06T17:23:40.062+0000] {processor.py:914} INFO - Processing file /opt/airflow/dags/03_branching_dag.py for tasks to queue
[2026-09-06T17:23:40.063+0000] {logging_mixin.py:190} INFO - [2026-09-06T17:23:40.063+0000] {dagbag.py:588} INFO - Filling up the DagBag from /opt/airflow/dags/03_branching_dag.py
[2026-09-06T17:23:40.081+0000] {processor.py:925} INFO - DAG(s) 'branching_dag' retrieved from /opt/airflow/dags/03_branching_dag.py
[2026-09-06T17:23:40.106+0000] {logging_mixin.py:190} INFO - [2026-09-06T17:23:40.106+0000] {dag.py:3239} INFO - Sync 1 DAGs
[2026-09-06T17:23:40.120+0000] {logging_mixin.py:190} INFO - [2026-09-06T17:23:40.119+0000] {dag.py:4180} INFO - Setting next_dagrun for branching_dag to None, run_after=None
[2026-09-06T17:23:40.139+0000] {processor.py:208} INFO - Processing /opt/airflow/dags/03_branching_dag.py took 0.083 seconds
[2026-09-06T17:24:10.692+0000] {processor.py:186} INFO - Started process (PID=861) to work on /opt/airflow/dags/03_branching_dag.py
[2026-09-06T17:24:10.693+0000] {processor.py:914} INFO - Processing file /opt/airflow/dags/03_branching_dag.py for tasks to queue
[2026-09-06T17:24:10.694+0000] {logging_mixin.py:190} INFO - [2026-09-06T17:24:10.694+0000] {dagbag.py:588} INFO - Filling up the DagBag from /opt/airflow/dags/03_branching_dag.py
[2026-09-06T17:24:10.714+0000] {processor.py:925} INFO - DAG(s) 'branching_dag' retrieved from /opt/airflow/dags/03_branching_dag.py
[2026-09-06T17:24:10.743+0000] {logging_mixin.py:190} INFO - [2026-09-06T17:24:10.743+0000] {dag.py:3239} INFO - Sync 1 DAGs
[2026-09-06T17:24:10.759+0000] {logging_mixin.py:190} INFO - [2026-09-06T17:24:10.759+0000] {dag.py:4180} INFO - Setting next_dagrun for branching_dag to None, run_after=None
[2026-09-06T17:24:10.781+0000] {processor.py:208} INFO - Processing /opt/airflow/dags/03_branching_dag.py took 0.094 seconds
[2026-09-06T17:24:41.446+0000] {processor.py:186} INFO - Started process (PID=876) to work on /opt/airflow/dags/03_branching_dag.py
[2026-09-06T17:24:41.448+0000] {processor.py:914} INFO - Processing file /opt/airflow/dags/03_branching_dag.py for tasks to queue
[2026-09-06T17:24:41.449+0000] {logging_mixin.py:190} INFO - [2026-09-06T17:24:41.449+0000] {dagbag.py:588} INFO - Filling up the DagBag from /opt/airflow/dags/03_branching_dag.py
[2026-09-06T17:24:41.466+0000] {processor.py:925} INFO - DAG(s) 'branching_dag' retrieved from /opt/airflow/dags/03_branching_dag.py
[2026-09-06T17:24:41.494+0000] {logging_mixin.py:190} INFO - [2026-09-06T17:24:41.494+0000] {dag.py:3239} INFO - Sync 1 DAGs
[2026-09-06T17:24:41.510+0000] {logging_mixin.py:190} INFO - [2026-09-06T17:24:41.510+0000] {dag.py:4180} INFO - Setting next_dagrun for branching_dag to None, run_after=None
[2026-09-06T17:24:41.529+0000] {processor.py:208} INFO - Processing /opt/airflow/dags/03_branching_dag.py took 0.088 seconds
[2026-09-06T17:25:12.338+0000] {processor.py:186} INFO - Started process (PID=890) to work on /opt/airflow/dags/03_branching_dag.py
[2026-09-06T17:25:12.339+0000] {processor.py:914} INFO - Processing file /opt/airflow/dags/03_branching_dag.py for tasks to queue
[2026-09-06T17:25:12.341+0000] {logging_mixin.py:190} INFO - [2026-09-06T17:25:12.340+0000] {dagbag.py:588} INFO - Filling up the DagBag from /opt/airflow/dags/03_branching_dag.py
[2026-09-06T17:25:12.357+0000] {processor.py:925} INFO - DAG(s) 'branching_dag' retrieved from /opt/airflow/dags/03_branching_dag.py
[2026-09-06T17:25:12.387+0000] {logging_mixin.py:190} INFO - [2026-09-06T17:25:12.387+0000] {dag.py:3239} INFO - Sync 1 DAGs
[2026-09-06T17:25:12.402+0000] {logging_mixin.py:190} INFO - [2026-09-06T17:25:12.402+0000] {dag.py:4180} INFO - Setting next_dagrun for branching_dag to None, run_after=None
[2026-09-06T17:25:12.428+0000] {processor.py:208} INFO - Processing /opt/airflow/dags/03_branching_dag.py took 0.098 seconds
[2026-09-06T17:25:43.156+0000] {processor.py:186} INFO - Started process (PID=904) to work on /opt/airflow/dags/03_branching_dag.py
[2026-09-06T17:25:43.157+0000] {processor.py:914} INFO - Processing file /opt/airflow/dags/03_branching_dag.py for tasks to queue
[2026-09-06T17:25:43.158+0000] {logging_mixin.py:190} INFO - [2026-09-06T17:25:43.157+0000] {dagbag.py:588} INFO - Filling up the DagBag from /opt/airflow/dags/03_branching_dag.py
[2026-09-06T17:25:43.179+0000] {processor.py:925} INFO - DAG(s) 'branching_dag' retrieved from /opt/airflow/dags/03_branching_dag.py
[2026-09-06T17:25:43.210+0000] {logging_mixin.py:190} INFO - [2026-09-06T17:25:43.210+0000] {dag.py:3239} INFO - Sync 1 DAGs
[2026-09-06T17:25:43.224+0000] {logging_mixin.py:190} INFO - [2026-09-06T17:25:43.224+0000] {dag.py:4180} INFO - Setting next_dagrun for branching_dag to None, run_after=None
[2026-09-06T17:25:43.246+0000] {processor.py:208} INFO - Processing /opt/airflow/dags/03_branching_dag.py took 0.096 seconds
[2026-09-06T17:26:13.825+0000] {processor.py:186} INFO - Started process (PID=918) to work on /opt/airflow/dags/03_branching_dag.py
[2026-09-06T17:26:13.826+0000] {processor.py:914} INFO - Processing file /opt/airflow/dags/03_branching_dag.py for tasks to queue
[2026-09-06T17:26:13.827+0000] {logging_mixin.py:190} INFO - [2026-09-06T17:26:13.827+0000] {dagbag.py:588} INFO - Filling up the DagBag from /opt/airflow/dags/03_branching_dag.py
[2026-09-06T17:26:13.845+0000] {processor.py:925} INFO - DAG(s) 'branching_dag' retrieved from /opt/airflow/dags/03_branching_dag.py
[2026-09-06T17:26:13.871+0000] {logging_mixin.py:190} INFO - [2026-09-06T17:26:13.871+0000] {dag.py:3239} INFO - Sync 1 DAGs
[2026-09-06T17:26:13.885+0000] {logging_mixin.py:190} INFO - [2026-09-06T17:26:13.885+0000] {dag.py:4180} INFO - Setting next_dagrun for branching_dag to None, run_after=None
[2026-09-06T17:26:13.915+0000] {processor.py:208} INFO - Processing /opt/airflow/dags/03_branching_dag.py took 0.094 seconds
[2026-09-06T17:26:44.552+0000] {processor.py:186} INFO - Started process (PID=932) to work on /opt/airflow/dags/03_branching_dag.py
[2026-09-06T17:26:44.553+0000] {processor.py:914} INFO - Processing file /opt/airflow/dags/03_branching_dag.py for tasks to queue
[2026-09-06T17:26:44.555+0000] {logging_mixin.py:190} INFO - [2026-09-06T17:26:44.554+0000] {dagbag.py:588} INFO - Filling up the DagBag from /opt/airflow/dags/03_branching_dag.py
[2026-09-06T17:26:44.588+0000] {processor.py:925} INFO - DAG(s) 'branching_dag' retrieved from /opt/airflow/dags/03_branching_dag.py
[2026-09-06T17:26:44.635+0000] {logging_mixin.py:190} INFO - [2026-09-06T17:26:44.634+0000] {dag.py:3239} INFO - Sync 1 DAGs
[2026-09-06T17:26:44.671+0000] {logging_mixin.py:190} INFO - [2026-09-06T17:26:44.671+0000] {dag.py:4180} INFO - Setting next_dagrun for branching_dag to None, run_after=None
[2026-09-06T17:26:44.699+0000] {processor.py:208} INFO - Processing /opt/airflow/dags/03_branching_dag.py took 0.154 seconds
[2026-09-06T17:27:15.422+0000] {processor.py:186} INFO - Started process (PID=946) to work on /opt/airflow/dags/03_branching_dag.py
[2026-09-06T17:27:15.422+0000] {processor.py:914} INFO - Processing file /opt/airflow/dags/03_branching_dag.py for tasks to queue
[2026-09-06T17:27:15.423+0000] {logging_mixin.py:190} INFO - [2026-09-06T17:27:15.423+0000] {dagbag.py:588} INFO - Filling up the DagBag from /opt/airflow/dags/03_branching_dag.py
[2026-09-06T17:27:15.439+0000] {processor.py:925} INFO - DAG(s) 'branching_dag' retrieved from /opt/airflow/dags/03_branching_dag.py
[2026-09-06T17:27:15.462+0000] {logging_mixin.py:190} INFO - [2026-09-06T17:27:15.462+0000] {dag.py:3239} INFO - Sync 1 DAGs
[2026-09-06T17:27:15.475+0000] {logging_mixin.py:190} INFO - [2026-09-06T17:27:15.475+0000] {dag.py:4180} INFO - Setting next_dagrun for branching_dag to None, run_after=None
[2026-09-06T17:27:15.493+0000] {processor.py:208} INFO - Processing /opt/airflow/dags/03_branching_dag.py took 0.077 seconds
[2026-09-06T17:27:45.702+0000] {processor.py:186} INFO - Started process (PID=960) to work on /opt/airflow/dags/03_branching_dag.py
[2026-09-06T17:27:45.706+0000] {processor.py:914} INFO - Processing file /opt/airflow/dags/03_branching_dag.py for tasks to queue
[2026-09-06T17:27:45.708+0000] {logging_mixin.py:190} INFO - [2026-09-06T17:27:45.707+0000] {dagbag.py:588} INFO - Filling up the DagBag from /opt/airflow/dags/03_branching_dag.py
[2026-09-06T17:27:45.738+0000] {processor.py:925} INFO - DAG(s) 'branching_dag' retrieved from /opt/airflow/dags/03_branching_dag.py
[2026-09-06T17:27:45.778+0000] {logging_mixin.py:190} INFO - [2026-09-06T17:27:45.778+0000] {dag.py:3239} INFO - Sync 1 DAGs
[2026-09-06T17:27:45.791+0000] {logging_mixin.py:190} INFO - [2026-09-06T17:27:45.790+0000] {dag.py:4180} INFO - Setting next_dagrun for branching_dag to None, run_after=None
[2026-09-06T17:27:45.809+0000] {processor.py:208} INFO - Processing /opt/airflow/dags/03_branching_dag.py took 0.117 seconds
[2026-09-06T17:28:16.458+0000] {processor.py:186} INFO - Started process (PID=974) to work on /opt/airflow/dags/03_branching_dag.py
[2026-09-06T17:28:16.459+0000] {processor.py:914} INFO - Processing file /opt/airflow/dags/03_branching_dag.py for tasks to queue
[2026-09-06T17:28:16.460+0000] {logging_mixin.py:190} INFO - [2026-09-06T17:28:16.460+0000] {dagbag.py:588} INFO - Filling up the DagBag from /opt/airflow/dags/03_branching_dag.py
[2026-09-06T17:28:16.477+0000] {processor.py:925} INFO - DAG(s) 'branching_dag' retrieved from /opt/airflow/dags/03_branching_dag.py
[2026-09-06T17:28:16.505+0000] {logging_mixin.py:190} INFO - [2026-09-06T17:28:16.503+0000] {dag.py:3239} INFO - Sync 1 DAGs
[2026-09-06T17:28:16.520+0000] {logging_mixin.py:190} INFO - [2026-09-06T17:28:16.520+0000] {dag.py:4180} INFO - Setting next_dagrun for branching_dag to None, run_after=None
[2026-09-06T17:28:16.543+0000] {processor.py:208} INFO - Processing /opt/airflow/dags/03_branching_dag.py took 0.090 seconds
[2026-09-06T17:28:46.814+0000] {processor.py:186} INFO - Started process (PID=988) to work on /opt/airflow/dags/03_branching_dag.py
[2026-09-06T17:28:46.815+0000] {processor.py:914} INFO - Processing file /opt/airflow/dags/03_branching_dag.py for tasks to queue
[2026-09-06T17:28:46.817+0000] {logging_mixin.py:190} INFO - [2026-09-06T17:28:46.816+0000] {dagbag.py:588} INFO - Filling up the DagBag from /opt/airflow/dags/03_branching_dag.py
[2026-09-06T17:28:46.836+0000] {processor.py:925} INFO - DAG(s) 'branching_dag' retrieved from /opt/airflow/dags/03_branching_dag.py
[2026-09-06T17:28:46.862+0000] {logging_mixin.py:190} INFO - [2026-09-06T17:28:46.861+0000] {dag.py:3239} INFO - Sync 1 DAGs
[2026-09-06T17:28:46.882+0000] {logging_mixin.py:190} INFO - [2026-09-06T17:28:46.882+0000] {dag.py:4180} INFO - Setting next_dagrun for branching_dag to None, run_after=None
[2026-09-06T17:28:46.904+0000] {processor.py:208} INFO - Processing /opt/airflow/dags/03_branching_dag.py took 0.096 seconds
[2026-09-06T17:29:17.553+0000] {processor.py:186} INFO - Started process (PID=1002) to work on /opt/airflow/dags/03_branching_dag.py
[2026-09-06T17:29:17.553+0000] {processor.py:914} INFO - Processing file /opt/airflow/dags/03_branching_dag.py for tasks to queue
[2026-09-06T17:29:17.555+0000] {logging_mixin.py:190} INFO - [2026-09-06T17:29:17.554+0000] {dagbag.py:588} INFO - Filling up the DagBag from /opt/airflow/dags/03_branching_dag.py
[2026-09-06T17:29:17.571+0000] {processor.py:925} INFO - DAG(s) 'branching_dag' retrieved from /opt/airflow/dags/03_branching_dag.py
[2026-09-06T17:29:17.597+0000] {logging_mixin.py:190} INFO - [2026-09-06T17:29:17.596+0000] {dag.py:3239} INFO - Sync 1 DAGs
[2026-09-06T17:29:17.614+0000] {logging_mixin.py:190} INFO - [2026-09-06T17:29:17.614+0000] {dag.py:4180} INFO - Setting next_dagrun for branching_dag to None, run_after=None
[2026-09-06T17:29:17.631+0000] {processor.py:208} INFO - Processing /opt/airflow/dags/03_branching_dag.py took 0.084 seconds
[2026-09-06T17:29:48.572+0000] {processor.py:186} INFO - Started process (PID=1016) to work on /opt/airflow/dags/03_branching_dag.py
[2026-09-06T17:29:48.573+0000] {processor.py:914} INFO - Processing file /opt/airflow/dags/03_branching_dag.py for tasks to queue
[2026-09-06T17:29:48.575+0000] {logging_mixin.py:190} INFO - [2026-09-06T17:29:48.574+0000] {dagbag.py:588} INFO - Filling up the DagBag from /opt/airflow/dags/03_branching_dag.py
[2026-09-06T17:29:48.600+0000] {processor.py:925} INFO - DAG(s) 'branching_dag' retrieved from /opt/airflow/dags/03_branching_dag.py
[2026-09-06T17:29:48.638+0000] {logging_mixin.py:190} INFO - [2026-09-06T17:29:48.638+0000] {dag.py:3239} INFO - Sync 1 DAGs
[2026-09-06T17:29:48.655+0000] {logging_mixin.py:190} INFO - [2026-09-06T17:29:48.655+0000] {dag.py:4180} INFO - Setting next_dagrun for branching_dag to None, run_after=None
[2026-09-06T17:29:48.680+0000] {processor.py:208} INFO - Processing /opt/airflow/dags/03_branching_dag.py took 0.117 seconds
[2026-09-06T17:30:18.904+0000] {processor.py:186} INFO - Started process (PID=1031) to work on /opt/airflow/dags/03_branching_dag.py
[2026-09-06T17:30:18.904+0000] {processor.py:914} INFO - Processing file /opt/airflow/dags/03_branching_dag.py for tasks to queue
[2026-09-06T17:30:18.906+0000] {logging_mixin.py:190} INFO - [2026-09-06T17:30:18.905+0000] {dagbag.py:588} INFO - Filling up the DagBag from /opt/airflow/dags/03_branching_dag.py
[2026-09-06T17:30:18.924+0000] {processor.py:925} INFO - DAG(s) 'branching_dag' retrieved from /opt/airflow/dags/03_branching_dag.py
[2026-09-06T17:30:18.957+0000] {logging_mixin.py:190} INFO - [2026-09-06T17:30:18.957+0000] {dag.py:3239} INFO - Sync 1 DAGs
[2026-09-06T17:30:18.978+0000] {logging_mixin.py:190} INFO - [2026-09-06T17:30:18.978+0000] {dag.py:4180} INFO - Setting next_dagrun for branching_dag to None, run_after=None
[2026-09-06T17:30:19.005+0000] {processor.py:208} INFO - Processing /opt/airflow/dags/03_branching_dag.py took 0.109 seconds
[2026-09-06T17:48:23.869+0000] {processor.py:186} INFO - Started process (PID=102) to work on /opt/airflow/dags/03_branching_dag.py
[2026-09-06T17:48:23.872+0000] {processor.py:914} INFO - Processing file /opt/airflow/dags/03_branching_dag.py for tasks to queue
[2026-09-06T17:48:23.875+0000] {logging_mixin.py:190} INFO - [2026-09-06T17:48:23.874+0000] {dagbag.py:588} INFO - Filling up the DagBag from /opt/airflow/dags/03_branching_dag.py
[2026-09-06T17:48:23.930+0000] {processor.py:925} INFO - DAG(s) 'branching_dag' retrieved from /opt/airflow/dags/03_branching_dag.py
[2026-09-06T17:48:24.151+0000] {logging_mixin.py:190} INFO - [2026-09-06T17:48:24.149+0000] {override.py:1911} INFO - Created Permission View: can delete on DAG:branching_dag
[2026-09-06T17:48:24.178+0000] {logging_mixin.py:190} INFO - [2026-09-06T17:48:24.178+0000] {override.py:1911} INFO - Created Permission View: can read on DAG:branching_dag
[2026-09-06T17:48:24.190+0000] {logging_mixin.py:190} INFO - [2026-09-06T17:48:24.190+0000] {override.py:1911} INFO - Created Permission View: can edit on DAG:branching_dag
[2026-09-06T17:48:24.225+0000] {logging_mixin.py:190} INFO - [2026-09-06T17:48:24.224+0000] {override.py:1911} INFO - Created Permission View: can create on DAG Run:branching_dag
[2026-09-06T17:48:24.237+0000] {logging_mixin.py:190} INFO - [2026-09-06T17:48:24.236+0000] {override.py:1911} INFO - Created Permission View: menu access on DAG Run:branching_dag
[2026-09-06T17:48:24.249+0000] {logging_mixin.py:190} INFO - [2026-09-06T17:48:24.249+0000] {override.py:1911} INFO - Created Permission View: can read on DAG Run:branching_dag
[2026-09-06T17:48:24.264+0000] {logging_mixin.py:190} INFO - [2026-09-06T17:48:24.264+0000] {override.py:1911} INFO - Created Permission View: can delete on DAG Run:branching_dag
[2026-09-06T17:48:24.265+0000] {logging_mixin.py:190} INFO - [2026-09-06T17:48:24.265+0000] {dag.py:3239} INFO - Sync 1 DAGs
[2026-09-06T17:48:24.289+0000] {logging_mixin.py:190} INFO - [2026-09-06T17:48:24.289+0000] {dag.py:3262} INFO - Creating ORM DAG for branching_dag
[2026-09-06T17:48:24.290+0000] {logging_mixin.py:190} INFO - [2026-09-06T17:48:24.290+0000] {dag.py:4180} INFO - Setting next_dagrun for branching_dag to None, run_after=None
[2026-09-06T17:48:24.329+0000] {processor.py:208} INFO - Processing /opt/airflow/dags/03_branching_dag.py took 0.467 seconds
[2026-09-06T17:48:54.814+0000] {processor.py:186} INFO - Started process (PID=114) to work on /opt/airflow/dags/03_branching_dag.py
[2026-09-06T17:48:54.815+0000] {processor.py:914} INFO - Processing file /opt/airflow/dags/03_branching_dag.py for tasks to queue
[2026-09-06T17:48:54.816+0000] {logging_mixin.py:190} INFO - [2026-09-06T17:48:54.816+0000] {dagbag.py:588} INFO - Filling up the DagBag from /opt/airflow/dags/03_branching_dag.py
[2026-09-06T17:48:54.832+0000] {processor.py:925} INFO - DAG(s) 'branching_dag' retrieved from /opt/airflow/dags/03_branching_dag.py
[2026-09-06T17:48:54.854+0000] {logging_mixin.py:190} INFO - [2026-09-06T17:48:54.854+0000] {dag.py:3239} INFO - Sync 1 DAGs
[2026-09-06T17:48:54.867+0000] {logging_mixin.py:190} INFO - [2026-09-06T17:48:54.867+0000] {dag.py:4180} INFO - Setting next_dagrun for branching_dag to None, run_after=None
[2026-09-06T17:48:54.888+0000] {processor.py:208} INFO - Processing /opt/airflow/dags/03_branching_dag.py took 0.079 seconds
[2026-09-06T17:49:25.645+0000] {processor.py:186} INFO - Started process (PID=128) to work on /opt/airflow/dags/03_branching_dag.py
[2026-09-06T17:49:25.646+0000] {processor.py:914} INFO - Processing file /opt/airflow/dags/03_branching_dag.py for tasks to queue
[2026-09-06T17:49:25.647+0000] {logging_mixin.py:190} INFO - [2026-09-06T17:49:25.647+0000] {dagbag.py:588} INFO - Filling up the DagBag from /opt/airflow/dags/03_branching_dag.py
[2026-09-06T17:49:25.661+0000] {processor.py:925} INFO - DAG(s) 'branching_dag' retrieved from /opt/airflow/dags/03_branching_dag.py
[2026-09-06T17:49:25.688+0000] {logging_mixin.py:190} INFO - [2026-09-06T17:49:25.688+0000] {dag.py:3239} INFO - Sync 1 DAGs
[2026-09-06T17:49:25.701+0000] {logging_mixin.py:190} INFO - [2026-09-06T17:49:25.701+0000] {dag.py:4180} INFO - Setting next_dagrun for branching_dag to None, run_after=None
[2026-09-06T17:49:25.719+0000] {processor.py:208} INFO - Processing /opt/airflow/dags/03_branching_dag.py took 0.079 seconds
[2026-09-06T17:49:55.766+0000] {processor.py:186} INFO - Started process (PID=142) to work on /opt/airflow/dags/03_branching_dag.py
[2026-09-06T17:49:55.767+0000] {processor.py:914} INFO - Processing file /opt/airflow/dags/03_branching_dag.py for tasks to queue
[2026-09-06T17:49:55.769+0000] {logging_mixin.py:190} INFO - [2026-09-06T17:49:55.768+0000] {dagbag.py:588} INFO - Filling up the DagBag from /opt/airflow/dags/03_branching_dag.py
[2026-09-06T17:49:55.787+0000] {processor.py:925} INFO - DAG(s) 'branching_dag' retrieved from /opt/airflow/dags/03_branching_dag.py
[2026-09-06T17:49:55.818+0000] {logging_mixin.py:190} INFO - [2026-09-06T17:49:55.817+0000] {dag.py:3239} INFO - Sync 1 DAGs
[2026-09-06T17:49:55.839+0000] {logging_mixin.py:190} INFO - [2026-09-06T17:49:55.838+0000] {dag.py:4180} INFO - Setting next_dagrun for branching_dag to None, run_after=None
[2026-09-06T17:49:55.865+0000] {processor.py:208} INFO - Processing /opt/airflow/dags/03_branching_dag.py took 0.104 seconds
[2026-09-06T17:50:26.248+0000] {processor.py:186} INFO - Started process (PID=162) to work on /opt/airflow/dags/03_branching_dag.py
[2026-09-06T17:50:26.249+0000] {processor.py:914} INFO - Processing file /opt/airflow/dags/03_branching_dag.py for tasks to queue
[2026-09-06T17:50:26.250+0000] {logging_mixin.py:190} INFO - [2026-09-06T17:50:26.250+0000] {dagbag.py:588} INFO - Filling up the DagBag from /opt/airflow/dags/03_branching_dag.py
[2026-09-06T17:50:26.267+0000] {processor.py:925} INFO - DAG(s) 'branching_dag' retrieved from /opt/airflow/dags/03_branching_dag.py
[2026-09-06T17:50:26.296+0000] {logging_mixin.py:190} INFO - [2026-09-06T17:50:26.296+0000] {dag.py:3239} INFO - Sync 1 DAGs
[2026-09-06T17:50:26.422+0000] {logging_mixin.py:190} INFO - [2026-09-06T17:50:26.422+0000] {dag.py:4180} INFO - Setting next_dagrun for branching_dag to None, run_after=None
[2026-09-06T17:50:26.440+0000] {processor.py:208} INFO - Processing /opt/airflow/dags/03_branching_dag.py took 0.198 seconds
[2026-09-06T17:50:56.719+0000] {processor.py:186} INFO - Started process (PID=176) to work on /opt/airflow/dags/03_branching_dag.py
[2026-09-06T17:50:56.720+0000] {processor.py:914} INFO - Processing file /opt/airflow/dags/03_branching_dag.py for tasks to queue
[2026-09-06T17:50:56.721+0000] {logging_mixin.py:190} INFO - [2026-09-06T17:50:56.721+0000] {dagbag.py:588} INFO - Filling up the DagBag from /opt/airflow/dags/03_branching_dag.py
[2026-09-06T17:50:56.734+0000] {processor.py:925} INFO - DAG(s) 'branching_dag' retrieved from /opt/airflow/dags/03_branching_dag.py
[2026-09-06T17:50:56.757+0000] {logging_mixin.py:190} INFO - [2026-09-06T17:50:56.757+0000] {dag.py:3239} INFO - Sync 1 DAGs
[2026-09-06T17:50:56.769+0000] {logging_mixin.py:190} INFO - [2026-09-06T17:50:56.769+0000] {dag.py:4180} INFO - Setting next_dagrun for branching_dag to None, run_after=None
[2026-09-06T17:50:56.788+0000] {processor.py:208} INFO - Processing /opt/airflow/dags/03_branching_dag.py took 0.073 seconds
[2026-09-06T17:51:30.484+0000] {processor.py:186} INFO - Started process (PID=190) to work on /opt/airflow/dags/03_branching_dag.py
[2026-09-06T17:51:30.485+0000] {processor.py:914} INFO - Processing file /opt/airflow/dags/03_branching_dag.py for tasks to queue
[2026-09-06T17:51:30.486+0000] {logging_mixin.py:190} INFO - [2026-09-06T17:51:30.486+0000] {dagbag.py:588} INFO - Filling up the DagBag from /opt/airflow/dags/03_branching_dag.py
[2026-09-06T17:51:30.919+0000] {processor.py:925} INFO - DAG(s) 'branching_dag' retrieved from /opt/airflow/dags/03_branching_dag.py
[2026-09-06T17:51:31.272+0000] {logging_mixin.py:190} INFO - [2026-09-06T17:51:31.272+0000] {dag.py:3239} INFO - Sync 1 DAGs
[2026-09-06T17:51:31.391+0000] {logging_mixin.py:190} INFO - [2026-09-06T17:51:31.390+0000] {dag.py:4180} INFO - Setting next_dagrun for branching_dag to None, run_after=None
[2026-09-06T17:51:32.288+0000] {processor.py:208} INFO - Processing /opt/airflow/dags/03_branching_dag.py took 1.811 seconds
[2026-09-06T17:52:02.878+0000] {processor.py:186} INFO - Started process (PID=204) to work on /opt/airflow/dags/03_branching_dag.py
[2026-09-06T17:52:02.878+0000] {processor.py:914} INFO - Processing file /opt/airflow/dags/03_branching_dag.py for tasks to queue
[2026-09-06T17:52:02.879+0000] {logging_mixin.py:190} INFO - [2026-09-06T17:52:02.879+0000] {dagbag.py:588} INFO - Filling up the DagBag from /opt/airflow/dags/03_branching_dag.py
[2026-09-06T17:52:02.892+0000] {processor.py:925} INFO - DAG(s) 'branching_dag' retrieved from /opt/airflow/dags/03_branching_dag.py
[2026-09-06T17:52:02.921+0000] {logging_mixin.py:190} INFO - [2026-09-06T17:52:02.921+0000] {dag.py:3239} INFO - Sync 1 DAGs
[2026-09-06T17:52:02.933+0000] {logging_mixin.py:190} INFO - [2026-09-06T17:52:02.933+0000] {dag.py:4180} INFO - Setting next_dagrun for branching_dag to None, run_after=None
[2026-09-06T17:52:02.952+0000] {processor.py:208} INFO - Processing /opt/airflow/dags/03_branching_dag.py took 0.079 seconds
[2026-09-06T17:52:33.738+0000] {processor.py:186} INFO - Started process (PID=218) to work on /opt/airflow/dags/03_branching_dag.py
[2026-09-06T17:52:33.739+0000] {processor.py:914} INFO - Processing file /opt/airflow/dags/03_branching_dag.py for tasks to queue
[2026-09-06T17:52:33.741+0000] {logging_mixin.py:190} INFO - [2026-09-06T17:52:33.741+0000] {dagbag.py:588} INFO - Filling up the DagBag from /opt/airflow/dags/03_branching_dag.py
[2026-09-06T17:52:33.765+0000] {processor.py:925} INFO - DAG(s) 'branching_dag' retrieved from /opt/airflow/dags/03_branching_dag.py
[2026-09-06T17:52:33.797+0000] {logging_mixin.py:190} INFO - [2026-09-06T17:52:33.796+0000] {dag.py:3239} INFO - Sync 1 DAGs
[2026-09-06T17:52:33.814+0000] {logging_mixin.py:190} INFO - [2026-09-06T17:52:33.814+0000] {dag.py:4180} INFO - Setting next_dagrun for branching_dag to None, run_after=None
[2026-09-06T17:52:33.839+0000] {processor.py:208} INFO - Processing /opt/airflow/dags/03_branching_dag.py took 0.114 seconds
[2026-09-06T17:53:04.455+0000] {processor.py:186} INFO - Started process (PID=232) to work on /opt/airflow/dags/03_branching_dag.py
[2026-09-06T17:53:04.456+0000] {processor.py:914} INFO - Processing file /opt/airflow/dags/03_branching_dag.py for tasks to queue
[2026-09-06T17:53:04.458+0000] {logging_mixin.py:190} INFO - [2026-09-06T17:53:04.457+0000] {dagbag.py:588} INFO - Filling up the DagBag from /opt/airflow/dags/03_branching_dag.py
[2026-09-06T17:53:04.478+0000] {processor.py:925} INFO - DAG(s) 'branching_dag' retrieved from /opt/airflow/dags/03_branching_dag.py
[2026-09-06T17:53:04.509+0000] {logging_mixin.py:190} INFO - [2026-09-06T17:53:04.509+0000] {dag.py:3239} INFO - Sync 1 DAGs
[2026-09-06T17:53:04.524+0000] {logging_mixin.py:190} INFO - [2026-09-06T17:53:04.523+0000] {dag.py:4180} INFO - Setting next_dagrun for branching_dag to None, run_after=None
[2026-09-06T17:53:04.544+0000] {processor.py:208} INFO - Processing /opt/airflow/dags/03_branching_dag.py took 0.096 seconds
[2026-09-06T17:53:35.220+0000] {processor.py:186} INFO - Started process (PID=246) to work on /opt/airflow/dags/03_branching_dag.py
[2026-09-06T17:53:35.220+0000] {processor.py:914} INFO - Processing file /opt/airflow/dags/03_branching_dag.py for tasks to queue
[2026-09-06T17:53:35.221+0000] {logging_mixin.py:190} INFO - [2026-09-06T17:53:35.221+0000] {dagbag.py:588} INFO - Filling up the DagBag from /opt/airflow/dags/03_branching_dag.py
[2026-09-06T17:53:35.237+0000] {processor.py:925} INFO - DAG(s) 'branching_dag' retrieved from /opt/airflow/dags/03_branching_dag.py
[2026-09-06T17:53:35.261+0000] {logging_mixin.py:190} INFO - [2026-09-06T17:53:35.261+0000] {dag.py:3239} INFO - Sync 1 DAGs
[2026-09-06T17:53:35.275+0000] {logging_mixin.py:190} INFO - [2026-09-06T17:53:35.275+0000] {dag.py:4180} INFO - Setting next_dagrun for branching_dag to None, run_after=None
[2026-09-06T17:53:35.294+0000] {processor.py:208} INFO - Processing /opt/airflow/dags/03_branching_dag.py took 0.079 seconds
[2026-09-06T17:54:05.874+0000] {processor.py:186} INFO - Started process (PID=260) to work on /opt/airflow/dags/03_branching_dag.py
[2026-09-06T17:54:05.875+0000] {processor.py:914} INFO - Processing file /opt/airflow/dags/03_branching_dag.py for tasks to queue
[2026-09-06T17:54:05.877+0000] {logging_mixin.py:190} INFO - [2026-09-06T17:54:05.877+0000] {dagbag.py:588} INFO - Filling up the DagBag from /opt/airflow/dags/03_branching_dag.py
[2026-09-06T17:54:05.900+0000] {processor.py:925} INFO - DAG(s) 'branching_dag' retrieved from /opt/airflow/dags/03_branching_dag.py
[2026-09-06T17:54:05.926+0000] {logging_mixin.py:190} INFO - [2026-09-06T17:54:05.926+0000] {dag.py:3239} INFO - Sync 1 DAGs
[2026-09-06T17:54:05.942+0000] {logging_mixin.py:190} INFO - [2026-09-06T17:54:05.941+0000] {dag.py:4180} INFO - Setting next_dagrun for branching_dag to None, run_after=None
[2026-09-06T17:54:05.960+0000] {processor.py:208} INFO - Processing /opt/airflow/dags/03_branching_dag.py took 0.095 seconds
[2026-09-06T17:54:36.530+0000] {processor.py:186} INFO - Started process (PID=274) to work on /opt/airflow/dags/03_branching_dag.py
[2026-09-06T17:54:36.531+0000] {processor.py:914} INFO - Processing file /opt/airflow/dags/03_branching_dag.py for tasks to queue
[2026-09-06T17:54:36.533+0000] {logging_mixin.py:190} INFO - [2026-09-06T17:54:36.532+0000] {dagbag.py:588} INFO - Filling up the DagBag from /opt/airflow/dags/03_branching_dag.py
[2026-09-06T17:54:36.546+0000] {processor.py:925} INFO - DAG(s) 'branching_dag' retrieved from /opt/airflow/dags/03_branching_dag.py
[2026-09-06T17:54:36.568+0000] {logging_mixin.py:190} INFO - [2026-09-06T17:54:36.568+0000] {dag.py:3239} INFO - Sync 1 DAGs
[2026-09-06T17:54:36.580+0000] {logging_mixin.py:190} INFO - [2026-09-06T17:54:36.580+0000] {dag.py:4180} INFO - Setting next_dagrun for branching_dag to None, run_after=None
[2026-09-06T17:54:36.599+0000] {processor.py:208} INFO - Processing /opt/airflow/dags/03_branching_dag.py took 0.073 seconds
[2026-09-06T17:55:07.117+0000] {processor.py:186} INFO - Started process (PID=288) to work on /opt/airflow/dags/03_branching_dag.py
[2026-09-06T17:55:07.118+0000] {processor.py:914} INFO - Processing file /opt/airflow/dags/03_branching_dag.py for tasks to queue
[2026-09-06T17:55:07.119+0000] {logging_mixin.py:190} INFO - [2026-09-06T17:55:07.119+0000] {dagbag.py:588} INFO - Filling up the DagBag from /opt/airflow/dags/03_branching_dag.py
[2026-09-06T17:55:07.133+0000] {processor.py:925} INFO - DAG(s) 'branching_dag' retrieved from /opt/airflow/dags/03_branching_dag.py
[2026-09-06T17:55:07.158+0000] {logging_mixin.py:190} INFO - [2026-09-06T17:55:07.158+0000] {dag.py:3239} INFO - Sync 1 DAGs
[2026-09-06T17:55:07.172+0000] {logging_mixin.py:190} INFO - [2026-09-06T17:55:07.172+0000] {dag.py:4180} INFO - Setting next_dagrun for branching_dag to None, run_after=None
[2026-09-06T17:55:07.191+0000] {processor.py:208} INFO - Processing /opt/airflow/dags/03_branching_dag.py took 0.079 seconds
[2026-09-06T17:55:37.715+0000] {processor.py:186} INFO - Started process (PID=302) to work on /opt/airflow/dags/03_branching_dag.py
[2026-09-06T17:55:37.716+0000] {processor.py:914} INFO - Processing file /opt/airflow/dags/03_branching_dag.py for tasks to queue
[2026-09-06T17:55:37.718+0000] {logging_mixin.py:190} INFO - [2026-09-06T17:55:37.718+0000] {dagbag.py:588} INFO - Filling up the DagBag from /opt/airflow/dags/03_branching_dag.py
[2026-09-06T17:55:37.731+0000] {processor.py:925} INFO - DAG(s) 'branching_dag' retrieved from /opt/airflow/dags/03_branching_dag.py
[2026-09-06T17:55:37.753+0000] {logging_mixin.py:190} INFO - [2026-09-06T17:55:37.753+0000] {dag.py:3239} INFO - Sync 1 DAGs
[2026-09-06T17:55:37.767+0000] {logging_mixin.py:190} INFO - [2026-09-06T17:55:37.767+0000] {dag.py:4180} INFO - Setting next_dagrun for branching_dag to None, run_after=None
[2026-09-06T17:55:37.787+0000] {processor.py:208} INFO - Processing /opt/airflow/dags/03_branching_dag.py took 0.076 seconds
[2026-09-06T17:56:08.219+0000] {processor.py:186} INFO - Started process (PID=316) to work on /opt/airflow/dags/03_branching_dag.py
[2026-09-06T17:56:08.219+0000] {processor.py:914} INFO - Processing file /opt/airflow/dags/03_branching_dag.py for tasks to queue
[2026-09-06T17:56:08.220+0000] {logging_mixin.py:190} INFO - [2026-09-06T17:56:08.220+0000] {dagbag.py:588} INFO - Filling up the DagBag from /opt/airflow/dags/03_branching_dag.py
[2026-09-06T17:56:08.235+0000] {processor.py:925} INFO - DAG(s) 'branching_dag' retrieved from /opt/airflow/dags/03_branching_dag.py
[2026-09-06T17:56:08.256+0000] {logging_mixin.py:190} INFO - [2026-09-06T17:56:08.256+0000] {dag.py:3239} INFO - Sync 1 DAGs
[2026-09-06T17:56:08.270+0000] {logging_mixin.py:190} INFO - [2026-09-06T17:56:08.270+0000] {dag.py:4180} INFO - Setting next_dagrun for branching_dag to None, run_after=None
[2026-09-06T17:56:08.295+0000] {processor.py:208} INFO - Processing /opt/airflow/dags/03_branching_dag.py took 0.081 seconds
[2026-09-06T17:56:38.893+0000] {processor.py:186} INFO - Started process (PID=330) to work on /opt/airflow/dags/03_branching_dag.py
[2026-09-06T17:56:38.893+0000] {processor.py:914} INFO - Processing file /opt/airflow/dags/03_branching_dag.py for tasks to queue
[2026-09-06T17:56:38.894+0000] {logging_mixin.py:190} INFO - [2026-09-06T17:56:38.894+0000] {dagbag.py:588} INFO - Filling up the DagBag from /opt/airflow/dags/03_branching_dag.py
[2026-09-06T17:56:38.909+0000] {processor.py:925} INFO - DAG(s) 'branching_dag' retrieved from /opt/airflow/dags/03_branching_dag.py
[2026-09-06T17:56:38.931+0000] {logging_mixin.py:190} INFO - [2026-09-06T17:56:38.931+0000] {dag.py:3239} INFO - Sync 1 DAGs
[2026-09-06T17:56:38.945+0000] {logging_mixin.py:190} INFO - [2026-09-06T17:56:38.944+0000] {dag.py:4180} INFO - Setting next_dagrun for branching_dag to None, run_after=None
[2026-09-06T17:56:38.970+0000] {processor.py:208} INFO - Processing /opt/airflow/dags/03_branching_dag.py took 0.083 seconds
[2026-09-06T17:57:09.509+0000] {processor.py:186} INFO - Started process (PID=344) to work on /opt/airflow/dags/03_branching_dag.py
[2026-09-06T17:57:09.510+0000] {processor.py:914} INFO - Processing file /opt/airflow/dags/03_branching_dag.py for tasks to queue
[2026-09-06T17:57:09.511+0000] {logging_mixin.py:190} INFO - [2026-09-06T17:57:09.511+0000] {dagbag.py:588} INFO - Filling up the DagBag from /opt/airflow/dags/03_branching_dag.py
[2026-09-06T17:57:09.523+0000] {processor.py:925} INFO - DAG(s) 'branching_dag' retrieved from /opt/airflow/dags/03_branching_dag.py
[2026-09-06T17:57:09.546+0000] {logging_mixin.py:190} INFO - [2026-09-06T17:57:09.546+0000] {dag.py:3239} INFO - Sync 1 DAGs
[2026-09-06T17:57:09.558+0000] {logging_mixin.py:190} INFO - [2026-09-06T17:57:09.558+0000] {dag.py:4180} INFO - Setting next_dagrun for branching_dag to None, run_after=None
[2026-09-06T17:57:09.579+0000] {processor.py:208} INFO - Processing /opt/airflow/dags/03_branching_dag.py took 0.075 seconds
[2026-09-06T17:57:40.049+0000] {processor.py:186} INFO - Started process (PID=358) to work on /opt/airflow/dags/03_branching_dag.py
[2026-09-06T17:57:40.050+0000] {processor.py:914} INFO - Processing file /opt/airflow/dags/03_branching_dag.py for tasks to queue
[2026-09-06T17:57:40.051+0000] {logging_mixin.py:190} INFO - [2026-09-06T17:57:40.051+0000] {dagbag.py:588} INFO - Filling up the DagBag from /opt/airflow/dags/03_branching_dag.py
[2026-09-06T17:57:40.066+0000] {processor.py:925} INFO - DAG(s) 'branching_dag' retrieved from /opt/airflow/dags/03_branching_dag.py
[2026-09-06T17:57:40.090+0000] {logging_mixin.py:190} INFO - [2026-09-06T17:57:40.090+0000] {dag.py:3239} INFO - Sync 1 DAGs
[2026-09-06T17:57:40.103+0000] {logging_mixin.py:190} INFO - [2026-09-06T17:57:40.103+0000] {dag.py:4180} INFO - Setting next_dagrun for branching_dag to None, run_after=None
[2026-09-06T17:57:40.122+0000] {processor.py:208} INFO - Processing /opt/airflow/dags/03_branching_dag.py took 0.079 seconds
[2026-09-06T17:58:10.608+0000] {processor.py:186} INFO - Started process (PID=372) to work on /opt/airflow/dags/03_branching_dag.py
[2026-09-06T17:58:10.608+0000] {processor.py:914} INFO - Processing file /opt/airflow/dags/03_branching_dag.py for tasks to queue
[2026-09-06T17:58:10.609+0000] {logging_mixin.py:190} INFO - [2026-09-06T17:58:10.609+0000] {dagbag.py:588} INFO - Filling up the DagBag from /opt/airflow/dags/03_branching_dag.py
[2026-09-06T17:58:10.622+0000] {processor.py:925} INFO - DAG(s) 'branching_dag' retrieved from /opt/airflow/dags/03_branching_dag.py
[2026-09-06T17:58:10.647+0000] {logging_mixin.py:190} INFO - [2026-09-06T17:58:10.647+0000] {dag.py:3239} INFO - Sync 1 DAGs
[2026-09-06T17:58:10.660+0000] {logging_mixin.py:190} INFO - [2026-09-06T17:58:10.659+0000] {dag.py:4180} INFO - Setting next_dagrun for branching_dag to None, run_after=None
[2026-09-06T17:58:10.679+0000] {processor.py:208} INFO - Processing /opt/airflow/dags/03_branching_dag.py took 0.076 seconds
[2026-09-06T17:58:41.304+0000] {processor.py:186} INFO - Started process (PID=386) to work on /opt/airflow/dags/03_branching_dag.py
[2026-09-06T17:58:41.305+0000] {processor.py:914} INFO - Processing file /opt/airflow/dags/03_branching_dag.py for tasks to queue
[2026-09-06T17:58:41.306+0000] {logging_mixin.py:190} INFO - [2026-09-06T17:58:41.306+0000] {dagbag.py:588} INFO - Filling up the DagBag from /opt/airflow/dags/03_branching_dag.py
[2026-09-06T17:58:41.319+0000] {processor.py:925} INFO - DAG(s) 'branching_dag' retrieved from /opt/airflow/dags/03_branching_dag.py
[2026-09-06T17:58:41.342+0000] {logging_mixin.py:190} INFO - [2026-09-06T17:58:41.341+0000] {dag.py:3239} INFO - Sync 1 DAGs
[2026-09-06T17:58:41.356+0000] {logging_mixin.py:190} INFO - [2026-09-06T17:58:41.355+0000] {dag.py:4180} INFO - Setting next_dagrun for branching_dag to None, run_after=None
[2026-09-06T17:58:41.374+0000] {processor.py:208} INFO - Processing /opt/airflow/dags/03_branching_dag.py took 0.074 seconds
