[2026-09-06T17:00:41.454+0000] {processor.py:186} INFO - Started process (PID=193) to work on /opt/airflow/dags/04_parallel_weather.py
[2026-09-06T17:00:41.454+0000] {processor.py:914} INFO - Processing file /opt/airflow/dags/04_parallel_weather.py for tasks to queue
[2026-09-06T17:00:41.456+0000] {logging_mixin.py:190} INFO - [2026-09-06T17:00:41.455+0000] {dagbag.py:588} INFO - Filling up the DagBag from /opt/airflow/dags/04_parallel_weather.py
[2026-09-06T17:00:41.479+0000] {processor.py:925} INFO - DAG(s) 'parallel_weather_dag' retrieved from /opt/airflow/dags/04_parallel_weather.py
[2026-09-06T17:00:41.570+0000] {logging_mixin.py:190} INFO - [2026-09-06T17:00:41.569+0000] {override.py:1911} INFO - Created Permission View: can delete on DAG:parallel_weather_dag
[2026-09-06T17:00:41.579+0000] {logging_mixin.py:190} INFO - [2026-09-06T17:00:41.579+0000] {override.py:1911} INFO - Created Permission View: can read on DAG:parallel_weather_dag
[2026-09-06T17:00:41.587+0000] {logging_mixin.py:190} INFO - [2026-09-06T17:00:41.586+0000] {override.py:1911} INFO - Created Permission View: can edit on DAG:parallel_weather_dag
[2026-09-06T17:00:41.596+0000] {logging_mixin.py:190} INFO - [2026-09-06T17:00:41.595+0000] {override.py:1911} INFO - Created Permission View: can create on DAG Run:parallel_weather_dag
[2026-09-06T17:00:41.604+0000] {logging_mixin.py:190} INFO - [2026-09-06T17:00:41.603+0000] {override.py:1911} INFO - Created Permission View: can read on DAG Run:parallel_weather_dag
[2026-09-06T17:00:41.612+0000] {logging_mixin.py:190} INFO - [2026-09-06T17:00:41.612+0000] {override.py:1911} INFO - Created Permission View: menu access on DAG Run:parallel_weather_dag
[2026-09-06T17:00:41.620+0000] {logging_mixin.py:190} INFO - [2026-09-06T17:00:41.620+0000] {override.py:1911} INFO - Created Permission View: can delete on DAG Run:parallel_weather_dag
[2026-09-06T17:00:41.621+0000] {logging_mixin.py:190} INFO - [2026-09-06T17:00:41.620+0000] {dag.py:3239} INFO - Sync 1 DAGs
[2026-09-06T17:00:41.631+0000] {logging_mixin.py:190} INFO - [2026-09-06T17:00:41.630+0000] {dag.py:3262} INFO - Creating ORM DAG for parallel_weather_dag
[2026-09-06T17:00:41.632+0000] {logging_mixin.py:190} INFO - [2026-09-06T17:00:41.631+0000] {dag.py:4180} INFO - Setting next_dagrun for parallel_weather_dag to None, run_after=None
[2026-09-06T17:00:41.655+0000] {processor.py:208} INFO - Processing /opt/airflow/dags/04_parallel_weather.py took 0.206 seconds
[2026-09-06T17:01:12.518+0000] {processor.py:186} INFO - Started process (PID=207) to work on /opt/airflow/dags/04_parallel_weather.py
[2026-09-06T17:01:12.519+0000] {processor.py:914} INFO - Processing file /opt/airflow/dags/04_parallel_weather.py for tasks to queue
[2026-09-06T17:01:12.520+0000] {logging_mixin.py:190} INFO - [2026-09-06T17:01:12.520+0000] {dagbag.py:588} INFO - Filling up the DagBag from /opt/airflow/dags/04_parallel_weather.py
[2026-09-06T17:01:12.533+0000] {processor.py:925} INFO - DAG(s) 'parallel_weather_dag' retrieved from /opt/airflow/dags/04_parallel_weather.py
[2026-09-06T17:01:12.557+0000] {logging_mixin.py:190} INFO - [2026-09-06T17:01:12.557+0000] {dag.py:3239} INFO - Sync 1 DAGs
[2026-09-06T17:01:12.571+0000] {logging_mixin.py:190} INFO - [2026-09-06T17:01:12.570+0000] {dag.py:4180} INFO - Setting next_dagrun for parallel_weather_dag to None, run_after=None
[2026-09-06T17:01:12.598+0000] {processor.py:208} INFO - Processing /opt/airflow/dags/04_parallel_weather.py took 0.085 seconds
[2026-09-06T17:01:42.736+0000] {processor.py:186} INFO - Started process (PID=222) to work on /opt/airflow/dags/04_parallel_weather.py
[2026-09-06T17:01:42.737+0000] {processor.py:914} INFO - Processing file /opt/airflow/dags/04_parallel_weather.py for tasks to queue
[2026-09-06T17:01:42.738+0000] {logging_mixin.py:190} INFO - [2026-09-06T17:01:42.738+0000] {dagbag.py:588} INFO - Filling up the DagBag from /opt/airflow/dags/04_parallel_weather.py
[2026-09-06T17:01:42.751+0000] {processor.py:925} INFO - DAG(s) 'parallel_weather_dag' retrieved from /opt/airflow/dags/04_parallel_weather.py
[2026-09-06T17:01:42.775+0000] {logging_mixin.py:190} INFO - [2026-09-06T17:01:42.774+0000] {dag.py:3239} INFO - Sync 1 DAGs
[2026-09-06T17:01:42.786+0000] {logging_mixin.py:190} INFO - [2026-09-06T17:01:42.786+0000] {dag.py:4180} INFO - Setting next_dagrun for parallel_weather_dag to None, run_after=None
[2026-09-06T17:01:42.806+0000] {processor.py:208} INFO - Processing /opt/airflow/dags/04_parallel_weather.py took 0.074 seconds
[2026-09-06T17:02:13.440+0000] {processor.py:186} INFO - Started process (PID=238) to work on /opt/airflow/dags/04_parallel_weather.py
[2026-09-06T17:02:13.441+0000] {processor.py:914} INFO - Processing file /opt/airflow/dags/04_parallel_weather.py for tasks to queue
[2026-09-06T17:02:13.442+0000] {logging_mixin.py:190} INFO - [2026-09-06T17:02:13.442+0000] {dagbag.py:588} INFO - Filling up the DagBag from /opt/airflow/dags/04_parallel_weather.py
[2026-09-06T17:02:13.457+0000] {processor.py:925} INFO - DAG(s) 'parallel_weather_dag' retrieved from /opt/airflow/dags/04_parallel_weather.py
[2026-09-06T17:02:13.479+0000] {logging_mixin.py:190} INFO - [2026-09-06T17:02:13.479+0000] {dag.py:3239} INFO - Sync 1 DAGs
[2026-09-06T17:02:13.491+0000] {logging_mixin.py:190} INFO - [2026-09-06T17:02:13.491+0000] {dag.py:4180} INFO - Setting next_dagrun for parallel_weather_dag to None, run_after=None
[2026-09-06T17:02:13.655+0000] {processor.py:208} INFO - Processing /opt/airflow/dags/04_parallel_weather.py took 0.220 seconds
[2026-09-06T17:02:43.848+0000] {processor.py:186} INFO - Started process (PID=254) to work on /opt/airflow/dags/04_parallel_weather.py
[2026-09-06T17:02:43.848+0000] {processor.py:914} INFO - Processing file /opt/airflow/dags/04_parallel_weather.py for tasks to queue
[2026-09-06T17:02:43.849+0000] {logging_mixin.py:190} INFO - [2026-09-06T17:02:43.849+0000] {dagbag.py:588} INFO - Filling up the DagBag from /opt/airflow/dags/04_parallel_weather.py
[2026-09-06T17:02:43.998+0000] {processor.py:925} INFO - DAG(s) 'parallel_weather_dag' retrieved from /opt/airflow/dags/04_parallel_weather.py
[2026-09-06T17:02:44.020+0000] {logging_mixin.py:190} INFO - [2026-09-06T17:02:44.020+0000] {dag.py:3239} INFO - Sync 1 DAGs
[2026-09-06T17:02:44.033+0000] {logging_mixin.py:190} INFO - [2026-09-06T17:02:44.032+0000] {dag.py:4180} INFO - Setting next_dagrun for parallel_weather_dag to None, run_after=None
[2026-09-06T17:02:44.053+0000] {processor.py:208} INFO - Processing /opt/airflow/dags/04_parallel_weather.py took 0.210 seconds
[2026-09-06T17:03:14.576+0000] {processor.py:186} INFO - Started process (PID=270) to work on /opt/airflow/dags/04_parallel_weather.py
[2026-09-06T17:03:14.577+0000] {processor.py:914} INFO - Processing file /opt/airflow/dags/04_parallel_weather.py for tasks to queue
[2026-09-06T17:03:14.578+0000] {logging_mixin.py:190} INFO - [2026-09-06T17:03:14.578+0000] {dagbag.py:588} INFO - Filling up the DagBag from /opt/airflow/dags/04_parallel_weather.py
[2026-09-06T17:03:14.595+0000] {processor.py:925} INFO - DAG(s) 'parallel_weather_dag' retrieved from /opt/airflow/dags/04_parallel_weather.py
[2026-09-06T17:03:14.621+0000] {logging_mixin.py:190} INFO - [2026-09-06T17:03:14.620+0000] {dag.py:3239} INFO - Sync 1 DAGs
[2026-09-06T17:03:14.635+0000] {logging_mixin.py:190} INFO - [2026-09-06T17:03:14.634+0000] {dag.py:4180} INFO - Setting next_dagrun for parallel_weather_dag to None, run_after=None
[2026-09-06T17:03:14.657+0000] {processor.py:208} INFO - Processing /opt/airflow/dags/04_parallel_weather.py took 0.088 seconds
[2026-09-06T17:03:45.451+0000] {processor.py:186} INFO - Started process (PID=286) to work on /opt/airflow/dags/04_parallel_weather.py
[2026-09-06T17:03:45.452+0000] {processor.py:914} INFO - Processing file /opt/airflow/dags/04_parallel_weather.py for tasks to queue
[2026-09-06T17:03:45.453+0000] {logging_mixin.py:190} INFO - [2026-09-06T17:03:45.452+0000] {dagbag.py:588} INFO - Filling up the DagBag from /opt/airflow/dags/04_parallel_weather.py
[2026-09-06T17:03:45.467+0000] {processor.py:925} INFO - DAG(s) 'parallel_weather_dag' retrieved from /opt/airflow/dags/04_parallel_weather.py
[2026-09-06T17:03:45.491+0000] {logging_mixin.py:190} INFO - [2026-09-06T17:03:45.491+0000] {dag.py:3239} INFO - Sync 1 DAGs
[2026-09-06T17:03:45.504+0000] {logging_mixin.py:190} INFO - [2026-09-06T17:03:45.503+0000] {dag.py:4180} INFO - Setting next_dagrun for parallel_weather_dag to None, run_after=None
[2026-09-06T17:03:45.523+0000] {processor.py:208} INFO - Processing /opt/airflow/dags/04_parallel_weather.py took 0.076 seconds
[2026-09-06T17:04:16.278+0000] {processor.py:186} INFO - Started process (PID=302) to work on /opt/airflow/dags/04_parallel_weather.py
[2026-09-06T17:04:16.279+0000] {processor.py:914} INFO - Processing file /opt/airflow/dags/04_parallel_weather.py for tasks to queue
[2026-09-06T17:04:16.280+0000] {logging_mixin.py:190} INFO - [2026-09-06T17:04:16.280+0000] {dagbag.py:588} INFO - Filling up the DagBag from /opt/airflow/dags/04_parallel_weather.py
[2026-09-06T17:04:16.295+0000] {processor.py:925} INFO - DAG(s) 'parallel_weather_dag' retrieved from /opt/airflow/dags/04_parallel_weather.py
[2026-09-06T17:04:16.319+0000] {logging_mixin.py:190} INFO - [2026-09-06T17:04:16.319+0000] {dag.py:3239} INFO - Sync 1 DAGs
[2026-09-06T17:04:16.334+0000] {logging_mixin.py:190} INFO - [2026-09-06T17:04:16.334+0000] {dag.py:4180} INFO - Setting next_dagrun for parallel_weather_dag to None, run_after=None
[2026-09-06T17:04:16.355+0000] {processor.py:208} INFO - Processing /opt/airflow/dags/04_parallel_weather.py took 0.082 seconds
[2026-09-06T17:04:46.868+0000] {processor.py:186} INFO - Started process (PID=318) to work on /opt/airflow/dags/04_parallel_weather.py
[2026-09-06T17:04:46.869+0000] {processor.py:914} INFO - Processing file /opt/airflow/dags/04_parallel_weather.py for tasks to queue
[2026-09-06T17:04:46.870+0000] {logging_mixin.py:190} INFO - [2026-09-06T17:04:46.870+0000] {dagbag.py:588} INFO - Filling up the DagBag from /opt/airflow/dags/04_parallel_weather.py
[2026-09-06T17:04:46.886+0000] {processor.py:925} INFO - DAG(s) 'parallel_weather_dag' retrieved from /opt/airflow/dags/04_parallel_weather.py
[2026-09-06T17:04:46.914+0000] {logging_mixin.py:190} INFO - [2026-09-06T17:04:46.914+0000] {dag.py:3239} INFO - Sync 1 DAGs
[2026-09-06T17:04:46.927+0000] {logging_mixin.py:190} INFO - [2026-09-06T17:04:46.927+0000] {dag.py:4180} INFO - Setting next_dagrun for parallel_weather_dag to None, run_after=None
[2026-09-06T17:04:46.948+0000] {processor.py:208} INFO - Processing /opt/airflow/dags/04_parallel_weather.py took 0.086 seconds
[2026-09-06T17:05:17.462+0000] {processor.py:186} INFO - Started process (PID=334) to work on /opt/airflow/dags/04_parallel_weather.py
[2026-09-06T17:05:17.463+0000] {processor.py:914} INFO - Processing file /opt/airflow/dags/04_parallel_weather.py for tasks to queue
[2026-09-06T17:05:17.464+0000] {logging_mixin.py:190} INFO - [2026-09-06T17:05:17.464+0000] {dagbag.py:588} INFO - Filling up the DagBag from /opt/airflow/dags/04_parallel_weather.py
[2026-09-06T17:05:17.482+0000] {processor.py:925} INFO - DAG(s) 'parallel_weather_dag' retrieved from /opt/airflow/dags/04_parallel_weather.py
[2026-09-06T17:05:17.510+0000] {logging_mixin.py:190} INFO - [2026-09-06T17:05:17.510+0000] {dag.py:3239} INFO - Sync 1 DAGs
[2026-09-06T17:05:17.525+0000] {logging_mixin.py:190} INFO - [2026-09-06T17:05:17.525+0000] {dag.py:4180} INFO - Setting next_dagrun for parallel_weather_dag to None, run_after=None
[2026-09-06T17:05:17.549+0000] {processor.py:208} INFO - Processing /opt/airflow/dags/04_parallel_weather.py took 0.093 seconds
[2026-09-06T17:05:48.399+0000] {processor.py:186} INFO - Started process (PID=350) to work on /opt/airflow/dags/04_parallel_weather.py
[2026-09-06T17:05:48.399+0000] {processor.py:914} INFO - Processing file /opt/airflow/dags/04_parallel_weather.py for tasks to queue
[2026-09-06T17:05:48.401+0000] {logging_mixin.py:190} INFO - [2026-09-06T17:05:48.401+0000] {dagbag.py:588} INFO - Filling up the DagBag from /opt/airflow/dags/04_parallel_weather.py
[2026-09-06T17:05:48.416+0000] {processor.py:925} INFO - DAG(s) 'parallel_weather_dag' retrieved from /opt/airflow/dags/04_parallel_weather.py
[2026-09-06T17:05:48.440+0000] {logging_mixin.py:190} INFO - [2026-09-06T17:05:48.440+0000] {dag.py:3239} INFO - Sync 1 DAGs
[2026-09-06T17:05:48.453+0000] {logging_mixin.py:190} INFO - [2026-09-06T17:05:48.453+0000] {dag.py:4180} INFO - Setting next_dagrun for parallel_weather_dag to None, run_after=None
[2026-09-06T17:05:48.474+0000] {processor.py:208} INFO - Processing /opt/airflow/dags/04_parallel_weather.py took 0.080 seconds
[2026-09-06T17:06:18.934+0000] {processor.py:186} INFO - Started process (PID=364) to work on /opt/airflow/dags/04_parallel_weather.py
[2026-09-06T17:06:18.935+0000] {processor.py:914} INFO - Processing file /opt/airflow/dags/04_parallel_weather.py for tasks to queue
[2026-09-06T17:06:18.943+0000] {logging_mixin.py:190} INFO - [2026-09-06T17:06:18.936+0000] {dagbag.py:588} INFO - Filling up the DagBag from /opt/airflow/dags/04_parallel_weather.py
[2026-09-06T17:06:18.961+0000] {processor.py:925} INFO - DAG(s) 'parallel_weather_dag' retrieved from /opt/airflow/dags/04_parallel_weather.py
[2026-09-06T17:06:18.987+0000] {logging_mixin.py:190} INFO - [2026-09-06T17:06:18.987+0000] {dag.py:3239} INFO - Sync 1 DAGs
[2026-09-06T17:06:19.005+0000] {logging_mixin.py:190} INFO - [2026-09-06T17:06:19.004+0000] {dag.py:4180} INFO - Setting next_dagrun for parallel_weather_dag to None, run_after=None
[2026-09-06T17:06:19.026+0000] {processor.py:208} INFO - Processing /opt/airflow/dags/04_parallel_weather.py took 0.098 seconds
[2026-09-06T17:06:49.510+0000] {processor.py:186} INFO - Started process (PID=379) to work on /opt/airflow/dags/04_parallel_weather.py
[2026-09-06T17:06:49.510+0000] {processor.py:914} INFO - Processing file /opt/airflow/dags/04_parallel_weather.py for tasks to queue
[2026-09-06T17:06:49.512+0000] {logging_mixin.py:190} INFO - [2026-09-06T17:06:49.511+0000] {dagbag.py:588} INFO - Filling up the DagBag from /opt/airflow/dags/04_parallel_weather.py
[2026-09-06T17:06:49.525+0000] {processor.py:925} INFO - DAG(s) 'parallel_weather_dag' retrieved from /opt/airflow/dags/04_parallel_weather.py
[2026-09-06T17:06:49.547+0000] {logging_mixin.py:190} INFO - [2026-09-06T17:06:49.547+0000] {dag.py:3239} INFO - Sync 1 DAGs
[2026-09-06T17:06:49.558+0000] {logging_mixin.py:190} INFO - [2026-09-06T17:06:49.558+0000] {dag.py:4180} INFO - Setting next_dagrun for parallel_weather_dag to None, run_after=None
[2026-09-06T17:06:49.575+0000] {processor.py:208} INFO - Processing /opt/airflow/dags/04_parallel_weather.py took 0.071 seconds
[2026-09-06T17:07:20.052+0000] {processor.py:186} INFO - Started process (PID=393) to work on /opt/airflow/dags/04_parallel_weather.py
[2026-09-06T17:07:20.052+0000] {processor.py:914} INFO - Processing file /opt/airflow/dags/04_parallel_weather.py for tasks to queue
[2026-09-06T17:07:20.053+0000] {logging_mixin.py:190} INFO - [2026-09-06T17:07:20.053+0000] {dagbag.py:588} INFO - Filling up the DagBag from /opt/airflow/dags/04_parallel_weather.py
[2026-09-06T17:07:20.066+0000] {processor.py:925} INFO - DAG(s) 'parallel_weather_dag' retrieved from /opt/airflow/dags/04_parallel_weather.py
[2026-09-06T17:07:20.091+0000] {logging_mixin.py:190} INFO - [2026-09-06T17:07:20.090+0000] {dag.py:3239} INFO - Sync 1 DAGs
[2026-09-06T17:07:20.103+0000] {logging_mixin.py:190} INFO - [2026-09-06T17:07:20.103+0000] {dag.py:4180} INFO - Setting next_dagrun for parallel_weather_dag to None, run_after=None
[2026-09-06T17:07:20.122+0000] {processor.py:208} INFO - Processing /opt/airflow/dags/04_parallel_weather.py took 0.075 seconds
[2026-09-06T17:07:50.625+0000] {processor.py:186} INFO - Started process (PID=407) to work on /opt/airflow/dags/04_parallel_weather.py
[2026-09-06T17:07:50.626+0000] {processor.py:914} INFO - Processing file /opt/airflow/dags/04_parallel_weather.py for tasks to queue
[2026-09-06T17:07:50.627+0000] {logging_mixin.py:190} INFO - [2026-09-06T17:07:50.626+0000] {dagbag.py:588} INFO - Filling up the DagBag from /opt/airflow/dags/04_parallel_weather.py
[2026-09-06T17:07:50.641+0000] {processor.py:925} INFO - DAG(s) 'parallel_weather_dag' retrieved from /opt/airflow/dags/04_parallel_weather.py
[2026-09-06T17:07:50.664+0000] {logging_mixin.py:190} INFO - [2026-09-06T17:07:50.663+0000] {dag.py:3239} INFO - Sync 1 DAGs
[2026-09-06T17:07:50.678+0000] {logging_mixin.py:190} INFO - [2026-09-06T17:07:50.678+0000] {dag.py:4180} INFO - Setting next_dagrun for parallel_weather_dag to None, run_after=None
[2026-09-06T17:07:50.694+0000] {processor.py:208} INFO - Processing /opt/airflow/dags/04_parallel_weather.py took 0.074 seconds
[2026-09-06T17:08:21.221+0000] {processor.py:186} INFO - Started process (PID=421) to work on /opt/airflow/dags/04_parallel_weather.py
[2026-09-06T17:08:21.222+0000] {processor.py:914} INFO - Processing file /opt/airflow/dags/04_parallel_weather.py for tasks to queue
[2026-09-06T17:08:21.224+0000] {logging_mixin.py:190} INFO - [2026-09-06T17:08:21.223+0000] {dagbag.py:588} INFO - Filling up the DagBag from /opt/airflow/dags/04_parallel_weather.py
[2026-09-06T17:08:21.241+0000] {processor.py:925} INFO - DAG(s) 'parallel_weather_dag' retrieved from /opt/airflow/dags/04_parallel_weather.py
[2026-09-06T17:08:21.276+0000] {logging_mixin.py:190} INFO - [2026-09-06T17:08:21.275+0000] {dag.py:3239} INFO - Sync 1 DAGs
[2026-09-06T17:08:21.291+0000] {logging_mixin.py:190} INFO - [2026-09-06T17:08:21.291+0000] {dag.py:4180} INFO - Setting next_dagrun for parallel_weather_dag to None, run_after=None
[2026-09-06T17:08:21.317+0000] {processor.py:208} INFO - Processing /opt/airflow/dags/04_parallel_weather.py took 0.103 seconds
[2026-09-06T17:08:51.841+0000] {processor.py:186} INFO - Started process (PID=435) to work on /opt/airflow/dags/04_parallel_weather.py
[2026-09-06T17:08:51.841+0000] {processor.py:914} INFO - Processing file /opt/airflow/dags/04_parallel_weather.py for tasks to queue
[2026-09-06T17:08:51.842+0000] {logging_mixin.py:190} INFO - [2026-09-06T17:08:51.842+0000] {dagbag.py:588} INFO - Filling up the DagBag from /opt/airflow/dags/04_parallel_weather.py
[2026-09-06T17:08:51.858+0000] {processor.py:925} INFO - DAG(s) 'parallel_weather_dag' retrieved from /opt/airflow/dags/04_parallel_weather.py
[2026-09-06T17:08:51.887+0000] {logging_mixin.py:190} INFO - [2026-09-06T17:08:51.886+0000] {dag.py:3239} INFO - Sync 1 DAGs
[2026-09-06T17:08:51.900+0000] {logging_mixin.py:190} INFO - [2026-09-06T17:08:51.899+0000] {dag.py:4180} INFO - Setting next_dagrun for parallel_weather_dag to None, run_after=None
[2026-09-06T17:08:51.919+0000] {processor.py:208} INFO - Processing /opt/airflow/dags/04_parallel_weather.py took 0.083 seconds
[2026-09-06T17:09:22.622+0000] {processor.py:186} INFO - Started process (PID=449) to work on /opt/airflow/dags/04_parallel_weather.py
[2026-09-06T17:09:22.622+0000] {processor.py:914} INFO - Processing file /opt/airflow/dags/04_parallel_weather.py for tasks to queue
[2026-09-06T17:09:22.624+0000] {logging_mixin.py:190} INFO - [2026-09-06T17:09:22.623+0000] {dagbag.py:588} INFO - Filling up the DagBag from /opt/airflow/dags/04_parallel_weather.py
[2026-09-06T17:09:22.644+0000] {processor.py:925} INFO - DAG(s) 'parallel_weather_dag' retrieved from /opt/airflow/dags/04_parallel_weather.py
[2026-09-06T17:09:22.671+0000] {logging_mixin.py:190} INFO - [2026-09-06T17:09:22.671+0000] {dag.py:3239} INFO - Sync 1 DAGs
[2026-09-06T17:09:22.686+0000] {logging_mixin.py:190} INFO - [2026-09-06T17:09:22.685+0000] {dag.py:4180} INFO - Setting next_dagrun for parallel_weather_dag to None, run_after=None
[2026-09-06T17:09:22.711+0000] {processor.py:208} INFO - Processing /opt/airflow/dags/04_parallel_weather.py took 0.096 seconds
[2026-09-06T17:09:53.348+0000] {processor.py:186} INFO - Started process (PID=463) to work on /opt/airflow/dags/04_parallel_weather.py
[2026-09-06T17:09:53.349+0000] {processor.py:914} INFO - Processing file /opt/airflow/dags/04_parallel_weather.py for tasks to queue
[2026-09-06T17:09:53.350+0000] {logging_mixin.py:190} INFO - [2026-09-06T17:09:53.350+0000] {dagbag.py:588} INFO - Filling up the DagBag from /opt/airflow/dags/04_parallel_weather.py
[2026-09-06T17:09:53.368+0000] {processor.py:925} INFO - DAG(s) 'parallel_weather_dag' retrieved from /opt/airflow/dags/04_parallel_weather.py
[2026-09-06T17:09:53.396+0000] {logging_mixin.py:190} INFO - [2026-09-06T17:09:53.395+0000] {dag.py:3239} INFO - Sync 1 DAGs
[2026-09-06T17:09:53.411+0000] {logging_mixin.py:190} INFO - [2026-09-06T17:09:53.411+0000] {dag.py:4180} INFO - Setting next_dagrun for parallel_weather_dag to None, run_after=None
[2026-09-06T17:09:53.431+0000] {processor.py:208} INFO - Processing /opt/airflow/dags/04_parallel_weather.py took 0.088 seconds
[2026-09-06T17:10:23.501+0000] {processor.py:186} INFO - Started process (PID=477) to work on /opt/airflow/dags/04_parallel_weather.py
[2026-09-06T17:10:23.503+0000] {processor.py:914} INFO - Processing file /opt/airflow/dags/04_parallel_weather.py for tasks to queue
[2026-09-06T17:10:23.505+0000] {logging_mixin.py:190} INFO - [2026-09-06T17:10:23.505+0000] {dagbag.py:588} INFO - Filling up the DagBag from /opt/airflow/dags/04_parallel_weather.py
[2026-09-06T17:10:23.525+0000] {processor.py:925} INFO - DAG(s) 'parallel_weather_dag' retrieved from /opt/airflow/dags/04_parallel_weather.py
[2026-09-06T17:10:23.555+0000] {logging_mixin.py:190} INFO - [2026-09-06T17:10:23.554+0000] {dag.py:3239} INFO - Sync 1 DAGs
[2026-09-06T17:10:23.573+0000] {logging_mixin.py:190} INFO - [2026-09-06T17:10:23.572+0000] {dag.py:4180} INFO - Setting next_dagrun for parallel_weather_dag to None, run_after=None
[2026-09-06T17:10:23.594+0000] {processor.py:208} INFO - Processing /opt/airflow/dags/04_parallel_weather.py took 0.100 seconds
[2026-09-06T17:10:54.208+0000] {processor.py:186} INFO - Started process (PID=491) to work on /opt/airflow/dags/04_parallel_weather.py
[2026-09-06T17:10:54.209+0000] {processor.py:914} INFO - Processing file /opt/airflow/dags/04_parallel_weather.py for tasks to queue
[2026-09-06T17:10:54.210+0000] {logging_mixin.py:190} INFO - [2026-09-06T17:10:54.210+0000] {dagbag.py:588} INFO - Filling up the DagBag from /opt/airflow/dags/04_parallel_weather.py
[2026-09-06T17:10:54.229+0000] {processor.py:925} INFO - DAG(s) 'parallel_weather_dag' retrieved from /opt/airflow/dags/04_parallel_weather.py
[2026-09-06T17:10:54.261+0000] {logging_mixin.py:190} INFO - [2026-09-06T17:10:54.261+0000] {dag.py:3239} INFO - Sync 1 DAGs
[2026-09-06T17:10:54.276+0000] {logging_mixin.py:190} INFO - [2026-09-06T17:10:54.276+0000] {dag.py:4180} INFO - Setting next_dagrun for parallel_weather_dag to None, run_after=None
[2026-09-06T17:10:54.296+0000] {processor.py:208} INFO - Processing /opt/airflow/dags/04_parallel_weather.py took 0.098 seconds
[2026-09-06T17:11:24.896+0000] {processor.py:186} INFO - Started process (PID=505) to work on /opt/airflow/dags/04_parallel_weather.py
[2026-09-06T17:11:24.897+0000] {processor.py:914} INFO - Processing file /opt/airflow/dags/04_parallel_weather.py for tasks to queue
[2026-09-06T17:11:24.899+0000] {logging_mixin.py:190} INFO - [2026-09-06T17:11:24.898+0000] {dagbag.py:588} INFO - Filling up the DagBag from /opt/airflow/dags/04_parallel_weather.py
[2026-09-06T17:11:24.947+0000] {processor.py:925} INFO - DAG(s) 'parallel_weather_dag' retrieved from /opt/airflow/dags/04_parallel_weather.py
[2026-09-06T17:11:25.015+0000] {logging_mixin.py:190} INFO - [2026-09-06T17:11:25.015+0000] {dag.py:3239} INFO - Sync 1 DAGs
[2026-09-06T17:11:25.054+0000] {logging_mixin.py:190} INFO - [2026-09-06T17:11:25.054+0000] {dag.py:4180} INFO - Setting next_dagrun for parallel_weather_dag to None, run_after=None
[2026-09-06T17:11:25.108+0000] {processor.py:208} INFO - Processing /opt/airflow/dags/04_parallel_weather.py took 0.228 seconds
[2026-09-06T17:11:55.747+0000] {processor.py:186} INFO - Started process (PID=519) to work on /opt/airflow/dags/04_parallel_weather.py
[2026-09-06T17:11:55.749+0000] {processor.py:914} INFO - Processing file /opt/airflow/dags/04_parallel_weather.py for tasks to queue
[2026-09-06T17:11:55.751+0000] {logging_mixin.py:190} INFO - [2026-09-06T17:11:55.751+0000] {dagbag.py:588} INFO - Filling up the DagBag from /opt/airflow/dags/04_parallel_weather.py
[2026-09-06T17:11:55.768+0000] {processor.py:925} INFO - DAG(s) 'parallel_weather_dag' retrieved from /opt/airflow/dags/04_parallel_weather.py
[2026-09-06T17:11:55.797+0000] {logging_mixin.py:190} INFO - [2026-09-06T17:11:55.796+0000] {dag.py:3239} INFO - Sync 1 DAGs
[2026-09-06T17:11:55.812+0000] {logging_mixin.py:190} INFO - [2026-09-06T17:11:55.812+0000] {dag.py:4180} INFO - Setting next_dagrun for parallel_weather_dag to None, run_after=None
[2026-09-06T17:11:55.832+0000] {processor.py:208} INFO - Processing /opt/airflow/dags/04_parallel_weather.py took 0.099 seconds
[2026-09-06T17:12:26.451+0000] {processor.py:186} INFO - Started process (PID=539) to work on /opt/airflow/dags/04_parallel_weather.py
[2026-09-06T17:12:26.452+0000] {processor.py:914} INFO - Processing file /opt/airflow/dags/04_parallel_weather.py for tasks to queue
[2026-09-06T17:12:26.453+0000] {logging_mixin.py:190} INFO - [2026-09-06T17:12:26.452+0000] {dagbag.py:588} INFO - Filling up the DagBag from /opt/airflow/dags/04_parallel_weather.py
[2026-09-06T17:12:26.469+0000] {processor.py:925} INFO - DAG(s) 'parallel_weather_dag' retrieved from /opt/airflow/dags/04_parallel_weather.py
[2026-09-06T17:12:26.496+0000] {logging_mixin.py:190} INFO - [2026-09-06T17:12:26.495+0000] {dag.py:3239} INFO - Sync 1 DAGs
[2026-09-06T17:12:26.511+0000] {logging_mixin.py:190} INFO - [2026-09-06T17:12:26.511+0000] {dag.py:4180} INFO - Setting next_dagrun for parallel_weather_dag to None, run_after=None
[2026-09-06T17:12:26.531+0000] {processor.py:208} INFO - Processing /opt/airflow/dags/04_parallel_weather.py took 0.085 seconds
[2026-09-06T17:12:57.153+0000] {processor.py:186} INFO - Started process (PID=553) to work on /opt/airflow/dags/04_parallel_weather.py
[2026-09-06T17:12:57.153+0000] {processor.py:914} INFO - Processing file /opt/airflow/dags/04_parallel_weather.py for tasks to queue
[2026-09-06T17:12:57.155+0000] {logging_mixin.py:190} INFO - [2026-09-06T17:12:57.155+0000] {dagbag.py:588} INFO - Filling up the DagBag from /opt/airflow/dags/04_parallel_weather.py
[2026-09-06T17:12:57.172+0000] {processor.py:925} INFO - DAG(s) 'parallel_weather_dag' retrieved from /opt/airflow/dags/04_parallel_weather.py
[2026-09-06T17:12:57.202+0000] {logging_mixin.py:190} INFO - [2026-09-06T17:12:57.202+0000] {dag.py:3239} INFO - Sync 1 DAGs
[2026-09-06T17:12:57.216+0000] {logging_mixin.py:190} INFO - [2026-09-06T17:12:57.215+0000] {dag.py:4180} INFO - Setting next_dagrun for parallel_weather_dag to None, run_after=None
[2026-09-06T17:12:57.240+0000] {processor.py:208} INFO - Processing /opt/airflow/dags/04_parallel_weather.py took 0.093 seconds
[2026-09-06T17:13:27.906+0000] {processor.py:186} INFO - Started process (PID=567) to work on /opt/airflow/dags/04_parallel_weather.py
[2026-09-06T17:13:27.907+0000] {processor.py:914} INFO - Processing file /opt/airflow/dags/04_parallel_weather.py for tasks to queue
[2026-09-06T17:13:27.908+0000] {logging_mixin.py:190} INFO - [2026-09-06T17:13:27.908+0000] {dagbag.py:588} INFO - Filling up the DagBag from /opt/airflow/dags/04_parallel_weather.py
[2026-09-06T17:13:27.926+0000] {processor.py:925} INFO - DAG(s) 'parallel_weather_dag' retrieved from /opt/airflow/dags/04_parallel_weather.py
[2026-09-06T17:13:27.955+0000] {logging_mixin.py:190} INFO - [2026-09-06T17:13:27.955+0000] {dag.py:3239} INFO - Sync 1 DAGs
[2026-09-06T17:13:27.969+0000] {logging_mixin.py:190} INFO - [2026-09-06T17:13:27.969+0000] {dag.py:4180} INFO - Setting next_dagrun for parallel_weather_dag to None, run_after=None
[2026-09-06T17:13:27.989+0000] {processor.py:208} INFO - Processing /opt/airflow/dags/04_parallel_weather.py took 0.092 seconds
[2026-09-06T17:13:58.579+0000] {processor.py:186} INFO - Started process (PID=581) to work on /opt/airflow/dags/04_parallel_weather.py
[2026-09-06T17:13:58.579+0000] {processor.py:914} INFO - Processing file /opt/airflow/dags/04_parallel_weather.py for tasks to queue
[2026-09-06T17:13:58.581+0000] {logging_mixin.py:190} INFO - [2026-09-06T17:13:58.580+0000] {dagbag.py:588} INFO - Filling up the DagBag from /opt/airflow/dags/04_parallel_weather.py
[2026-09-06T17:13:58.601+0000] {processor.py:925} INFO - DAG(s) 'parallel_weather_dag' retrieved from /opt/airflow/dags/04_parallel_weather.py
[2026-09-06T17:13:58.641+0000] {logging_mixin.py:190} INFO - [2026-09-06T17:13:58.640+0000] {dag.py:3239} INFO - Sync 1 DAGs
[2026-09-06T17:13:58.659+0000] {logging_mixin.py:190} INFO - [2026-09-06T17:13:58.659+0000] {dag.py:4180} INFO - Setting next_dagrun for parallel_weather_dag to None, run_after=None
[2026-09-06T17:13:58.688+0000] {processor.py:208} INFO - Processing /opt/airflow/dags/04_parallel_weather.py took 0.115 seconds
[2026-09-06T17:14:29.340+0000] {processor.py:186} INFO - Started process (PID=595) to work on /opt/airflow/dags/04_parallel_weather.py
[2026-09-06T17:14:29.340+0000] {processor.py:914} INFO - Processing file /opt/airflow/dags/04_parallel_weather.py for tasks to queue
[2026-09-06T17:14:29.341+0000] {logging_mixin.py:190} INFO - [2026-09-06T17:14:29.341+0000] {dagbag.py:588} INFO - Filling up the DagBag from /opt/airflow/dags/04_parallel_weather.py
[2026-09-06T17:14:29.356+0000] {processor.py:925} INFO - DAG(s) 'parallel_weather_dag' retrieved from /opt/airflow/dags/04_parallel_weather.py
[2026-09-06T17:14:29.384+0000] {logging_mixin.py:190} INFO - [2026-09-06T17:14:29.383+0000] {dag.py:3239} INFO - Sync 1 DAGs
[2026-09-06T17:14:29.397+0000] {logging_mixin.py:190} INFO - [2026-09-06T17:14:29.397+0000] {dag.py:4180} INFO - Setting next_dagrun for parallel_weather_dag to None, run_after=None
[2026-09-06T17:14:29.421+0000] {processor.py:208} INFO - Processing /opt/airflow/dags/04_parallel_weather.py took 0.087 seconds
[2026-09-06T17:15:00.021+0000] {processor.py:186} INFO - Started process (PID=609) to work on /opt/airflow/dags/04_parallel_weather.py
[2026-09-06T17:15:00.022+0000] {processor.py:914} INFO - Processing file /opt/airflow/dags/04_parallel_weather.py for tasks to queue
[2026-09-06T17:15:00.024+0000] {logging_mixin.py:190} INFO - [2026-09-06T17:15:00.023+0000] {dagbag.py:588} INFO - Filling up the DagBag from /opt/airflow/dags/04_parallel_weather.py
[2026-09-06T17:15:00.043+0000] {processor.py:925} INFO - DAG(s) 'parallel_weather_dag' retrieved from /opt/airflow/dags/04_parallel_weather.py
[2026-09-06T17:15:00.077+0000] {logging_mixin.py:190} INFO - [2026-09-06T17:15:00.077+0000] {dag.py:3239} INFO - Sync 1 DAGs
[2026-09-06T17:15:00.092+0000] {logging_mixin.py:190} INFO - [2026-09-06T17:15:00.091+0000] {dag.py:4180} INFO - Setting next_dagrun for parallel_weather_dag to None, run_after=None
[2026-09-06T17:15:00.121+0000] {processor.py:208} INFO - Processing /opt/airflow/dags/04_parallel_weather.py took 0.106 seconds
[2026-09-06T17:15:30.701+0000] {processor.py:186} INFO - Started process (PID=623) to work on /opt/airflow/dags/04_parallel_weather.py
[2026-09-06T17:15:30.703+0000] {processor.py:914} INFO - Processing file /opt/airflow/dags/04_parallel_weather.py for tasks to queue
[2026-09-06T17:15:30.704+0000] {logging_mixin.py:190} INFO - [2026-09-06T17:15:30.703+0000] {dagbag.py:588} INFO - Filling up the DagBag from /opt/airflow/dags/04_parallel_weather.py
[2026-09-06T17:15:30.721+0000] {processor.py:925} INFO - DAG(s) 'parallel_weather_dag' retrieved from /opt/airflow/dags/04_parallel_weather.py
[2026-09-06T17:15:30.752+0000] {logging_mixin.py:190} INFO - [2026-09-06T17:15:30.751+0000] {dag.py:3239} INFO - Sync 1 DAGs
[2026-09-06T17:15:30.766+0000] {logging_mixin.py:190} INFO - [2026-09-06T17:15:30.766+0000] {dag.py:4180} INFO - Setting next_dagrun for parallel_weather_dag to None, run_after=None
[2026-09-06T17:15:30.799+0000] {processor.py:208} INFO - Processing /opt/airflow/dags/04_parallel_weather.py took 0.105 seconds
[2026-09-06T17:16:00.952+0000] {processor.py:186} INFO - Started process (PID=637) to work on /opt/airflow/dags/04_parallel_weather.py
[2026-09-06T17:16:00.953+0000] {processor.py:914} INFO - Processing file /opt/airflow/dags/04_parallel_weather.py for tasks to queue
[2026-09-06T17:16:00.954+0000] {logging_mixin.py:190} INFO - [2026-09-06T17:16:00.954+0000] {dagbag.py:588} INFO - Filling up the DagBag from /opt/airflow/dags/04_parallel_weather.py
[2026-09-06T17:16:00.972+0000] {processor.py:925} INFO - DAG(s) 'parallel_weather_dag' retrieved from /opt/airflow/dags/04_parallel_weather.py
[2026-09-06T17:16:00.997+0000] {logging_mixin.py:190} INFO - [2026-09-06T17:16:00.997+0000] {dag.py:3239} INFO - Sync 1 DAGs
[2026-09-06T17:16:01.015+0000] {logging_mixin.py:190} INFO - [2026-09-06T17:16:01.015+0000] {dag.py:4180} INFO - Setting next_dagrun for parallel_weather_dag to None, run_after=None
[2026-09-06T17:16:01.037+0000] {processor.py:208} INFO - Processing /opt/airflow/dags/04_parallel_weather.py took 0.090 seconds
[2026-09-06T17:16:31.664+0000] {processor.py:186} INFO - Started process (PID=651) to work on /opt/airflow/dags/04_parallel_weather.py
[2026-09-06T17:16:31.665+0000] {processor.py:914} INFO - Processing file /opt/airflow/dags/04_parallel_weather.py for tasks to queue
[2026-09-06T17:16:31.668+0000] {logging_mixin.py:190} INFO - [2026-09-06T17:16:31.668+0000] {dagbag.py:588} INFO - Filling up the DagBag from /opt/airflow/dags/04_parallel_weather.py
[2026-09-06T17:16:31.686+0000] {processor.py:925} INFO - DAG(s) 'parallel_weather_dag' retrieved from /opt/airflow/dags/04_parallel_weather.py
[2026-09-06T17:16:31.716+0000] {logging_mixin.py:190} INFO - [2026-09-06T17:16:31.716+0000] {dag.py:3239} INFO - Sync 1 DAGs
[2026-09-06T17:16:31.730+0000] {logging_mixin.py:190} INFO - [2026-09-06T17:16:31.730+0000] {dag.py:4180} INFO - Setting next_dagrun for parallel_weather_dag to None, run_after=None
[2026-09-06T17:16:31.758+0000] {processor.py:208} INFO - Processing /opt/airflow/dags/04_parallel_weather.py took 0.099 seconds
[2026-09-06T17:17:02.420+0000] {processor.py:186} INFO - Started process (PID=665) to work on /opt/airflow/dags/04_parallel_weather.py
[2026-09-06T17:17:02.421+0000] {processor.py:914} INFO - Processing file /opt/airflow/dags/04_parallel_weather.py for tasks to queue
[2026-09-06T17:17:02.422+0000] {logging_mixin.py:190} INFO - [2026-09-06T17:17:02.421+0000] {dagbag.py:588} INFO - Filling up the DagBag from /opt/airflow/dags/04_parallel_weather.py
[2026-09-06T17:17:02.439+0000] {processor.py:925} INFO - DAG(s) 'parallel_weather_dag' retrieved from /opt/airflow/dags/04_parallel_weather.py
[2026-09-06T17:17:02.465+0000] {logging_mixin.py:190} INFO - [2026-09-06T17:17:02.465+0000] {dag.py:3239} INFO - Sync 1 DAGs
[2026-09-06T17:17:02.484+0000] {logging_mixin.py:190} INFO - [2026-09-06T17:17:02.484+0000] {dag.py:4180} INFO - Setting next_dagrun for parallel_weather_dag to None, run_after=None
[2026-09-06T17:17:02.505+0000] {processor.py:208} INFO - Processing /opt/airflow/dags/04_parallel_weather.py took 0.092 seconds
[2026-09-06T17:17:33.098+0000] {processor.py:186} INFO - Started process (PID=679) to work on /opt/airflow/dags/04_parallel_weather.py
[2026-09-06T17:17:33.101+0000] {processor.py:914} INFO - Processing file /opt/airflow/dags/04_parallel_weather.py for tasks to queue
[2026-09-06T17:17:33.104+0000] {logging_mixin.py:190} INFO - [2026-09-06T17:17:33.104+0000] {dagbag.py:588} INFO - Filling up the DagBag from /opt/airflow/dags/04_parallel_weather.py
[2026-09-06T17:17:33.122+0000] {processor.py:925} INFO - DAG(s) 'parallel_weather_dag' retrieved from /opt/airflow/dags/04_parallel_weather.py
[2026-09-06T17:17:33.152+0000] {logging_mixin.py:190} INFO - [2026-09-06T17:17:33.152+0000] {dag.py:3239} INFO - Sync 1 DAGs
[2026-09-06T17:17:33.174+0000] {logging_mixin.py:190} INFO - [2026-09-06T17:17:33.174+0000] {dag.py:4180} INFO - Setting next_dagrun for parallel_weather_dag to None, run_after=None
[2026-09-06T17:17:33.194+0000] {processor.py:208} INFO - Processing /opt/airflow/dags/04_parallel_weather.py took 0.102 seconds
[2026-09-06T17:18:03.814+0000] {processor.py:186} INFO - Started process (PID=693) to work on /opt/airflow/dags/04_parallel_weather.py
[2026-09-06T17:18:03.815+0000] {processor.py:914} INFO - Processing file /opt/airflow/dags/04_parallel_weather.py for tasks to queue
[2026-09-06T17:18:03.816+0000] {logging_mixin.py:190} INFO - [2026-09-06T17:18:03.816+0000] {dagbag.py:588} INFO - Filling up the DagBag from /opt/airflow/dags/04_parallel_weather.py
[2026-09-06T17:18:03.831+0000] {processor.py:925} INFO - DAG(s) 'parallel_weather_dag' retrieved from /opt/airflow/dags/04_parallel_weather.py
[2026-09-06T17:18:03.857+0000] {logging_mixin.py:190} INFO - [2026-09-06T17:18:03.857+0000] {dag.py:3239} INFO - Sync 1 DAGs
[2026-09-06T17:18:03.872+0000] {logging_mixin.py:190} INFO - [2026-09-06T17:18:03.871+0000] {dag.py:4180} INFO - Setting next_dagrun for parallel_weather_dag to None, run_after=None
[2026-09-06T17:18:03.893+0000] {processor.py:208} INFO - Processing /opt/airflow/dags/04_parallel_weather.py took 0.085 seconds
[2026-09-06T17:18:34.463+0000] {processor.py:186} INFO - Started process (PID=707) to work on /opt/airflow/dags/04_parallel_weather.py
[2026-09-06T17:18:34.464+0000] {processor.py:914} INFO - Processing file /opt/airflow/dags/04_parallel_weather.py for tasks to queue
[2026-09-06T17:18:34.465+0000] {logging_mixin.py:190} INFO - [2026-09-06T17:18:34.465+0000] {dagbag.py:588} INFO - Filling up the DagBag from /opt/airflow/dags/04_parallel_weather.py
[2026-09-06T17:18:34.483+0000] {processor.py:925} INFO - DAG(s) 'parallel_weather_dag' retrieved from /opt/airflow/dags/04_parallel_weather.py
[2026-09-06T17:18:34.510+0000] {logging_mixin.py:190} INFO - [2026-09-06T17:18:34.509+0000] {dag.py:3239} INFO - Sync 1 DAGs
[2026-09-06T17:18:34.522+0000] {logging_mixin.py:190} INFO - [2026-09-06T17:18:34.521+0000] {dag.py:4180} INFO - Setting next_dagrun for parallel_weather_dag to None, run_after=None
[2026-09-06T17:18:34.544+0000] {processor.py:208} INFO - Processing /opt/airflow/dags/04_parallel_weather.py took 0.086 seconds
[2026-09-06T17:19:05.128+0000] {processor.py:186} INFO - Started process (PID=721) to work on /opt/airflow/dags/04_parallel_weather.py
[2026-09-06T17:19:05.128+0000] {processor.py:914} INFO - Processing file /opt/airflow/dags/04_parallel_weather.py for tasks to queue
[2026-09-06T17:19:05.130+0000] {logging_mixin.py:190} INFO - [2026-09-06T17:19:05.129+0000] {dagbag.py:588} INFO - Filling up the DagBag from /opt/airflow/dags/04_parallel_weather.py
[2026-09-06T17:19:05.156+0000] {processor.py:925} INFO - DAG(s) 'parallel_weather_dag' retrieved from /opt/airflow/dags/04_parallel_weather.py
[2026-09-06T17:19:05.196+0000] {logging_mixin.py:190} INFO - [2026-09-06T17:19:05.194+0000] {dag.py:3239} INFO - Sync 1 DAGs
[2026-09-06T17:19:05.226+0000] {logging_mixin.py:190} INFO - [2026-09-06T17:19:05.226+0000] {dag.py:4180} INFO - Setting next_dagrun for parallel_weather_dag to None, run_after=None
[2026-09-06T17:19:05.260+0000] {processor.py:208} INFO - Processing /opt/airflow/dags/04_parallel_weather.py took 0.139 seconds
[2026-09-06T17:19:35.975+0000] {processor.py:186} INFO - Started process (PID=735) to work on /opt/airflow/dags/04_parallel_weather.py
[2026-09-06T17:19:35.975+0000] {processor.py:914} INFO - Processing file /opt/airflow/dags/04_parallel_weather.py for tasks to queue
[2026-09-06T17:19:35.977+0000] {logging_mixin.py:190} INFO - [2026-09-06T17:19:35.976+0000] {dagbag.py:588} INFO - Filling up the DagBag from /opt/airflow/dags/04_parallel_weather.py
[2026-09-06T17:19:36.000+0000] {processor.py:925} INFO - DAG(s) 'parallel_weather_dag' retrieved from /opt/airflow/dags/04_parallel_weather.py
[2026-09-06T17:19:36.038+0000] {logging_mixin.py:190} INFO - [2026-09-06T17:19:36.037+0000] {dag.py:3239} INFO - Sync 1 DAGs
[2026-09-06T17:19:36.054+0000] {logging_mixin.py:190} INFO - [2026-09-06T17:19:36.054+0000] {dag.py:4180} INFO - Setting next_dagrun for parallel_weather_dag to None, run_after=None
[2026-09-06T17:19:36.075+0000] {processor.py:208} INFO - Processing /opt/airflow/dags/04_parallel_weather.py took 0.112 seconds
[2026-09-06T17:20:06.730+0000] {processor.py:186} INFO - Started process (PID=749) to work on /opt/airflow/dags/04_parallel_weather.py
[2026-09-06T17:20:06.731+0000] {processor.py:914} INFO - Processing file /opt/airflow/dags/04_parallel_weather.py for tasks to queue
[2026-09-06T17:20:06.732+0000] {logging_mixin.py:190} INFO - [2026-09-06T17:20:06.732+0000] {dagbag.py:588} INFO - Filling up the DagBag from /opt/airflow/dags/04_parallel_weather.py
[2026-09-06T17:20:06.753+0000] {processor.py:925} INFO - DAG(s) 'parallel_weather_dag' retrieved from /opt/airflow/dags/04_parallel_weather.py
[2026-09-06T17:20:06.784+0000] {logging_mixin.py:190} INFO - [2026-09-06T17:20:06.783+0000] {dag.py:3239} INFO - Sync 1 DAGs
[2026-09-06T17:20:06.797+0000] {logging_mixin.py:190} INFO - [2026-09-06T17:20:06.796+0000] {dag.py:4180} INFO - Setting next_dagrun for parallel_weather_dag to None, run_after=None
[2026-09-06T17:20:06.825+0000] {processor.py:208} INFO - Processing /opt/airflow/dags/04_parallel_weather.py took 0.100 seconds
[2026-09-06T17:20:37.421+0000] {processor.py:186} INFO - Started process (PID=763) to work on /opt/airflow/dags/04_parallel_weather.py
[2026-09-06T17:20:37.422+0000] {processor.py:914} INFO - Processing file /opt/airflow/dags/04_parallel_weather.py for tasks to queue
[2026-09-06T17:20:37.423+0000] {logging_mixin.py:190} INFO - [2026-09-06T17:20:37.422+0000] {dagbag.py:588} INFO - Filling up the DagBag from /opt/airflow/dags/04_parallel_weather.py
[2026-09-06T17:20:37.440+0000] {processor.py:925} INFO - DAG(s) 'parallel_weather_dag' retrieved from /opt/airflow/dags/04_parallel_weather.py
[2026-09-06T17:20:37.470+0000] {logging_mixin.py:190} INFO - [2026-09-06T17:20:37.469+0000] {dag.py:3239} INFO - Sync 1 DAGs
[2026-09-06T17:20:37.495+0000] {logging_mixin.py:190} INFO - [2026-09-06T17:20:37.494+0000] {dag.py:4180} INFO - Setting next_dagrun for parallel_weather_dag to None, run_after=None
[2026-09-06T17:20:37.518+0000] {processor.py:208} INFO - Processing /opt/airflow/dags/04_parallel_weather.py took 0.103 seconds
[2026-09-06T17:21:08.192+0000] {processor.py:186} INFO - Started process (PID=778) to work on /opt/airflow/dags/04_parallel_weather.py
[2026-09-06T17:21:08.192+0000] {processor.py:914} INFO - Processing file /opt/airflow/dags/04_parallel_weather.py for tasks to queue
[2026-09-06T17:21:08.193+0000] {logging_mixin.py:190} INFO - [2026-09-06T17:21:08.193+0000] {dagbag.py:588} INFO - Filling up the DagBag from /opt/airflow/dags/04_parallel_weather.py
[2026-09-06T17:21:08.214+0000] {processor.py:925} INFO - DAG(s) 'parallel_weather_dag' retrieved from /opt/airflow/dags/04_parallel_weather.py
[2026-09-06T17:21:08.243+0000] {logging_mixin.py:190} INFO - [2026-09-06T17:21:08.243+0000] {dag.py:3239} INFO - Sync 1 DAGs
[2026-09-06T17:21:08.256+0000] {logging_mixin.py:190} INFO - [2026-09-06T17:21:08.256+0000] {dag.py:4180} INFO - Setting next_dagrun for parallel_weather_dag to None, run_after=None
[2026-09-06T17:21:08.276+0000] {processor.py:208} INFO - Processing /opt/airflow/dags/04_parallel_weather.py took 0.091 seconds
[2026-09-06T17:21:38.919+0000] {processor.py:186} INFO - Started process (PID=792) to work on /opt/airflow/dags/04_parallel_weather.py
[2026-09-06T17:21:38.920+0000] {processor.py:914} INFO - Processing file /opt/airflow/dags/04_parallel_weather.py for tasks to queue
[2026-09-06T17:21:38.921+0000] {logging_mixin.py:190} INFO - [2026-09-06T17:21:38.921+0000] {dagbag.py:588} INFO - Filling up the DagBag from /opt/airflow/dags/04_parallel_weather.py
[2026-09-06T17:21:38.940+0000] {processor.py:925} INFO - DAG(s) 'parallel_weather_dag' retrieved from /opt/airflow/dags/04_parallel_weather.py
[2026-09-06T17:21:38.968+0000] {logging_mixin.py:190} INFO - [2026-09-06T17:21:38.968+0000] {dag.py:3239} INFO - Sync 1 DAGs
[2026-09-06T17:21:38.982+0000] {logging_mixin.py:190} INFO - [2026-09-06T17:21:38.982+0000] {dag.py:4180} INFO - Setting next_dagrun for parallel_weather_dag to None, run_after=None
[2026-09-06T17:21:39.001+0000] {processor.py:208} INFO - Processing /opt/airflow/dags/04_parallel_weather.py took 0.088 seconds
[2026-09-06T17:22:09.551+0000] {processor.py:186} INFO - Started process (PID=806) to work on /opt/airflow/dags/04_parallel_weather.py
[2026-09-06T17:22:09.552+0000] {processor.py:914} INFO - Processing file /opt/airflow/dags/04_parallel_weather.py for tasks to queue
[2026-09-06T17:22:09.553+0000] {logging_mixin.py:190} INFO - [2026-09-06T17:22:09.553+0000] {dagbag.py:588} INFO - Filling up the DagBag from /opt/airflow/dags/04_parallel_weather.py
[2026-09-06T17:22:09.570+0000] {processor.py:925} INFO - DAG(s) 'parallel_weather_dag' retrieved from /opt/airflow/dags/04_parallel_weather.py
[2026-09-06T17:22:09.598+0000] {logging_mixin.py:190} INFO - [2026-09-06T17:22:09.598+0000] {dag.py:3239} INFO - Sync 1 DAGs
[2026-09-06T17:22:09.612+0000] {logging_mixin.py:190} INFO - [2026-09-06T17:22:09.612+0000] {dag.py:4180} INFO - Setting next_dagrun for parallel_weather_dag to None, run_after=None
[2026-09-06T17:22:09.633+0000] {processor.py:208} INFO - Processing /opt/airflow/dags/04_parallel_weather.py took 0.088 seconds
[2026-09-06T17:22:40.222+0000] {processor.py:186} INFO - Started process (PID=820) to work on /opt/airflow/dags/04_parallel_weather.py
[2026-09-06T17:22:40.223+0000] {processor.py:914} INFO - Processing file /opt/airflow/dags/04_parallel_weather.py for tasks to queue
[2026-09-06T17:22:40.225+0000] {logging_mixin.py:190} INFO - [2026-09-06T17:22:40.225+0000] {dagbag.py:588} INFO - Filling up the DagBag from /opt/airflow/dags/04_parallel_weather.py
[2026-09-06T17:22:40.244+0000] {processor.py:925} INFO - DAG(s) 'parallel_weather_dag' retrieved from /opt/airflow/dags/04_parallel_weather.py
[2026-09-06T17:22:40.272+0000] {logging_mixin.py:190} INFO - [2026-09-06T17:22:40.271+0000] {dag.py:3239} INFO - Sync 1 DAGs
[2026-09-06T17:22:40.286+0000] {logging_mixin.py:190} INFO - [2026-09-06T17:22:40.285+0000] {dag.py:4180} INFO - Setting next_dagrun for parallel_weather_dag to None, run_after=None
[2026-09-06T17:22:40.308+0000] {processor.py:208} INFO - Processing /opt/airflow/dags/04_parallel_weather.py took 0.092 seconds
[2026-09-06T17:23:10.894+0000] {processor.py:186} INFO - Started process (PID=834) to work on /opt/airflow/dags/04_parallel_weather.py
[2026-09-06T17:23:10.895+0000] {processor.py:914} INFO - Processing file /opt/airflow/dags/04_parallel_weather.py for tasks to queue
[2026-09-06T17:23:10.897+0000] {logging_mixin.py:190} INFO - [2026-09-06T17:23:10.897+0000] {dagbag.py:588} INFO - Filling up the DagBag from /opt/airflow/dags/04_parallel_weather.py
[2026-09-06T17:23:10.916+0000] {processor.py:925} INFO - DAG(s) 'parallel_weather_dag' retrieved from /opt/airflow/dags/04_parallel_weather.py
[2026-09-06T17:23:10.946+0000] {logging_mixin.py:190} INFO - [2026-09-06T17:23:10.945+0000] {dag.py:3239} INFO - Sync 1 DAGs
[2026-09-06T17:23:10.958+0000] {logging_mixin.py:190} INFO - [2026-09-06T17:23:10.958+0000] {dag.py:4180} INFO - Setting next_dagrun for parallel_weather_dag to None, run_after=None
[2026-09-06T17:23:10.982+0000] {processor.py:208} INFO - Processing /opt/airflow/dags/04_parallel_weather.py took 0.093 seconds
[2026-09-06T17:23:41.079+0000] {processor.py:186} INFO - Started process (PID=848) to work on /opt/airflow/dags/04_parallel_weather.py
[2026-09-06T17:23:41.080+0000] {processor.py:914} INFO - Processing file /opt/airflow/dags/04_parallel_weather.py for tasks to queue
[2026-09-06T17:23:41.081+0000] {logging_mixin.py:190} INFO - [2026-09-06T17:23:41.081+0000] {dagbag.py:588} INFO - Filling up the DagBag from /opt/airflow/dags/04_parallel_weather.py
[2026-09-06T17:23:41.097+0000] {processor.py:925} INFO - DAG(s) 'parallel_weather_dag' retrieved from /opt/airflow/dags/04_parallel_weather.py
[2026-09-06T17:23:41.125+0000] {logging_mixin.py:190} INFO - [2026-09-06T17:23:41.125+0000] {dag.py:3239} INFO - Sync 1 DAGs
[2026-09-06T17:23:41.139+0000] {logging_mixin.py:190} INFO - [2026-09-06T17:23:41.139+0000] {dag.py:4180} INFO - Setting next_dagrun for parallel_weather_dag to None, run_after=None
[2026-09-06T17:23:41.159+0000] {processor.py:208} INFO - Processing /opt/airflow/dags/04_parallel_weather.py took 0.085 seconds
[2026-09-06T17:24:11.712+0000] {processor.py:186} INFO - Started process (PID=862) to work on /opt/airflow/dags/04_parallel_weather.py
[2026-09-06T17:24:11.713+0000] {processor.py:914} INFO - Processing file /opt/airflow/dags/04_parallel_weather.py for tasks to queue
[2026-09-06T17:24:11.714+0000] {logging_mixin.py:190} INFO - [2026-09-06T17:24:11.714+0000] {dagbag.py:588} INFO - Filling up the DagBag from /opt/airflow/dags/04_parallel_weather.py
[2026-09-06T17:24:11.731+0000] {processor.py:925} INFO - DAG(s) 'parallel_weather_dag' retrieved from /opt/airflow/dags/04_parallel_weather.py
[2026-09-06T17:24:11.759+0000] {logging_mixin.py:190} INFO - [2026-09-06T17:24:11.759+0000] {dag.py:3239} INFO - Sync 1 DAGs
[2026-09-06T17:24:11.779+0000] {logging_mixin.py:190} INFO - [2026-09-06T17:24:11.779+0000] {dag.py:4180} INFO - Setting next_dagrun for parallel_weather_dag to None, run_after=None
[2026-09-06T17:24:11.807+0000] {processor.py:208} INFO - Processing /opt/airflow/dags/04_parallel_weather.py took 0.100 seconds
[2026-09-06T17:24:42.472+0000] {processor.py:186} INFO - Started process (PID=877) to work on /opt/airflow/dags/04_parallel_weather.py
[2026-09-06T17:24:42.473+0000] {processor.py:914} INFO - Processing file /opt/airflow/dags/04_parallel_weather.py for tasks to queue
[2026-09-06T17:24:42.474+0000] {logging_mixin.py:190} INFO - [2026-09-06T17:24:42.474+0000] {dagbag.py:588} INFO - Filling up the DagBag from /opt/airflow/dags/04_parallel_weather.py
[2026-09-06T17:24:42.493+0000] {processor.py:925} INFO - DAG(s) 'parallel_weather_dag' retrieved from /opt/airflow/dags/04_parallel_weather.py
[2026-09-06T17:24:42.529+0000] {logging_mixin.py:190} INFO - [2026-09-06T17:24:42.529+0000] {dag.py:3239} INFO - Sync 1 DAGs
[2026-09-06T17:24:42.548+0000] {logging_mixin.py:190} INFO - [2026-09-06T17:24:42.548+0000] {dag.py:4180} INFO - Setting next_dagrun for parallel_weather_dag to None, run_after=None
[2026-09-06T17:24:42.591+0000] {processor.py:208} INFO - Processing /opt/airflow/dags/04_parallel_weather.py took 0.126 seconds
[2026-09-06T17:25:13.354+0000] {processor.py:186} INFO - Started process (PID=891) to work on /opt/airflow/dags/04_parallel_weather.py
[2026-09-06T17:25:13.355+0000] {processor.py:914} INFO - Processing file /opt/airflow/dags/04_parallel_weather.py for tasks to queue
[2026-09-06T17:25:13.356+0000] {logging_mixin.py:190} INFO - [2026-09-06T17:25:13.356+0000] {dagbag.py:588} INFO - Filling up the DagBag from /opt/airflow/dags/04_parallel_weather.py
[2026-09-06T17:25:13.378+0000] {processor.py:925} INFO - DAG(s) 'parallel_weather_dag' retrieved from /opt/airflow/dags/04_parallel_weather.py
[2026-09-06T17:25:13.413+0000] {logging_mixin.py:190} INFO - [2026-09-06T17:25:13.412+0000] {dag.py:3239} INFO - Sync 1 DAGs
[2026-09-06T17:25:13.427+0000] {logging_mixin.py:190} INFO - [2026-09-06T17:25:13.427+0000] {dag.py:4180} INFO - Setting next_dagrun for parallel_weather_dag to None, run_after=None
[2026-09-06T17:25:13.467+0000] {processor.py:208} INFO - Processing /opt/airflow/dags/04_parallel_weather.py took 0.119 seconds
[2026-09-06T17:25:44.178+0000] {processor.py:186} INFO - Started process (PID=905) to work on /opt/airflow/dags/04_parallel_weather.py
[2026-09-06T17:25:44.179+0000] {processor.py:914} INFO - Processing file /opt/airflow/dags/04_parallel_weather.py for tasks to queue
[2026-09-06T17:25:44.181+0000] {logging_mixin.py:190} INFO - [2026-09-06T17:25:44.181+0000] {dagbag.py:588} INFO - Filling up the DagBag from /opt/airflow/dags/04_parallel_weather.py
[2026-09-06T17:25:44.203+0000] {processor.py:925} INFO - DAG(s) 'parallel_weather_dag' retrieved from /opt/airflow/dags/04_parallel_weather.py
[2026-09-06T17:25:44.237+0000] {logging_mixin.py:190} INFO - [2026-09-06T17:25:44.236+0000] {dag.py:3239} INFO - Sync 1 DAGs
[2026-09-06T17:25:44.255+0000] {logging_mixin.py:190} INFO - [2026-09-06T17:25:44.255+0000] {dag.py:4180} INFO - Setting next_dagrun for parallel_weather_dag to None, run_after=None
[2026-09-06T17:25:44.283+0000] {processor.py:208} INFO - Processing /opt/airflow/dags/04_parallel_weather.py took 0.110 seconds
[2026-09-06T17:26:14.846+0000] {processor.py:186} INFO - Started process (PID=919) to work on /opt/airflow/dags/04_parallel_weather.py
[2026-09-06T17:26:14.847+0000] {processor.py:914} INFO - Processing file /opt/airflow/dags/04_parallel_weather.py for tasks to queue
[2026-09-06T17:26:14.848+0000] {logging_mixin.py:190} INFO - [2026-09-06T17:26:14.848+0000] {dagbag.py:588} INFO - Filling up the DagBag from /opt/airflow/dags/04_parallel_weather.py
[2026-09-06T17:26:14.863+0000] {processor.py:925} INFO - DAG(s) 'parallel_weather_dag' retrieved from /opt/airflow/dags/04_parallel_weather.py
[2026-09-06T17:26:14.894+0000] {logging_mixin.py:190} INFO - [2026-09-06T17:26:14.893+0000] {dag.py:3239} INFO - Sync 1 DAGs
[2026-09-06T17:26:14.908+0000] {logging_mixin.py:190} INFO - [2026-09-06T17:26:14.907+0000] {dag.py:4180} INFO - Setting next_dagrun for parallel_weather_dag to None, run_after=None
[2026-09-06T17:26:14.928+0000] {processor.py:208} INFO - Processing /opt/airflow/dags/04_parallel_weather.py took 0.087 seconds
[2026-09-06T17:26:45.577+0000] {processor.py:186} INFO - Started process (PID=933) to work on /opt/airflow/dags/04_parallel_weather.py
[2026-09-06T17:26:45.578+0000] {processor.py:914} INFO - Processing file /opt/airflow/dags/04_parallel_weather.py for tasks to queue
[2026-09-06T17:26:45.581+0000] {logging_mixin.py:190} INFO - [2026-09-06T17:26:45.580+0000] {dagbag.py:588} INFO - Filling up the DagBag from /opt/airflow/dags/04_parallel_weather.py
[2026-09-06T17:26:45.612+0000] {processor.py:925} INFO - DAG(s) 'parallel_weather_dag' retrieved from /opt/airflow/dags/04_parallel_weather.py
[2026-09-06T17:26:45.676+0000] {logging_mixin.py:190} INFO - [2026-09-06T17:26:45.675+0000] {dag.py:3239} INFO - Sync 1 DAGs
[2026-09-06T17:26:45.695+0000] {logging_mixin.py:190} INFO - [2026-09-06T17:26:45.695+0000] {dag.py:4180} INFO - Setting next_dagrun for parallel_weather_dag to None, run_after=None
[2026-09-06T17:26:45.741+0000] {processor.py:208} INFO - Processing /opt/airflow/dags/04_parallel_weather.py took 0.179 seconds
[2026-09-06T17:27:16.447+0000] {processor.py:186} INFO - Started process (PID=947) to work on /opt/airflow/dags/04_parallel_weather.py
[2026-09-06T17:27:16.448+0000] {processor.py:914} INFO - Processing file /opt/airflow/dags/04_parallel_weather.py for tasks to queue
[2026-09-06T17:27:16.449+0000] {logging_mixin.py:190} INFO - [2026-09-06T17:27:16.449+0000] {dagbag.py:588} INFO - Filling up the DagBag from /opt/airflow/dags/04_parallel_weather.py
[2026-09-06T17:27:16.470+0000] {processor.py:925} INFO - DAG(s) 'parallel_weather_dag' retrieved from /opt/airflow/dags/04_parallel_weather.py
[2026-09-06T17:27:16.500+0000] {logging_mixin.py:190} INFO - [2026-09-06T17:27:16.500+0000] {dag.py:3239} INFO - Sync 1 DAGs
[2026-09-06T17:27:16.516+0000] {logging_mixin.py:190} INFO - [2026-09-06T17:27:16.516+0000] {dag.py:4180} INFO - Setting next_dagrun for parallel_weather_dag to None, run_after=None
[2026-09-06T17:27:16.537+0000] {processor.py:208} INFO - Processing /opt/airflow/dags/04_parallel_weather.py took 0.097 seconds
[2026-09-06T17:27:46.753+0000] {processor.py:186} INFO - Started process (PID=961) to work on /opt/airflow/dags/04_parallel_weather.py
[2026-09-06T17:27:46.753+0000] {processor.py:914} INFO - Processing file /opt/airflow/dags/04_parallel_weather.py for tasks to queue
[2026-09-06T17:27:46.755+0000] {logging_mixin.py:190} INFO - [2026-09-06T17:27:46.754+0000] {dagbag.py:588} INFO - Filling up the DagBag from /opt/airflow/dags/04_parallel_weather.py
[2026-09-06T17:27:46.775+0000] {processor.py:925} INFO - DAG(s) 'parallel_weather_dag' retrieved from /opt/airflow/dags/04_parallel_weather.py
[2026-09-06T17:27:46.810+0000] {logging_mixin.py:190} INFO - [2026-09-06T17:27:46.810+0000] {dag.py:3239} INFO - Sync 1 DAGs
[2026-09-06T17:27:46.825+0000] {logging_mixin.py:190} INFO - [2026-09-06T17:27:46.825+0000] {dag.py:4180} INFO - Setting next_dagrun for parallel_weather_dag to None, run_after=None
[2026-09-06T17:27:46.849+0000] {processor.py:208} INFO - Processing /opt/airflow/dags/04_parallel_weather.py took 0.103 seconds
[2026-09-06T17:28:17.482+0000] {processor.py:186} INFO - Started process (PID=975) to work on /opt/airflow/dags/04_parallel_weather.py
[2026-09-06T17:28:17.483+0000] {processor.py:914} INFO - Processing file /opt/airflow/dags/04_parallel_weather.py for tasks to queue
[2026-09-06T17:28:17.485+0000] {logging_mixin.py:190} INFO - [2026-09-06T17:28:17.485+0000] {dagbag.py:588} INFO - Filling up the DagBag from /opt/airflow/dags/04_parallel_weather.py
[2026-09-06T17:28:17.508+0000] {processor.py:925} INFO - DAG(s) 'parallel_weather_dag' retrieved from /opt/airflow/dags/04_parallel_weather.py
[2026-09-06T17:28:17.544+0000] {logging_mixin.py:190} INFO - [2026-09-06T17:28:17.543+0000] {dag.py:3239} INFO - Sync 1 DAGs
[2026-09-06T17:28:17.559+0000] {logging_mixin.py:190} INFO - [2026-09-06T17:28:17.559+0000] {dag.py:4180} INFO - Setting next_dagrun for parallel_weather_dag to None, run_after=None
[2026-09-06T17:28:17.586+0000] {processor.py:208} INFO - Processing /opt/airflow/dags/04_parallel_weather.py took 0.111 seconds
[2026-09-06T17:28:47.859+0000] {processor.py:186} INFO - Started process (PID=989) to work on /opt/airflow/dags/04_parallel_weather.py
[2026-09-06T17:28:47.860+0000] {processor.py:914} INFO - Processing file /opt/airflow/dags/04_parallel_weather.py for tasks to queue
[2026-09-06T17:28:47.861+0000] {logging_mixin.py:190} INFO - [2026-09-06T17:28:47.861+0000] {dagbag.py:588} INFO - Filling up the DagBag from /opt/airflow/dags/04_parallel_weather.py
[2026-09-06T17:28:47.907+0000] {processor.py:925} INFO - DAG(s) 'parallel_weather_dag' retrieved from /opt/airflow/dags/04_parallel_weather.py
[2026-09-06T17:28:47.945+0000] {logging_mixin.py:190} INFO - [2026-09-06T17:28:47.945+0000] {dag.py:3239} INFO - Sync 1 DAGs
[2026-09-06T17:28:47.963+0000] {logging_mixin.py:190} INFO - [2026-09-06T17:28:47.962+0000] {dag.py:4180} INFO - Setting next_dagrun for parallel_weather_dag to None, run_after=None
[2026-09-06T17:28:47.988+0000] {processor.py:208} INFO - Processing /opt/airflow/dags/04_parallel_weather.py took 0.136 seconds
[2026-09-06T17:29:18.571+0000] {processor.py:186} INFO - Started process (PID=1003) to work on /opt/airflow/dags/04_parallel_weather.py
[2026-09-06T17:29:18.572+0000] {processor.py:914} INFO - Processing file /opt/airflow/dags/04_parallel_weather.py for tasks to queue
[2026-09-06T17:29:18.573+0000] {logging_mixin.py:190} INFO - [2026-09-06T17:29:18.573+0000] {dagbag.py:588} INFO - Filling up the DagBag from /opt/airflow/dags/04_parallel_weather.py
[2026-09-06T17:29:18.588+0000] {processor.py:925} INFO - DAG(s) 'parallel_weather_dag' retrieved from /opt/airflow/dags/04_parallel_weather.py
[2026-09-06T17:29:18.617+0000] {logging_mixin.py:190} INFO - [2026-09-06T17:29:18.617+0000] {dag.py:3239} INFO - Sync 1 DAGs
[2026-09-06T17:29:18.631+0000] {logging_mixin.py:190} INFO - [2026-09-06T17:29:18.631+0000] {dag.py:4180} INFO - Setting next_dagrun for parallel_weather_dag to None, run_after=None
[2026-09-06T17:29:18.653+0000] {processor.py:208} INFO - Processing /opt/airflow/dags/04_parallel_weather.py took 0.088 seconds
[2026-09-06T17:29:48.757+0000] {processor.py:186} INFO - Started process (PID=1017) to work on /opt/airflow/dags/04_parallel_weather.py
[2026-09-06T17:29:48.759+0000] {processor.py:914} INFO - Processing file /opt/airflow/dags/04_parallel_weather.py for tasks to queue
[2026-09-06T17:29:48.761+0000] {logging_mixin.py:190} INFO - [2026-09-06T17:29:48.760+0000] {dagbag.py:588} INFO - Filling up the DagBag from /opt/airflow/dags/04_parallel_weather.py
[2026-09-06T17:29:48.804+0000] {processor.py:925} INFO - DAG(s) 'parallel_weather_dag' retrieved from /opt/airflow/dags/04_parallel_weather.py
[2026-09-06T17:29:48.877+0000] {logging_mixin.py:190} INFO - [2026-09-06T17:29:48.877+0000] {dag.py:3239} INFO - Sync 1 DAGs
[2026-09-06T17:29:48.898+0000] {logging_mixin.py:190} INFO - [2026-09-06T17:29:48.898+0000] {dag.py:4180} INFO - Setting next_dagrun for parallel_weather_dag to None, run_after=None
[2026-09-06T17:29:48.930+0000] {processor.py:208} INFO - Processing /opt/airflow/dags/04_parallel_weather.py took 0.180 seconds
[2026-09-06T17:30:19.053+0000] {processor.py:186} INFO - Started process (PID=1032) to work on /opt/airflow/dags/04_parallel_weather.py
[2026-09-06T17:30:19.053+0000] {processor.py:914} INFO - Processing file /opt/airflow/dags/04_parallel_weather.py for tasks to queue
[2026-09-06T17:30:19.054+0000] {logging_mixin.py:190} INFO - [2026-09-06T17:30:19.054+0000] {dagbag.py:588} INFO - Filling up the DagBag from /opt/airflow/dags/04_parallel_weather.py
[2026-09-06T17:30:19.076+0000] {processor.py:925} INFO - DAG(s) 'parallel_weather_dag' retrieved from /opt/airflow/dags/04_parallel_weather.py
[2026-09-06T17:30:19.116+0000] {logging_mixin.py:190} INFO - [2026-09-06T17:30:19.115+0000] {dag.py:3239} INFO - Sync 1 DAGs
[2026-09-06T17:30:19.139+0000] {logging_mixin.py:190} INFO - [2026-09-06T17:30:19.139+0000] {dag.py:4180} INFO - Setting next_dagrun for parallel_weather_dag to None, run_after=None
[2026-09-06T17:30:19.174+0000] {processor.py:208} INFO - Processing /opt/airflow/dags/04_parallel_weather.py took 0.128 seconds
[2026-09-06T17:48:24.397+0000] {processor.py:186} INFO - Started process (PID=103) to work on /opt/airflow/dags/04_parallel_weather.py
[2026-09-06T17:48:24.398+0000] {processor.py:914} INFO - Processing file /opt/airflow/dags/04_parallel_weather.py for tasks to queue
[2026-09-06T17:48:24.400+0000] {logging_mixin.py:190} INFO - [2026-09-06T17:48:24.399+0000] {dagbag.py:588} INFO - Filling up the DagBag from /opt/airflow/dags/04_parallel_weather.py
[2026-09-06T17:48:24.431+0000] {processor.py:925} INFO - DAG(s) 'parallel_weather_dag' retrieved from /opt/airflow/dags/04_parallel_weather.py
[2026-09-06T17:48:24.689+0000] {logging_mixin.py:190} INFO - [2026-09-06T17:48:24.685+0000] {override.py:1911} INFO - Created Permission View: can delete on DAG:parallel_weather_dag
[2026-09-06T17:48:24.721+0000] {logging_mixin.py:190} INFO - [2026-09-06T17:48:24.720+0000] {override.py:1911} INFO - Created Permission View: can read on DAG:parallel_weather_dag
[2026-09-06T17:48:24.740+0000] {logging_mixin.py:190} INFO - [2026-09-06T17:48:24.740+0000] {override.py:1911} INFO - Created Permission View: can edit on DAG:parallel_weather_dag
[2026-09-06T17:48:24.754+0000] {logging_mixin.py:190} INFO - [2026-09-06T17:48:24.754+0000] {override.py:1911} INFO - Created Permission View: can create on DAG Run:parallel_weather_dag
[2026-09-06T17:48:24.772+0000] {logging_mixin.py:190} INFO - [2026-09-06T17:48:24.772+0000] {override.py:1911} INFO - Created Permission View: menu access on DAG Run:parallel_weather_dag
[2026-09-06T17:48:24.786+0000] {logging_mixin.py:190} INFO - [2026-09-06T17:48:24.786+0000] {override.py:1911} INFO - Created Permission View: can read on DAG Run:parallel_weather_dag
[2026-09-06T17:48:24.812+0000] {logging_mixin.py:190} INFO - [2026-09-06T17:48:24.812+0000] {override.py:1911} INFO - Created Permission View: can delete on DAG Run:parallel_weather_dag
[2026-09-06T17:48:24.814+0000] {logging_mixin.py:190} INFO - [2026-09-06T17:48:24.813+0000] {dag.py:3239} INFO - Sync 1 DAGs
[2026-09-06T17:48:24.840+0000] {logging_mixin.py:190} INFO - [2026-09-06T17:48:24.839+0000] {dag.py:3262} INFO - Creating ORM DAG for parallel_weather_dag
[2026-09-06T17:48:24.842+0000] {logging_mixin.py:190} INFO - [2026-09-06T17:48:24.842+0000] {dag.py:4180} INFO - Setting next_dagrun for parallel_weather_dag to None, run_after=None
[2026-09-06T17:48:24.891+0000] {processor.py:208} INFO - Processing /opt/airflow/dags/04_parallel_weather.py took 0.505 seconds
[2026-09-06T17:48:55.843+0000] {processor.py:186} INFO - Started process (PID=116) to work on /opt/airflow/dags/04_parallel_weather.py
[2026-09-06T17:48:55.845+0000] {processor.py:914} INFO - Processing file /opt/airflow/dags/04_parallel_weather.py for tasks to queue
[2026-09-06T17:48:55.846+0000] {logging_mixin.py:190} INFO - [2026-09-06T17:48:55.846+0000] {dagbag.py:588} INFO - Filling up the DagBag from /opt/airflow/dags/04_parallel_weather.py
[2026-09-06T17:48:55.863+0000] {processor.py:925} INFO - DAG(s) 'parallel_weather_dag' retrieved from /opt/airflow/dags/04_parallel_weather.py
[2026-09-06T17:48:55.891+0000] {logging_mixin.py:190} INFO - [2026-09-06T17:48:55.891+0000] {dag.py:3239} INFO - Sync 1 DAGs
[2026-09-06T17:48:55.907+0000] {logging_mixin.py:190} INFO - [2026-09-06T17:48:55.907+0000] {dag.py:4180} INFO - Setting next_dagrun for parallel_weather_dag to None, run_after=None
[2026-09-06T17:48:55.940+0000] {processor.py:208} INFO - Processing /opt/airflow/dags/04_parallel_weather.py took 0.102 seconds
[2026-09-06T17:49:26.686+0000] {processor.py:186} INFO - Started process (PID=136) to work on /opt/airflow/dags/04_parallel_weather.py
[2026-09-06T17:49:26.687+0000] {processor.py:914} INFO - Processing file /opt/airflow/dags/04_parallel_weather.py for tasks to queue
[2026-09-06T17:49:26.688+0000] {logging_mixin.py:190} INFO - [2026-09-06T17:49:26.688+0000] {dagbag.py:588} INFO - Filling up the DagBag from /opt/airflow/dags/04_parallel_weather.py
[2026-09-06T17:49:26.705+0000] {processor.py:925} INFO - DAG(s) 'parallel_weather_dag' retrieved from /opt/airflow/dags/04_parallel_weather.py
[2026-09-06T17:49:26.751+0000] {logging_mixin.py:190} INFO - [2026-09-06T17:49:26.751+0000] {dag.py:3239} INFO - Sync 1 DAGs
[2026-09-06T17:49:26.795+0000] {logging_mixin.py:190} INFO - [2026-09-06T17:49:26.795+0000] {dag.py:4180} INFO - Setting next_dagrun for parallel_weather_dag to None, run_after=None
[2026-09-06T17:49:26.820+0000] {processor.py:208} INFO - Processing /opt/airflow/dags/04_parallel_weather.py took 0.139 seconds
[2026-09-06T17:49:56.911+0000] {processor.py:186} INFO - Started process (PID=149) to work on /opt/airflow/dags/04_parallel_weather.py
[2026-09-06T17:49:56.912+0000] {processor.py:914} INFO - Processing file /opt/airflow/dags/04_parallel_weather.py for tasks to queue
[2026-09-06T17:49:56.914+0000] {logging_mixin.py:190} INFO - [2026-09-06T17:49:56.913+0000] {dagbag.py:588} INFO - Filling up the DagBag from /opt/airflow/dags/04_parallel_weather.py
[2026-09-06T17:49:56.928+0000] {processor.py:925} INFO - DAG(s) 'parallel_weather_dag' retrieved from /opt/airflow/dags/04_parallel_weather.py
[2026-09-06T17:49:56.952+0000] {logging_mixin.py:190} INFO - [2026-09-06T17:49:56.951+0000] {dag.py:3239} INFO - Sync 1 DAGs
[2026-09-06T17:49:56.964+0000] {logging_mixin.py:190} INFO - [2026-09-06T17:49:56.964+0000] {dag.py:4180} INFO - Setting next_dagrun for parallel_weather_dag to None, run_after=None
[2026-09-06T17:49:56.984+0000] {processor.py:208} INFO - Processing /opt/airflow/dags/04_parallel_weather.py took 0.077 seconds
[2026-09-06T17:50:27.259+0000] {processor.py:186} INFO - Started process (PID=163) to work on /opt/airflow/dags/04_parallel_weather.py
[2026-09-06T17:50:27.260+0000] {processor.py:914} INFO - Processing file /opt/airflow/dags/04_parallel_weather.py for tasks to queue
[2026-09-06T17:50:27.261+0000] {logging_mixin.py:190} INFO - [2026-09-06T17:50:27.261+0000] {dagbag.py:588} INFO - Filling up the DagBag from /opt/airflow/dags/04_parallel_weather.py
[2026-09-06T17:50:27.275+0000] {processor.py:925} INFO - DAG(s) 'parallel_weather_dag' retrieved from /opt/airflow/dags/04_parallel_weather.py
[2026-09-06T17:50:27.299+0000] {logging_mixin.py:190} INFO - [2026-09-06T17:50:27.299+0000] {dag.py:3239} INFO - Sync 1 DAGs
[2026-09-06T17:50:27.424+0000] {logging_mixin.py:190} INFO - [2026-09-06T17:50:27.423+0000] {dag.py:4180} INFO - Setting next_dagrun for parallel_weather_dag to None, run_after=None
[2026-09-06T17:50:27.440+0000] {processor.py:208} INFO - Processing /opt/airflow/dags/04_parallel_weather.py took 0.185 seconds
[2026-09-06T17:50:57.733+0000] {processor.py:186} INFO - Started process (PID=177) to work on /opt/airflow/dags/04_parallel_weather.py
[2026-09-06T17:50:57.733+0000] {processor.py:914} INFO - Processing file /opt/airflow/dags/04_parallel_weather.py for tasks to queue
[2026-09-06T17:50:57.734+0000] {logging_mixin.py:190} INFO - [2026-09-06T17:50:57.734+0000] {dagbag.py:588} INFO - Filling up the DagBag from /opt/airflow/dags/04_parallel_weather.py
[2026-09-06T17:50:57.750+0000] {processor.py:925} INFO - DAG(s) 'parallel_weather_dag' retrieved from /opt/airflow/dags/04_parallel_weather.py
[2026-09-06T17:50:57.778+0000] {logging_mixin.py:190} INFO - [2026-09-06T17:50:57.777+0000] {dag.py:3239} INFO - Sync 1 DAGs
[2026-09-06T17:50:57.794+0000] {logging_mixin.py:190} INFO - [2026-09-06T17:50:57.793+0000] {dag.py:4180} INFO - Setting next_dagrun for parallel_weather_dag to None, run_after=None
[2026-09-06T17:50:57.814+0000] {processor.py:208} INFO - Processing /opt/airflow/dags/04_parallel_weather.py took 0.086 seconds
[2026-09-06T17:51:32.320+0000] {processor.py:186} INFO - Started process (PID=193) to work on /opt/airflow/dags/04_parallel_weather.py
[2026-09-06T17:51:32.321+0000] {processor.py:914} INFO - Processing file /opt/airflow/dags/04_parallel_weather.py for tasks to queue
[2026-09-06T17:51:32.323+0000] {logging_mixin.py:190} INFO - [2026-09-06T17:51:32.323+0000] {dagbag.py:588} INFO - Filling up the DagBag from /opt/airflow/dags/04_parallel_weather.py
[2026-09-06T17:51:32.340+0000] {processor.py:925} INFO - DAG(s) 'parallel_weather_dag' retrieved from /opt/airflow/dags/04_parallel_weather.py
[2026-09-06T17:51:32.436+0000] {logging_mixin.py:190} INFO - [2026-09-06T17:51:32.436+0000] {dag.py:3239} INFO - Sync 1 DAGs
[2026-09-06T17:51:32.449+0000] {logging_mixin.py:190} INFO - [2026-09-06T17:51:32.449+0000] {dag.py:4180} INFO - Setting next_dagrun for parallel_weather_dag to None, run_after=None
[2026-09-06T17:51:33.533+0000] {processor.py:208} INFO - Processing /opt/airflow/dags/04_parallel_weather.py took 1.220 seconds
[2026-09-06T17:52:03.907+0000] {processor.py:186} INFO - Started process (PID=206) to work on /opt/airflow/dags/04_parallel_weather.py
[2026-09-06T17:52:03.907+0000] {processor.py:914} INFO - Processing file /opt/airflow/dags/04_parallel_weather.py for tasks to queue
[2026-09-06T17:52:03.908+0000] {logging_mixin.py:190} INFO - [2026-09-06T17:52:03.908+0000] {dagbag.py:588} INFO - Filling up the DagBag from /opt/airflow/dags/04_parallel_weather.py
[2026-09-06T17:52:03.923+0000] {processor.py:925} INFO - DAG(s) 'parallel_weather_dag' retrieved from /opt/airflow/dags/04_parallel_weather.py
[2026-09-06T17:52:03.953+0000] {logging_mixin.py:190} INFO - [2026-09-06T17:52:03.952+0000] {dag.py:3239} INFO - Sync 1 DAGs
[2026-09-06T17:52:03.968+0000] {logging_mixin.py:190} INFO - [2026-09-06T17:52:03.968+0000] {dag.py:4180} INFO - Setting next_dagrun for parallel_weather_dag to None, run_after=None
[2026-09-06T17:52:03.992+0000] {processor.py:208} INFO - Processing /opt/airflow/dags/04_parallel_weather.py took 0.090 seconds
[2026-09-06T17:52:34.872+0000] {processor.py:186} INFO - Started process (PID=220) to work on /opt/airflow/dags/04_parallel_weather.py
[2026-09-06T17:52:34.873+0000] {processor.py:914} INFO - Processing file /opt/airflow/dags/04_parallel_weather.py for tasks to queue
[2026-09-06T17:52:34.874+0000] {logging_mixin.py:190} INFO - [2026-09-06T17:52:34.874+0000] {dagbag.py:588} INFO - Filling up the DagBag from /opt/airflow/dags/04_parallel_weather.py
[2026-09-06T17:52:34.891+0000] {processor.py:925} INFO - DAG(s) 'parallel_weather_dag' retrieved from /opt/airflow/dags/04_parallel_weather.py
[2026-09-06T17:52:34.922+0000] {logging_mixin.py:190} INFO - [2026-09-06T17:52:34.922+0000] {dag.py:3239} INFO - Sync 1 DAGs
[2026-09-06T17:52:34.938+0000] {logging_mixin.py:190} INFO - [2026-09-06T17:52:34.938+0000] {dag.py:4180} INFO - Setting next_dagrun for parallel_weather_dag to None, run_after=None
[2026-09-06T17:52:34.973+0000] {processor.py:208} INFO - Processing /opt/airflow/dags/04_parallel_weather.py took 0.108 seconds
[2026-09-06T17:53:05.513+0000] {processor.py:186} INFO - Started process (PID=234) to work on /opt/airflow/dags/04_parallel_weather.py
[2026-09-06T17:53:05.514+0000] {processor.py:914} INFO - Processing file /opt/airflow/dags/04_parallel_weather.py for tasks to queue
[2026-09-06T17:53:05.516+0000] {logging_mixin.py:190} INFO - [2026-09-06T17:53:05.515+0000] {dagbag.py:588} INFO - Filling up the DagBag from /opt/airflow/dags/04_parallel_weather.py
[2026-09-06T17:53:05.540+0000] {processor.py:925} INFO - DAG(s) 'parallel_weather_dag' retrieved from /opt/airflow/dags/04_parallel_weather.py
[2026-09-06T17:53:05.589+0000] {logging_mixin.py:190} INFO - [2026-09-06T17:53:05.589+0000] {dag.py:3239} INFO - Sync 1 DAGs
[2026-09-06T17:53:05.621+0000] {logging_mixin.py:190} INFO - [2026-09-06T17:53:05.621+0000] {dag.py:4180} INFO - Setting next_dagrun for parallel_weather_dag to None, run_after=None
[2026-09-06T17:53:05.650+0000] {processor.py:208} INFO - Processing /opt/airflow/dags/04_parallel_weather.py took 0.145 seconds
[2026-09-06T17:53:36.255+0000] {processor.py:186} INFO - Started process (PID=248) to work on /opt/airflow/dags/04_parallel_weather.py
[2026-09-06T17:53:36.256+0000] {processor.py:914} INFO - Processing file /opt/airflow/dags/04_parallel_weather.py for tasks to queue
[2026-09-06T17:53:36.257+0000] {logging_mixin.py:190} INFO - [2026-09-06T17:53:36.257+0000] {dagbag.py:588} INFO - Filling up the DagBag from /opt/airflow/dags/04_parallel_weather.py
[2026-09-06T17:53:36.272+0000] {processor.py:925} INFO - DAG(s) 'parallel_weather_dag' retrieved from /opt/airflow/dags/04_parallel_weather.py
[2026-09-06T17:53:36.295+0000] {logging_mixin.py:190} INFO - [2026-09-06T17:53:36.295+0000] {dag.py:3239} INFO - Sync 1 DAGs
[2026-09-06T17:53:36.309+0000] {logging_mixin.py:190} INFO - [2026-09-06T17:53:36.309+0000] {dag.py:4180} INFO - Setting next_dagrun for parallel_weather_dag to None, run_after=None
[2026-09-06T17:53:36.328+0000] {processor.py:208} INFO - Processing /opt/airflow/dags/04_parallel_weather.py took 0.078 seconds
[2026-09-06T17:54:06.917+0000] {processor.py:186} INFO - Started process (PID=262) to work on /opt/airflow/dags/04_parallel_weather.py
[2026-09-06T17:54:06.918+0000] {processor.py:914} INFO - Processing file /opt/airflow/dags/04_parallel_weather.py for tasks to queue
[2026-09-06T17:54:06.919+0000] {logging_mixin.py:190} INFO - [2026-09-06T17:54:06.918+0000] {dagbag.py:588} INFO - Filling up the DagBag from /opt/airflow/dags/04_parallel_weather.py
[2026-09-06T17:54:06.932+0000] {processor.py:925} INFO - DAG(s) 'parallel_weather_dag' retrieved from /opt/airflow/dags/04_parallel_weather.py
[2026-09-06T17:54:06.958+0000] {logging_mixin.py:190} INFO - [2026-09-06T17:54:06.958+0000] {dag.py:3239} INFO - Sync 1 DAGs
[2026-09-06T17:54:06.974+0000] {logging_mixin.py:190} INFO - [2026-09-06T17:54:06.974+0000] {dag.py:4180} INFO - Setting next_dagrun for parallel_weather_dag to None, run_after=None
[2026-09-06T17:54:06.997+0000] {processor.py:208} INFO - Processing /opt/airflow/dags/04_parallel_weather.py took 0.085 seconds
[2026-09-06T17:54:37.563+0000] {processor.py:186} INFO - Started process (PID=276) to work on /opt/airflow/dags/04_parallel_weather.py
[2026-09-06T17:54:37.564+0000] {processor.py:914} INFO - Processing file /opt/airflow/dags/04_parallel_weather.py for tasks to queue
[2026-09-06T17:54:37.565+0000] {logging_mixin.py:190} INFO - [2026-09-06T17:54:37.565+0000] {dagbag.py:588} INFO - Filling up the DagBag from /opt/airflow/dags/04_parallel_weather.py
[2026-09-06T17:54:37.580+0000] {processor.py:925} INFO - DAG(s) 'parallel_weather_dag' retrieved from /opt/airflow/dags/04_parallel_weather.py
[2026-09-06T17:54:37.604+0000] {logging_mixin.py:190} INFO - [2026-09-06T17:54:37.604+0000] {dag.py:3239} INFO - Sync 1 DAGs
[2026-09-06T17:54:37.618+0000] {logging_mixin.py:190} INFO - [2026-09-06T17:54:37.618+0000] {dag.py:4180} INFO - Setting next_dagrun for parallel_weather_dag to None, run_after=None
[2026-09-06T17:54:37.639+0000] {processor.py:208} INFO - Processing /opt/airflow/dags/04_parallel_weather.py took 0.080 seconds
[2026-09-06T17:55:08.152+0000] {processor.py:186} INFO - Started process (PID=290) to work on /opt/airflow/dags/04_parallel_weather.py
[2026-09-06T17:55:08.152+0000] {processor.py:914} INFO - Processing file /opt/airflow/dags/04_parallel_weather.py for tasks to queue
[2026-09-06T17:55:08.154+0000] {logging_mixin.py:190} INFO - [2026-09-06T17:55:08.153+0000] {dagbag.py:588} INFO - Filling up the DagBag from /opt/airflow/dags/04_parallel_weather.py
[2026-09-06T17:55:08.173+0000] {processor.py:925} INFO - DAG(s) 'parallel_weather_dag' retrieved from /opt/airflow/dags/04_parallel_weather.py
[2026-09-06T17:55:08.200+0000] {logging_mixin.py:190} INFO - [2026-09-06T17:55:08.200+0000] {dag.py:3239} INFO - Sync 1 DAGs
[2026-09-06T17:55:08.214+0000] {logging_mixin.py:190} INFO - [2026-09-06T17:55:08.214+0000] {dag.py:4180} INFO - Setting next_dagrun for parallel_weather_dag to None, run_after=None
[2026-09-06T17:55:08.235+0000] {processor.py:208} INFO - Processing /opt/airflow/dags/04_parallel_weather.py took 0.088 seconds
[2026-09-06T17:55:38.751+0000] {processor.py:186} INFO - Started process (PID=304) to work on /opt/airflow/dags/04_parallel_weather.py
[2026-09-06T17:55:38.751+0000] {processor.py:914} INFO - Processing file /opt/airflow/dags/04_parallel_weather.py for tasks to queue
[2026-09-06T17:55:38.753+0000] {logging_mixin.py:190} INFO - [2026-09-06T17:55:38.752+0000] {dagbag.py:588} INFO - Filling up the DagBag from /opt/airflow/dags/04_parallel_weather.py
[2026-09-06T17:55:38.767+0000] {processor.py:925} INFO - DAG(s) 'parallel_weather_dag' retrieved from /opt/airflow/dags/04_parallel_weather.py
[2026-09-06T17:55:38.794+0000] {logging_mixin.py:190} INFO - [2026-09-06T17:55:38.794+0000] {dag.py:3239} INFO - Sync 1 DAGs
[2026-09-06T17:55:38.809+0000] {logging_mixin.py:190} INFO - [2026-09-06T17:55:38.809+0000] {dag.py:4180} INFO - Setting next_dagrun for parallel_weather_dag to None, run_after=None
[2026-09-06T17:55:38.828+0000] {processor.py:208} INFO - Processing /opt/airflow/dags/04_parallel_weather.py took 0.083 seconds
[2026-09-06T17:56:09.309+0000] {processor.py:186} INFO - Started process (PID=318) to work on /opt/airflow/dags/04_parallel_weather.py
[2026-09-06T17:56:09.310+0000] {processor.py:914} INFO - Processing file /opt/airflow/dags/04_parallel_weather.py for tasks to queue
[2026-09-06T17:56:09.312+0000] {logging_mixin.py:190} INFO - [2026-09-06T17:56:09.311+0000] {dagbag.py:588} INFO - Filling up the DagBag from /opt/airflow/dags/04_parallel_weather.py
[2026-09-06T17:56:09.330+0000] {processor.py:925} INFO - DAG(s) 'parallel_weather_dag' retrieved from /opt/airflow/dags/04_parallel_weather.py
[2026-09-06T17:56:09.357+0000] {logging_mixin.py:190} INFO - [2026-09-06T17:56:09.357+0000] {dag.py:3239} INFO - Sync 1 DAGs
[2026-09-06T17:56:09.375+0000] {logging_mixin.py:190} INFO - [2026-09-06T17:56:09.374+0000] {dag.py:4180} INFO - Setting next_dagrun for parallel_weather_dag to None, run_after=None
[2026-09-06T17:56:09.410+0000] {processor.py:208} INFO - Processing /opt/airflow/dags/04_parallel_weather.py took 0.106 seconds
[2026-09-06T17:56:39.932+0000] {processor.py:186} INFO - Started process (PID=332) to work on /opt/airflow/dags/04_parallel_weather.py
[2026-09-06T17:56:39.932+0000] {processor.py:914} INFO - Processing file /opt/airflow/dags/04_parallel_weather.py for tasks to queue
[2026-09-06T17:56:39.934+0000] {logging_mixin.py:190} INFO - [2026-09-06T17:56:39.933+0000] {dagbag.py:588} INFO - Filling up the DagBag from /opt/airflow/dags/04_parallel_weather.py
[2026-09-06T17:56:39.949+0000] {processor.py:925} INFO - DAG(s) 'parallel_weather_dag' retrieved from /opt/airflow/dags/04_parallel_weather.py
[2026-09-06T17:56:39.975+0000] {logging_mixin.py:190} INFO - [2026-09-06T17:56:39.975+0000] {dag.py:3239} INFO - Sync 1 DAGs
[2026-09-06T17:56:39.988+0000] {logging_mixin.py:190} INFO - [2026-09-06T17:56:39.988+0000] {dag.py:4180} INFO - Setting next_dagrun for parallel_weather_dag to None, run_after=None
[2026-09-06T17:56:40.009+0000] {processor.py:208} INFO - Processing /opt/airflow/dags/04_parallel_weather.py took 0.083 seconds
[2026-09-06T17:57:10.550+0000] {processor.py:186} INFO - Started process (PID=346) to work on /opt/airflow/dags/04_parallel_weather.py
[2026-09-06T17:57:10.550+0000] {processor.py:914} INFO - Processing file /opt/airflow/dags/04_parallel_weather.py for tasks to queue
[2026-09-06T17:57:10.551+0000] {logging_mixin.py:190} INFO - [2026-09-06T17:57:10.551+0000] {dagbag.py:588} INFO - Filling up the DagBag from /opt/airflow/dags/04_parallel_weather.py
[2026-09-06T17:57:10.568+0000] {processor.py:925} INFO - DAG(s) 'parallel_weather_dag' retrieved from /opt/airflow/dags/04_parallel_weather.py
[2026-09-06T17:57:10.593+0000] {logging_mixin.py:190} INFO - [2026-09-06T17:57:10.592+0000] {dag.py:3239} INFO - Sync 1 DAGs
[2026-09-06T17:57:10.608+0000] {logging_mixin.py:190} INFO - [2026-09-06T17:57:10.608+0000] {dag.py:4180} INFO - Setting next_dagrun for parallel_weather_dag to None, run_after=None
[2026-09-06T17:57:10.628+0000] {processor.py:208} INFO - Processing /opt/airflow/dags/04_parallel_weather.py took 0.084 seconds
[2026-09-06T17:57:41.138+0000] {processor.py:186} INFO - Started process (PID=360) to work on /opt/airflow/dags/04_parallel_weather.py
[2026-09-06T17:57:41.138+0000] {processor.py:914} INFO - Processing file /opt/airflow/dags/04_parallel_weather.py for tasks to queue
[2026-09-06T17:57:41.140+0000] {logging_mixin.py:190} INFO - [2026-09-06T17:57:41.140+0000] {dagbag.py:588} INFO - Filling up the DagBag from /opt/airflow/dags/04_parallel_weather.py
[2026-09-06T17:57:41.154+0000] {processor.py:925} INFO - DAG(s) 'parallel_weather_dag' retrieved from /opt/airflow/dags/04_parallel_weather.py
[2026-09-06T17:57:41.181+0000] {logging_mixin.py:190} INFO - [2026-09-06T17:57:41.181+0000] {dag.py:3239} INFO - Sync 1 DAGs
[2026-09-06T17:57:41.194+0000] {logging_mixin.py:190} INFO - [2026-09-06T17:57:41.194+0000] {dag.py:4180} INFO - Setting next_dagrun for parallel_weather_dag to None, run_after=None
[2026-09-06T17:57:41.215+0000] {processor.py:208} INFO - Processing /opt/airflow/dags/04_parallel_weather.py took 0.083 seconds
[2026-09-06T17:58:11.707+0000] {processor.py:186} INFO - Started process (PID=374) to work on /opt/airflow/dags/04_parallel_weather.py
[2026-09-06T17:58:11.707+0000] {processor.py:914} INFO - Processing file /opt/airflow/dags/04_parallel_weather.py for tasks to queue
[2026-09-06T17:58:11.708+0000] {logging_mixin.py:190} INFO - [2026-09-06T17:58:11.708+0000] {dagbag.py:588} INFO - Filling up the DagBag from /opt/airflow/dags/04_parallel_weather.py
[2026-09-06T17:58:11.722+0000] {processor.py:925} INFO - DAG(s) 'parallel_weather_dag' retrieved from /opt/airflow/dags/04_parallel_weather.py
[2026-09-06T17:58:11.756+0000] {logging_mixin.py:190} INFO - [2026-09-06T17:58:11.756+0000] {dag.py:3239} INFO - Sync 1 DAGs
[2026-09-06T17:58:11.772+0000] {logging_mixin.py:190} INFO - [2026-09-06T17:58:11.772+0000] {dag.py:4180} INFO - Setting next_dagrun for parallel_weather_dag to None, run_after=None
[2026-09-06T17:58:11.796+0000] {processor.py:208} INFO - Processing /opt/airflow/dags/04_parallel_weather.py took 0.095 seconds
[2026-09-06T17:58:42.342+0000] {processor.py:186} INFO - Started process (PID=388) to work on /opt/airflow/dags/04_parallel_weather.py
[2026-09-06T17:58:42.342+0000] {processor.py:914} INFO - Processing file /opt/airflow/dags/04_parallel_weather.py for tasks to queue
[2026-09-06T17:58:42.343+0000] {logging_mixin.py:190} INFO - [2026-09-06T17:58:42.343+0000] {dagbag.py:588} INFO - Filling up the DagBag from /opt/airflow/dags/04_parallel_weather.py
[2026-09-06T17:58:42.358+0000] {processor.py:925} INFO - DAG(s) 'parallel_weather_dag' retrieved from /opt/airflow/dags/04_parallel_weather.py
[2026-09-06T17:58:42.383+0000] {logging_mixin.py:190} INFO - [2026-09-06T17:58:42.383+0000] {dag.py:3239} INFO - Sync 1 DAGs
[2026-09-06T17:58:42.395+0000] {logging_mixin.py:190} INFO - [2026-09-06T17:58:42.395+0000] {dag.py:4180} INFO - Setting next_dagrun for parallel_weather_dag to None, run_after=None
[2026-09-06T17:58:42.417+0000] {processor.py:208} INFO - Processing /opt/airflow/dags/04_parallel_weather.py took 0.081 seconds
