[2026-09-06T17:00:41.686+0000] {processor.py:186} INFO - Started process (PID=194) to work on /opt/airflow/dags/05_etl_weather_postgres.py
[2026-09-06T17:00:41.687+0000] {processor.py:914} INFO - Processing file /opt/airflow/dags/05_etl_weather_postgres.py for tasks to queue
[2026-09-06T17:00:41.688+0000] {logging_mixin.py:190} INFO - [2026-09-06T17:00:41.687+0000] {dagbag.py:588} INFO - Filling up the DagBag from /opt/airflow/dags/05_etl_weather_postgres.py
[2026-09-06T17:00:41.709+0000] {processor.py:925} INFO - DAG(s) 'etl_weather_postgres_dag' retrieved from /opt/airflow/dags/05_etl_weather_postgres.py
[2026-09-06T17:00:41.805+0000] {logging_mixin.py:190} INFO - [2026-09-06T17:00:41.804+0000] {override.py:1911} INFO - Created Permission View: can delete on DAG:etl_weather_postgres_dag
[2026-09-06T17:00:41.816+0000] {logging_mixin.py:190} INFO - [2026-09-06T17:00:41.815+0000] {override.py:1911} INFO - Created Permission View: can read on DAG:etl_weather_postgres_dag
[2026-09-06T17:00:41.823+0000] {logging_mixin.py:190} INFO - [2026-09-06T17:00:41.823+0000] {override.py:1911} INFO - Created Permission View: can edit on DAG:etl_weather_postgres_dag
[2026-09-06T17:00:41.832+0000] {logging_mixin.py:190} INFO - [2026-09-06T17:00:41.831+0000] {override.py:1911} INFO - Created Permission View: can create on DAG Run:etl_weather_postgres_dag
[2026-09-06T17:00:41.839+0000] {logging_mixin.py:190} INFO - [2026-09-06T17:00:41.839+0000] {override.py:1911} INFO - Created Permission View: can read on DAG Run:etl_weather_postgres_dag
[2026-09-06T17:00:41.846+0000] {logging_mixin.py:190} INFO - [2026-09-06T17:00:41.846+0000] {override.py:1911} INFO - Created Permission View: menu access on DAG Run:etl_weather_postgres_dag
[2026-09-06T17:00:41.853+0000] {logging_mixin.py:190} INFO - [2026-09-06T17:00:41.853+0000] {override.py:1911} INFO - Created Permission View: can delete on DAG Run:etl_weather_postgres_dag
[2026-09-06T17:00:41.854+0000] {logging_mixin.py:190} INFO - [2026-09-06T17:00:41.853+0000] {dag.py:3239} INFO - Sync 1 DAGs
[2026-09-06T17:00:41.864+0000] {logging_mixin.py:190} INFO - [2026-09-06T17:00:41.864+0000] {dag.py:3262} INFO - Creating ORM DAG for etl_weather_postgres_dag
[2026-09-06T17:00:41.865+0000] {logging_mixin.py:190} INFO - [2026-09-06T17:00:41.865+0000] {dag.py:4180} INFO - Setting next_dagrun for etl_weather_postgres_dag to None, run_after=None
[2026-09-06T17:00:41.885+0000] {processor.py:208} INFO - Processing /opt/airflow/dags/05_etl_weather_postgres.py took 0.204 seconds
[2026-09-06T17:01:12.627+0000] {processor.py:186} INFO - Started process (PID=209) to work on /opt/airflow/dags/05_etl_weather_postgres.py
[2026-09-06T17:01:12.628+0000] {processor.py:914} INFO - Processing file /opt/airflow/dags/05_etl_weather_postgres.py for tasks to queue
[2026-09-06T17:01:12.630+0000] {logging_mixin.py:190} INFO - [2026-09-06T17:01:12.630+0000] {dagbag.py:588} INFO - Filling up the DagBag from /opt/airflow/dags/05_etl_weather_postgres.py
[2026-09-06T17:01:12.648+0000] {processor.py:925} INFO - DAG(s) 'etl_weather_postgres_dag' retrieved from /opt/airflow/dags/05_etl_weather_postgres.py
[2026-09-06T17:01:12.679+0000] {logging_mixin.py:190} INFO - [2026-09-06T17:01:12.679+0000] {dag.py:3239} INFO - Sync 1 DAGs
[2026-09-06T17:01:12.693+0000] {logging_mixin.py:190} INFO - [2026-09-06T17:01:12.693+0000] {dag.py:4180} INFO - Setting next_dagrun for etl_weather_postgres_dag to None, run_after=None
[2026-09-06T17:01:12.721+0000] {processor.py:208} INFO - Processing /opt/airflow/dags/05_etl_weather_postgres.py took 0.100 seconds
[2026-09-06T17:01:42.815+0000] {processor.py:186} INFO - Started process (PID=223) to work on /opt/airflow/dags/05_etl_weather_postgres.py
[2026-09-06T17:01:42.816+0000] {processor.py:914} INFO - Processing file /opt/airflow/dags/05_etl_weather_postgres.py for tasks to queue
[2026-09-06T17:01:42.817+0000] {logging_mixin.py:190} INFO - [2026-09-06T17:01:42.817+0000] {dagbag.py:588} INFO - Filling up the DagBag from /opt/airflow/dags/05_etl_weather_postgres.py
[2026-09-06T17:01:42.832+0000] {processor.py:925} INFO - DAG(s) 'etl_weather_postgres_dag' retrieved from /opt/airflow/dags/05_etl_weather_postgres.py
[2026-09-06T17:01:42.856+0000] {logging_mixin.py:190} INFO - [2026-09-06T17:01:42.855+0000] {dag.py:3239} INFO - Sync 1 DAGs
[2026-09-06T17:01:42.868+0000] {logging_mixin.py:190} INFO - [2026-09-06T17:01:42.868+0000] {dag.py:4180} INFO - Setting next_dagrun for etl_weather_postgres_dag to None, run_after=None
[2026-09-06T17:01:42.889+0000] {processor.py:208} INFO - Processing /opt/airflow/dags/05_etl_weather_postgres.py took 0.078 seconds
[2026-09-06T17:02:13.451+0000] {processor.py:186} INFO - Started process (PID=239) to work on /opt/airflow/dags/05_etl_weather_postgres.py
[2026-09-06T17:02:13.451+0000] {processor.py:914} INFO - Processing file /opt/airflow/dags/05_etl_weather_postgres.py for tasks to queue
[2026-09-06T17:02:13.452+0000] {logging_mixin.py:190} INFO - [2026-09-06T17:02:13.452+0000] {dagbag.py:588} INFO - Filling up the DagBag from /opt/airflow/dags/05_etl_weather_postgres.py
[2026-09-06T17:02:13.466+0000] {processor.py:925} INFO - DAG(s) 'etl_weather_postgres_dag' retrieved from /opt/airflow/dags/05_etl_weather_postgres.py
[2026-09-06T17:02:13.489+0000] {logging_mixin.py:190} INFO - [2026-09-06T17:02:13.489+0000] {dag.py:3239} INFO - Sync 1 DAGs
[2026-09-06T17:02:13.644+0000] {logging_mixin.py:190} INFO - [2026-09-06T17:02:13.644+0000] {dag.py:4180} INFO - Setting next_dagrun for etl_weather_postgres_dag to None, run_after=None
[2026-09-06T17:02:13.665+0000] {processor.py:208} INFO - Processing /opt/airflow/dags/05_etl_weather_postgres.py took 0.220 seconds
[2026-09-06T17:02:43.984+0000] {processor.py:186} INFO - Started process (PID=255) to work on /opt/airflow/dags/05_etl_weather_postgres.py
[2026-09-06T17:02:43.985+0000] {processor.py:914} INFO - Processing file /opt/airflow/dags/05_etl_weather_postgres.py for tasks to queue
[2026-09-06T17:02:43.987+0000] {logging_mixin.py:190} INFO - [2026-09-06T17:02:43.986+0000] {dagbag.py:588} INFO - Filling up the DagBag from /opt/airflow/dags/05_etl_weather_postgres.py
[2026-09-06T17:02:44.004+0000] {processor.py:925} INFO - DAG(s) 'etl_weather_postgres_dag' retrieved from /opt/airflow/dags/05_etl_weather_postgres.py
[2026-09-06T17:02:44.036+0000] {logging_mixin.py:190} INFO - [2026-09-06T17:02:44.036+0000] {dag.py:3239} INFO - Sync 1 DAGs
[2026-09-06T17:02:44.051+0000] {logging_mixin.py:190} INFO - [2026-09-06T17:02:44.050+0000] {dag.py:4180} INFO - Setting next_dagrun for etl_weather_postgres_dag to None, run_after=None
[2026-09-06T17:02:44.071+0000] {processor.py:208} INFO - Processing /opt/airflow/dags/05_etl_weather_postgres.py took 0.093 seconds
[2026-09-06T17:03:14.583+0000] {processor.py:186} INFO - Started process (PID=271) to work on /opt/airflow/dags/05_etl_weather_postgres.py
[2026-09-06T17:03:14.584+0000] {processor.py:914} INFO - Processing file /opt/airflow/dags/05_etl_weather_postgres.py for tasks to queue
[2026-09-06T17:03:14.586+0000] {logging_mixin.py:190} INFO - [2026-09-06T17:03:14.585+0000] {dagbag.py:588} INFO - Filling up the DagBag from /opt/airflow/dags/05_etl_weather_postgres.py
[2026-09-06T17:03:14.602+0000] {processor.py:925} INFO - DAG(s) 'etl_weather_postgres_dag' retrieved from /opt/airflow/dags/05_etl_weather_postgres.py
[2026-09-06T17:03:14.633+0000] {logging_mixin.py:190} INFO - [2026-09-06T17:03:14.633+0000] {dag.py:3239} INFO - Sync 1 DAGs
[2026-09-06T17:03:14.646+0000] {logging_mixin.py:190} INFO - [2026-09-06T17:03:14.645+0000] {dag.py:4180} INFO - Setting next_dagrun for etl_weather_postgres_dag to None, run_after=None
[2026-09-06T17:03:14.661+0000] {processor.py:208} INFO - Processing /opt/airflow/dags/05_etl_weather_postgres.py took 0.084 seconds
[2026-09-06T17:03:45.460+0000] {processor.py:186} INFO - Started process (PID=287) to work on /opt/airflow/dags/05_etl_weather_postgres.py
[2026-09-06T17:03:45.460+0000] {processor.py:914} INFO - Processing file /opt/airflow/dags/05_etl_weather_postgres.py for tasks to queue
[2026-09-06T17:03:45.461+0000] {logging_mixin.py:190} INFO - [2026-09-06T17:03:45.461+0000] {dagbag.py:588} INFO - Filling up the DagBag from /opt/airflow/dags/05_etl_weather_postgres.py
[2026-09-06T17:03:45.477+0000] {processor.py:925} INFO - DAG(s) 'etl_weather_postgres_dag' retrieved from /opt/airflow/dags/05_etl_weather_postgres.py
[2026-09-06T17:03:45.501+0000] {logging_mixin.py:190} INFO - [2026-09-06T17:03:45.501+0000] {dag.py:3239} INFO - Sync 1 DAGs
[2026-09-06T17:03:45.513+0000] {logging_mixin.py:190} INFO - [2026-09-06T17:03:45.513+0000] {dag.py:4180} INFO - Setting next_dagrun for etl_weather_postgres_dag to None, run_after=None
[2026-09-06T17:03:45.532+0000] {processor.py:208} INFO - Processing /opt/airflow/dags/05_etl_weather_postgres.py took 0.077 seconds
[2026-09-06T17:04:16.288+0000] {processor.py:186} INFO - Started process (PID=303) to work on /opt/airflow/dags/05_etl_weather_postgres.py
[2026-09-06T17:04:16.288+0000] {processor.py:914} INFO - Processing file /opt/airflow/dags/05_etl_weather_postgres.py for tasks to queue
[2026-09-06T17:04:16.290+0000] {logging_mixin.py:190} INFO - [2026-09-06T17:04:16.289+0000] {dagbag.py:588} INFO - Filling up the DagBag from /opt/airflow/dags/05_etl_weather_postgres.py
[2026-09-06T17:04:16.306+0000] {processor.py:925} INFO - DAG(s) 'etl_weather_postgres_dag' retrieved from /opt/airflow/dags/05_etl_weather_postgres.py
[2026-09-06T17:04:16.334+0000] {logging_mixin.py:190} INFO - [2026-09-06T17:04:16.333+0000] {dag.py:3239} INFO - Sync 1 DAGs
[2026-09-06T17:04:16.348+0000] {logging_mixin.py:190} INFO - [2026-09-06T17:04:16.347+0000] {dag.py:4180} INFO - Setting next_dagrun for etl_weather_postgres_dag to None, run_after=None
[2026-09-06T17:04:16.367+0000] {processor.py:208} INFO - Processing /opt/airflow/dags/05_etl_weather_postgres.py took 0.085 seconds
[2026-09-06T17:04:46.879+0000] {processor.py:186} INFO - Started process (PID=319) to work on /opt/airflow/dags/05_etl_weather_postgres.py
[2026-09-06T17:04:46.879+0000] {processor.py:914} INFO - Processing file /opt/airflow/dags/05_etl_weather_postgres.py for tasks to queue
[2026-09-06T17:04:46.881+0000] {logging_mixin.py:190} INFO - [2026-09-06T17:04:46.880+0000] {dagbag.py:588} INFO - Filling up the DagBag from /opt/airflow/dags/05_etl_weather_postgres.py
[2026-09-06T17:04:46.895+0000] {processor.py:925} INFO - DAG(s) 'etl_weather_postgres_dag' retrieved from /opt/airflow/dags/05_etl_weather_postgres.py
[2026-09-06T17:04:46.925+0000] {logging_mixin.py:190} INFO - [2026-09-06T17:04:46.925+0000] {dag.py:3239} INFO - Sync 1 DAGs
[2026-09-06T17:04:46.941+0000] {logging_mixin.py:190} INFO - [2026-09-06T17:04:46.940+0000] {dag.py:4180} INFO - Setting next_dagrun for etl_weather_postgres_dag to None, run_after=None
[2026-09-06T17:04:46.961+0000] {processor.py:208} INFO - Processing /opt/airflow/dags/05_etl_weather_postgres.py took 0.089 seconds
[2026-09-06T17:05:17.473+0000] {processor.py:186} INFO - Started process (PID=335) to work on /opt/airflow/dags/05_etl_weather_postgres.py
[2026-09-06T17:05:17.473+0000] {processor.py:914} INFO - Processing file /opt/airflow/dags/05_etl_weather_postgres.py for tasks to queue
[2026-09-06T17:05:17.475+0000] {logging_mixin.py:190} INFO - [2026-09-06T17:05:17.474+0000] {dagbag.py:588} INFO - Filling up the DagBag from /opt/airflow/dags/05_etl_weather_postgres.py
[2026-09-06T17:05:17.494+0000] {processor.py:925} INFO - DAG(s) 'etl_weather_postgres_dag' retrieved from /opt/airflow/dags/05_etl_weather_postgres.py
[2026-09-06T17:05:17.521+0000] {logging_mixin.py:190} INFO - [2026-09-06T17:05:17.521+0000] {dag.py:3239} INFO - Sync 1 DAGs
[2026-09-06T17:05:17.534+0000] {logging_mixin.py:190} INFO - [2026-09-06T17:05:17.533+0000] {dag.py:4180} INFO - Setting next_dagrun for etl_weather_postgres_dag to None, run_after=None
[2026-09-06T17:05:17.552+0000] {processor.py:208} INFO - Processing /opt/airflow/dags/05_etl_weather_postgres.py took 0.086 seconds
[2026-09-06T17:05:48.408+0000] {processor.py:186} INFO - Started process (PID=351) to work on /opt/airflow/dags/05_etl_weather_postgres.py
[2026-09-06T17:05:48.409+0000] {processor.py:914} INFO - Processing file /opt/airflow/dags/05_etl_weather_postgres.py for tasks to queue
[2026-09-06T17:05:48.410+0000] {logging_mixin.py:190} INFO - [2026-09-06T17:05:48.410+0000] {dagbag.py:588} INFO - Filling up the DagBag from /opt/airflow/dags/05_etl_weather_postgres.py
[2026-09-06T17:05:48.425+0000] {processor.py:925} INFO - DAG(s) 'etl_weather_postgres_dag' retrieved from /opt/airflow/dags/05_etl_weather_postgres.py
[2026-09-06T17:05:48.451+0000] {logging_mixin.py:190} INFO - [2026-09-06T17:05:48.451+0000] {dag.py:3239} INFO - Sync 1 DAGs
[2026-09-06T17:05:48.465+0000] {logging_mixin.py:190} INFO - [2026-09-06T17:05:48.465+0000] {dag.py:4180} INFO - Setting next_dagrun for etl_weather_postgres_dag to None, run_after=None
[2026-09-06T17:05:48.485+0000] {processor.py:208} INFO - Processing /opt/airflow/dags/05_etl_weather_postgres.py took 0.082 seconds
[2026-09-06T17:06:18.954+0000] {processor.py:186} INFO - Started process (PID=365) to work on /opt/airflow/dags/05_etl_weather_postgres.py
[2026-09-06T17:06:18.955+0000] {processor.py:914} INFO - Processing file /opt/airflow/dags/05_etl_weather_postgres.py for tasks to queue
[2026-09-06T17:06:18.956+0000] {logging_mixin.py:190} INFO - [2026-09-06T17:06:18.955+0000] {dagbag.py:588} INFO - Filling up the DagBag from /opt/airflow/dags/05_etl_weather_postgres.py
[2026-09-06T17:06:18.973+0000] {processor.py:925} INFO - DAG(s) 'etl_weather_postgres_dag' retrieved from /opt/airflow/dags/05_etl_weather_postgres.py
[2026-09-06T17:06:19.004+0000] {logging_mixin.py:190} INFO - [2026-09-06T17:06:19.004+0000] {dag.py:3239} INFO - Sync 1 DAGs
[2026-09-06T17:06:19.018+0000] {logging_mixin.py:190} INFO - [2026-09-06T17:06:19.018+0000] {dag.py:4180} INFO - Setting next_dagrun for etl_weather_postgres_dag to None, run_after=None
[2026-09-06T17:06:19.040+0000] {processor.py:208} INFO - Processing /opt/airflow/dags/05_etl_weather_postgres.py took 0.094 seconds
[2026-09-06T17:06:49.518+0000] {processor.py:186} INFO - Started process (PID=380) to work on /opt/airflow/dags/05_etl_weather_postgres.py
[2026-09-06T17:06:49.518+0000] {processor.py:914} INFO - Processing file /opt/airflow/dags/05_etl_weather_postgres.py for tasks to queue
[2026-09-06T17:06:49.519+0000] {logging_mixin.py:190} INFO - [2026-09-06T17:06:49.519+0000] {dagbag.py:588} INFO - Filling up the DagBag from /opt/airflow/dags/05_etl_weather_postgres.py
[2026-09-06T17:06:49.534+0000] {processor.py:925} INFO - DAG(s) 'etl_weather_postgres_dag' retrieved from /opt/airflow/dags/05_etl_weather_postgres.py
[2026-09-06T17:06:49.557+0000] {logging_mixin.py:190} INFO - [2026-09-06T17:06:49.556+0000] {dag.py:3239} INFO - Sync 1 DAGs
[2026-09-06T17:06:49.569+0000] {logging_mixin.py:190} INFO - [2026-09-06T17:06:49.569+0000] {dag.py:4180} INFO - Setting next_dagrun for etl_weather_postgres_dag to None, run_after=None
[2026-09-06T17:06:49.586+0000] {processor.py:208} INFO - Processing /opt/airflow/dags/05_etl_weather_postgres.py took 0.073 seconds
[2026-09-06T17:07:20.060+0000] {processor.py:186} INFO - Started process (PID=394) to work on /opt/airflow/dags/05_etl_weather_postgres.py
[2026-09-06T17:07:20.060+0000] {processor.py:914} INFO - Processing file /opt/airflow/dags/05_etl_weather_postgres.py for tasks to queue
[2026-09-06T17:07:20.061+0000] {logging_mixin.py:190} INFO - [2026-09-06T17:07:20.061+0000] {dagbag.py:588} INFO - Filling up the DagBag from /opt/airflow/dags/05_etl_weather_postgres.py
[2026-09-06T17:07:20.079+0000] {processor.py:925} INFO - DAG(s) 'etl_weather_postgres_dag' retrieved from /opt/airflow/dags/05_etl_weather_postgres.py
[2026-09-06T17:07:20.104+0000] {logging_mixin.py:190} INFO - [2026-09-06T17:07:20.104+0000] {dag.py:3239} INFO - Sync 1 DAGs
[2026-09-06T17:07:20.118+0000] {logging_mixin.py:190} INFO - [2026-09-06T17:07:20.118+0000] {dag.py:4180} INFO - Setting next_dagrun for etl_weather_postgres_dag to None, run_after=None
[2026-09-06T17:07:20.137+0000] {processor.py:208} INFO - Processing /opt/airflow/dags/05_etl_weather_postgres.py took 0.083 seconds
[2026-09-06T17:07:50.635+0000] {processor.py:186} INFO - Started process (PID=408) to work on /opt/airflow/dags/05_etl_weather_postgres.py
[2026-09-06T17:07:50.636+0000] {processor.py:914} INFO - Processing file /opt/airflow/dags/05_etl_weather_postgres.py for tasks to queue
[2026-09-06T17:07:50.637+0000] {logging_mixin.py:190} INFO - [2026-09-06T17:07:50.637+0000] {dagbag.py:588} INFO - Filling up the DagBag from /opt/airflow/dags/05_etl_weather_postgres.py
[2026-09-06T17:07:50.651+0000] {processor.py:925} INFO - DAG(s) 'etl_weather_postgres_dag' retrieved from /opt/airflow/dags/05_etl_weather_postgres.py
[2026-09-06T17:07:50.675+0000] {logging_mixin.py:190} INFO - [2026-09-06T17:07:50.675+0000] {dag.py:3239} INFO - Sync 1 DAGs
[2026-09-06T17:07:50.687+0000] {logging_mixin.py:190} INFO - [2026-09-06T17:07:50.687+0000] {dag.py:4180} INFO - Setting next_dagrun for etl_weather_postgres_dag to None, run_after=None
[2026-09-06T17:07:50.705+0000] {processor.py:208} INFO - Processing /opt/airflow/dags/05_etl_weather_postgres.py took 0.076 seconds
[2026-09-06T17:08:21.235+0000] {processor.py:186} INFO - Started process (PID=422) to work on /opt/airflow/dags/05_etl_weather_postgres.py
[2026-09-06T17:08:21.236+0000] {processor.py:914} INFO - Processing file /opt/airflow/dags/05_etl_weather_postgres.py for tasks to queue
[2026-09-06T17:08:21.237+0000] {logging_mixin.py:190} INFO - [2026-09-06T17:08:21.237+0000] {dagbag.py:588} INFO - Filling up the DagBag from /opt/airflow/dags/05_etl_weather_postgres.py
[2026-09-06T17:08:21.259+0000] {processor.py:925} INFO - DAG(s) 'etl_weather_postgres_dag' retrieved from /opt/airflow/dags/05_etl_weather_postgres.py
[2026-09-06T17:08:21.297+0000] {logging_mixin.py:190} INFO - [2026-09-06T17:08:21.297+0000] {dag.py:3239} INFO - Sync 1 DAGs
[2026-09-06T17:08:21.317+0000] {logging_mixin.py:190} INFO - [2026-09-06T17:08:21.317+0000] {dag.py:4180} INFO - Setting next_dagrun for etl_weather_postgres_dag to None, run_after=None
[2026-09-06T17:08:21.340+0000] {processor.py:208} INFO - Processing /opt/airflow/dags/05_etl_weather_postgres.py took 0.113 seconds
[2026-09-06T17:08:51.848+0000] {processor.py:186} INFO - Started process (PID=436) to work on /opt/airflow/dags/05_etl_weather_postgres.py
[2026-09-06T17:08:51.848+0000] {processor.py:914} INFO - Processing file /opt/airflow/dags/05_etl_weather_postgres.py for tasks to queue
[2026-09-06T17:08:51.850+0000] {logging_mixin.py:190} INFO - [2026-09-06T17:08:51.849+0000] {dagbag.py:588} INFO - Filling up the DagBag from /opt/airflow/dags/05_etl_weather_postgres.py
[2026-09-06T17:08:51.863+0000] {processor.py:925} INFO - DAG(s) 'etl_weather_postgres_dag' retrieved from /opt/airflow/dags/05_etl_weather_postgres.py
[2026-09-06T17:08:51.893+0000] {logging_mixin.py:190} INFO - [2026-09-06T17:08:51.893+0000] {dag.py:3239} INFO - Sync 1 DAGs
[2026-09-06T17:08:51.906+0000] {logging_mixin.py:190} INFO - [2026-09-06T17:08:51.906+0000] {dag.py:4180} INFO - Setting next_dagrun for etl_weather_postgres_dag to None, run_after=None
[2026-09-06T17:08:51.925+0000] {processor.py:208} INFO - Processing /opt/airflow/dags/05_etl_weather_postgres.py took 0.082 seconds
[2026-09-06T17:09:22.635+0000] {processor.py:186} INFO - Started process (PID=450) to work on /opt/airflow/dags/05_etl_weather_postgres.py
[2026-09-06T17:09:22.635+0000] {processor.py:914} INFO - Processing file /opt/airflow/dags/05_etl_weather_postgres.py for tasks to queue
[2026-09-06T17:09:22.636+0000] {logging_mixin.py:190} INFO - [2026-09-06T17:09:22.636+0000] {dagbag.py:588} INFO - Filling up the DagBag from /opt/airflow/dags/05_etl_weather_postgres.py
[2026-09-06T17:09:22.655+0000] {processor.py:925} INFO - DAG(s) 'etl_weather_postgres_dag' retrieved from /opt/airflow/dags/05_etl_weather_postgres.py
[2026-09-06T17:09:22.683+0000] {logging_mixin.py:190} INFO - [2026-09-06T17:09:22.683+0000] {dag.py:3239} INFO - Sync 1 DAGs
[2026-09-06T17:09:22.697+0000] {logging_mixin.py:190} INFO - [2026-09-06T17:09:22.697+0000] {dag.py:4180} INFO - Setting next_dagrun for etl_weather_postgres_dag to None, run_after=None
[2026-09-06T17:09:22.720+0000] {processor.py:208} INFO - Processing /opt/airflow/dags/05_etl_weather_postgres.py took 0.093 seconds
[2026-09-06T17:09:53.362+0000] {processor.py:186} INFO - Started process (PID=464) to work on /opt/airflow/dags/05_etl_weather_postgres.py
[2026-09-06T17:09:53.362+0000] {processor.py:914} INFO - Processing file /opt/airflow/dags/05_etl_weather_postgres.py for tasks to queue
[2026-09-06T17:09:53.363+0000] {logging_mixin.py:190} INFO - [2026-09-06T17:09:53.363+0000] {dagbag.py:588} INFO - Filling up the DagBag from /opt/airflow/dags/05_etl_weather_postgres.py
[2026-09-06T17:09:53.385+0000] {processor.py:925} INFO - DAG(s) 'etl_weather_postgres_dag' retrieved from /opt/airflow/dags/05_etl_weather_postgres.py
[2026-09-06T17:09:53.415+0000] {logging_mixin.py:190} INFO - [2026-09-06T17:09:53.414+0000] {dag.py:3239} INFO - Sync 1 DAGs
[2026-09-06T17:09:53.430+0000] {logging_mixin.py:190} INFO - [2026-09-06T17:09:53.430+0000] {dag.py:4180} INFO - Setting next_dagrun for etl_weather_postgres_dag to None, run_after=None
[2026-09-06T17:09:53.452+0000] {processor.py:208} INFO - Processing /opt/airflow/dags/05_etl_weather_postgres.py took 0.097 seconds
[2026-09-06T17:10:23.514+0000] {processor.py:186} INFO - Started process (PID=478) to work on /opt/airflow/dags/05_etl_weather_postgres.py
[2026-09-06T17:10:23.515+0000] {processor.py:914} INFO - Processing file /opt/airflow/dags/05_etl_weather_postgres.py for tasks to queue
[2026-09-06T17:10:23.516+0000] {logging_mixin.py:190} INFO - [2026-09-06T17:10:23.516+0000] {dagbag.py:588} INFO - Filling up the DagBag from /opt/airflow/dags/05_etl_weather_postgres.py
[2026-09-06T17:10:23.538+0000] {processor.py:925} INFO - DAG(s) 'etl_weather_postgres_dag' retrieved from /opt/airflow/dags/05_etl_weather_postgres.py
[2026-09-06T17:10:23.570+0000] {logging_mixin.py:190} INFO - [2026-09-06T17:10:23.570+0000] {dag.py:3239} INFO - Sync 1 DAGs
[2026-09-06T17:10:23.585+0000] {logging_mixin.py:190} INFO - [2026-09-06T17:10:23.585+0000] {dag.py:4180} INFO - Setting next_dagrun for etl_weather_postgres_dag to None, run_after=None
[2026-09-06T17:10:23.606+0000] {processor.py:208} INFO - Processing /opt/airflow/dags/05_etl_weather_postgres.py took 0.098 seconds
[2026-09-06T17:10:54.221+0000] {processor.py:186} INFO - Started process (PID=492) to work on /opt/airflow/dags/05_etl_weather_postgres.py
[2026-09-06T17:10:54.222+0000] {processor.py:914} INFO - Processing file /opt/airflow/dags/05_etl_weather_postgres.py for tasks to queue
[2026-09-06T17:10:54.224+0000] {logging_mixin.py:190} INFO - [2026-09-06T17:10:54.224+0000] {dagbag.py:588} INFO - Filling up the DagBag from /opt/airflow/dags/05_etl_weather_postgres.py
[2026-09-06T17:10:54.246+0000] {processor.py:925} INFO - DAG(s) 'etl_weather_postgres_dag' retrieved from /opt/airflow/dags/05_etl_weather_postgres.py
[2026-09-06T17:10:54.277+0000] {logging_mixin.py:190} INFO - [2026-09-06T17:10:54.276+0000] {dag.py:3239} INFO - Sync 1 DAGs
[2026-09-06T17:10:54.290+0000] {logging_mixin.py:190} INFO - [2026-09-06T17:10:54.290+0000] {dag.py:4180} INFO - Setting next_dagrun for etl_weather_postgres_dag to None, run_after=None
[2026-09-06T17:10:54.310+0000] {processor.py:208} INFO - Processing /opt/airflow/dags/05_etl_weather_postgres.py took 0.096 seconds
[2026-09-06T17:11:24.917+0000] {processor.py:186} INFO - Started process (PID=506) to work on /opt/airflow/dags/05_etl_weather_postgres.py
[2026-09-06T17:11:24.918+0000] {processor.py:914} INFO - Processing file /opt/airflow/dags/05_etl_weather_postgres.py for tasks to queue
[2026-09-06T17:11:24.920+0000] {logging_mixin.py:190} INFO - [2026-09-06T17:11:24.919+0000] {dagbag.py:588} INFO - Filling up the DagBag from /opt/airflow/dags/05_etl_weather_postgres.py
[2026-09-06T17:11:24.978+0000] {processor.py:925} INFO - DAG(s) 'etl_weather_postgres_dag' retrieved from /opt/airflow/dags/05_etl_weather_postgres.py
[2026-09-06T17:11:25.052+0000] {logging_mixin.py:190} INFO - [2026-09-06T17:11:25.051+0000] {dag.py:3239} INFO - Sync 1 DAGs
[2026-09-06T17:11:25.088+0000] {logging_mixin.py:190} INFO - [2026-09-06T17:11:25.087+0000] {dag.py:4180} INFO - Setting next_dagrun for etl_weather_postgres_dag to None, run_after=None
[2026-09-06T17:11:25.140+0000] {processor.py:208} INFO - Processing /opt/airflow/dags/05_etl_weather_postgres.py took 0.243 seconds
[2026-09-06T17:11:55.759+0000] {processor.py:186} INFO - Started process (PID=526) to work on /opt/airflow/dags/05_etl_weather_postgres.py
[2026-09-06T17:11:55.760+0000] {processor.py:914} INFO - Processing file /opt/airflow/dags/05_etl_weather_postgres.py for tasks to queue
[2026-09-06T17:11:55.761+0000] {logging_mixin.py:190} INFO - [2026-09-06T17:11:55.760+0000] {dagbag.py:588} INFO - Filling up the DagBag from /opt/airflow/dags/05_etl_weather_postgres.py
[2026-09-06T17:11:55.782+0000] {processor.py:925} INFO - DAG(s) 'etl_weather_postgres_dag' retrieved from /opt/airflow/dags/05_etl_weather_postgres.py
[2026-09-06T17:11:55.814+0000] {logging_mixin.py:190} INFO - [2026-09-06T17:11:55.813+0000] {dag.py:3239} INFO - Sync 1 DAGs
[2026-09-06T17:11:55.828+0000] {logging_mixin.py:190} INFO - [2026-09-06T17:11:55.827+0000] {dag.py:4180} INFO - Setting next_dagrun for etl_weather_postgres_dag to None, run_after=None
[2026-09-06T17:11:55.850+0000] {processor.py:208} INFO - Processing /opt/airflow/dags/05_etl_weather_postgres.py took 0.097 seconds
[2026-09-06T17:12:26.464+0000] {processor.py:186} INFO - Started process (PID=540) to work on /opt/airflow/dags/05_etl_weather_postgres.py
[2026-09-06T17:12:26.464+0000] {processor.py:914} INFO - Processing file /opt/airflow/dags/05_etl_weather_postgres.py for tasks to queue
[2026-09-06T17:12:26.465+0000] {logging_mixin.py:190} INFO - [2026-09-06T17:12:26.465+0000] {dagbag.py:588} INFO - Filling up the DagBag from /opt/airflow/dags/05_etl_weather_postgres.py
[2026-09-06T17:12:26.485+0000] {processor.py:925} INFO - DAG(s) 'etl_weather_postgres_dag' retrieved from /opt/airflow/dags/05_etl_weather_postgres.py
[2026-09-06T17:12:26.515+0000] {logging_mixin.py:190} INFO - [2026-09-06T17:12:26.515+0000] {dag.py:3239} INFO - Sync 1 DAGs
[2026-09-06T17:12:26.528+0000] {logging_mixin.py:190} INFO - [2026-09-06T17:12:26.528+0000] {dag.py:4180} INFO - Setting next_dagrun for etl_weather_postgres_dag to None, run_after=None
[2026-09-06T17:12:26.552+0000] {processor.py:208} INFO - Processing /opt/airflow/dags/05_etl_weather_postgres.py took 0.095 seconds
[2026-09-06T17:12:57.162+0000] {processor.py:186} INFO - Started process (PID=554) to work on /opt/airflow/dags/05_etl_weather_postgres.py
[2026-09-06T17:12:57.163+0000] {processor.py:914} INFO - Processing file /opt/airflow/dags/05_etl_weather_postgres.py for tasks to queue
[2026-09-06T17:12:57.164+0000] {logging_mixin.py:190} INFO - [2026-09-06T17:12:57.164+0000] {dagbag.py:588} INFO - Filling up the DagBag from /opt/airflow/dags/05_etl_weather_postgres.py
[2026-09-06T17:12:57.185+0000] {processor.py:925} INFO - DAG(s) 'etl_weather_postgres_dag' retrieved from /opt/airflow/dags/05_etl_weather_postgres.py
[2026-09-06T17:12:57.215+0000] {logging_mixin.py:190} INFO - [2026-09-06T17:12:57.215+0000] {dag.py:3239} INFO - Sync 1 DAGs
[2026-09-06T17:12:57.232+0000] {logging_mixin.py:190} INFO - [2026-09-06T17:12:57.232+0000] {dag.py:4180} INFO - Setting next_dagrun for etl_weather_postgres_dag to None, run_after=None
[2026-09-06T17:12:57.255+0000] {processor.py:208} INFO - Processing /opt/airflow/dags/05_etl_weather_postgres.py took 0.098 seconds
[2026-09-06T17:13:27.917+0000] {processor.py:186} INFO - Started process (PID=568) to work on /opt/airflow/dags/05_etl_weather_postgres.py
[2026-09-06T17:13:27.917+0000] {processor.py:914} INFO - Processing file /opt/airflow/dags/05_etl_weather_postgres.py for tasks to queue
[2026-09-06T17:13:27.919+0000] {logging_mixin.py:190} INFO - [2026-09-06T17:13:27.918+0000] {dagbag.py:588} INFO - Filling up the DagBag from /opt/airflow/dags/05_etl_weather_postgres.py
[2026-09-06T17:13:27.937+0000] {processor.py:925} INFO - DAG(s) 'etl_weather_postgres_dag' retrieved from /opt/airflow/dags/05_etl_weather_postgres.py
[2026-09-06T17:13:27.965+0000] {logging_mixin.py:190} INFO - [2026-09-06T17:13:27.965+0000] {dag.py:3239} INFO - Sync 1 DAGs
[2026-09-06T17:13:27.980+0000] {logging_mixin.py:190} INFO - [2026-09-06T17:13:27.980+0000] {dag.py:4180} INFO - Setting next_dagrun for etl_weather_postgres_dag to None, run_after=None
[2026-09-06T17:13:28.001+0000] {processor.py:208} INFO - Processing /opt/airflow/dags/05_etl_weather_postgres.py took 0.091 seconds
[2026-09-06T17:13:58.587+0000] {processor.py:186} INFO - Started process (PID=582) to work on /opt/airflow/dags/05_etl_weather_postgres.py
[2026-09-06T17:13:58.588+0000] {processor.py:914} INFO - Processing file /opt/airflow/dags/05_etl_weather_postgres.py for tasks to queue
[2026-09-06T17:13:58.590+0000] {logging_mixin.py:190} INFO - [2026-09-06T17:13:58.589+0000] {dagbag.py:588} INFO - Filling up the DagBag from /opt/airflow/dags/05_etl_weather_postgres.py
[2026-09-06T17:13:58.618+0000] {processor.py:925} INFO - DAG(s) 'etl_weather_postgres_dag' retrieved from /opt/airflow/dags/05_etl_weather_postgres.py
[2026-09-06T17:13:58.653+0000] {logging_mixin.py:190} INFO - [2026-09-06T17:13:58.653+0000] {dag.py:3239} INFO - Sync 1 DAGs
[2026-09-06T17:13:58.671+0000] {logging_mixin.py:190} INFO - [2026-09-06T17:13:58.671+0000] {dag.py:4180} INFO - Setting next_dagrun for etl_weather_postgres_dag to None, run_after=None
[2026-09-06T17:13:58.694+0000] {processor.py:208} INFO - Processing /opt/airflow/dags/05_etl_weather_postgres.py took 0.114 seconds
[2026-09-06T17:14:29.349+0000] {processor.py:186} INFO - Started process (PID=596) to work on /opt/airflow/dags/05_etl_weather_postgres.py
[2026-09-06T17:14:29.350+0000] {processor.py:914} INFO - Processing file /opt/airflow/dags/05_etl_weather_postgres.py for tasks to queue
[2026-09-06T17:14:29.351+0000] {logging_mixin.py:190} INFO - [2026-09-06T17:14:29.351+0000] {dagbag.py:588} INFO - Filling up the DagBag from /opt/airflow/dags/05_etl_weather_postgres.py
[2026-09-06T17:14:29.369+0000] {processor.py:925} INFO - DAG(s) 'etl_weather_postgres_dag' retrieved from /opt/airflow/dags/05_etl_weather_postgres.py
[2026-09-06T17:14:29.403+0000] {logging_mixin.py:190} INFO - [2026-09-06T17:14:29.403+0000] {dag.py:3239} INFO - Sync 1 DAGs
[2026-09-06T17:14:29.418+0000] {logging_mixin.py:190} INFO - [2026-09-06T17:14:29.418+0000] {dag.py:4180} INFO - Setting next_dagrun for etl_weather_postgres_dag to None, run_after=None
[2026-09-06T17:14:29.442+0000] {processor.py:208} INFO - Processing /opt/airflow/dags/05_etl_weather_postgres.py took 0.099 seconds
[2026-09-06T17:15:00.031+0000] {processor.py:186} INFO - Started process (PID=610) to work on /opt/airflow/dags/05_etl_weather_postgres.py
[2026-09-06T17:15:00.032+0000] {processor.py:914} INFO - Processing file /opt/airflow/dags/05_etl_weather_postgres.py for tasks to queue
[2026-09-06T17:15:00.034+0000] {logging_mixin.py:190} INFO - [2026-09-06T17:15:00.033+0000] {dagbag.py:588} INFO - Filling up the DagBag from /opt/airflow/dags/05_etl_weather_postgres.py
[2026-09-06T17:15:00.056+0000] {processor.py:925} INFO - DAG(s) 'etl_weather_postgres_dag' retrieved from /opt/airflow/dags/05_etl_weather_postgres.py
[2026-09-06T17:15:00.093+0000] {logging_mixin.py:190} INFO - [2026-09-06T17:15:00.093+0000] {dag.py:3239} INFO - Sync 1 DAGs
[2026-09-06T17:15:00.110+0000] {logging_mixin.py:190} INFO - [2026-09-06T17:15:00.110+0000] {dag.py:4180} INFO - Setting next_dagrun for etl_weather_postgres_dag to None, run_after=None
[2026-09-06T17:15:00.138+0000] {processor.py:208} INFO - Processing /opt/airflow/dags/05_etl_weather_postgres.py took 0.113 seconds
[2026-09-06T17:15:30.712+0000] {processor.py:186} INFO - Started process (PID=624) to work on /opt/airflow/dags/05_etl_weather_postgres.py
[2026-09-06T17:15:30.713+0000] {processor.py:914} INFO - Processing file /opt/airflow/dags/05_etl_weather_postgres.py for tasks to queue
[2026-09-06T17:15:30.714+0000] {logging_mixin.py:190} INFO - [2026-09-06T17:15:30.714+0000] {dagbag.py:588} INFO - Filling up the DagBag from /opt/airflow/dags/05_etl_weather_postgres.py
[2026-09-06T17:15:30.731+0000] {processor.py:925} INFO - DAG(s) 'etl_weather_postgres_dag' retrieved from /opt/airflow/dags/05_etl_weather_postgres.py
[2026-09-06T17:15:30.760+0000] {logging_mixin.py:190} INFO - [2026-09-06T17:15:30.760+0000] {dag.py:3239} INFO - Sync 1 DAGs
[2026-09-06T17:15:30.775+0000] {logging_mixin.py:190} INFO - [2026-09-06T17:15:30.775+0000] {dag.py:4180} INFO - Setting next_dagrun for etl_weather_postgres_dag to None, run_after=None
[2026-09-06T17:15:30.810+0000] {processor.py:208} INFO - Processing /opt/airflow/dags/05_etl_weather_postgres.py took 0.104 seconds
[2026-09-06T17:16:00.965+0000] {processor.py:186} INFO - Started process (PID=638) to work on /opt/airflow/dags/05_etl_weather_postgres.py
[2026-09-06T17:16:00.966+0000] {processor.py:914} INFO - Processing file /opt/airflow/dags/05_etl_weather_postgres.py for tasks to queue
[2026-09-06T17:16:00.967+0000] {logging_mixin.py:190} INFO - [2026-09-06T17:16:00.966+0000] {dagbag.py:588} INFO - Filling up the DagBag from /opt/airflow/dags/05_etl_weather_postgres.py
[2026-09-06T17:16:00.987+0000] {processor.py:925} INFO - DAG(s) 'etl_weather_postgres_dag' retrieved from /opt/airflow/dags/05_etl_weather_postgres.py
[2026-09-06T17:16:01.016+0000] {logging_mixin.py:190} INFO - [2026-09-06T17:16:01.016+0000] {dag.py:3239} INFO - Sync 1 DAGs
[2026-09-06T17:16:01.033+0000] {logging_mixin.py:190} INFO - [2026-09-06T17:16:01.032+0000] {dag.py:4180} INFO - Setting next_dagrun for etl_weather_postgres_dag to None, run_after=None
[2026-09-06T17:16:01.059+0000] {processor.py:208} INFO - Processing /opt/airflow/dags/05_etl_weather_postgres.py took 0.100 seconds
[2026-09-06T17:16:31.678+0000] {processor.py:186} INFO - Started process (PID=652) to work on /opt/airflow/dags/05_etl_weather_postgres.py
[2026-09-06T17:16:31.679+0000] {processor.py:914} INFO - Processing file /opt/airflow/dags/05_etl_weather_postgres.py for tasks to queue
[2026-09-06T17:16:31.680+0000] {logging_mixin.py:190} INFO - [2026-09-06T17:16:31.680+0000] {dagbag.py:588} INFO - Filling up the DagBag from /opt/airflow/dags/05_etl_weather_postgres.py
[2026-09-06T17:16:31.698+0000] {processor.py:925} INFO - DAG(s) 'etl_weather_postgres_dag' retrieved from /opt/airflow/dags/05_etl_weather_postgres.py
[2026-09-06T17:16:31.731+0000] {logging_mixin.py:190} INFO - [2026-09-06T17:16:31.731+0000] {dag.py:3239} INFO - Sync 1 DAGs
[2026-09-06T17:16:31.745+0000] {logging_mixin.py:190} INFO - [2026-09-06T17:16:31.745+0000] {dag.py:4180} INFO - Setting next_dagrun for etl_weather_postgres_dag to None, run_after=None
[2026-09-06T17:16:31.771+0000] {processor.py:208} INFO - Processing /opt/airflow/dags/05_etl_weather_postgres.py took 0.099 seconds
[2026-09-06T17:17:02.429+0000] {processor.py:186} INFO - Started process (PID=666) to work on /opt/airflow/dags/05_etl_weather_postgres.py
[2026-09-06T17:17:02.429+0000] {processor.py:914} INFO - Processing file /opt/airflow/dags/05_etl_weather_postgres.py for tasks to queue
[2026-09-06T17:17:02.430+0000] {logging_mixin.py:190} INFO - [2026-09-06T17:17:02.430+0000] {dagbag.py:588} INFO - Filling up the DagBag from /opt/airflow/dags/05_etl_weather_postgres.py
[2026-09-06T17:17:02.451+0000] {processor.py:925} INFO - DAG(s) 'etl_weather_postgres_dag' retrieved from /opt/airflow/dags/05_etl_weather_postgres.py
[2026-09-06T17:17:02.479+0000] {logging_mixin.py:190} INFO - [2026-09-06T17:17:02.478+0000] {dag.py:3239} INFO - Sync 1 DAGs
[2026-09-06T17:17:02.494+0000] {logging_mixin.py:190} INFO - [2026-09-06T17:17:02.493+0000] {dag.py:4180} INFO - Setting next_dagrun for etl_weather_postgres_dag to None, run_after=None
[2026-09-06T17:17:02.517+0000] {processor.py:208} INFO - Processing /opt/airflow/dags/05_etl_weather_postgres.py took 0.094 seconds
[2026-09-06T17:17:33.115+0000] {processor.py:186} INFO - Started process (PID=680) to work on /opt/airflow/dags/05_etl_weather_postgres.py
[2026-09-06T17:17:33.116+0000] {processor.py:914} INFO - Processing file /opt/airflow/dags/05_etl_weather_postgres.py for tasks to queue
[2026-09-06T17:17:33.118+0000] {logging_mixin.py:190} INFO - [2026-09-06T17:17:33.117+0000] {dagbag.py:588} INFO - Filling up the DagBag from /opt/airflow/dags/05_etl_weather_postgres.py
[2026-09-06T17:17:33.141+0000] {processor.py:925} INFO - DAG(s) 'etl_weather_postgres_dag' retrieved from /opt/airflow/dags/05_etl_weather_postgres.py
[2026-09-06T17:17:33.178+0000] {logging_mixin.py:190} INFO - [2026-09-06T17:17:33.178+0000] {dag.py:3239} INFO - Sync 1 DAGs
[2026-09-06T17:17:33.200+0000] {logging_mixin.py:190} INFO - [2026-09-06T17:17:33.200+0000] {dag.py:4180} INFO - Setting next_dagrun for etl_weather_postgres_dag to None, run_after=None
[2026-09-06T17:17:33.223+0000] {processor.py:208} INFO - Processing /opt/airflow/dags/05_etl_weather_postgres.py took 0.114 seconds
[2026-09-06T17:18:03.820+0000] {processor.py:186} INFO - Started process (PID=694) to work on /opt/airflow/dags/05_etl_weather_postgres.py
[2026-09-06T17:18:03.821+0000] {processor.py:914} INFO - Processing file /opt/airflow/dags/05_etl_weather_postgres.py for tasks to queue
[2026-09-06T17:18:03.822+0000] {logging_mixin.py:190} INFO - [2026-09-06T17:18:03.822+0000] {dagbag.py:588} INFO - Filling up the DagBag from /opt/airflow/dags/05_etl_weather_postgres.py
[2026-09-06T17:18:03.838+0000] {processor.py:925} INFO - DAG(s) 'etl_weather_postgres_dag' retrieved from /opt/airflow/dags/05_etl_weather_postgres.py
[2026-09-06T17:18:03.863+0000] {logging_mixin.py:190} INFO - [2026-09-06T17:18:03.863+0000] {dag.py:3239} INFO - Sync 1 DAGs
[2026-09-06T17:18:03.879+0000] {logging_mixin.py:190} INFO - [2026-09-06T17:18:03.878+0000] {dag.py:4180} INFO - Setting next_dagrun for etl_weather_postgres_dag to None, run_after=None
[2026-09-06T17:18:03.898+0000] {processor.py:208} INFO - Processing /opt/airflow/dags/05_etl_weather_postgres.py took 0.084 seconds
[2026-09-06T17:18:34.476+0000] {processor.py:186} INFO - Started process (PID=708) to work on /opt/airflow/dags/05_etl_weather_postgres.py
[2026-09-06T17:18:34.476+0000] {processor.py:914} INFO - Processing file /opt/airflow/dags/05_etl_weather_postgres.py for tasks to queue
[2026-09-06T17:18:34.477+0000] {logging_mixin.py:190} INFO - [2026-09-06T17:18:34.477+0000] {dagbag.py:588} INFO - Filling up the DagBag from /opt/airflow/dags/05_etl_weather_postgres.py
[2026-09-06T17:18:34.493+0000] {processor.py:925} INFO - DAG(s) 'etl_weather_postgres_dag' retrieved from /opt/airflow/dags/05_etl_weather_postgres.py
[2026-09-06T17:18:34.524+0000] {logging_mixin.py:190} INFO - [2026-09-06T17:18:34.524+0000] {dag.py:3239} INFO - Sync 1 DAGs
[2026-09-06T17:18:34.538+0000] {logging_mixin.py:190} INFO - [2026-09-06T17:18:34.537+0000] {dag.py:4180} INFO - Setting next_dagrun for etl_weather_postgres_dag to None, run_after=None
[2026-09-06T17:18:34.557+0000] {processor.py:208} INFO - Processing /opt/airflow/dags/05_etl_weather_postgres.py took 0.087 seconds
[2026-09-06T17:19:05.146+0000] {processor.py:186} INFO - Started process (PID=722) to work on /opt/airflow/dags/05_etl_weather_postgres.py
[2026-09-06T17:19:05.147+0000] {processor.py:914} INFO - Processing file /opt/airflow/dags/05_etl_weather_postgres.py for tasks to queue
[2026-09-06T17:19:05.148+0000] {logging_mixin.py:190} INFO - [2026-09-06T17:19:05.148+0000] {dagbag.py:588} INFO - Filling up the DagBag from /opt/airflow/dags/05_etl_weather_postgres.py
[2026-09-06T17:19:05.170+0000] {processor.py:925} INFO - DAG(s) 'etl_weather_postgres_dag' retrieved from /opt/airflow/dags/05_etl_weather_postgres.py
[2026-09-06T17:19:05.211+0000] {logging_mixin.py:190} INFO - [2026-09-06T17:19:05.211+0000] {dag.py:3239} INFO - Sync 1 DAGs
[2026-09-06T17:19:05.232+0000] {logging_mixin.py:190} INFO - [2026-09-06T17:19:05.232+0000] {dag.py:4180} INFO - Setting next_dagrun for etl_weather_postgres_dag to None, run_after=None
[2026-09-06T17:19:05.266+0000] {processor.py:208} INFO - Processing /opt/airflow/dags/05_etl_weather_postgres.py took 0.132 seconds
[2026-09-06T17:19:35.986+0000] {processor.py:186} INFO - Started process (PID=736) to work on /opt/airflow/dags/05_etl_weather_postgres.py
[2026-09-06T17:19:35.987+0000] {processor.py:914} INFO - Processing file /opt/airflow/dags/05_etl_weather_postgres.py for tasks to queue
[2026-09-06T17:19:35.989+0000] {logging_mixin.py:190} INFO - [2026-09-06T17:19:35.988+0000] {dagbag.py:588} INFO - Filling up the DagBag from /opt/airflow/dags/05_etl_weather_postgres.py
[2026-09-06T17:19:36.024+0000] {processor.py:925} INFO - DAG(s) 'etl_weather_postgres_dag' retrieved from /opt/airflow/dags/05_etl_weather_postgres.py
[2026-09-06T17:19:36.058+0000] {logging_mixin.py:190} INFO - [2026-09-06T17:19:36.057+0000] {dag.py:3239} INFO - Sync 1 DAGs
[2026-09-06T17:19:36.074+0000] {logging_mixin.py:190} INFO - [2026-09-06T17:19:36.073+0000] {dag.py:4180} INFO - Setting next_dagrun for etl_weather_postgres_dag to None, run_after=None
[2026-09-06T17:19:36.095+0000] {processor.py:208} INFO - Processing /opt/airflow/dags/05_etl_weather_postgres.py took 0.116 seconds
[2026-09-06T17:20:06.741+0000] {processor.py:186} INFO - Started process (PID=750) to work on /opt/airflow/dags/05_etl_weather_postgres.py
[2026-09-06T17:20:06.742+0000] {processor.py:914} INFO - Processing file /opt/airflow/dags/05_etl_weather_postgres.py for tasks to queue
[2026-09-06T17:20:06.744+0000] {logging_mixin.py:190} INFO - [2026-09-06T17:20:06.743+0000] {dagbag.py:588} INFO - Filling up the DagBag from /opt/airflow/dags/05_etl_weather_postgres.py
[2026-09-06T17:20:06.763+0000] {processor.py:925} INFO - DAG(s) 'etl_weather_postgres_dag' retrieved from /opt/airflow/dags/05_etl_weather_postgres.py
[2026-09-06T17:20:06.793+0000] {logging_mixin.py:190} INFO - [2026-09-06T17:20:06.793+0000] {dag.py:3239} INFO - Sync 1 DAGs
[2026-09-06T17:20:06.808+0000] {logging_mixin.py:190} INFO - [2026-09-06T17:20:06.808+0000] {dag.py:4180} INFO - Setting next_dagrun for etl_weather_postgres_dag to None, run_after=None
[2026-09-06T17:20:06.839+0000] {processor.py:208} INFO - Processing /opt/airflow/dags/05_etl_weather_postgres.py took 0.104 seconds
[2026-09-06T17:20:37.431+0000] {processor.py:186} INFO - Started process (PID=764) to work on /opt/airflow/dags/05_etl_weather_postgres.py
[2026-09-06T17:20:37.431+0000] {processor.py:914} INFO - Processing file /opt/airflow/dags/05_etl_weather_postgres.py for tasks to queue
[2026-09-06T17:20:37.434+0000] {logging_mixin.py:190} INFO - [2026-09-06T17:20:37.433+0000] {dagbag.py:588} INFO - Filling up the DagBag from /opt/airflow/dags/05_etl_weather_postgres.py
[2026-09-06T17:20:37.452+0000] {processor.py:925} INFO - DAG(s) 'etl_weather_postgres_dag' retrieved from /opt/airflow/dags/05_etl_weather_postgres.py
[2026-09-06T17:20:37.489+0000] {logging_mixin.py:190} INFO - [2026-09-06T17:20:37.489+0000] {dag.py:3239} INFO - Sync 1 DAGs
[2026-09-06T17:20:37.508+0000] {logging_mixin.py:190} INFO - [2026-09-06T17:20:37.508+0000] {dag.py:4180} INFO - Setting next_dagrun for etl_weather_postgres_dag to None, run_after=None
[2026-09-06T17:20:37.528+0000] {processor.py:208} INFO - Processing /opt/airflow/dags/05_etl_weather_postgres.py took 0.102 seconds
[2026-09-06T17:21:08.202+0000] {processor.py:186} INFO - Started process (PID=779) to work on /opt/airflow/dags/05_etl_weather_postgres.py
[2026-09-06T17:21:08.203+0000] {processor.py:914} INFO - Processing file /opt/airflow/dags/05_etl_weather_postgres.py for tasks to queue
[2026-09-06T17:21:08.204+0000] {logging_mixin.py:190} INFO - [2026-09-06T17:21:08.204+0000] {dagbag.py:588} INFO - Filling up the DagBag from /opt/airflow/dags/05_etl_weather_postgres.py
[2026-09-06T17:21:08.221+0000] {processor.py:925} INFO - DAG(s) 'etl_weather_postgres_dag' retrieved from /opt/airflow/dags/05_etl_weather_postgres.py
[2026-09-06T17:21:08.249+0000] {logging_mixin.py:190} INFO - [2026-09-06T17:21:08.248+0000] {dag.py:3239} INFO - Sync 1 DAGs
[2026-09-06T17:21:08.262+0000] {logging_mixin.py:190} INFO - [2026-09-06T17:21:08.261+0000] {dag.py:4180} INFO - Setting next_dagrun for etl_weather_postgres_dag to None, run_after=None
[2026-09-06T17:21:08.282+0000] {processor.py:208} INFO - Processing /opt/airflow/dags/05_etl_weather_postgres.py took 0.087 seconds
[2026-09-06T17:21:38.927+0000] {processor.py:186} INFO - Started process (PID=793) to work on /opt/airflow/dags/05_etl_weather_postgres.py
[2026-09-06T17:21:38.927+0000] {processor.py:914} INFO - Processing file /opt/airflow/dags/05_etl_weather_postgres.py for tasks to queue
[2026-09-06T17:21:38.929+0000] {logging_mixin.py:190} INFO - [2026-09-06T17:21:38.928+0000] {dagbag.py:588} INFO - Filling up the DagBag from /opt/airflow/dags/05_etl_weather_postgres.py
[2026-09-06T17:21:38.950+0000] {processor.py:925} INFO - DAG(s) 'etl_weather_postgres_dag' retrieved from /opt/airflow/dags/05_etl_weather_postgres.py
[2026-09-06T17:21:38.978+0000] {logging_mixin.py:190} INFO - [2026-09-06T17:21:38.978+0000] {dag.py:3239} INFO - Sync 1 DAGs
[2026-09-06T17:21:38.991+0000] {logging_mixin.py:190} INFO - [2026-09-06T17:21:38.991+0000] {dag.py:4180} INFO - Setting next_dagrun for etl_weather_postgres_dag to None, run_after=None
[2026-09-06T17:21:39.011+0000] {processor.py:208} INFO - Processing /opt/airflow/dags/05_etl_weather_postgres.py took 0.090 seconds
[2026-09-06T17:22:09.555+0000] {processor.py:186} INFO - Started process (PID=807) to work on /opt/airflow/dags/05_etl_weather_postgres.py
[2026-09-06T17:22:09.556+0000] {processor.py:914} INFO - Processing file /opt/airflow/dags/05_etl_weather_postgres.py for tasks to queue
[2026-09-06T17:22:09.557+0000] {logging_mixin.py:190} INFO - [2026-09-06T17:22:09.556+0000] {dagbag.py:588} INFO - Filling up the DagBag from /opt/airflow/dags/05_etl_weather_postgres.py
[2026-09-06T17:22:09.574+0000] {processor.py:925} INFO - DAG(s) 'etl_weather_postgres_dag' retrieved from /opt/airflow/dags/05_etl_weather_postgres.py
[2026-09-06T17:22:09.600+0000] {logging_mixin.py:190} INFO - [2026-09-06T17:22:09.600+0000] {dag.py:3239} INFO - Sync 1 DAGs
[2026-09-06T17:22:09.617+0000] {logging_mixin.py:190} INFO - [2026-09-06T17:22:09.617+0000] {dag.py:4180} INFO - Setting next_dagrun for etl_weather_postgres_dag to None, run_after=None
[2026-09-06T17:22:09.639+0000] {processor.py:208} INFO - Processing /opt/airflow/dags/05_etl_weather_postgres.py took 0.090 seconds
[2026-09-06T17:22:40.234+0000] {processor.py:186} INFO - Started process (PID=821) to work on /opt/airflow/dags/05_etl_weather_postgres.py
[2026-09-06T17:22:40.235+0000] {processor.py:914} INFO - Processing file /opt/airflow/dags/05_etl_weather_postgres.py for tasks to queue
[2026-09-06T17:22:40.237+0000] {logging_mixin.py:190} INFO - [2026-09-06T17:22:40.237+0000] {dagbag.py:588} INFO - Filling up the DagBag from /opt/airflow/dags/05_etl_weather_postgres.py
[2026-09-06T17:22:40.255+0000] {processor.py:925} INFO - DAG(s) 'etl_weather_postgres_dag' retrieved from /opt/airflow/dags/05_etl_weather_postgres.py
[2026-09-06T17:22:40.284+0000] {logging_mixin.py:190} INFO - [2026-09-06T17:22:40.283+0000] {dag.py:3239} INFO - Sync 1 DAGs
[2026-09-06T17:22:40.302+0000] {logging_mixin.py:190} INFO - [2026-09-06T17:22:40.302+0000] {dag.py:4180} INFO - Setting next_dagrun for etl_weather_postgres_dag to None, run_after=None
[2026-09-06T17:22:40.323+0000] {processor.py:208} INFO - Processing /opt/airflow/dags/05_etl_weather_postgres.py took 0.096 seconds
[2026-09-06T17:23:10.906+0000] {processor.py:186} INFO - Started process (PID=835) to work on /opt/airflow/dags/05_etl_weather_postgres.py
[2026-09-06T17:23:10.907+0000] {processor.py:914} INFO - Processing file /opt/airflow/dags/05_etl_weather_postgres.py for tasks to queue
[2026-09-06T17:23:10.908+0000] {logging_mixin.py:190} INFO - [2026-09-06T17:23:10.908+0000] {dagbag.py:588} INFO - Filling up the DagBag from /opt/airflow/dags/05_etl_weather_postgres.py
[2026-09-06T17:23:10.925+0000] {processor.py:925} INFO - DAG(s) 'etl_weather_postgres_dag' retrieved from /opt/airflow/dags/05_etl_weather_postgres.py
[2026-09-06T17:23:10.956+0000] {logging_mixin.py:190} INFO - [2026-09-06T17:23:10.956+0000] {dag.py:3239} INFO - Sync 1 DAGs
[2026-09-06T17:23:10.971+0000] {logging_mixin.py:190} INFO - [2026-09-06T17:23:10.970+0000] {dag.py:4180} INFO - Setting next_dagrun for etl_weather_postgres_dag to None, run_after=None
[2026-09-06T17:23:10.999+0000] {processor.py:208} INFO - Processing /opt/airflow/dags/05_etl_weather_postgres.py took 0.098 seconds
[2026-09-06T17:23:41.090+0000] {processor.py:186} INFO - Started process (PID=849) to work on /opt/airflow/dags/05_etl_weather_postgres.py
[2026-09-06T17:23:41.090+0000] {processor.py:914} INFO - Processing file /opt/airflow/dags/05_etl_weather_postgres.py for tasks to queue
[2026-09-06T17:23:41.092+0000] {logging_mixin.py:190} INFO - [2026-09-06T17:23:41.091+0000] {dagbag.py:588} INFO - Filling up the DagBag from /opt/airflow/dags/05_etl_weather_postgres.py
[2026-09-06T17:23:41.113+0000] {processor.py:925} INFO - DAG(s) 'etl_weather_postgres_dag' retrieved from /opt/airflow/dags/05_etl_weather_postgres.py
[2026-09-06T17:23:41.144+0000] {logging_mixin.py:190} INFO - [2026-09-06T17:23:41.143+0000] {dag.py:3239} INFO - Sync 1 DAGs
[2026-09-06T17:23:41.156+0000] {logging_mixin.py:190} INFO - [2026-09-06T17:23:41.156+0000] {dag.py:4180} INFO - Setting next_dagrun for etl_weather_postgres_dag to None, run_after=None
[2026-09-06T17:23:41.178+0000] {processor.py:208} INFO - Processing /opt/airflow/dags/05_etl_weather_postgres.py took 0.094 seconds
[2026-09-06T17:24:11.722+0000] {processor.py:186} INFO - Started process (PID=863) to work on /opt/airflow/dags/05_etl_weather_postgres.py
[2026-09-06T17:24:11.723+0000] {processor.py:914} INFO - Processing file /opt/airflow/dags/05_etl_weather_postgres.py for tasks to queue
[2026-09-06T17:24:11.724+0000] {logging_mixin.py:190} INFO - [2026-09-06T17:24:11.724+0000] {dagbag.py:588} INFO - Filling up the DagBag from /opt/airflow/dags/05_etl_weather_postgres.py
[2026-09-06T17:24:11.741+0000] {processor.py:925} INFO - DAG(s) 'etl_weather_postgres_dag' retrieved from /opt/airflow/dags/05_etl_weather_postgres.py
[2026-09-06T17:24:11.768+0000] {logging_mixin.py:190} INFO - [2026-09-06T17:24:11.768+0000] {dag.py:3239} INFO - Sync 1 DAGs
[2026-09-06T17:24:11.788+0000] {logging_mixin.py:190} INFO - [2026-09-06T17:24:11.788+0000] {dag.py:4180} INFO - Setting next_dagrun for etl_weather_postgres_dag to None, run_after=None
[2026-09-06T17:24:11.812+0000] {processor.py:208} INFO - Processing /opt/airflow/dags/05_etl_weather_postgres.py took 0.095 seconds
[2026-09-06T17:24:42.487+0000] {processor.py:186} INFO - Started process (PID=878) to work on /opt/airflow/dags/05_etl_weather_postgres.py
[2026-09-06T17:24:42.488+0000] {processor.py:914} INFO - Processing file /opt/airflow/dags/05_etl_weather_postgres.py for tasks to queue
[2026-09-06T17:24:42.489+0000] {logging_mixin.py:190} INFO - [2026-09-06T17:24:42.489+0000] {dagbag.py:588} INFO - Filling up the DagBag from /opt/airflow/dags/05_etl_weather_postgres.py
[2026-09-06T17:24:42.512+0000] {processor.py:925} INFO - DAG(s) 'etl_weather_postgres_dag' retrieved from /opt/airflow/dags/05_etl_weather_postgres.py
[2026-09-06T17:24:42.559+0000] {logging_mixin.py:190} INFO - [2026-09-06T17:24:42.558+0000] {dag.py:3239} INFO - Sync 1 DAGs
[2026-09-06T17:24:42.587+0000] {logging_mixin.py:190} INFO - [2026-09-06T17:24:42.587+0000] {dag.py:4180} INFO - Setting next_dagrun for etl_weather_postgres_dag to None, run_after=None
[2026-09-06T17:24:42.613+0000] {processor.py:208} INFO - Processing /opt/airflow/dags/05_etl_weather_postgres.py took 0.133 seconds
[2026-09-06T17:25:13.365+0000] {processor.py:186} INFO - Started process (PID=892) to work on /opt/airflow/dags/05_etl_weather_postgres.py
[2026-09-06T17:25:13.369+0000] {processor.py:914} INFO - Processing file /opt/airflow/dags/05_etl_weather_postgres.py for tasks to queue
[2026-09-06T17:25:13.371+0000] {logging_mixin.py:190} INFO - [2026-09-06T17:25:13.371+0000] {dagbag.py:588} INFO - Filling up the DagBag from /opt/airflow/dags/05_etl_weather_postgres.py
[2026-09-06T17:25:13.392+0000] {processor.py:925} INFO - DAG(s) 'etl_weather_postgres_dag' retrieved from /opt/airflow/dags/05_etl_weather_postgres.py
[2026-09-06T17:25:13.425+0000] {logging_mixin.py:190} INFO - [2026-09-06T17:25:13.425+0000] {dag.py:3239} INFO - Sync 1 DAGs
[2026-09-06T17:25:13.443+0000] {logging_mixin.py:190} INFO - [2026-09-06T17:25:13.443+0000] {dag.py:4180} INFO - Setting next_dagrun for etl_weather_postgres_dag to None, run_after=None
[2026-09-06T17:25:13.476+0000] {processor.py:208} INFO - Processing /opt/airflow/dags/05_etl_weather_postgres.py took 0.116 seconds
[2026-09-06T17:25:44.190+0000] {processor.py:186} INFO - Started process (PID=906) to work on /opt/airflow/dags/05_etl_weather_postgres.py
[2026-09-06T17:25:44.190+0000] {processor.py:914} INFO - Processing file /opt/airflow/dags/05_etl_weather_postgres.py for tasks to queue
[2026-09-06T17:25:44.192+0000] {logging_mixin.py:190} INFO - [2026-09-06T17:25:44.191+0000] {dagbag.py:588} INFO - Filling up the DagBag from /opt/airflow/dags/05_etl_weather_postgres.py
[2026-09-06T17:25:44.219+0000] {processor.py:925} INFO - DAG(s) 'etl_weather_postgres_dag' retrieved from /opt/airflow/dags/05_etl_weather_postgres.py
[2026-09-06T17:25:44.258+0000] {logging_mixin.py:190} INFO - [2026-09-06T17:25:44.258+0000] {dag.py:3239} INFO - Sync 1 DAGs
[2026-09-06T17:25:44.282+0000] {logging_mixin.py:190} INFO - [2026-09-06T17:25:44.281+0000] {dag.py:4180} INFO - Setting next_dagrun for etl_weather_postgres_dag to None, run_after=None
[2026-09-06T17:25:44.303+0000] {processor.py:208} INFO - Processing /opt/airflow/dags/05_etl_weather_postgres.py took 0.120 seconds
[2026-09-06T17:26:14.856+0000] {processor.py:186} INFO - Started process (PID=920) to work on /opt/airflow/dags/05_etl_weather_postgres.py
[2026-09-06T17:26:14.856+0000] {processor.py:914} INFO - Processing file /opt/airflow/dags/05_etl_weather_postgres.py for tasks to queue
[2026-09-06T17:26:14.857+0000] {logging_mixin.py:190} INFO - [2026-09-06T17:26:14.857+0000] {dagbag.py:588} INFO - Filling up the DagBag from /opt/airflow/dags/05_etl_weather_postgres.py
[2026-09-06T17:26:14.876+0000] {processor.py:925} INFO - DAG(s) 'etl_weather_postgres_dag' retrieved from /opt/airflow/dags/05_etl_weather_postgres.py
[2026-09-06T17:26:14.907+0000] {logging_mixin.py:190} INFO - [2026-09-06T17:26:14.907+0000] {dag.py:3239} INFO - Sync 1 DAGs
[2026-09-06T17:26:14.922+0000] {logging_mixin.py:190} INFO - [2026-09-06T17:26:14.922+0000] {dag.py:4180} INFO - Setting next_dagrun for etl_weather_postgres_dag to None, run_after=None
[2026-09-06T17:26:14.946+0000] {processor.py:208} INFO - Processing /opt/airflow/dags/05_etl_weather_postgres.py took 0.096 seconds
[2026-09-06T17:26:45.586+0000] {processor.py:186} INFO - Started process (PID=934) to work on /opt/airflow/dags/05_etl_weather_postgres.py
[2026-09-06T17:26:45.587+0000] {processor.py:914} INFO - Processing file /opt/airflow/dags/05_etl_weather_postgres.py for tasks to queue
[2026-09-06T17:26:45.589+0000] {logging_mixin.py:190} INFO - [2026-09-06T17:26:45.588+0000] {dagbag.py:588} INFO - Filling up the DagBag from /opt/airflow/dags/05_etl_weather_postgres.py
[2026-09-06T17:26:45.626+0000] {processor.py:925} INFO - DAG(s) 'etl_weather_postgres_dag' retrieved from /opt/airflow/dags/05_etl_weather_postgres.py
[2026-09-06T17:26:45.675+0000] {logging_mixin.py:190} INFO - [2026-09-06T17:26:45.674+0000] {dag.py:3239} INFO - Sync 1 DAGs
[2026-09-06T17:26:45.695+0000] {logging_mixin.py:190} INFO - [2026-09-06T17:26:45.695+0000] {dag.py:4180} INFO - Setting next_dagrun for etl_weather_postgres_dag to None, run_after=None
[2026-09-06T17:26:45.739+0000] {processor.py:208} INFO - Processing /opt/airflow/dags/05_etl_weather_postgres.py took 0.162 seconds
[2026-09-06T17:27:16.456+0000] {processor.py:186} INFO - Started process (PID=948) to work on /opt/airflow/dags/05_etl_weather_postgres.py
[2026-09-06T17:27:16.457+0000] {processor.py:914} INFO - Processing file /opt/airflow/dags/05_etl_weather_postgres.py for tasks to queue
[2026-09-06T17:27:16.458+0000] {logging_mixin.py:190} INFO - [2026-09-06T17:27:16.457+0000] {dagbag.py:588} INFO - Filling up the DagBag from /opt/airflow/dags/05_etl_weather_postgres.py
[2026-09-06T17:27:16.482+0000] {processor.py:925} INFO - DAG(s) 'etl_weather_postgres_dag' retrieved from /opt/airflow/dags/05_etl_weather_postgres.py
[2026-09-06T17:27:16.516+0000] {logging_mixin.py:190} INFO - [2026-09-06T17:27:16.515+0000] {dag.py:3239} INFO - Sync 1 DAGs
[2026-09-06T17:27:16.530+0000] {logging_mixin.py:190} INFO - [2026-09-06T17:27:16.530+0000] {dag.py:4180} INFO - Setting next_dagrun for etl_weather_postgres_dag to None, run_after=None
[2026-09-06T17:27:16.553+0000] {processor.py:208} INFO - Processing /opt/airflow/dags/05_etl_weather_postgres.py took 0.105 seconds
[2026-09-06T17:27:46.757+0000] {processor.py:186} INFO - Started process (PID=962) to work on /opt/airflow/dags/05_etl_weather_postgres.py
[2026-09-06T17:27:46.758+0000] {processor.py:914} INFO - Processing file /opt/airflow/dags/05_etl_weather_postgres.py for tasks to queue
[2026-09-06T17:27:46.760+0000] {logging_mixin.py:190} INFO - [2026-09-06T17:27:46.760+0000] {dagbag.py:588} INFO - Filling up the DagBag from /opt/airflow/dags/05_etl_weather_postgres.py
[2026-09-06T17:27:46.786+0000] {processor.py:925} INFO - DAG(s) 'etl_weather_postgres_dag' retrieved from /opt/airflow/dags/05_etl_weather_postgres.py
[2026-09-06T17:27:46.819+0000] {logging_mixin.py:190} INFO - [2026-09-06T17:27:46.818+0000] {dag.py:3239} INFO - Sync 1 DAGs
[2026-09-06T17:27:46.836+0000] {logging_mixin.py:190} INFO - [2026-09-06T17:27:46.835+0000] {dag.py:4180} INFO - Setting next_dagrun for etl_weather_postgres_dag to None, run_after=None
[2026-09-06T17:27:46.857+0000] {processor.py:208} INFO - Processing /opt/airflow/dags/05_etl_weather_postgres.py took 0.108 seconds
[2026-09-06T17:28:17.493+0000] {processor.py:186} INFO - Started process (PID=976) to work on /opt/airflow/dags/05_etl_weather_postgres.py
[2026-09-06T17:28:17.494+0000] {processor.py:914} INFO - Processing file /opt/airflow/dags/05_etl_weather_postgres.py for tasks to queue
[2026-09-06T17:28:17.495+0000] {logging_mixin.py:190} INFO - [2026-09-06T17:28:17.495+0000] {dagbag.py:588} INFO - Filling up the DagBag from /opt/airflow/dags/05_etl_weather_postgres.py
[2026-09-06T17:28:17.524+0000] {processor.py:925} INFO - DAG(s) 'etl_weather_postgres_dag' retrieved from /opt/airflow/dags/05_etl_weather_postgres.py
[2026-09-06T17:28:17.560+0000] {logging_mixin.py:190} INFO - [2026-09-06T17:28:17.559+0000] {dag.py:3239} INFO - Sync 1 DAGs
[2026-09-06T17:28:17.578+0000] {logging_mixin.py:190} INFO - [2026-09-06T17:28:17.578+0000] {dag.py:4180} INFO - Setting next_dagrun for etl_weather_postgres_dag to None, run_after=None
[2026-09-06T17:28:17.605+0000] {processor.py:208} INFO - Processing /opt/airflow/dags/05_etl_weather_postgres.py took 0.114 seconds
[2026-09-06T17:28:47.875+0000] {processor.py:186} INFO - Started process (PID=990) to work on /opt/airflow/dags/05_etl_weather_postgres.py
[2026-09-06T17:28:47.876+0000] {processor.py:914} INFO - Processing file /opt/airflow/dags/05_etl_weather_postgres.py for tasks to queue
[2026-09-06T17:28:47.883+0000] {logging_mixin.py:190} INFO - [2026-09-06T17:28:47.882+0000] {dagbag.py:588} INFO - Filling up the DagBag from /opt/airflow/dags/05_etl_weather_postgres.py
[2026-09-06T17:28:47.920+0000] {processor.py:925} INFO - DAG(s) 'etl_weather_postgres_dag' retrieved from /opt/airflow/dags/05_etl_weather_postgres.py
[2026-09-06T17:28:47.958+0000] {logging_mixin.py:190} INFO - [2026-09-06T17:28:47.958+0000] {dag.py:3239} INFO - Sync 1 DAGs
[2026-09-06T17:28:47.981+0000] {logging_mixin.py:190} INFO - [2026-09-06T17:28:47.981+0000] {dag.py:4180} INFO - Setting next_dagrun for etl_weather_postgres_dag to None, run_after=None
[2026-09-06T17:28:48.007+0000] {processor.py:208} INFO - Processing /opt/airflow/dags/05_etl_weather_postgres.py took 0.139 seconds
[2026-09-06T17:29:18.581+0000] {processor.py:186} INFO - Started process (PID=1004) to work on /opt/airflow/dags/05_etl_weather_postgres.py
[2026-09-06T17:29:18.582+0000] {processor.py:914} INFO - Processing file /opt/airflow/dags/05_etl_weather_postgres.py for tasks to queue
[2026-09-06T17:29:18.583+0000] {logging_mixin.py:190} INFO - [2026-09-06T17:29:18.583+0000] {dagbag.py:588} INFO - Filling up the DagBag from /opt/airflow/dags/05_etl_weather_postgres.py
[2026-09-06T17:29:18.600+0000] {processor.py:925} INFO - DAG(s) 'etl_weather_postgres_dag' retrieved from /opt/airflow/dags/05_etl_weather_postgres.py
[2026-09-06T17:29:18.630+0000] {logging_mixin.py:190} INFO - [2026-09-06T17:29:18.630+0000] {dag.py:3239} INFO - Sync 1 DAGs
[2026-09-06T17:29:18.646+0000] {logging_mixin.py:190} INFO - [2026-09-06T17:29:18.645+0000] {dag.py:4180} INFO - Setting next_dagrun for etl_weather_postgres_dag to None, run_after=None
[2026-09-06T17:29:18.669+0000] {processor.py:208} INFO - Processing /opt/airflow/dags/05_etl_weather_postgres.py took 0.094 seconds
[2026-09-06T17:29:48.770+0000] {processor.py:186} INFO - Started process (PID=1018) to work on /opt/airflow/dags/05_etl_weather_postgres.py
[2026-09-06T17:29:48.774+0000] {processor.py:914} INFO - Processing file /opt/airflow/dags/05_etl_weather_postgres.py for tasks to queue
[2026-09-06T17:29:48.776+0000] {logging_mixin.py:190} INFO - [2026-09-06T17:29:48.775+0000] {dagbag.py:588} INFO - Filling up the DagBag from /opt/airflow/dags/05_etl_weather_postgres.py
[2026-09-06T17:29:48.838+0000] {processor.py:925} INFO - DAG(s) 'etl_weather_postgres_dag' retrieved from /opt/airflow/dags/05_etl_weather_postgres.py
[2026-09-06T17:29:48.877+0000] {logging_mixin.py:190} INFO - [2026-09-06T17:29:48.877+0000] {dag.py:3239} INFO - Sync 1 DAGs
[2026-09-06T17:29:48.899+0000] {logging_mixin.py:190} INFO - [2026-09-06T17:29:48.899+0000] {dag.py:4180} INFO - Setting next_dagrun for etl_weather_postgres_dag to None, run_after=None
[2026-09-06T17:29:48.931+0000] {processor.py:208} INFO - Processing /opt/airflow/dags/05_etl_weather_postgres.py took 0.169 seconds
[2026-09-06T17:30:19.064+0000] {processor.py:186} INFO - Started process (PID=1033) to work on /opt/airflow/dags/05_etl_weather_postgres.py
[2026-09-06T17:30:19.064+0000] {processor.py:914} INFO - Processing file /opt/airflow/dags/05_etl_weather_postgres.py for tasks to queue
[2026-09-06T17:30:19.071+0000] {logging_mixin.py:190} INFO - [2026-09-06T17:30:19.070+0000] {dagbag.py:588} INFO - Filling up the DagBag from /opt/airflow/dags/05_etl_weather_postgres.py
[2026-09-06T17:30:19.097+0000] {processor.py:925} INFO - DAG(s) 'etl_weather_postgres_dag' retrieved from /opt/airflow/dags/05_etl_weather_postgres.py
[2026-09-06T17:30:19.145+0000] {logging_mixin.py:190} INFO - [2026-09-06T17:30:19.145+0000] {dag.py:3239} INFO - Sync 1 DAGs
[2026-09-06T17:30:19.174+0000] {logging_mixin.py:190} INFO - [2026-09-06T17:30:19.173+0000] {dag.py:4180} INFO - Setting next_dagrun for etl_weather_postgres_dag to None, run_after=None
[2026-09-06T17:30:19.217+0000] {processor.py:208} INFO - Processing /opt/airflow/dags/05_etl_weather_postgres.py took 0.160 seconds
[2026-09-06T17:48:24.937+0000] {processor.py:186} INFO - Started process (PID=104) to work on /opt/airflow/dags/05_etl_weather_postgres.py
[2026-09-06T17:48:24.939+0000] {processor.py:914} INFO - Processing file /opt/airflow/dags/05_etl_weather_postgres.py for tasks to queue
[2026-09-06T17:48:24.941+0000] {logging_mixin.py:190} INFO - [2026-09-06T17:48:24.941+0000] {dagbag.py:588} INFO - Filling up the DagBag from /opt/airflow/dags/05_etl_weather_postgres.py
[2026-09-06T17:48:24.972+0000] {processor.py:925} INFO - DAG(s) 'etl_weather_postgres_dag' retrieved from /opt/airflow/dags/05_etl_weather_postgres.py
[2026-09-06T17:48:25.165+0000] {logging_mixin.py:190} INFO - [2026-09-06T17:48:25.164+0000] {override.py:1911} INFO - Created Permission View: can delete on DAG:etl_weather_postgres_dag
[2026-09-06T17:48:25.191+0000] {logging_mixin.py:190} INFO - [2026-09-06T17:48:25.190+0000] {override.py:1911} INFO - Created Permission View: can read on DAG:etl_weather_postgres_dag
[2026-09-06T17:48:25.205+0000] {logging_mixin.py:190} INFO - [2026-09-06T17:48:25.205+0000] {override.py:1911} INFO - Created Permission View: can edit on DAG:etl_weather_postgres_dag
[2026-09-06T17:48:25.224+0000] {logging_mixin.py:190} INFO - [2026-09-06T17:48:25.224+0000] {override.py:1911} INFO - Created Permission View: can create on DAG Run:etl_weather_postgres_dag
[2026-09-06T17:48:25.239+0000] {logging_mixin.py:190} INFO - [2026-09-06T17:48:25.238+0000] {override.py:1911} INFO - Created Permission View: menu access on DAG Run:etl_weather_postgres_dag
[2026-09-06T17:48:25.251+0000] {logging_mixin.py:190} INFO - [2026-09-06T17:48:25.251+0000] {override.py:1911} INFO - Created Permission View: can read on DAG Run:etl_weather_postgres_dag
[2026-09-06T17:48:25.262+0000] {logging_mixin.py:190} INFO - [2026-09-06T17:48:25.262+0000] {override.py:1911} INFO - Created Permission View: can delete on DAG Run:etl_weather_postgres_dag
[2026-09-06T17:48:25.263+0000] {logging_mixin.py:190} INFO - [2026-09-06T17:48:25.263+0000] {dag.py:3239} INFO - Sync 1 DAGs
[2026-09-06T17:48:25.286+0000] {logging_mixin.py:190} INFO - [2026-09-06T17:48:25.286+0000] {dag.py:3262} INFO - Creating ORM DAG for etl_weather_postgres_dag
[2026-09-06T17:48:25.287+0000] {logging_mixin.py:190} INFO - [2026-09-06T17:48:25.287+0000] {dag.py:4180} INFO - Setting next_dagrun for etl_weather_postgres_dag to None, run_after=None
[2026-09-06T17:48:25.314+0000] {processor.py:208} INFO - Processing /opt/airflow/dags/05_etl_weather_postgres.py took 0.387 seconds
[2026-09-06T17:48:55.969+0000] {processor.py:186} INFO - Started process (PID=118) to work on /opt/airflow/dags/05_etl_weather_postgres.py
[2026-09-06T17:48:55.974+0000] {processor.py:914} INFO - Processing file /opt/airflow/dags/05_etl_weather_postgres.py for tasks to queue
[2026-09-06T17:48:55.976+0000] {logging_mixin.py:190} INFO - [2026-09-06T17:48:55.975+0000] {dagbag.py:588} INFO - Filling up the DagBag from /opt/airflow/dags/05_etl_weather_postgres.py
[2026-09-06T17:48:55.995+0000] {processor.py:925} INFO - DAG(s) 'etl_weather_postgres_dag' retrieved from /opt/airflow/dags/05_etl_weather_postgres.py
[2026-09-06T17:48:56.028+0000] {logging_mixin.py:190} INFO - [2026-09-06T17:48:56.027+0000] {dag.py:3239} INFO - Sync 1 DAGs
[2026-09-06T17:48:56.043+0000] {logging_mixin.py:190} INFO - [2026-09-06T17:48:56.043+0000] {dag.py:4180} INFO - Setting next_dagrun for etl_weather_postgres_dag to None, run_after=None
[2026-09-06T17:48:56.066+0000] {processor.py:208} INFO - Processing /opt/airflow/dags/05_etl_weather_postgres.py took 0.104 seconds
[2026-09-06T17:49:26.897+0000] {processor.py:186} INFO - Started process (PID=138) to work on /opt/airflow/dags/05_etl_weather_postgres.py
[2026-09-06T17:49:26.899+0000] {processor.py:914} INFO - Processing file /opt/airflow/dags/05_etl_weather_postgres.py for tasks to queue
[2026-09-06T17:49:26.902+0000] {logging_mixin.py:190} INFO - [2026-09-06T17:49:26.901+0000] {dagbag.py:588} INFO - Filling up the DagBag from /opt/airflow/dags/05_etl_weather_postgres.py
[2026-09-06T17:49:26.968+0000] {processor.py:925} INFO - DAG(s) 'etl_weather_postgres_dag' retrieved from /opt/airflow/dags/05_etl_weather_postgres.py
[2026-09-06T17:49:27.074+0000] {logging_mixin.py:190} INFO - [2026-09-06T17:49:27.074+0000] {dag.py:3239} INFO - Sync 1 DAGs
[2026-09-06T17:49:27.123+0000] {logging_mixin.py:190} INFO - [2026-09-06T17:49:27.123+0000] {dag.py:4180} INFO - Setting next_dagrun for etl_weather_postgres_dag to None, run_after=None
[2026-09-06T17:49:27.153+0000] {processor.py:208} INFO - Processing /opt/airflow/dags/05_etl_weather_postgres.py took 0.294 seconds
[2026-09-06T17:49:57.949+0000] {processor.py:186} INFO - Started process (PID=151) to work on /opt/airflow/dags/05_etl_weather_postgres.py
[2026-09-06T17:49:57.950+0000] {processor.py:914} INFO - Processing file /opt/airflow/dags/05_etl_weather_postgres.py for tasks to queue
[2026-09-06T17:49:57.951+0000] {logging_mixin.py:190} INFO - [2026-09-06T17:49:57.951+0000] {dagbag.py:588} INFO - Filling up the DagBag from /opt/airflow/dags/05_etl_weather_postgres.py
[2026-09-06T17:49:57.976+0000] {processor.py:925} INFO - DAG(s) 'etl_weather_postgres_dag' retrieved from /opt/airflow/dags/05_etl_weather_postgres.py
[2026-09-06T17:49:58.009+0000] {logging_mixin.py:190} INFO - [2026-09-06T17:49:58.008+0000] {dag.py:3239} INFO - Sync 1 DAGs
[2026-09-06T17:49:58.026+0000] {logging_mixin.py:190} INFO - [2026-09-06T17:49:58.025+0000] {dag.py:4180} INFO - Setting next_dagrun for etl_weather_postgres_dag to None, run_after=None
[2026-09-06T17:49:58.427+0000] {processor.py:208} INFO - Processing /opt/airflow/dags/05_etl_weather_postgres.py took 0.485 seconds
[2026-09-06T17:50:28.488+0000] {processor.py:186} INFO - Started process (PID=164) to work on /opt/airflow/dags/05_etl_weather_postgres.py
[2026-09-06T17:50:28.489+0000] {processor.py:914} INFO - Processing file /opt/airflow/dags/05_etl_weather_postgres.py for tasks to queue
[2026-09-06T17:50:28.490+0000] {logging_mixin.py:190} INFO - [2026-09-06T17:50:28.489+0000] {dagbag.py:588} INFO - Filling up the DagBag from /opt/airflow/dags/05_etl_weather_postgres.py
[2026-09-06T17:50:28.509+0000] {processor.py:925} INFO - DAG(s) 'etl_weather_postgres_dag' retrieved from /opt/airflow/dags/05_etl_weather_postgres.py
[2026-09-06T17:50:28.661+0000] {logging_mixin.py:190} INFO - [2026-09-06T17:50:28.661+0000] {dag.py:3239} INFO - Sync 1 DAGs
[2026-09-06T17:50:28.682+0000] {logging_mixin.py:190} INFO - [2026-09-06T17:50:28.682+0000] {dag.py:4180} INFO - Setting next_dagrun for etl_weather_postgres_dag to None, run_after=None
[2026-09-06T17:50:28.704+0000] {processor.py:208} INFO - Processing /opt/airflow/dags/05_etl_weather_postgres.py took 0.223 seconds
[2026-09-06T17:50:58.835+0000] {processor.py:186} INFO - Started process (PID=178) to work on /opt/airflow/dags/05_etl_weather_postgres.py
[2026-09-06T17:50:58.836+0000] {processor.py:914} INFO - Processing file /opt/airflow/dags/05_etl_weather_postgres.py for tasks to queue
[2026-09-06T17:50:58.837+0000] {logging_mixin.py:190} INFO - [2026-09-06T17:50:58.836+0000] {dagbag.py:588} INFO - Filling up the DagBag from /opt/airflow/dags/05_etl_weather_postgres.py
[2026-09-06T17:50:58.851+0000] {processor.py:925} INFO - DAG(s) 'etl_weather_postgres_dag' retrieved from /opt/airflow/dags/05_etl_weather_postgres.py
[2026-09-06T17:50:58.875+0000] {logging_mixin.py:190} INFO - [2026-09-06T17:50:58.875+0000] {dag.py:3239} INFO - Sync 1 DAGs
[2026-09-06T17:50:58.886+0000] {logging_mixin.py:190} INFO - [2026-09-06T17:50:58.886+0000] {dag.py:4180} INFO - Setting next_dagrun for etl_weather_postgres_dag to None, run_after=None
[2026-09-06T17:50:58.904+0000] {processor.py:208} INFO - Processing /opt/airflow/dags/05_etl_weather_postgres.py took 0.074 seconds
[2026-09-06T17:51:33.567+0000] {processor.py:186} INFO - Started process (PID=194) to work on /opt/airflow/dags/05_etl_weather_postgres.py
[2026-09-06T17:51:33.568+0000] {processor.py:914} INFO - Processing file /opt/airflow/dags/05_etl_weather_postgres.py for tasks to queue
[2026-09-06T17:51:33.569+0000] {logging_mixin.py:190} INFO - [2026-09-06T17:51:33.569+0000] {dagbag.py:588} INFO - Filling up the DagBag from /opt/airflow/dags/05_etl_weather_postgres.py
[2026-09-06T17:51:33.587+0000] {processor.py:925} INFO - DAG(s) 'etl_weather_postgres_dag' retrieved from /opt/airflow/dags/05_etl_weather_postgres.py
[2026-09-06T17:51:33.617+0000] {logging_mixin.py:190} INFO - [2026-09-06T17:51:33.617+0000] {dag.py:3239} INFO - Sync 1 DAGs
[2026-09-06T17:51:33.631+0000] {logging_mixin.py:190} INFO - [2026-09-06T17:51:33.631+0000] {dag.py:4180} INFO - Setting next_dagrun for etl_weather_postgres_dag to None, run_after=None
[2026-09-06T17:51:35.048+0000] {processor.py:208} INFO - Processing /opt/airflow/dags/05_etl_weather_postgres.py took 1.488 seconds
[2026-09-06T17:52:05.318+0000] {processor.py:186} INFO - Started process (PID=208) to work on /opt/airflow/dags/05_etl_weather_postgres.py
[2026-09-06T17:52:05.318+0000] {processor.py:914} INFO - Processing file /opt/airflow/dags/05_etl_weather_postgres.py for tasks to queue
[2026-09-06T17:52:05.320+0000] {logging_mixin.py:190} INFO - [2026-09-06T17:52:05.319+0000] {dagbag.py:588} INFO - Filling up the DagBag from /opt/airflow/dags/05_etl_weather_postgres.py
[2026-09-06T17:52:05.334+0000] {processor.py:925} INFO - DAG(s) 'etl_weather_postgres_dag' retrieved from /opt/airflow/dags/05_etl_weather_postgres.py
[2026-09-06T17:52:05.367+0000] {logging_mixin.py:190} INFO - [2026-09-06T17:52:05.367+0000] {dag.py:3239} INFO - Sync 1 DAGs
[2026-09-06T17:52:05.380+0000] {logging_mixin.py:190} INFO - [2026-09-06T17:52:05.379+0000] {dag.py:4180} INFO - Setting next_dagrun for etl_weather_postgres_dag to None, run_after=None
[2026-09-06T17:52:05.404+0000] {processor.py:208} INFO - Processing /opt/airflow/dags/05_etl_weather_postgres.py took 0.094 seconds
[2026-09-06T17:52:36.020+0000] {processor.py:186} INFO - Started process (PID=222) to work on /opt/airflow/dags/05_etl_weather_postgres.py
[2026-09-06T17:52:36.020+0000] {processor.py:914} INFO - Processing file /opt/airflow/dags/05_etl_weather_postgres.py for tasks to queue
[2026-09-06T17:52:36.021+0000] {logging_mixin.py:190} INFO - [2026-09-06T17:52:36.021+0000] {dagbag.py:588} INFO - Filling up the DagBag from /opt/airflow/dags/05_etl_weather_postgres.py
[2026-09-06T17:52:36.037+0000] {processor.py:925} INFO - DAG(s) 'etl_weather_postgres_dag' retrieved from /opt/airflow/dags/05_etl_weather_postgres.py
[2026-09-06T17:52:36.064+0000] {logging_mixin.py:190} INFO - [2026-09-06T17:52:36.063+0000] {dag.py:3239} INFO - Sync 1 DAGs
[2026-09-06T17:52:36.077+0000] {logging_mixin.py:190} INFO - [2026-09-06T17:52:36.077+0000] {dag.py:4180} INFO - Setting next_dagrun for etl_weather_postgres_dag to None, run_after=None
[2026-09-06T17:52:36.100+0000] {processor.py:208} INFO - Processing /opt/airflow/dags/05_etl_weather_postgres.py took 0.085 seconds
[2026-09-06T17:53:06.703+0000] {processor.py:186} INFO - Started process (PID=236) to work on /opt/airflow/dags/05_etl_weather_postgres.py
[2026-09-06T17:53:06.704+0000] {processor.py:914} INFO - Processing file /opt/airflow/dags/05_etl_weather_postgres.py for tasks to queue
[2026-09-06T17:53:06.706+0000] {logging_mixin.py:190} INFO - [2026-09-06T17:53:06.705+0000] {dagbag.py:588} INFO - Filling up the DagBag from /opt/airflow/dags/05_etl_weather_postgres.py
[2026-09-06T17:53:06.725+0000] {processor.py:925} INFO - DAG(s) 'etl_weather_postgres_dag' retrieved from /opt/airflow/dags/05_etl_weather_postgres.py
[2026-09-06T17:53:06.755+0000] {logging_mixin.py:190} INFO - [2026-09-06T17:53:06.754+0000] {dag.py:3239} INFO - Sync 1 DAGs
[2026-09-06T17:53:06.770+0000] {logging_mixin.py:190} INFO - [2026-09-06T17:53:06.770+0000] {dag.py:4180} INFO - Setting next_dagrun for etl_weather_postgres_dag to None, run_after=None
[2026-09-06T17:53:06.790+0000] {processor.py:208} INFO - Processing /opt/airflow/dags/05_etl_weather_postgres.py took 0.094 seconds
[2026-09-06T17:53:37.377+0000] {processor.py:186} INFO - Started process (PID=250) to work on /opt/airflow/dags/05_etl_weather_postgres.py
[2026-09-06T17:53:37.378+0000] {processor.py:914} INFO - Processing file /opt/airflow/dags/05_etl_weather_postgres.py for tasks to queue
[2026-09-06T17:53:37.379+0000] {logging_mixin.py:190} INFO - [2026-09-06T17:53:37.379+0000] {dagbag.py:588} INFO - Filling up the DagBag from /opt/airflow/dags/05_etl_weather_postgres.py
[2026-09-06T17:53:37.400+0000] {processor.py:925} INFO - DAG(s) 'etl_weather_postgres_dag' retrieved from /opt/airflow/dags/05_etl_weather_postgres.py
[2026-09-06T17:53:37.432+0000] {logging_mixin.py:190} INFO - [2026-09-06T17:53:37.432+0000] {dag.py:3239} INFO - Sync 1 DAGs
[2026-09-06T17:53:37.451+0000] {logging_mixin.py:190} INFO - [2026-09-06T17:53:37.451+0000] {dag.py:4180} INFO - Setting next_dagrun for etl_weather_postgres_dag to None, run_after=None
[2026-09-06T17:53:37.474+0000] {processor.py:208} INFO - Processing /opt/airflow/dags/05_etl_weather_postgres.py took 0.107 seconds
[2026-09-06T17:54:08.048+0000] {processor.py:186} INFO - Started process (PID=264) to work on /opt/airflow/dags/05_etl_weather_postgres.py
[2026-09-06T17:54:08.049+0000] {processor.py:914} INFO - Processing file /opt/airflow/dags/05_etl_weather_postgres.py for tasks to queue
[2026-09-06T17:54:08.051+0000] {logging_mixin.py:190} INFO - [2026-09-06T17:54:08.051+0000] {dagbag.py:588} INFO - Filling up the DagBag from /opt/airflow/dags/05_etl_weather_postgres.py
[2026-09-06T17:54:08.076+0000] {processor.py:925} INFO - DAG(s) 'etl_weather_postgres_dag' retrieved from /opt/airflow/dags/05_etl_weather_postgres.py
[2026-09-06T17:54:08.112+0000] {logging_mixin.py:190} INFO - [2026-09-06T17:54:08.112+0000] {dag.py:3239} INFO - Sync 1 DAGs
[2026-09-06T17:54:08.127+0000] {logging_mixin.py:190} INFO - [2026-09-06T17:54:08.127+0000] {dag.py:4180} INFO - Setting next_dagrun for etl_weather_postgres_dag to None, run_after=None
[2026-09-06T17:54:08.151+0000] {processor.py:208} INFO - Processing /opt/airflow/dags/05_etl_weather_postgres.py took 0.110 seconds
[2026-09-06T17:54:38.678+0000] {processor.py:186} INFO - Started process (PID=278) to work on /opt/airflow/dags/05_etl_weather_postgres.py
[2026-09-06T17:54:38.679+0000] {processor.py:914} INFO - Processing file /opt/airflow/dags/05_etl_weather_postgres.py for tasks to queue
[2026-09-06T17:54:38.681+0000] {logging_mixin.py:190} INFO - [2026-09-06T17:54:38.680+0000] {dagbag.py:588} INFO - Filling up the DagBag from /opt/airflow/dags/05_etl_weather_postgres.py
[2026-09-06T17:54:38.695+0000] {processor.py:925} INFO - DAG(s) 'etl_weather_postgres_dag' retrieved from /opt/airflow/dags/05_etl_weather_postgres.py
[2026-09-06T17:54:38.722+0000] {logging_mixin.py:190} INFO - [2026-09-06T17:54:38.722+0000] {dag.py:3239} INFO - Sync 1 DAGs
[2026-09-06T17:54:38.736+0000] {logging_mixin.py:190} INFO - [2026-09-06T17:54:38.736+0000] {dag.py:4180} INFO - Setting next_dagrun for etl_weather_postgres_dag to None, run_after=None
[2026-09-06T17:54:38.755+0000] {processor.py:208} INFO - Processing /opt/airflow/dags/05_etl_weather_postgres.py took 0.083 seconds
[2026-09-06T17:55:09.280+0000] {processor.py:186} INFO - Started process (PID=292) to work on /opt/airflow/dags/05_etl_weather_postgres.py
[2026-09-06T17:55:09.280+0000] {processor.py:914} INFO - Processing file /opt/airflow/dags/05_etl_weather_postgres.py for tasks to queue
[2026-09-06T17:55:09.281+0000] {logging_mixin.py:190} INFO - [2026-09-06T17:55:09.281+0000] {dagbag.py:588} INFO - Filling up the DagBag from /opt/airflow/dags/05_etl_weather_postgres.py
[2026-09-06T17:55:09.296+0000] {processor.py:925} INFO - DAG(s) 'etl_weather_postgres_dag' retrieved from /opt/airflow/dags/05_etl_weather_postgres.py
[2026-09-06T17:55:09.321+0000] {logging_mixin.py:190} INFO - [2026-09-06T17:55:09.321+0000] {dag.py:3239} INFO - Sync 1 DAGs
[2026-09-06T17:55:09.334+0000] {logging_mixin.py:190} INFO - [2026-09-06T17:55:09.333+0000] {dag.py:4180} INFO - Setting next_dagrun for etl_weather_postgres_dag to None, run_after=None
[2026-09-06T17:55:09.356+0000] {processor.py:208} INFO - Processing /opt/airflow/dags/05_etl_weather_postgres.py took 0.081 seconds
[2026-09-06T17:55:39.872+0000] {processor.py:186} INFO - Started process (PID=306) to work on /opt/airflow/dags/05_etl_weather_postgres.py
[2026-09-06T17:55:39.872+0000] {processor.py:914} INFO - Processing file /opt/airflow/dags/05_etl_weather_postgres.py for tasks to queue
[2026-09-06T17:55:39.873+0000] {logging_mixin.py:190} INFO - [2026-09-06T17:55:39.873+0000] {dagbag.py:588} INFO - Filling up the DagBag from /opt/airflow/dags/05_etl_weather_postgres.py
[2026-09-06T17:55:39.888+0000] {processor.py:925} INFO - DAG(s) 'etl_weather_postgres_dag' retrieved from /opt/airflow/dags/05_etl_weather_postgres.py
[2026-09-06T17:55:39.915+0000] {logging_mixin.py:190} INFO - [2026-09-06T17:55:39.915+0000] {dag.py:3239} INFO - Sync 1 DAGs
[2026-09-06T17:55:39.929+0000] {logging_mixin.py:190} INFO - [2026-09-06T17:55:39.929+0000] {dag.py:4180} INFO - Setting next_dagrun for etl_weather_postgres_dag to None, run_after=None
[2026-09-06T17:55:39.951+0000] {processor.py:208} INFO - Processing /opt/airflow/dags/05_etl_weather_postgres.py took 0.085 seconds
[2026-09-06T17:56:10.448+0000] {processor.py:186} INFO - Started process (PID=320) to work on /opt/airflow/dags/05_etl_weather_postgres.py
[2026-09-06T17:56:10.448+0000] {processor.py:914} INFO - Processing file /opt/airflow/dags/05_etl_weather_postgres.py for tasks to queue
[2026-09-06T17:56:10.450+0000] {logging_mixin.py:190} INFO - [2026-09-06T17:56:10.449+0000] {dagbag.py:588} INFO - Filling up the DagBag from /opt/airflow/dags/05_etl_weather_postgres.py
[2026-09-06T17:56:10.464+0000] {processor.py:925} INFO - DAG(s) 'etl_weather_postgres_dag' retrieved from /opt/airflow/dags/05_etl_weather_postgres.py
[2026-09-06T17:56:10.490+0000] {logging_mixin.py:190} INFO - [2026-09-06T17:56:10.490+0000] {dag.py:3239} INFO - Sync 1 DAGs
[2026-09-06T17:56:10.503+0000] {logging_mixin.py:190} INFO - [2026-09-06T17:56:10.503+0000] {dag.py:4180} INFO - Setting next_dagrun for etl_weather_postgres_dag to None, run_after=None
[2026-09-06T17:56:10.527+0000] {processor.py:208} INFO - Processing /opt/airflow/dags/05_etl_weather_postgres.py took 0.084 seconds
[2026-09-06T17:56:41.053+0000] {processor.py:186} INFO - Started process (PID=334) to work on /opt/airflow/dags/05_etl_weather_postgres.py
[2026-09-06T17:56:41.054+0000] {processor.py:914} INFO - Processing file /opt/airflow/dags/05_etl_weather_postgres.py for tasks to queue
[2026-09-06T17:56:41.055+0000] {logging_mixin.py:190} INFO - [2026-09-06T17:56:41.055+0000] {dagbag.py:588} INFO - Filling up the DagBag from /opt/airflow/dags/05_etl_weather_postgres.py
[2026-09-06T17:56:41.071+0000] {processor.py:925} INFO - DAG(s) 'etl_weather_postgres_dag' retrieved from /opt/airflow/dags/05_etl_weather_postgres.py
[2026-09-06T17:56:41.099+0000] {logging_mixin.py:190} INFO - [2026-09-06T17:56:41.098+0000] {dag.py:3239} INFO - Sync 1 DAGs
[2026-09-06T17:56:41.116+0000] {logging_mixin.py:190} INFO - [2026-09-06T17:56:41.116+0000] {dag.py:4180} INFO - Setting next_dagrun for etl_weather_postgres_dag to None, run_after=None
[2026-09-06T17:56:41.139+0000] {processor.py:208} INFO - Processing /opt/airflow/dags/05_etl_weather_postgres.py took 0.092 seconds
[2026-09-06T17:57:11.674+0000] {processor.py:186} INFO - Started process (PID=348) to work on /opt/airflow/dags/05_etl_weather_postgres.py
[2026-09-06T17:57:11.675+0000] {processor.py:914} INFO - Processing file /opt/airflow/dags/05_etl_weather_postgres.py for tasks to queue
[2026-09-06T17:57:11.677+0000] {logging_mixin.py:190} INFO - [2026-09-06T17:57:11.676+0000] {dagbag.py:588} INFO - Filling up the DagBag from /opt/airflow/dags/05_etl_weather_postgres.py
[2026-09-06T17:57:11.700+0000] {processor.py:925} INFO - DAG(s) 'etl_weather_postgres_dag' retrieved from /opt/airflow/dags/05_etl_weather_postgres.py
[2026-09-06T17:57:11.738+0000] {logging_mixin.py:190} INFO - [2026-09-06T17:57:11.737+0000] {dag.py:3239} INFO - Sync 1 DAGs
[2026-09-06T17:57:11.757+0000] {logging_mixin.py:190} INFO - [2026-09-06T17:57:11.757+0000] {dag.py:4180} INFO - Setting next_dagrun for etl_weather_postgres_dag to None, run_after=None
[2026-09-06T17:57:11.780+0000] {processor.py:208} INFO - Processing /opt/airflow/dags/05_etl_weather_postgres.py took 0.112 seconds
[2026-09-06T17:57:42.263+0000] {processor.py:186} INFO - Started process (PID=362) to work on /opt/airflow/dags/05_etl_weather_postgres.py
[2026-09-06T17:57:42.263+0000] {processor.py:914} INFO - Processing file /opt/airflow/dags/05_etl_weather_postgres.py for tasks to queue
[2026-09-06T17:57:42.265+0000] {logging_mixin.py:190} INFO - [2026-09-06T17:57:42.264+0000] {dagbag.py:588} INFO - Filling up the DagBag from /opt/airflow/dags/05_etl_weather_postgres.py
[2026-09-06T17:57:42.282+0000] {processor.py:925} INFO - DAG(s) 'etl_weather_postgres_dag' retrieved from /opt/airflow/dags/05_etl_weather_postgres.py
[2026-09-06T17:57:42.316+0000] {logging_mixin.py:190} INFO - [2026-09-06T17:57:42.316+0000] {dag.py:3239} INFO - Sync 1 DAGs
[2026-09-06T17:57:42.332+0000] {logging_mixin.py:190} INFO - [2026-09-06T17:57:42.331+0000] {dag.py:4180} INFO - Setting next_dagrun for etl_weather_postgres_dag to None, run_after=None
[2026-09-06T17:57:42.351+0000] {processor.py:208} INFO - Processing /opt/airflow/dags/05_etl_weather_postgres.py took 0.095 seconds
[2026-09-06T17:58:12.849+0000] {processor.py:186} INFO - Started process (PID=376) to work on /opt/airflow/dags/05_etl_weather_postgres.py
[2026-09-06T17:58:12.849+0000] {processor.py:914} INFO - Processing file /opt/airflow/dags/05_etl_weather_postgres.py for tasks to queue
[2026-09-06T17:58:12.850+0000] {logging_mixin.py:190} INFO - [2026-09-06T17:58:12.850+0000] {dagbag.py:588} INFO - Filling up the DagBag from /opt/airflow/dags/05_etl_weather_postgres.py
[2026-09-06T17:58:12.865+0000] {processor.py:925} INFO - DAG(s) 'etl_weather_postgres_dag' retrieved from /opt/airflow/dags/05_etl_weather_postgres.py
[2026-09-06T17:58:12.890+0000] {logging_mixin.py:190} INFO - [2026-09-06T17:58:12.889+0000] {dag.py:3239} INFO - Sync 1 DAGs
[2026-09-06T17:58:12.904+0000] {logging_mixin.py:190} INFO - [2026-09-06T17:58:12.904+0000] {dag.py:4180} INFO - Setting next_dagrun for etl_weather_postgres_dag to None, run_after=None
[2026-09-06T17:58:12.927+0000] {processor.py:208} INFO - Processing /opt/airflow/dags/05_etl_weather_postgres.py took 0.084 seconds
[2026-09-06T17:58:43.459+0000] {processor.py:186} INFO - Started process (PID=390) to work on /opt/airflow/dags/05_etl_weather_postgres.py
[2026-09-06T17:58:43.460+0000] {processor.py:914} INFO - Processing file /opt/airflow/dags/05_etl_weather_postgres.py for tasks to queue
[2026-09-06T17:58:43.461+0000] {logging_mixin.py:190} INFO - [2026-09-06T17:58:43.460+0000] {dagbag.py:588} INFO - Filling up the DagBag from /opt/airflow/dags/05_etl_weather_postgres.py
[2026-09-06T17:58:43.476+0000] {processor.py:925} INFO - DAG(s) 'etl_weather_postgres_dag' retrieved from /opt/airflow/dags/05_etl_weather_postgres.py
[2026-09-06T17:58:43.500+0000] {logging_mixin.py:190} INFO - [2026-09-06T17:58:43.499+0000] {dag.py:3239} INFO - Sync 1 DAGs
[2026-09-06T17:58:43.511+0000] {logging_mixin.py:190} INFO - [2026-09-06T17:58:43.511+0000] {dag.py:4180} INFO - Setting next_dagrun for etl_weather_postgres_dag to None, run_after=None
[2026-09-06T17:58:43.532+0000] {processor.py:208} INFO - Processing /opt/airflow/dags/05_etl_weather_postgres.py took 0.079 seconds
