[2026-09-06T17:00:40.479+0000] {processor.py:186} INFO - Started process (PID=188) to work on /opt/airflow/dags/ml_03_oil_pipeline.py
[2026-09-06T17:00:40.479+0000] {processor.py:914} INFO - Processing file /opt/airflow/dags/ml_03_oil_pipeline.py for tasks to queue
[2026-09-06T17:00:40.480+0000] {logging_mixin.py:190} INFO - [2026-09-06T17:00:40.480+0000] {dagbag.py:588} INFO - Filling up the DagBag from /opt/airflow/dags/ml_03_oil_pipeline.py
[2026-09-06T17:00:41.793+0000] {processor.py:925} INFO - DAG(s) 'oil_price_pipeline_dag' retrieved from /opt/airflow/dags/ml_03_oil_pipeline.py
[2026-09-06T17:00:41.871+0000] {logging_mixin.py:190} INFO - [2026-09-06T17:00:41.871+0000] {override.py:1911} INFO - Created Permission View: can delete on DAG:oil_price_pipeline_dag
[2026-09-06T17:00:41.882+0000] {logging_mixin.py:190} INFO - [2026-09-06T17:00:41.882+0000] {override.py:1911} INFO - Created Permission View: can read on DAG:oil_price_pipeline_dag
[2026-09-06T17:00:41.891+0000] {logging_mixin.py:190} INFO - [2026-09-06T17:00:41.890+0000] {override.py:1911} INFO - Created Permission View: can edit on DAG:oil_price_pipeline_dag
[2026-09-06T17:00:41.934+0000] {logging_mixin.py:190} INFO - [2026-09-06T17:00:41.934+0000] {override.py:1911} INFO - Created Permission View: can create on DAG Run:oil_price_pipeline_dag
[2026-09-06T17:00:41.942+0000] {logging_mixin.py:190} INFO - [2026-09-06T17:00:41.941+0000] {override.py:1911} INFO - Created Permission View: can read on DAG Run:oil_price_pipeline_dag
[2026-09-06T17:00:41.951+0000] {logging_mixin.py:190} INFO - [2026-09-06T17:00:41.950+0000] {override.py:1911} INFO - Created Permission View: menu access on DAG Run:oil_price_pipeline_dag
[2026-09-06T17:00:41.958+0000] {logging_mixin.py:190} INFO - [2026-09-06T17:00:41.957+0000] {override.py:1911} INFO - Created Permission View: can delete on DAG Run:oil_price_pipeline_dag
[2026-09-06T17:00:41.958+0000] {logging_mixin.py:190} INFO - [2026-09-06T17:00:41.958+0000] {dag.py:3239} INFO - Sync 1 DAGs
[2026-09-06T17:00:41.969+0000] {logging_mixin.py:190} INFO - [2026-09-06T17:00:41.968+0000] {dag.py:3262} INFO - Creating ORM DAG for oil_price_pipeline_dag
[2026-09-06T17:00:41.969+0000] {logging_mixin.py:190} INFO - [2026-09-06T17:00:41.969+0000] {dag.py:4180} INFO - Setting next_dagrun for oil_price_pipeline_dag to None, run_after=None
[2026-09-06T17:00:41.987+0000] {processor.py:208} INFO - Processing /opt/airflow/dags/ml_03_oil_pipeline.py took 1.513 seconds
[2026-09-06T17:01:12.511+0000] {processor.py:186} INFO - Started process (PID=206) to work on /opt/airflow/dags/ml_03_oil_pipeline.py
[2026-09-06T17:01:12.512+0000] {processor.py:914} INFO - Processing file /opt/airflow/dags/ml_03_oil_pipeline.py for tasks to queue
[2026-09-06T17:01:12.513+0000] {logging_mixin.py:190} INFO - [2026-09-06T17:01:12.512+0000] {dagbag.py:588} INFO - Filling up the DagBag from /opt/airflow/dags/ml_03_oil_pipeline.py
[2026-09-06T17:01:12.936+0000] {processor.py:925} INFO - DAG(s) 'oil_price_pipeline_dag' retrieved from /opt/airflow/dags/ml_03_oil_pipeline.py
[2026-09-06T17:01:12.956+0000] {logging_mixin.py:190} INFO - [2026-09-06T17:01:12.955+0000] {dag.py:3239} INFO - Sync 1 DAGs
[2026-09-06T17:01:12.965+0000] {logging_mixin.py:190} INFO - [2026-09-06T17:01:12.965+0000] {dag.py:4180} INFO - Setting next_dagrun for oil_price_pipeline_dag to None, run_after=None
[2026-09-06T17:01:12.981+0000] {processor.py:208} INFO - Processing /opt/airflow/dags/ml_03_oil_pipeline.py took 0.475 seconds
[2026-09-06T17:01:43.026+0000] {processor.py:186} INFO - Started process (PID=225) to work on /opt/airflow/dags/ml_03_oil_pipeline.py
[2026-09-06T17:01:43.027+0000] {processor.py:914} INFO - Processing file /opt/airflow/dags/ml_03_oil_pipeline.py for tasks to queue
[2026-09-06T17:01:43.028+0000] {logging_mixin.py:190} INFO - [2026-09-06T17:01:43.027+0000] {dagbag.py:588} INFO - Filling up the DagBag from /opt/airflow/dags/ml_03_oil_pipeline.py
[2026-09-06T17:01:43.417+0000] {processor.py:925} INFO - DAG(s) 'oil_price_pipeline_dag' retrieved from /opt/airflow/dags/ml_03_oil_pipeline.py
[2026-09-06T17:01:43.440+0000] {logging_mixin.py:190} INFO - [2026-09-06T17:01:43.440+0000] {dag.py:3239} INFO - Sync 1 DAGs
[2026-09-06T17:01:43.453+0000] {logging_mixin.py:190} INFO - [2026-09-06T17:01:43.453+0000] {dag.py:4180} INFO - Setting next_dagrun for oil_price_pipeline_dag to None, run_after=None
[2026-09-06T17:01:43.473+0000] {processor.py:208} INFO - Processing /opt/airflow/dags/ml_03_oil_pipeline.py took 0.452 seconds
[2026-09-06T17:02:13.894+0000] {processor.py:186} INFO - Started process (PID=241) to work on /opt/airflow/dags/ml_03_oil_pipeline.py
[2026-09-06T17:02:13.894+0000] {processor.py:914} INFO - Processing file /opt/airflow/dags/ml_03_oil_pipeline.py for tasks to queue
[2026-09-06T17:02:13.895+0000] {logging_mixin.py:190} INFO - [2026-09-06T17:02:13.895+0000] {dagbag.py:588} INFO - Filling up the DagBag from /opt/airflow/dags/ml_03_oil_pipeline.py
[2026-09-06T17:02:14.241+0000] {processor.py:925} INFO - DAG(s) 'oil_price_pipeline_dag' retrieved from /opt/airflow/dags/ml_03_oil_pipeline.py
[2026-09-06T17:02:14.260+0000] {logging_mixin.py:190} INFO - [2026-09-06T17:02:14.260+0000] {dag.py:3239} INFO - Sync 1 DAGs
[2026-09-06T17:02:14.269+0000] {logging_mixin.py:190} INFO - [2026-09-06T17:02:14.268+0000] {dag.py:4180} INFO - Setting next_dagrun for oil_price_pipeline_dag to None, run_after=None
[2026-09-06T17:02:14.284+0000] {processor.py:208} INFO - Processing /opt/airflow/dags/ml_03_oil_pipeline.py took 0.395 seconds
[2026-09-06T17:02:45.117+0000] {processor.py:186} INFO - Started process (PID=257) to work on /opt/airflow/dags/ml_03_oil_pipeline.py
[2026-09-06T17:02:45.118+0000] {processor.py:914} INFO - Processing file /opt/airflow/dags/ml_03_oil_pipeline.py for tasks to queue
[2026-09-06T17:02:45.119+0000] {logging_mixin.py:190} INFO - [2026-09-06T17:02:45.119+0000] {dagbag.py:588} INFO - Filling up the DagBag from /opt/airflow/dags/ml_03_oil_pipeline.py
[2026-09-06T17:02:45.360+0000] {processor.py:925} INFO - DAG(s) 'oil_price_pipeline_dag' retrieved from /opt/airflow/dags/ml_03_oil_pipeline.py
[2026-09-06T17:02:45.387+0000] {logging_mixin.py:190} INFO - [2026-09-06T17:02:45.387+0000] {dag.py:3239} INFO - Sync 1 DAGs
[2026-09-06T17:02:45.400+0000] {logging_mixin.py:190} INFO - [2026-09-06T17:02:45.400+0000] {dag.py:4180} INFO - Setting next_dagrun for oil_price_pipeline_dag to None, run_after=None
[2026-09-06T17:02:45.416+0000] {processor.py:208} INFO - Processing /opt/airflow/dags/ml_03_oil_pipeline.py took 0.305 seconds
[2026-09-06T17:03:15.726+0000] {processor.py:186} INFO - Started process (PID=273) to work on /opt/airflow/dags/ml_03_oil_pipeline.py
[2026-09-06T17:03:15.726+0000] {processor.py:914} INFO - Processing file /opt/airflow/dags/ml_03_oil_pipeline.py for tasks to queue
[2026-09-06T17:03:15.728+0000] {logging_mixin.py:190} INFO - [2026-09-06T17:03:15.727+0000] {dagbag.py:588} INFO - Filling up the DagBag from /opt/airflow/dags/ml_03_oil_pipeline.py
[2026-09-06T17:03:16.014+0000] {processor.py:925} INFO - DAG(s) 'oil_price_pipeline_dag' retrieved from /opt/airflow/dags/ml_03_oil_pipeline.py
[2026-09-06T17:03:16.039+0000] {logging_mixin.py:190} INFO - [2026-09-06T17:03:16.039+0000] {dag.py:3239} INFO - Sync 1 DAGs
[2026-09-06T17:03:16.051+0000] {logging_mixin.py:190} INFO - [2026-09-06T17:03:16.051+0000] {dag.py:4180} INFO - Setting next_dagrun for oil_price_pipeline_dag to None, run_after=None
[2026-09-06T17:03:16.071+0000] {processor.py:208} INFO - Processing /opt/airflow/dags/ml_03_oil_pipeline.py took 0.352 seconds
[2026-09-06T17:03:46.573+0000] {processor.py:186} INFO - Started process (PID=289) to work on /opt/airflow/dags/ml_03_oil_pipeline.py
[2026-09-06T17:03:46.574+0000] {processor.py:914} INFO - Processing file /opt/airflow/dags/ml_03_oil_pipeline.py for tasks to queue
[2026-09-06T17:03:46.575+0000] {logging_mixin.py:190} INFO - [2026-09-06T17:03:46.574+0000] {dagbag.py:588} INFO - Filling up the DagBag from /opt/airflow/dags/ml_03_oil_pipeline.py
[2026-09-06T17:03:46.827+0000] {processor.py:925} INFO - DAG(s) 'oil_price_pipeline_dag' retrieved from /opt/airflow/dags/ml_03_oil_pipeline.py
[2026-09-06T17:03:46.849+0000] {logging_mixin.py:190} INFO - [2026-09-06T17:03:46.849+0000] {dag.py:3239} INFO - Sync 1 DAGs
[2026-09-06T17:03:46.860+0000] {logging_mixin.py:190} INFO - [2026-09-06T17:03:46.860+0000] {dag.py:4180} INFO - Setting next_dagrun for oil_price_pipeline_dag to None, run_after=None
[2026-09-06T17:03:46.878+0000] {processor.py:208} INFO - Processing /opt/airflow/dags/ml_03_oil_pipeline.py took 0.310 seconds
[2026-09-06T17:04:17.417+0000] {processor.py:186} INFO - Started process (PID=305) to work on /opt/airflow/dags/ml_03_oil_pipeline.py
[2026-09-06T17:04:17.417+0000] {processor.py:914} INFO - Processing file /opt/airflow/dags/ml_03_oil_pipeline.py for tasks to queue
[2026-09-06T17:04:17.418+0000] {logging_mixin.py:190} INFO - [2026-09-06T17:04:17.418+0000] {dagbag.py:588} INFO - Filling up the DagBag from /opt/airflow/dags/ml_03_oil_pipeline.py
[2026-09-06T17:04:17.686+0000] {processor.py:925} INFO - DAG(s) 'oil_price_pipeline_dag' retrieved from /opt/airflow/dags/ml_03_oil_pipeline.py
[2026-09-06T17:04:17.712+0000] {logging_mixin.py:190} INFO - [2026-09-06T17:04:17.712+0000] {dag.py:3239} INFO - Sync 1 DAGs
[2026-09-06T17:04:17.723+0000] {logging_mixin.py:190} INFO - [2026-09-06T17:04:17.723+0000] {dag.py:4180} INFO - Setting next_dagrun for oil_price_pipeline_dag to None, run_after=None
[2026-09-06T17:04:17.740+0000] {processor.py:208} INFO - Processing /opt/airflow/dags/ml_03_oil_pipeline.py took 0.328 seconds
[2026-09-06T17:04:48.008+0000] {processor.py:186} INFO - Started process (PID=321) to work on /opt/airflow/dags/ml_03_oil_pipeline.py
[2026-09-06T17:04:48.009+0000] {processor.py:914} INFO - Processing file /opt/airflow/dags/ml_03_oil_pipeline.py for tasks to queue
[2026-09-06T17:04:48.010+0000] {logging_mixin.py:190} INFO - [2026-09-06T17:04:48.010+0000] {dagbag.py:588} INFO - Filling up the DagBag from /opt/airflow/dags/ml_03_oil_pipeline.py
[2026-09-06T17:04:48.325+0000] {processor.py:925} INFO - DAG(s) 'oil_price_pipeline_dag' retrieved from /opt/airflow/dags/ml_03_oil_pipeline.py
[2026-09-06T17:04:48.366+0000] {logging_mixin.py:190} INFO - [2026-09-06T17:04:48.366+0000] {dag.py:3239} INFO - Sync 1 DAGs
[2026-09-06T17:04:48.385+0000] {logging_mixin.py:190} INFO - [2026-09-06T17:04:48.384+0000] {dag.py:4180} INFO - Setting next_dagrun for oil_price_pipeline_dag to None, run_after=None
[2026-09-06T17:04:48.405+0000] {processor.py:208} INFO - Processing /opt/airflow/dags/ml_03_oil_pipeline.py took 0.403 seconds
[2026-09-06T17:05:18.596+0000] {processor.py:186} INFO - Started process (PID=337) to work on /opt/airflow/dags/ml_03_oil_pipeline.py
[2026-09-06T17:05:18.597+0000] {processor.py:914} INFO - Processing file /opt/airflow/dags/ml_03_oil_pipeline.py for tasks to queue
[2026-09-06T17:05:18.599+0000] {logging_mixin.py:190} INFO - [2026-09-06T17:05:18.598+0000] {dagbag.py:588} INFO - Filling up the DagBag from /opt/airflow/dags/ml_03_oil_pipeline.py
[2026-09-06T17:05:18.847+0000] {processor.py:925} INFO - DAG(s) 'oil_price_pipeline_dag' retrieved from /opt/airflow/dags/ml_03_oil_pipeline.py
[2026-09-06T17:05:18.872+0000] {logging_mixin.py:190} INFO - [2026-09-06T17:05:18.872+0000] {dag.py:3239} INFO - Sync 1 DAGs
[2026-09-06T17:05:18.884+0000] {logging_mixin.py:190} INFO - [2026-09-06T17:05:18.884+0000] {dag.py:4180} INFO - Setting next_dagrun for oil_price_pipeline_dag to None, run_after=None
[2026-09-06T17:05:18.903+0000] {processor.py:208} INFO - Processing /opt/airflow/dags/ml_03_oil_pipeline.py took 0.312 seconds
[2026-09-06T17:05:49.527+0000] {processor.py:186} INFO - Started process (PID=353) to work on /opt/airflow/dags/ml_03_oil_pipeline.py
[2026-09-06T17:05:49.528+0000] {processor.py:914} INFO - Processing file /opt/airflow/dags/ml_03_oil_pipeline.py for tasks to queue
[2026-09-06T17:05:49.529+0000] {logging_mixin.py:190} INFO - [2026-09-06T17:05:49.529+0000] {dagbag.py:588} INFO - Filling up the DagBag from /opt/airflow/dags/ml_03_oil_pipeline.py
[2026-09-06T17:05:49.791+0000] {processor.py:925} INFO - DAG(s) 'oil_price_pipeline_dag' retrieved from /opt/airflow/dags/ml_03_oil_pipeline.py
[2026-09-06T17:05:49.814+0000] {logging_mixin.py:190} INFO - [2026-09-06T17:05:49.814+0000] {dag.py:3239} INFO - Sync 1 DAGs
[2026-09-06T17:05:49.824+0000] {logging_mixin.py:190} INFO - [2026-09-06T17:05:49.824+0000] {dag.py:4180} INFO - Setting next_dagrun for oil_price_pipeline_dag to None, run_after=None
[2026-09-06T17:05:49.843+0000] {processor.py:208} INFO - Processing /opt/airflow/dags/ml_03_oil_pipeline.py took 0.321 seconds
[2026-09-06T17:06:20.088+0000] {processor.py:186} INFO - Started process (PID=367) to work on /opt/airflow/dags/ml_03_oil_pipeline.py
[2026-09-06T17:06:20.088+0000] {processor.py:914} INFO - Processing file /opt/airflow/dags/ml_03_oil_pipeline.py for tasks to queue
[2026-09-06T17:06:20.089+0000] {logging_mixin.py:190} INFO - [2026-09-06T17:06:20.089+0000] {dagbag.py:588} INFO - Filling up the DagBag from /opt/airflow/dags/ml_03_oil_pipeline.py
[2026-09-06T17:06:20.338+0000] {processor.py:925} INFO - DAG(s) 'oil_price_pipeline_dag' retrieved from /opt/airflow/dags/ml_03_oil_pipeline.py
[2026-09-06T17:06:20.364+0000] {logging_mixin.py:190} INFO - [2026-09-06T17:06:20.363+0000] {dag.py:3239} INFO - Sync 1 DAGs
[2026-09-06T17:06:20.374+0000] {logging_mixin.py:190} INFO - [2026-09-06T17:06:20.374+0000] {dag.py:4180} INFO - Setting next_dagrun for oil_price_pipeline_dag to None, run_after=None
[2026-09-06T17:06:20.389+0000] {processor.py:208} INFO - Processing /opt/airflow/dags/ml_03_oil_pipeline.py took 0.306 seconds
[2026-09-06T17:06:50.618+0000] {processor.py:186} INFO - Started process (PID=382) to work on /opt/airflow/dags/ml_03_oil_pipeline.py
[2026-09-06T17:06:50.619+0000] {processor.py:914} INFO - Processing file /opt/airflow/dags/ml_03_oil_pipeline.py for tasks to queue
[2026-09-06T17:06:50.620+0000] {logging_mixin.py:190} INFO - [2026-09-06T17:06:50.620+0000] {dagbag.py:588} INFO - Filling up the DagBag from /opt/airflow/dags/ml_03_oil_pipeline.py
[2026-09-06T17:06:50.852+0000] {processor.py:925} INFO - DAG(s) 'oil_price_pipeline_dag' retrieved from /opt/airflow/dags/ml_03_oil_pipeline.py
[2026-09-06T17:06:50.872+0000] {logging_mixin.py:190} INFO - [2026-09-06T17:06:50.872+0000] {dag.py:3239} INFO - Sync 1 DAGs
[2026-09-06T17:06:50.883+0000] {logging_mixin.py:190} INFO - [2026-09-06T17:06:50.883+0000] {dag.py:4180} INFO - Setting next_dagrun for oil_price_pipeline_dag to None, run_after=None
[2026-09-06T17:06:50.898+0000] {processor.py:208} INFO - Processing /opt/airflow/dags/ml_03_oil_pipeline.py took 0.285 seconds
[2026-09-06T17:07:21.176+0000] {processor.py:186} INFO - Started process (PID=396) to work on /opt/airflow/dags/ml_03_oil_pipeline.py
[2026-09-06T17:07:21.177+0000] {processor.py:914} INFO - Processing file /opt/airflow/dags/ml_03_oil_pipeline.py for tasks to queue
[2026-09-06T17:07:21.178+0000] {logging_mixin.py:190} INFO - [2026-09-06T17:07:21.177+0000] {dagbag.py:588} INFO - Filling up the DagBag from /opt/airflow/dags/ml_03_oil_pipeline.py
[2026-09-06T17:07:21.422+0000] {processor.py:925} INFO - DAG(s) 'oil_price_pipeline_dag' retrieved from /opt/airflow/dags/ml_03_oil_pipeline.py
[2026-09-06T17:07:21.447+0000] {logging_mixin.py:190} INFO - [2026-09-06T17:07:21.446+0000] {dag.py:3239} INFO - Sync 1 DAGs
[2026-09-06T17:07:21.457+0000] {logging_mixin.py:190} INFO - [2026-09-06T17:07:21.457+0000] {dag.py:4180} INFO - Setting next_dagrun for oil_price_pipeline_dag to None, run_after=None
[2026-09-06T17:07:21.475+0000] {processor.py:208} INFO - Processing /opt/airflow/dags/ml_03_oil_pipeline.py took 0.304 seconds
[2026-09-06T17:07:51.740+0000] {processor.py:186} INFO - Started process (PID=410) to work on /opt/airflow/dags/ml_03_oil_pipeline.py
[2026-09-06T17:07:51.741+0000] {processor.py:914} INFO - Processing file /opt/airflow/dags/ml_03_oil_pipeline.py for tasks to queue
[2026-09-06T17:07:51.742+0000] {logging_mixin.py:190} INFO - [2026-09-06T17:07:51.741+0000] {dagbag.py:588} INFO - Filling up the DagBag from /opt/airflow/dags/ml_03_oil_pipeline.py
[2026-09-06T17:07:51.995+0000] {processor.py:925} INFO - DAG(s) 'oil_price_pipeline_dag' retrieved from /opt/airflow/dags/ml_03_oil_pipeline.py
[2026-09-06T17:07:52.018+0000] {logging_mixin.py:190} INFO - [2026-09-06T17:07:52.017+0000] {dag.py:3239} INFO - Sync 1 DAGs
[2026-09-06T17:07:52.027+0000] {logging_mixin.py:190} INFO - [2026-09-06T17:07:52.027+0000] {dag.py:4180} INFO - Setting next_dagrun for oil_price_pipeline_dag to None, run_after=None
[2026-09-06T17:07:52.048+0000] {processor.py:208} INFO - Processing /opt/airflow/dags/ml_03_oil_pipeline.py took 0.312 seconds
[2026-09-06T17:08:22.388+0000] {processor.py:186} INFO - Started process (PID=424) to work on /opt/airflow/dags/ml_03_oil_pipeline.py
[2026-09-06T17:08:22.388+0000] {processor.py:914} INFO - Processing file /opt/airflow/dags/ml_03_oil_pipeline.py for tasks to queue
[2026-09-06T17:08:22.389+0000] {logging_mixin.py:190} INFO - [2026-09-06T17:08:22.389+0000] {dagbag.py:588} INFO - Filling up the DagBag from /opt/airflow/dags/ml_03_oil_pipeline.py
[2026-09-06T17:08:22.735+0000] {processor.py:925} INFO - DAG(s) 'oil_price_pipeline_dag' retrieved from /opt/airflow/dags/ml_03_oil_pipeline.py
[2026-09-06T17:08:22.758+0000] {logging_mixin.py:190} INFO - [2026-09-06T17:08:22.758+0000] {dag.py:3239} INFO - Sync 1 DAGs
[2026-09-06T17:08:22.770+0000] {logging_mixin.py:190} INFO - [2026-09-06T17:08:22.769+0000] {dag.py:4180} INFO - Setting next_dagrun for oil_price_pipeline_dag to None, run_after=None
[2026-09-06T17:08:22.790+0000] {processor.py:208} INFO - Processing /opt/airflow/dags/ml_03_oil_pipeline.py took 0.407 seconds
[2026-09-06T17:08:52.972+0000] {processor.py:186} INFO - Started process (PID=438) to work on /opt/airflow/dags/ml_03_oil_pipeline.py
[2026-09-06T17:08:52.973+0000] {processor.py:914} INFO - Processing file /opt/airflow/dags/ml_03_oil_pipeline.py for tasks to queue
[2026-09-06T17:08:52.974+0000] {logging_mixin.py:190} INFO - [2026-09-06T17:08:52.974+0000] {dagbag.py:588} INFO - Filling up the DagBag from /opt/airflow/dags/ml_03_oil_pipeline.py
[2026-09-06T17:08:53.331+0000] {processor.py:925} INFO - DAG(s) 'oil_price_pipeline_dag' retrieved from /opt/airflow/dags/ml_03_oil_pipeline.py
[2026-09-06T17:08:53.362+0000] {logging_mixin.py:190} INFO - [2026-09-06T17:08:53.361+0000] {dag.py:3239} INFO - Sync 1 DAGs
[2026-09-06T17:08:53.378+0000] {logging_mixin.py:190} INFO - [2026-09-06T17:08:53.377+0000] {dag.py:4180} INFO - Setting next_dagrun for oil_price_pipeline_dag to None, run_after=None
[2026-09-06T17:08:53.402+0000] {processor.py:208} INFO - Processing /opt/airflow/dags/ml_03_oil_pipeline.py took 0.439 seconds
[2026-09-06T17:09:23.768+0000] {processor.py:186} INFO - Started process (PID=452) to work on /opt/airflow/dags/ml_03_oil_pipeline.py
[2026-09-06T17:09:23.770+0000] {processor.py:914} INFO - Processing file /opt/airflow/dags/ml_03_oil_pipeline.py for tasks to queue
[2026-09-06T17:09:23.772+0000] {logging_mixin.py:190} INFO - [2026-09-06T17:09:23.771+0000] {dagbag.py:588} INFO - Filling up the DagBag from /opt/airflow/dags/ml_03_oil_pipeline.py
[2026-09-06T17:09:24.078+0000] {processor.py:925} INFO - DAG(s) 'oil_price_pipeline_dag' retrieved from /opt/airflow/dags/ml_03_oil_pipeline.py
[2026-09-06T17:09:24.104+0000] {logging_mixin.py:190} INFO - [2026-09-06T17:09:24.104+0000] {dag.py:3239} INFO - Sync 1 DAGs
[2026-09-06T17:09:24.117+0000] {logging_mixin.py:190} INFO - [2026-09-06T17:09:24.117+0000] {dag.py:4180} INFO - Setting next_dagrun for oil_price_pipeline_dag to None, run_after=None
[2026-09-06T17:09:24.138+0000] {processor.py:208} INFO - Processing /opt/airflow/dags/ml_03_oil_pipeline.py took 0.375 seconds
[2026-09-06T17:09:54.513+0000] {processor.py:186} INFO - Started process (PID=466) to work on /opt/airflow/dags/ml_03_oil_pipeline.py
[2026-09-06T17:09:54.514+0000] {processor.py:914} INFO - Processing file /opt/airflow/dags/ml_03_oil_pipeline.py for tasks to queue
[2026-09-06T17:09:54.515+0000] {logging_mixin.py:190} INFO - [2026-09-06T17:09:54.514+0000] {dagbag.py:588} INFO - Filling up the DagBag from /opt/airflow/dags/ml_03_oil_pipeline.py
[2026-09-06T17:09:54.918+0000] {processor.py:925} INFO - DAG(s) 'oil_price_pipeline_dag' retrieved from /opt/airflow/dags/ml_03_oil_pipeline.py
[2026-09-06T17:09:54.957+0000] {logging_mixin.py:190} INFO - [2026-09-06T17:09:54.957+0000] {dag.py:3239} INFO - Sync 1 DAGs
[2026-09-06T17:09:54.979+0000] {logging_mixin.py:190} INFO - [2026-09-06T17:09:54.979+0000] {dag.py:4180} INFO - Setting next_dagrun for oil_price_pipeline_dag to None, run_after=None
[2026-09-06T17:09:55.015+0000] {processor.py:208} INFO - Processing /opt/airflow/dags/ml_03_oil_pipeline.py took 0.507 seconds
[2026-09-06T17:10:25.674+0000] {processor.py:186} INFO - Started process (PID=486) to work on /opt/airflow/dags/ml_03_oil_pipeline.py
[2026-09-06T17:10:25.675+0000] {processor.py:914} INFO - Processing file /opt/airflow/dags/ml_03_oil_pipeline.py for tasks to queue
[2026-09-06T17:10:25.677+0000] {logging_mixin.py:190} INFO - [2026-09-06T17:10:25.676+0000] {dagbag.py:588} INFO - Filling up the DagBag from /opt/airflow/dags/ml_03_oil_pipeline.py
[2026-09-06T17:10:25.976+0000] {processor.py:925} INFO - DAG(s) 'oil_price_pipeline_dag' retrieved from /opt/airflow/dags/ml_03_oil_pipeline.py
[2026-09-06T17:10:26.001+0000] {logging_mixin.py:190} INFO - [2026-09-06T17:10:26.001+0000] {dag.py:3239} INFO - Sync 1 DAGs
[2026-09-06T17:10:26.016+0000] {logging_mixin.py:190} INFO - [2026-09-06T17:10:26.015+0000] {dag.py:4180} INFO - Setting next_dagrun for oil_price_pipeline_dag to None, run_after=None
[2026-09-06T17:10:26.041+0000] {processor.py:208} INFO - Processing /opt/airflow/dags/ml_03_oil_pipeline.py took 0.372 seconds
[2026-09-06T17:10:56.379+0000] {processor.py:186} INFO - Started process (PID=500) to work on /opt/airflow/dags/ml_03_oil_pipeline.py
[2026-09-06T17:10:56.379+0000] {processor.py:914} INFO - Processing file /opt/airflow/dags/ml_03_oil_pipeline.py for tasks to queue
[2026-09-06T17:10:56.381+0000] {logging_mixin.py:190} INFO - [2026-09-06T17:10:56.380+0000] {dagbag.py:588} INFO - Filling up the DagBag from /opt/airflow/dags/ml_03_oil_pipeline.py
[2026-09-06T17:10:56.661+0000] {processor.py:925} INFO - DAG(s) 'oil_price_pipeline_dag' retrieved from /opt/airflow/dags/ml_03_oil_pipeline.py
[2026-09-06T17:10:56.685+0000] {logging_mixin.py:190} INFO - [2026-09-06T17:10:56.685+0000] {dag.py:3239} INFO - Sync 1 DAGs
[2026-09-06T17:10:56.697+0000] {logging_mixin.py:190} INFO - [2026-09-06T17:10:56.697+0000] {dag.py:4180} INFO - Setting next_dagrun for oil_price_pipeline_dag to None, run_after=None
[2026-09-06T17:10:56.716+0000] {processor.py:208} INFO - Processing /opt/airflow/dags/ml_03_oil_pipeline.py took 0.345 seconds
[2026-09-06T17:11:27.217+0000] {processor.py:186} INFO - Started process (PID=514) to work on /opt/airflow/dags/ml_03_oil_pipeline.py
[2026-09-06T17:11:27.218+0000] {processor.py:914} INFO - Processing file /opt/airflow/dags/ml_03_oil_pipeline.py for tasks to queue
[2026-09-06T17:11:27.219+0000] {logging_mixin.py:190} INFO - [2026-09-06T17:11:27.218+0000] {dagbag.py:588} INFO - Filling up the DagBag from /opt/airflow/dags/ml_03_oil_pipeline.py
[2026-09-06T17:11:27.487+0000] {processor.py:925} INFO - DAG(s) 'oil_price_pipeline_dag' retrieved from /opt/airflow/dags/ml_03_oil_pipeline.py
[2026-09-06T17:11:27.510+0000] {logging_mixin.py:190} INFO - [2026-09-06T17:11:27.510+0000] {dag.py:3239} INFO - Sync 1 DAGs
[2026-09-06T17:11:27.522+0000] {logging_mixin.py:190} INFO - [2026-09-06T17:11:27.521+0000] {dag.py:4180} INFO - Setting next_dagrun for oil_price_pipeline_dag to None, run_after=None
[2026-09-06T17:11:27.541+0000] {processor.py:208} INFO - Processing /opt/airflow/dags/ml_03_oil_pipeline.py took 0.330 seconds
[2026-09-06T17:11:57.917+0000] {processor.py:186} INFO - Started process (PID=528) to work on /opt/airflow/dags/ml_03_oil_pipeline.py
[2026-09-06T17:11:57.917+0000] {processor.py:914} INFO - Processing file /opt/airflow/dags/ml_03_oil_pipeline.py for tasks to queue
[2026-09-06T17:11:57.919+0000] {logging_mixin.py:190} INFO - [2026-09-06T17:11:57.919+0000] {dagbag.py:588} INFO - Filling up the DagBag from /opt/airflow/dags/ml_03_oil_pipeline.py
[2026-09-06T17:11:58.274+0000] {processor.py:925} INFO - DAG(s) 'oil_price_pipeline_dag' retrieved from /opt/airflow/dags/ml_03_oil_pipeline.py
[2026-09-06T17:11:58.302+0000] {logging_mixin.py:190} INFO - [2026-09-06T17:11:58.301+0000] {dag.py:3239} INFO - Sync 1 DAGs
[2026-09-06T17:11:58.315+0000] {logging_mixin.py:190} INFO - [2026-09-06T17:11:58.315+0000] {dag.py:4180} INFO - Setting next_dagrun for oil_price_pipeline_dag to None, run_after=None
[2026-09-06T17:11:58.339+0000] {processor.py:208} INFO - Processing /opt/airflow/dags/ml_03_oil_pipeline.py took 0.430 seconds
[2026-09-06T17:12:28.615+0000] {processor.py:186} INFO - Started process (PID=542) to work on /opt/airflow/dags/ml_03_oil_pipeline.py
[2026-09-06T17:12:28.616+0000] {processor.py:914} INFO - Processing file /opt/airflow/dags/ml_03_oil_pipeline.py for tasks to queue
[2026-09-06T17:12:28.617+0000] {logging_mixin.py:190} INFO - [2026-09-06T17:12:28.617+0000] {dagbag.py:588} INFO - Filling up the DagBag from /opt/airflow/dags/ml_03_oil_pipeline.py
[2026-09-06T17:12:28.935+0000] {processor.py:925} INFO - DAG(s) 'oil_price_pipeline_dag' retrieved from /opt/airflow/dags/ml_03_oil_pipeline.py
[2026-09-06T17:12:28.978+0000] {logging_mixin.py:190} INFO - [2026-09-06T17:12:28.978+0000] {dag.py:3239} INFO - Sync 1 DAGs
[2026-09-06T17:12:28.993+0000] {logging_mixin.py:190} INFO - [2026-09-06T17:12:28.993+0000] {dag.py:4180} INFO - Setting next_dagrun for oil_price_pipeline_dag to None, run_after=None
[2026-09-06T17:12:29.021+0000] {processor.py:208} INFO - Processing /opt/airflow/dags/ml_03_oil_pipeline.py took 0.411 seconds
[2026-09-06T17:12:59.315+0000] {processor.py:186} INFO - Started process (PID=556) to work on /opt/airflow/dags/ml_03_oil_pipeline.py
[2026-09-06T17:12:59.316+0000] {processor.py:914} INFO - Processing file /opt/airflow/dags/ml_03_oil_pipeline.py for tasks to queue
[2026-09-06T17:12:59.317+0000] {logging_mixin.py:190} INFO - [2026-09-06T17:12:59.316+0000] {dagbag.py:588} INFO - Filling up the DagBag from /opt/airflow/dags/ml_03_oil_pipeline.py
[2026-09-06T17:12:59.652+0000] {processor.py:925} INFO - DAG(s) 'oil_price_pipeline_dag' retrieved from /opt/airflow/dags/ml_03_oil_pipeline.py
[2026-09-06T17:12:59.678+0000] {logging_mixin.py:190} INFO - [2026-09-06T17:12:59.677+0000] {dag.py:3239} INFO - Sync 1 DAGs
[2026-09-06T17:12:59.691+0000] {logging_mixin.py:190} INFO - [2026-09-06T17:12:59.690+0000] {dag.py:4180} INFO - Setting next_dagrun for oil_price_pipeline_dag to None, run_after=None
[2026-09-06T17:12:59.710+0000] {processor.py:208} INFO - Processing /opt/airflow/dags/ml_03_oil_pipeline.py took 0.401 seconds
[2026-09-06T17:13:30.071+0000] {processor.py:186} INFO - Started process (PID=570) to work on /opt/airflow/dags/ml_03_oil_pipeline.py
[2026-09-06T17:13:30.073+0000] {processor.py:914} INFO - Processing file /opt/airflow/dags/ml_03_oil_pipeline.py for tasks to queue
[2026-09-06T17:13:30.074+0000] {logging_mixin.py:190} INFO - [2026-09-06T17:13:30.074+0000] {dagbag.py:588} INFO - Filling up the DagBag from /opt/airflow/dags/ml_03_oil_pipeline.py
[2026-09-06T17:13:30.349+0000] {processor.py:925} INFO - DAG(s) 'oil_price_pipeline_dag' retrieved from /opt/airflow/dags/ml_03_oil_pipeline.py
[2026-09-06T17:13:30.373+0000] {logging_mixin.py:190} INFO - [2026-09-06T17:13:30.373+0000] {dag.py:3239} INFO - Sync 1 DAGs
[2026-09-06T17:13:30.384+0000] {logging_mixin.py:190} INFO - [2026-09-06T17:13:30.384+0000] {dag.py:4180} INFO - Setting next_dagrun for oil_price_pipeline_dag to None, run_after=None
[2026-09-06T17:13:30.405+0000] {processor.py:208} INFO - Processing /opt/airflow/dags/ml_03_oil_pipeline.py took 0.342 seconds
[2026-09-06T17:14:00.760+0000] {processor.py:186} INFO - Started process (PID=584) to work on /opt/airflow/dags/ml_03_oil_pipeline.py
[2026-09-06T17:14:00.761+0000] {processor.py:914} INFO - Processing file /opt/airflow/dags/ml_03_oil_pipeline.py for tasks to queue
[2026-09-06T17:14:00.762+0000] {logging_mixin.py:190} INFO - [2026-09-06T17:14:00.762+0000] {dagbag.py:588} INFO - Filling up the DagBag from /opt/airflow/dags/ml_03_oil_pipeline.py
[2026-09-06T17:14:01.048+0000] {processor.py:925} INFO - DAG(s) 'oil_price_pipeline_dag' retrieved from /opt/airflow/dags/ml_03_oil_pipeline.py
[2026-09-06T17:14:01.076+0000] {logging_mixin.py:190} INFO - [2026-09-06T17:14:01.075+0000] {dag.py:3239} INFO - Sync 1 DAGs
[2026-09-06T17:14:01.087+0000] {logging_mixin.py:190} INFO - [2026-09-06T17:14:01.086+0000] {dag.py:4180} INFO - Setting next_dagrun for oil_price_pipeline_dag to None, run_after=None
[2026-09-06T17:14:01.110+0000] {processor.py:208} INFO - Processing /opt/airflow/dags/ml_03_oil_pipeline.py took 0.356 seconds
[2026-09-06T17:14:31.501+0000] {processor.py:186} INFO - Started process (PID=598) to work on /opt/airflow/dags/ml_03_oil_pipeline.py
[2026-09-06T17:14:31.502+0000] {processor.py:914} INFO - Processing file /opt/airflow/dags/ml_03_oil_pipeline.py for tasks to queue
[2026-09-06T17:14:31.506+0000] {logging_mixin.py:190} INFO - [2026-09-06T17:14:31.506+0000] {dagbag.py:588} INFO - Filling up the DagBag from /opt/airflow/dags/ml_03_oil_pipeline.py
[2026-09-06T17:14:31.772+0000] {processor.py:925} INFO - DAG(s) 'oil_price_pipeline_dag' retrieved from /opt/airflow/dags/ml_03_oil_pipeline.py
[2026-09-06T17:14:31.795+0000] {logging_mixin.py:190} INFO - [2026-09-06T17:14:31.795+0000] {dag.py:3239} INFO - Sync 1 DAGs
[2026-09-06T17:14:31.808+0000] {logging_mixin.py:190} INFO - [2026-09-06T17:14:31.807+0000] {dag.py:4180} INFO - Setting next_dagrun for oil_price_pipeline_dag to None, run_after=None
[2026-09-06T17:14:31.825+0000] {processor.py:208} INFO - Processing /opt/airflow/dags/ml_03_oil_pipeline.py took 0.330 seconds
[2026-09-06T17:15:02.199+0000] {processor.py:186} INFO - Started process (PID=612) to work on /opt/airflow/dags/ml_03_oil_pipeline.py
[2026-09-06T17:15:02.200+0000] {processor.py:914} INFO - Processing file /opt/airflow/dags/ml_03_oil_pipeline.py for tasks to queue
[2026-09-06T17:15:02.201+0000] {logging_mixin.py:190} INFO - [2026-09-06T17:15:02.201+0000] {dagbag.py:588} INFO - Filling up the DagBag from /opt/airflow/dags/ml_03_oil_pipeline.py
[2026-09-06T17:15:02.467+0000] {processor.py:925} INFO - DAG(s) 'oil_price_pipeline_dag' retrieved from /opt/airflow/dags/ml_03_oil_pipeline.py
[2026-09-06T17:15:02.491+0000] {logging_mixin.py:190} INFO - [2026-09-06T17:15:02.490+0000] {dag.py:3239} INFO - Sync 1 DAGs
[2026-09-06T17:15:02.502+0000] {logging_mixin.py:190} INFO - [2026-09-06T17:15:02.501+0000] {dag.py:4180} INFO - Setting next_dagrun for oil_price_pipeline_dag to None, run_after=None
[2026-09-06T17:15:02.521+0000] {processor.py:208} INFO - Processing /opt/airflow/dags/ml_03_oil_pipeline.py took 0.328 seconds
[2026-09-06T17:15:32.873+0000] {processor.py:186} INFO - Started process (PID=626) to work on /opt/airflow/dags/ml_03_oil_pipeline.py
[2026-09-06T17:15:32.875+0000] {processor.py:914} INFO - Processing file /opt/airflow/dags/ml_03_oil_pipeline.py for tasks to queue
[2026-09-06T17:15:32.876+0000] {logging_mixin.py:190} INFO - [2026-09-06T17:15:32.876+0000] {dagbag.py:588} INFO - Filling up the DagBag from /opt/airflow/dags/ml_03_oil_pipeline.py
[2026-09-06T17:15:33.313+0000] {processor.py:925} INFO - DAG(s) 'oil_price_pipeline_dag' retrieved from /opt/airflow/dags/ml_03_oil_pipeline.py
[2026-09-06T17:15:33.344+0000] {logging_mixin.py:190} INFO - [2026-09-06T17:15:33.343+0000] {dag.py:3239} INFO - Sync 1 DAGs
[2026-09-06T17:15:33.359+0000] {logging_mixin.py:190} INFO - [2026-09-06T17:15:33.358+0000] {dag.py:4180} INFO - Setting next_dagrun for oil_price_pipeline_dag to None, run_after=None
[2026-09-06T17:15:33.400+0000] {processor.py:208} INFO - Processing /opt/airflow/dags/ml_03_oil_pipeline.py took 0.537 seconds
[2026-09-06T17:16:04.131+0000] {processor.py:186} INFO - Started process (PID=640) to work on /opt/airflow/dags/ml_03_oil_pipeline.py
[2026-09-06T17:16:04.133+0000] {processor.py:914} INFO - Processing file /opt/airflow/dags/ml_03_oil_pipeline.py for tasks to queue
[2026-09-06T17:16:04.135+0000] {logging_mixin.py:190} INFO - [2026-09-06T17:16:04.135+0000] {dagbag.py:588} INFO - Filling up the DagBag from /opt/airflow/dags/ml_03_oil_pipeline.py
[2026-09-06T17:16:04.517+0000] {processor.py:925} INFO - DAG(s) 'oil_price_pipeline_dag' retrieved from /opt/airflow/dags/ml_03_oil_pipeline.py
[2026-09-06T17:16:04.545+0000] {logging_mixin.py:190} INFO - [2026-09-06T17:16:04.544+0000] {dag.py:3239} INFO - Sync 1 DAGs
[2026-09-06T17:16:04.557+0000] {logging_mixin.py:190} INFO - [2026-09-06T17:16:04.556+0000] {dag.py:4180} INFO - Setting next_dagrun for oil_price_pipeline_dag to None, run_after=None
[2026-09-06T17:16:04.582+0000] {processor.py:208} INFO - Processing /opt/airflow/dags/ml_03_oil_pipeline.py took 0.457 seconds
[2026-09-06T17:16:34.841+0000] {processor.py:186} INFO - Started process (PID=654) to work on /opt/airflow/dags/ml_03_oil_pipeline.py
[2026-09-06T17:16:34.842+0000] {processor.py:914} INFO - Processing file /opt/airflow/dags/ml_03_oil_pipeline.py for tasks to queue
[2026-09-06T17:16:34.843+0000] {logging_mixin.py:190} INFO - [2026-09-06T17:16:34.843+0000] {dagbag.py:588} INFO - Filling up the DagBag from /opt/airflow/dags/ml_03_oil_pipeline.py
[2026-09-06T17:16:35.167+0000] {processor.py:925} INFO - DAG(s) 'oil_price_pipeline_dag' retrieved from /opt/airflow/dags/ml_03_oil_pipeline.py
[2026-09-06T17:16:35.203+0000] {logging_mixin.py:190} INFO - [2026-09-06T17:16:35.202+0000] {dag.py:3239} INFO - Sync 1 DAGs
[2026-09-06T17:16:35.226+0000] {logging_mixin.py:190} INFO - [2026-09-06T17:16:35.225+0000] {dag.py:4180} INFO - Setting next_dagrun for oil_price_pipeline_dag to None, run_after=None
[2026-09-06T17:16:35.258+0000] {processor.py:208} INFO - Processing /opt/airflow/dags/ml_03_oil_pipeline.py took 0.423 seconds
[2026-09-06T17:17:05.637+0000] {processor.py:186} INFO - Started process (PID=668) to work on /opt/airflow/dags/ml_03_oil_pipeline.py
[2026-09-06T17:17:05.638+0000] {processor.py:914} INFO - Processing file /opt/airflow/dags/ml_03_oil_pipeline.py for tasks to queue
[2026-09-06T17:17:05.640+0000] {logging_mixin.py:190} INFO - [2026-09-06T17:17:05.639+0000] {dagbag.py:588} INFO - Filling up the DagBag from /opt/airflow/dags/ml_03_oil_pipeline.py
[2026-09-06T17:17:05.902+0000] {processor.py:925} INFO - DAG(s) 'oil_price_pipeline_dag' retrieved from /opt/airflow/dags/ml_03_oil_pipeline.py
[2026-09-06T17:17:05.935+0000] {logging_mixin.py:190} INFO - [2026-09-06T17:17:05.933+0000] {dag.py:3239} INFO - Sync 1 DAGs
[2026-09-06T17:17:05.954+0000] {logging_mixin.py:190} INFO - [2026-09-06T17:17:05.954+0000] {dag.py:4180} INFO - Setting next_dagrun for oil_price_pipeline_dag to None, run_after=None
[2026-09-06T17:17:05.984+0000] {processor.py:208} INFO - Processing /opt/airflow/dags/ml_03_oil_pipeline.py took 0.353 seconds
[2026-09-06T17:17:36.300+0000] {processor.py:186} INFO - Started process (PID=682) to work on /opt/airflow/dags/ml_03_oil_pipeline.py
[2026-09-06T17:17:36.300+0000] {processor.py:914} INFO - Processing file /opt/airflow/dags/ml_03_oil_pipeline.py for tasks to queue
[2026-09-06T17:17:36.302+0000] {logging_mixin.py:190} INFO - [2026-09-06T17:17:36.302+0000] {dagbag.py:588} INFO - Filling up the DagBag from /opt/airflow/dags/ml_03_oil_pipeline.py
[2026-09-06T17:17:36.605+0000] {processor.py:925} INFO - DAG(s) 'oil_price_pipeline_dag' retrieved from /opt/airflow/dags/ml_03_oil_pipeline.py
[2026-09-06T17:17:36.641+0000] {logging_mixin.py:190} INFO - [2026-09-06T17:17:36.640+0000] {dag.py:3239} INFO - Sync 1 DAGs
[2026-09-06T17:17:36.662+0000] {logging_mixin.py:190} INFO - [2026-09-06T17:17:36.662+0000] {dag.py:4180} INFO - Setting next_dagrun for oil_price_pipeline_dag to None, run_after=None
[2026-09-06T17:17:36.697+0000] {processor.py:208} INFO - Processing /opt/airflow/dags/ml_03_oil_pipeline.py took 0.404 seconds
[2026-09-06T17:18:06.993+0000] {processor.py:186} INFO - Started process (PID=696) to work on /opt/airflow/dags/ml_03_oil_pipeline.py
[2026-09-06T17:18:06.993+0000] {processor.py:914} INFO - Processing file /opt/airflow/dags/ml_03_oil_pipeline.py for tasks to queue
[2026-09-06T17:18:06.995+0000] {logging_mixin.py:190} INFO - [2026-09-06T17:18:06.994+0000] {dagbag.py:588} INFO - Filling up the DagBag from /opt/airflow/dags/ml_03_oil_pipeline.py
[2026-09-06T17:18:07.406+0000] {processor.py:925} INFO - DAG(s) 'oil_price_pipeline_dag' retrieved from /opt/airflow/dags/ml_03_oil_pipeline.py
[2026-09-06T17:18:07.452+0000] {logging_mixin.py:190} INFO - [2026-09-06T17:18:07.451+0000] {dag.py:3239} INFO - Sync 1 DAGs
[2026-09-06T17:18:07.471+0000] {logging_mixin.py:190} INFO - [2026-09-06T17:18:07.471+0000] {dag.py:4180} INFO - Setting next_dagrun for oil_price_pipeline_dag to None, run_after=None
[2026-09-06T17:18:07.511+0000] {processor.py:208} INFO - Processing /opt/airflow/dags/ml_03_oil_pipeline.py took 0.527 seconds
[2026-09-06T17:18:37.635+0000] {processor.py:186} INFO - Started process (PID=710) to work on /opt/airflow/dags/ml_03_oil_pipeline.py
[2026-09-06T17:18:37.637+0000] {processor.py:914} INFO - Processing file /opt/airflow/dags/ml_03_oil_pipeline.py for tasks to queue
[2026-09-06T17:18:37.638+0000] {logging_mixin.py:190} INFO - [2026-09-06T17:18:37.637+0000] {dagbag.py:588} INFO - Filling up the DagBag from /opt/airflow/dags/ml_03_oil_pipeline.py
[2026-09-06T17:18:37.953+0000] {processor.py:925} INFO - DAG(s) 'oil_price_pipeline_dag' retrieved from /opt/airflow/dags/ml_03_oil_pipeline.py
[2026-09-06T17:18:37.986+0000] {logging_mixin.py:190} INFO - [2026-09-06T17:18:37.986+0000] {dag.py:3239} INFO - Sync 1 DAGs
[2026-09-06T17:18:37.998+0000] {logging_mixin.py:190} INFO - [2026-09-06T17:18:37.998+0000] {dag.py:4180} INFO - Setting next_dagrun for oil_price_pipeline_dag to None, run_after=None
[2026-09-06T17:18:38.020+0000] {processor.py:208} INFO - Processing /opt/airflow/dags/ml_03_oil_pipeline.py took 0.392 seconds
[2026-09-06T17:19:08.373+0000] {processor.py:186} INFO - Started process (PID=724) to work on /opt/airflow/dags/ml_03_oil_pipeline.py
[2026-09-06T17:19:08.374+0000] {processor.py:914} INFO - Processing file /opt/airflow/dags/ml_03_oil_pipeline.py for tasks to queue
[2026-09-06T17:19:08.375+0000] {logging_mixin.py:190} INFO - [2026-09-06T17:19:08.375+0000] {dagbag.py:588} INFO - Filling up the DagBag from /opt/airflow/dags/ml_03_oil_pipeline.py
[2026-09-06T17:19:08.661+0000] {processor.py:925} INFO - DAG(s) 'oil_price_pipeline_dag' retrieved from /opt/airflow/dags/ml_03_oil_pipeline.py
[2026-09-06T17:19:08.697+0000] {logging_mixin.py:190} INFO - [2026-09-06T17:19:08.696+0000] {dag.py:3239} INFO - Sync 1 DAGs
[2026-09-06T17:19:08.717+0000] {logging_mixin.py:190} INFO - [2026-09-06T17:19:08.717+0000] {dag.py:4180} INFO - Setting next_dagrun for oil_price_pipeline_dag to None, run_after=None
[2026-09-06T17:19:08.741+0000] {processor.py:208} INFO - Processing /opt/airflow/dags/ml_03_oil_pipeline.py took 0.373 seconds
[2026-09-06T17:19:39.169+0000] {processor.py:186} INFO - Started process (PID=738) to work on /opt/airflow/dags/ml_03_oil_pipeline.py
[2026-09-06T17:19:39.171+0000] {processor.py:914} INFO - Processing file /opt/airflow/dags/ml_03_oil_pipeline.py for tasks to queue
[2026-09-06T17:19:39.173+0000] {logging_mixin.py:190} INFO - [2026-09-06T17:19:39.173+0000] {dagbag.py:588} INFO - Filling up the DagBag from /opt/airflow/dags/ml_03_oil_pipeline.py
[2026-09-06T17:19:39.482+0000] {processor.py:925} INFO - DAG(s) 'oil_price_pipeline_dag' retrieved from /opt/airflow/dags/ml_03_oil_pipeline.py
[2026-09-06T17:19:39.506+0000] {logging_mixin.py:190} INFO - [2026-09-06T17:19:39.505+0000] {dag.py:3239} INFO - Sync 1 DAGs
[2026-09-06T17:19:39.516+0000] {logging_mixin.py:190} INFO - [2026-09-06T17:19:39.516+0000] {dag.py:4180} INFO - Setting next_dagrun for oil_price_pipeline_dag to None, run_after=None
[2026-09-06T17:19:39.533+0000] {processor.py:208} INFO - Processing /opt/airflow/dags/ml_03_oil_pipeline.py took 0.370 seconds
[2026-09-06T17:20:09.915+0000] {processor.py:186} INFO - Started process (PID=752) to work on /opt/airflow/dags/ml_03_oil_pipeline.py
[2026-09-06T17:20:09.917+0000] {processor.py:914} INFO - Processing file /opt/airflow/dags/ml_03_oil_pipeline.py for tasks to queue
[2026-09-06T17:20:09.918+0000] {logging_mixin.py:190} INFO - [2026-09-06T17:20:09.918+0000] {dagbag.py:588} INFO - Filling up the DagBag from /opt/airflow/dags/ml_03_oil_pipeline.py
[2026-09-06T17:20:10.283+0000] {processor.py:925} INFO - DAG(s) 'oil_price_pipeline_dag' retrieved from /opt/airflow/dags/ml_03_oil_pipeline.py
[2026-09-06T17:20:10.314+0000] {logging_mixin.py:190} INFO - [2026-09-06T17:20:10.314+0000] {dag.py:3239} INFO - Sync 1 DAGs
[2026-09-06T17:20:10.329+0000] {logging_mixin.py:190} INFO - [2026-09-06T17:20:10.328+0000] {dag.py:4180} INFO - Setting next_dagrun for oil_price_pipeline_dag to None, run_after=None
[2026-09-06T17:20:10.362+0000] {processor.py:208} INFO - Processing /opt/airflow/dags/ml_03_oil_pipeline.py took 0.453 seconds
[2026-09-06T17:20:40.590+0000] {processor.py:186} INFO - Started process (PID=766) to work on /opt/airflow/dags/ml_03_oil_pipeline.py
[2026-09-06T17:20:40.591+0000] {processor.py:914} INFO - Processing file /opt/airflow/dags/ml_03_oil_pipeline.py for tasks to queue
[2026-09-06T17:20:40.593+0000] {logging_mixin.py:190} INFO - [2026-09-06T17:20:40.592+0000] {dagbag.py:588} INFO - Filling up the DagBag from /opt/airflow/dags/ml_03_oil_pipeline.py
[2026-09-06T17:20:40.888+0000] {processor.py:925} INFO - DAG(s) 'oil_price_pipeline_dag' retrieved from /opt/airflow/dags/ml_03_oil_pipeline.py
[2026-09-06T17:20:40.922+0000] {logging_mixin.py:190} INFO - [2026-09-06T17:20:40.921+0000] {dag.py:3239} INFO - Sync 1 DAGs
[2026-09-06T17:20:40.933+0000] {logging_mixin.py:190} INFO - [2026-09-06T17:20:40.932+0000] {dag.py:4180} INFO - Setting next_dagrun for oil_price_pipeline_dag to None, run_after=None
[2026-09-06T17:20:40.954+0000] {processor.py:208} INFO - Processing /opt/airflow/dags/ml_03_oil_pipeline.py took 0.370 seconds
[2026-09-06T17:21:11.349+0000] {processor.py:186} INFO - Started process (PID=781) to work on /opt/airflow/dags/ml_03_oil_pipeline.py
[2026-09-06T17:21:11.350+0000] {processor.py:914} INFO - Processing file /opt/airflow/dags/ml_03_oil_pipeline.py for tasks to queue
[2026-09-06T17:21:11.351+0000] {logging_mixin.py:190} INFO - [2026-09-06T17:21:11.351+0000] {dagbag.py:588} INFO - Filling up the DagBag from /opt/airflow/dags/ml_03_oil_pipeline.py
[2026-09-06T17:21:11.632+0000] {processor.py:925} INFO - DAG(s) 'oil_price_pipeline_dag' retrieved from /opt/airflow/dags/ml_03_oil_pipeline.py
[2026-09-06T17:21:11.656+0000] {logging_mixin.py:190} INFO - [2026-09-06T17:21:11.655+0000] {dag.py:3239} INFO - Sync 1 DAGs
[2026-09-06T17:21:11.669+0000] {logging_mixin.py:190} INFO - [2026-09-06T17:21:11.668+0000] {dag.py:4180} INFO - Setting next_dagrun for oil_price_pipeline_dag to None, run_after=None
[2026-09-06T17:21:11.690+0000] {processor.py:208} INFO - Processing /opt/airflow/dags/ml_03_oil_pipeline.py took 0.346 seconds
[2026-09-06T17:21:42.070+0000] {processor.py:186} INFO - Started process (PID=795) to work on /opt/airflow/dags/ml_03_oil_pipeline.py
[2026-09-06T17:21:42.071+0000] {processor.py:914} INFO - Processing file /opt/airflow/dags/ml_03_oil_pipeline.py for tasks to queue
[2026-09-06T17:21:42.072+0000] {logging_mixin.py:190} INFO - [2026-09-06T17:21:42.072+0000] {dagbag.py:588} INFO - Filling up the DagBag from /opt/airflow/dags/ml_03_oil_pipeline.py
[2026-09-06T17:21:42.375+0000] {processor.py:925} INFO - DAG(s) 'oil_price_pipeline_dag' retrieved from /opt/airflow/dags/ml_03_oil_pipeline.py
[2026-09-06T17:21:42.400+0000] {logging_mixin.py:190} INFO - [2026-09-06T17:21:42.399+0000] {dag.py:3239} INFO - Sync 1 DAGs
[2026-09-06T17:21:42.413+0000] {logging_mixin.py:190} INFO - [2026-09-06T17:21:42.413+0000] {dag.py:4180} INFO - Setting next_dagrun for oil_price_pipeline_dag to None, run_after=None
[2026-09-06T17:21:42.436+0000] {processor.py:208} INFO - Processing /opt/airflow/dags/ml_03_oil_pipeline.py took 0.371 seconds
[2026-09-06T17:22:12.868+0000] {processor.py:186} INFO - Started process (PID=809) to work on /opt/airflow/dags/ml_03_oil_pipeline.py
[2026-09-06T17:22:12.870+0000] {processor.py:914} INFO - Processing file /opt/airflow/dags/ml_03_oil_pipeline.py for tasks to queue
[2026-09-06T17:22:12.874+0000] {logging_mixin.py:190} INFO - [2026-09-06T17:22:12.874+0000] {dagbag.py:588} INFO - Filling up the DagBag from /opt/airflow/dags/ml_03_oil_pipeline.py
[2026-09-06T17:22:13.477+0000] {processor.py:925} INFO - DAG(s) 'oil_price_pipeline_dag' retrieved from /opt/airflow/dags/ml_03_oil_pipeline.py
[2026-09-06T17:22:13.507+0000] {logging_mixin.py:190} INFO - [2026-09-06T17:22:13.507+0000] {dag.py:3239} INFO - Sync 1 DAGs
[2026-09-06T17:22:13.522+0000] {logging_mixin.py:190} INFO - [2026-09-06T17:22:13.521+0000] {dag.py:4180} INFO - Setting next_dagrun for oil_price_pipeline_dag to None, run_after=None
[2026-09-06T17:22:13.548+0000] {processor.py:208} INFO - Processing /opt/airflow/dags/ml_03_oil_pipeline.py took 0.770 seconds
[2026-09-06T17:22:44.394+0000] {processor.py:186} INFO - Started process (PID=823) to work on /opt/airflow/dags/ml_03_oil_pipeline.py
[2026-09-06T17:22:44.395+0000] {processor.py:914} INFO - Processing file /opt/airflow/dags/ml_03_oil_pipeline.py for tasks to queue
[2026-09-06T17:22:44.396+0000] {logging_mixin.py:190} INFO - [2026-09-06T17:22:44.396+0000] {dagbag.py:588} INFO - Filling up the DagBag from /opt/airflow/dags/ml_03_oil_pipeline.py
[2026-09-06T17:22:44.705+0000] {processor.py:925} INFO - DAG(s) 'oil_price_pipeline_dag' retrieved from /opt/airflow/dags/ml_03_oil_pipeline.py
[2026-09-06T17:22:44.729+0000] {logging_mixin.py:190} INFO - [2026-09-06T17:22:44.728+0000] {dag.py:3239} INFO - Sync 1 DAGs
[2026-09-06T17:22:44.742+0000] {logging_mixin.py:190} INFO - [2026-09-06T17:22:44.742+0000] {dag.py:4180} INFO - Setting next_dagrun for oil_price_pipeline_dag to None, run_after=None
[2026-09-06T17:22:44.759+0000] {processor.py:208} INFO - Processing /opt/airflow/dags/ml_03_oil_pipeline.py took 0.371 seconds
[2026-09-06T17:23:15.114+0000] {processor.py:186} INFO - Started process (PID=837) to work on /opt/airflow/dags/ml_03_oil_pipeline.py
[2026-09-06T17:23:15.115+0000] {processor.py:914} INFO - Processing file /opt/airflow/dags/ml_03_oil_pipeline.py for tasks to queue
[2026-09-06T17:23:15.116+0000] {logging_mixin.py:190} INFO - [2026-09-06T17:23:15.115+0000] {dagbag.py:588} INFO - Filling up the DagBag from /opt/airflow/dags/ml_03_oil_pipeline.py
[2026-09-06T17:23:15.492+0000] {processor.py:925} INFO - DAG(s) 'oil_price_pipeline_dag' retrieved from /opt/airflow/dags/ml_03_oil_pipeline.py
[2026-09-06T17:23:15.559+0000] {logging_mixin.py:190} INFO - [2026-09-06T17:23:15.558+0000] {dag.py:3239} INFO - Sync 1 DAGs
[2026-09-06T17:23:15.578+0000] {logging_mixin.py:190} INFO - [2026-09-06T17:23:15.578+0000] {dag.py:4180} INFO - Setting next_dagrun for oil_price_pipeline_dag to None, run_after=None
[2026-09-06T17:23:15.612+0000] {processor.py:208} INFO - Processing /opt/airflow/dags/ml_03_oil_pipeline.py took 0.506 seconds
[2026-09-06T17:23:46.267+0000] {processor.py:186} INFO - Started process (PID=851) to work on /opt/airflow/dags/ml_03_oil_pipeline.py
[2026-09-06T17:23:46.269+0000] {processor.py:914} INFO - Processing file /opt/airflow/dags/ml_03_oil_pipeline.py for tasks to queue
[2026-09-06T17:23:46.271+0000] {logging_mixin.py:190} INFO - [2026-09-06T17:23:46.270+0000] {dagbag.py:588} INFO - Filling up the DagBag from /opt/airflow/dags/ml_03_oil_pipeline.py
[2026-09-06T17:23:46.543+0000] {processor.py:925} INFO - DAG(s) 'oil_price_pipeline_dag' retrieved from /opt/airflow/dags/ml_03_oil_pipeline.py
[2026-09-06T17:23:46.567+0000] {logging_mixin.py:190} INFO - [2026-09-06T17:23:46.567+0000] {dag.py:3239} INFO - Sync 1 DAGs
[2026-09-06T17:23:46.585+0000] {logging_mixin.py:190} INFO - [2026-09-06T17:23:46.585+0000] {dag.py:4180} INFO - Setting next_dagrun for oil_price_pipeline_dag to None, run_after=None
[2026-09-06T17:23:46.609+0000] {processor.py:208} INFO - Processing /opt/airflow/dags/ml_03_oil_pipeline.py took 0.349 seconds
[2026-09-06T17:24:16.905+0000] {processor.py:186} INFO - Started process (PID=865) to work on /opt/airflow/dags/ml_03_oil_pipeline.py
[2026-09-06T17:24:16.906+0000] {processor.py:914} INFO - Processing file /opt/airflow/dags/ml_03_oil_pipeline.py for tasks to queue
[2026-09-06T17:24:16.908+0000] {logging_mixin.py:190} INFO - [2026-09-06T17:24:16.908+0000] {dagbag.py:588} INFO - Filling up the DagBag from /opt/airflow/dags/ml_03_oil_pipeline.py
[2026-09-06T17:24:17.193+0000] {processor.py:925} INFO - DAG(s) 'oil_price_pipeline_dag' retrieved from /opt/airflow/dags/ml_03_oil_pipeline.py
[2026-09-06T17:24:17.231+0000] {logging_mixin.py:190} INFO - [2026-09-06T17:24:17.231+0000] {dag.py:3239} INFO - Sync 1 DAGs
[2026-09-06T17:24:17.249+0000] {logging_mixin.py:190} INFO - [2026-09-06T17:24:17.248+0000] {dag.py:4180} INFO - Setting next_dagrun for oil_price_pipeline_dag to None, run_after=None
[2026-09-06T17:24:17.269+0000] {processor.py:208} INFO - Processing /opt/airflow/dags/ml_03_oil_pipeline.py took 0.370 seconds
[2026-09-06T17:24:47.709+0000] {processor.py:186} INFO - Started process (PID=880) to work on /opt/airflow/dags/ml_03_oil_pipeline.py
[2026-09-06T17:24:47.709+0000] {processor.py:914} INFO - Processing file /opt/airflow/dags/ml_03_oil_pipeline.py for tasks to queue
[2026-09-06T17:24:47.711+0000] {logging_mixin.py:190} INFO - [2026-09-06T17:24:47.710+0000] {dagbag.py:588} INFO - Filling up the DagBag from /opt/airflow/dags/ml_03_oil_pipeline.py
[2026-09-06T17:24:47.997+0000] {processor.py:925} INFO - DAG(s) 'oil_price_pipeline_dag' retrieved from /opt/airflow/dags/ml_03_oil_pipeline.py
[2026-09-06T17:24:48.020+0000] {logging_mixin.py:190} INFO - [2026-09-06T17:24:48.020+0000] {dag.py:3239} INFO - Sync 1 DAGs
[2026-09-06T17:24:48.031+0000] {logging_mixin.py:190} INFO - [2026-09-06T17:24:48.031+0000] {dag.py:4180} INFO - Setting next_dagrun for oil_price_pipeline_dag to None, run_after=None
[2026-09-06T17:24:48.050+0000] {processor.py:208} INFO - Processing /opt/airflow/dags/ml_03_oil_pipeline.py took 0.350 seconds
[2026-09-06T17:25:18.568+0000] {processor.py:186} INFO - Started process (PID=894) to work on /opt/airflow/dags/ml_03_oil_pipeline.py
[2026-09-06T17:25:18.571+0000] {processor.py:914} INFO - Processing file /opt/airflow/dags/ml_03_oil_pipeline.py for tasks to queue
[2026-09-06T17:25:18.572+0000] {logging_mixin.py:190} INFO - [2026-09-06T17:25:18.572+0000] {dagbag.py:588} INFO - Filling up the DagBag from /opt/airflow/dags/ml_03_oil_pipeline.py
[2026-09-06T17:25:18.857+0000] {processor.py:925} INFO - DAG(s) 'oil_price_pipeline_dag' retrieved from /opt/airflow/dags/ml_03_oil_pipeline.py
[2026-09-06T17:25:18.883+0000] {logging_mixin.py:190} INFO - [2026-09-06T17:25:18.883+0000] {dag.py:3239} INFO - Sync 1 DAGs
[2026-09-06T17:25:18.894+0000] {logging_mixin.py:190} INFO - [2026-09-06T17:25:18.894+0000] {dag.py:4180} INFO - Setting next_dagrun for oil_price_pipeline_dag to None, run_after=None
[2026-09-06T17:25:18.922+0000] {processor.py:208} INFO - Processing /opt/airflow/dags/ml_03_oil_pipeline.py took 0.360 seconds
[2026-09-06T17:25:49.393+0000] {processor.py:186} INFO - Started process (PID=908) to work on /opt/airflow/dags/ml_03_oil_pipeline.py
[2026-09-06T17:25:49.393+0000] {processor.py:914} INFO - Processing file /opt/airflow/dags/ml_03_oil_pipeline.py for tasks to queue
[2026-09-06T17:25:49.394+0000] {logging_mixin.py:190} INFO - [2026-09-06T17:25:49.394+0000] {dagbag.py:588} INFO - Filling up the DagBag from /opt/airflow/dags/ml_03_oil_pipeline.py
[2026-09-06T17:25:49.701+0000] {processor.py:925} INFO - DAG(s) 'oil_price_pipeline_dag' retrieved from /opt/airflow/dags/ml_03_oil_pipeline.py
[2026-09-06T17:25:49.731+0000] {logging_mixin.py:190} INFO - [2026-09-06T17:25:49.730+0000] {dag.py:3239} INFO - Sync 1 DAGs
[2026-09-06T17:25:49.747+0000] {logging_mixin.py:190} INFO - [2026-09-06T17:25:49.746+0000] {dag.py:4180} INFO - Setting next_dagrun for oil_price_pipeline_dag to None, run_after=None
[2026-09-06T17:25:49.765+0000] {processor.py:208} INFO - Processing /opt/airflow/dags/ml_03_oil_pipeline.py took 0.378 seconds
[2026-09-06T17:26:20.075+0000] {processor.py:186} INFO - Started process (PID=922) to work on /opt/airflow/dags/ml_03_oil_pipeline.py
[2026-09-06T17:26:20.076+0000] {processor.py:914} INFO - Processing file /opt/airflow/dags/ml_03_oil_pipeline.py for tasks to queue
[2026-09-06T17:26:20.078+0000] {logging_mixin.py:190} INFO - [2026-09-06T17:26:20.077+0000] {dagbag.py:588} INFO - Filling up the DagBag from /opt/airflow/dags/ml_03_oil_pipeline.py
[2026-09-06T17:26:20.431+0000] {processor.py:925} INFO - DAG(s) 'oil_price_pipeline_dag' retrieved from /opt/airflow/dags/ml_03_oil_pipeline.py
[2026-09-06T17:26:20.473+0000] {logging_mixin.py:190} INFO - [2026-09-06T17:26:20.469+0000] {dag.py:3239} INFO - Sync 1 DAGs
[2026-09-06T17:26:20.512+0000] {logging_mixin.py:190} INFO - [2026-09-06T17:26:20.512+0000] {dag.py:4180} INFO - Setting next_dagrun for oil_price_pipeline_dag to None, run_after=None
[2026-09-06T17:26:20.548+0000] {processor.py:208} INFO - Processing /opt/airflow/dags/ml_03_oil_pipeline.py took 0.482 seconds
[2026-09-06T17:26:50.849+0000] {processor.py:186} INFO - Started process (PID=936) to work on /opt/airflow/dags/ml_03_oil_pipeline.py
[2026-09-06T17:26:50.850+0000] {processor.py:914} INFO - Processing file /opt/airflow/dags/ml_03_oil_pipeline.py for tasks to queue
[2026-09-06T17:26:50.851+0000] {logging_mixin.py:190} INFO - [2026-09-06T17:26:50.851+0000] {dagbag.py:588} INFO - Filling up the DagBag from /opt/airflow/dags/ml_03_oil_pipeline.py
[2026-09-06T17:26:51.130+0000] {processor.py:925} INFO - DAG(s) 'oil_price_pipeline_dag' retrieved from /opt/airflow/dags/ml_03_oil_pipeline.py
[2026-09-06T17:26:51.159+0000] {logging_mixin.py:190} INFO - [2026-09-06T17:26:51.159+0000] {dag.py:3239} INFO - Sync 1 DAGs
[2026-09-06T17:26:51.176+0000] {logging_mixin.py:190} INFO - [2026-09-06T17:26:51.176+0000] {dag.py:4180} INFO - Setting next_dagrun for oil_price_pipeline_dag to None, run_after=None
[2026-09-06T17:26:51.198+0000] {processor.py:208} INFO - Processing /opt/airflow/dags/ml_03_oil_pipeline.py took 0.354 seconds
[2026-09-06T17:27:21.690+0000] {processor.py:186} INFO - Started process (PID=950) to work on /opt/airflow/dags/ml_03_oil_pipeline.py
[2026-09-06T17:27:21.691+0000] {processor.py:914} INFO - Processing file /opt/airflow/dags/ml_03_oil_pipeline.py for tasks to queue
[2026-09-06T17:27:21.692+0000] {logging_mixin.py:190} INFO - [2026-09-06T17:27:21.692+0000] {dagbag.py:588} INFO - Filling up the DagBag from /opt/airflow/dags/ml_03_oil_pipeline.py
[2026-09-06T17:27:22.221+0000] {processor.py:925} INFO - DAG(s) 'oil_price_pipeline_dag' retrieved from /opt/airflow/dags/ml_03_oil_pipeline.py
[2026-09-06T17:27:22.275+0000] {logging_mixin.py:190} INFO - [2026-09-06T17:27:22.271+0000] {dag.py:3239} INFO - Sync 1 DAGs
[2026-09-06T17:27:22.299+0000] {logging_mixin.py:190} INFO - [2026-09-06T17:27:22.299+0000] {dag.py:4180} INFO - Setting next_dagrun for oil_price_pipeline_dag to None, run_after=None
[2026-09-06T17:27:22.332+0000] {processor.py:208} INFO - Processing /opt/airflow/dags/ml_03_oil_pipeline.py took 0.648 seconds
[2026-09-06T17:27:52.950+0000] {processor.py:186} INFO - Started process (PID=964) to work on /opt/airflow/dags/ml_03_oil_pipeline.py
[2026-09-06T17:27:52.951+0000] {processor.py:914} INFO - Processing file /opt/airflow/dags/ml_03_oil_pipeline.py for tasks to queue
[2026-09-06T17:27:52.952+0000] {logging_mixin.py:190} INFO - [2026-09-06T17:27:52.952+0000] {dagbag.py:588} INFO - Filling up the DagBag from /opt/airflow/dags/ml_03_oil_pipeline.py
[2026-09-06T17:27:53.229+0000] {processor.py:925} INFO - DAG(s) 'oil_price_pipeline_dag' retrieved from /opt/airflow/dags/ml_03_oil_pipeline.py
[2026-09-06T17:27:53.254+0000] {logging_mixin.py:190} INFO - [2026-09-06T17:27:53.254+0000] {dag.py:3239} INFO - Sync 1 DAGs
[2026-09-06T17:27:53.265+0000] {logging_mixin.py:190} INFO - [2026-09-06T17:27:53.265+0000] {dag.py:4180} INFO - Setting next_dagrun for oil_price_pipeline_dag to None, run_after=None
[2026-09-06T17:27:53.285+0000] {processor.py:208} INFO - Processing /opt/airflow/dags/ml_03_oil_pipeline.py took 0.341 seconds
[2026-09-06T17:28:23.738+0000] {processor.py:186} INFO - Started process (PID=978) to work on /opt/airflow/dags/ml_03_oil_pipeline.py
[2026-09-06T17:28:23.739+0000] {processor.py:914} INFO - Processing file /opt/airflow/dags/ml_03_oil_pipeline.py for tasks to queue
[2026-09-06T17:28:23.740+0000] {logging_mixin.py:190} INFO - [2026-09-06T17:28:23.740+0000] {dagbag.py:588} INFO - Filling up the DagBag from /opt/airflow/dags/ml_03_oil_pipeline.py
[2026-09-06T17:28:24.288+0000] {processor.py:925} INFO - DAG(s) 'oil_price_pipeline_dag' retrieved from /opt/airflow/dags/ml_03_oil_pipeline.py
[2026-09-06T17:28:24.338+0000] {logging_mixin.py:190} INFO - [2026-09-06T17:28:24.337+0000] {dag.py:3239} INFO - Sync 1 DAGs
[2026-09-06T17:28:24.354+0000] {logging_mixin.py:190} INFO - [2026-09-06T17:28:24.354+0000] {dag.py:4180} INFO - Setting next_dagrun for oil_price_pipeline_dag to None, run_after=None
[2026-09-06T17:28:24.378+0000] {processor.py:208} INFO - Processing /opt/airflow/dags/ml_03_oil_pipeline.py took 0.653 seconds
[2026-09-06T17:28:55.116+0000] {processor.py:186} INFO - Started process (PID=992) to work on /opt/airflow/dags/ml_03_oil_pipeline.py
[2026-09-06T17:28:55.117+0000] {processor.py:914} INFO - Processing file /opt/airflow/dags/ml_03_oil_pipeline.py for tasks to queue
[2026-09-06T17:28:55.118+0000] {logging_mixin.py:190} INFO - [2026-09-06T17:28:55.117+0000] {dagbag.py:588} INFO - Filling up the DagBag from /opt/airflow/dags/ml_03_oil_pipeline.py
[2026-09-06T17:28:55.406+0000] {processor.py:925} INFO - DAG(s) 'oil_price_pipeline_dag' retrieved from /opt/airflow/dags/ml_03_oil_pipeline.py
[2026-09-06T17:28:55.431+0000] {logging_mixin.py:190} INFO - [2026-09-06T17:28:55.431+0000] {dag.py:3239} INFO - Sync 1 DAGs
[2026-09-06T17:28:55.447+0000] {logging_mixin.py:190} INFO - [2026-09-06T17:28:55.447+0000] {dag.py:4180} INFO - Setting next_dagrun for oil_price_pipeline_dag to None, run_after=None
[2026-09-06T17:28:55.467+0000] {processor.py:208} INFO - Processing /opt/airflow/dags/ml_03_oil_pipeline.py took 0.357 seconds
[2026-09-06T17:29:25.776+0000] {processor.py:186} INFO - Started process (PID=1006) to work on /opt/airflow/dags/ml_03_oil_pipeline.py
[2026-09-06T17:29:25.777+0000] {processor.py:914} INFO - Processing file /opt/airflow/dags/ml_03_oil_pipeline.py for tasks to queue
[2026-09-06T17:29:25.778+0000] {logging_mixin.py:190} INFO - [2026-09-06T17:29:25.778+0000] {dagbag.py:588} INFO - Filling up the DagBag from /opt/airflow/dags/ml_03_oil_pipeline.py
[2026-09-06T17:29:26.088+0000] {processor.py:925} INFO - DAG(s) 'oil_price_pipeline_dag' retrieved from /opt/airflow/dags/ml_03_oil_pipeline.py
[2026-09-06T17:29:26.116+0000] {logging_mixin.py:190} INFO - [2026-09-06T17:29:26.115+0000] {dag.py:3239} INFO - Sync 1 DAGs
[2026-09-06T17:29:26.129+0000] {logging_mixin.py:190} INFO - [2026-09-06T17:29:26.129+0000] {dag.py:4180} INFO - Setting next_dagrun for oil_price_pipeline_dag to None, run_after=None
[2026-09-06T17:29:26.154+0000] {processor.py:208} INFO - Processing /opt/airflow/dags/ml_03_oil_pipeline.py took 0.389 seconds
[2026-09-06T17:29:56.410+0000] {processor.py:186} INFO - Started process (PID=1020) to work on /opt/airflow/dags/ml_03_oil_pipeline.py
[2026-09-06T17:29:56.412+0000] {processor.py:914} INFO - Processing file /opt/airflow/dags/ml_03_oil_pipeline.py for tasks to queue
[2026-09-06T17:29:56.414+0000] {logging_mixin.py:190} INFO - [2026-09-06T17:29:56.413+0000] {dagbag.py:588} INFO - Filling up the DagBag from /opt/airflow/dags/ml_03_oil_pipeline.py
[2026-09-06T17:29:57.104+0000] {processor.py:925} INFO - DAG(s) 'oil_price_pipeline_dag' retrieved from /opt/airflow/dags/ml_03_oil_pipeline.py
[2026-09-06T17:29:57.182+0000] {logging_mixin.py:190} INFO - [2026-09-06T17:29:57.178+0000] {dag.py:3239} INFO - Sync 1 DAGs
[2026-09-06T17:29:57.207+0000] {logging_mixin.py:190} INFO - [2026-09-06T17:29:57.207+0000] {dag.py:4180} INFO - Setting next_dagrun for oil_price_pipeline_dag to None, run_after=None
[2026-09-06T17:29:57.252+0000] {processor.py:208} INFO - Processing /opt/airflow/dags/ml_03_oil_pipeline.py took 0.857 seconds
[2026-09-06T17:30:27.349+0000] {processor.py:186} INFO - Started process (PID=1041) to work on /opt/airflow/dags/ml_03_oil_pipeline.py
[2026-09-06T17:30:27.350+0000] {processor.py:914} INFO - Processing file /opt/airflow/dags/ml_03_oil_pipeline.py for tasks to queue
[2026-09-06T17:30:27.352+0000] {logging_mixin.py:190} INFO - [2026-09-06T17:30:27.351+0000] {dagbag.py:588} INFO - Filling up the DagBag from /opt/airflow/dags/ml_03_oil_pipeline.py
[2026-09-06T17:30:27.634+0000] {processor.py:925} INFO - DAG(s) 'oil_price_pipeline_dag' retrieved from /opt/airflow/dags/ml_03_oil_pipeline.py
[2026-09-06T17:30:27.660+0000] {logging_mixin.py:190} INFO - [2026-09-06T17:30:27.659+0000] {dag.py:3239} INFO - Sync 1 DAGs
[2026-09-06T17:30:27.674+0000] {logging_mixin.py:190} INFO - [2026-09-06T17:30:27.674+0000] {dag.py:4180} INFO - Setting next_dagrun for oil_price_pipeline_dag to None, run_after=None
[2026-09-06T17:30:27.696+0000] {processor.py:208} INFO - Processing /opt/airflow/dags/ml_03_oil_pipeline.py took 0.352 seconds
[2026-09-06T17:48:22.331+0000] {processor.py:186} INFO - Started process (PID=98) to work on /opt/airflow/dags/ml_03_oil_pipeline.py
[2026-09-06T17:48:22.334+0000] {processor.py:914} INFO - Processing file /opt/airflow/dags/ml_03_oil_pipeline.py for tasks to queue
[2026-09-06T17:48:22.340+0000] {logging_mixin.py:190} INFO - [2026-09-06T17:48:22.339+0000] {dagbag.py:588} INFO - Filling up the DagBag from /opt/airflow/dags/ml_03_oil_pipeline.py
[2026-09-06T17:48:25.136+0000] {processor.py:925} INFO - DAG(s) 'oil_price_pipeline_dag' retrieved from /opt/airflow/dags/ml_03_oil_pipeline.py
[2026-09-06T17:48:25.268+0000] {logging_mixin.py:190} INFO - [2026-09-06T17:48:25.267+0000] {override.py:1911} INFO - Created Permission View: can delete on DAG:oil_price_pipeline_dag
[2026-09-06T17:48:25.286+0000] {logging_mixin.py:190} INFO - [2026-09-06T17:48:25.286+0000] {override.py:1911} INFO - Created Permission View: can read on DAG:oil_price_pipeline_dag
[2026-09-06T17:48:25.302+0000] {logging_mixin.py:190} INFO - [2026-09-06T17:48:25.298+0000] {override.py:1911} INFO - Created Permission View: can edit on DAG:oil_price_pipeline_dag
[2026-09-06T17:48:25.316+0000] {logging_mixin.py:190} INFO - [2026-09-06T17:48:25.315+0000] {override.py:1911} INFO - Created Permission View: can create on DAG Run:oil_price_pipeline_dag
[2026-09-06T17:48:25.324+0000] {logging_mixin.py:190} INFO - [2026-09-06T17:48:25.324+0000] {override.py:1911} INFO - Created Permission View: menu access on DAG Run:oil_price_pipeline_dag
[2026-09-06T17:48:25.335+0000] {logging_mixin.py:190} INFO - [2026-09-06T17:48:25.334+0000] {override.py:1911} INFO - Created Permission View: can read on DAG Run:oil_price_pipeline_dag
[2026-09-06T17:48:25.348+0000] {logging_mixin.py:190} INFO - [2026-09-06T17:48:25.348+0000] {override.py:1911} INFO - Created Permission View: can delete on DAG Run:oil_price_pipeline_dag
[2026-09-06T17:48:25.349+0000] {logging_mixin.py:190} INFO - [2026-09-06T17:48:25.348+0000] {dag.py:3239} INFO - Sync 1 DAGs
[2026-09-06T17:48:25.363+0000] {logging_mixin.py:190} INFO - [2026-09-06T17:48:25.363+0000] {dag.py:3262} INFO - Creating ORM DAG for oil_price_pipeline_dag
[2026-09-06T17:48:25.364+0000] {logging_mixin.py:190} INFO - [2026-09-06T17:48:25.364+0000] {dag.py:4180} INFO - Setting next_dagrun for oil_price_pipeline_dag to None, run_after=None
[2026-09-06T17:48:25.404+0000] {processor.py:208} INFO - Processing /opt/airflow/dags/ml_03_oil_pipeline.py took 3.082 seconds
[2026-09-06T17:48:55.835+0000] {processor.py:186} INFO - Started process (PID=115) to work on /opt/airflow/dags/ml_03_oil_pipeline.py
[2026-09-06T17:48:55.836+0000] {processor.py:914} INFO - Processing file /opt/airflow/dags/ml_03_oil_pipeline.py for tasks to queue
[2026-09-06T17:48:55.837+0000] {logging_mixin.py:190} INFO - [2026-09-06T17:48:55.837+0000] {dagbag.py:588} INFO - Filling up the DagBag from /opt/airflow/dags/ml_03_oil_pipeline.py
[2026-09-06T17:48:56.288+0000] {processor.py:925} INFO - DAG(s) 'oil_price_pipeline_dag' retrieved from /opt/airflow/dags/ml_03_oil_pipeline.py
[2026-09-06T17:48:56.320+0000] {logging_mixin.py:190} INFO - [2026-09-06T17:48:56.320+0000] {dag.py:3239} INFO - Sync 1 DAGs
[2026-09-06T17:48:56.331+0000] {logging_mixin.py:190} INFO - [2026-09-06T17:48:56.331+0000] {dag.py:4180} INFO - Setting next_dagrun for oil_price_pipeline_dag to None, run_after=None
[2026-09-06T17:48:56.352+0000] {processor.py:208} INFO - Processing /opt/airflow/dags/ml_03_oil_pipeline.py took 0.522 seconds
[2026-09-06T17:49:26.676+0000] {processor.py:186} INFO - Started process (PID=135) to work on /opt/airflow/dags/ml_03_oil_pipeline.py
[2026-09-06T17:49:26.677+0000] {processor.py:914} INFO - Processing file /opt/airflow/dags/ml_03_oil_pipeline.py for tasks to queue
[2026-09-06T17:49:26.679+0000] {logging_mixin.py:190} INFO - [2026-09-06T17:49:26.678+0000] {dagbag.py:588} INFO - Filling up the DagBag from /opt/airflow/dags/ml_03_oil_pipeline.py
[2026-09-06T17:49:27.435+0000] {processor.py:925} INFO - DAG(s) 'oil_price_pipeline_dag' retrieved from /opt/airflow/dags/ml_03_oil_pipeline.py
[2026-09-06T17:49:27.455+0000] {logging_mixin.py:190} INFO - [2026-09-06T17:49:27.455+0000] {dag.py:3239} INFO - Sync 1 DAGs
[2026-09-06T17:49:27.464+0000] {logging_mixin.py:190} INFO - [2026-09-06T17:49:27.464+0000] {dag.py:4180} INFO - Setting next_dagrun for oil_price_pipeline_dag to None, run_after=None
[2026-09-06T17:49:27.479+0000] {processor.py:208} INFO - Processing /opt/airflow/dags/ml_03_oil_pipeline.py took 0.809 seconds
[2026-09-06T17:49:57.938+0000] {processor.py:186} INFO - Started process (PID=150) to work on /opt/airflow/dags/ml_03_oil_pipeline.py
[2026-09-06T17:49:57.939+0000] {processor.py:914} INFO - Processing file /opt/airflow/dags/ml_03_oil_pipeline.py for tasks to queue
[2026-09-06T17:49:57.941+0000] {logging_mixin.py:190} INFO - [2026-09-06T17:49:57.941+0000] {dagbag.py:588} INFO - Filling up the DagBag from /opt/airflow/dags/ml_03_oil_pipeline.py
[2026-09-06T17:49:58.623+0000] {processor.py:925} INFO - DAG(s) 'oil_price_pipeline_dag' retrieved from /opt/airflow/dags/ml_03_oil_pipeline.py
[2026-09-06T17:49:58.664+0000] {logging_mixin.py:190} INFO - [2026-09-06T17:49:58.664+0000] {dag.py:3239} INFO - Sync 1 DAGs
[2026-09-06T17:49:58.684+0000] {logging_mixin.py:190} INFO - [2026-09-06T17:49:58.684+0000] {dag.py:4180} INFO - Setting next_dagrun for oil_price_pipeline_dag to None, run_after=None
[2026-09-06T17:49:58.701+0000] {processor.py:208} INFO - Processing /opt/airflow/dags/ml_03_oil_pipeline.py took 0.769 seconds
[2026-09-06T17:50:28.747+0000] {processor.py:186} INFO - Started process (PID=165) to work on /opt/airflow/dags/ml_03_oil_pipeline.py
[2026-09-06T17:50:28.748+0000] {processor.py:914} INFO - Processing file /opt/airflow/dags/ml_03_oil_pipeline.py for tasks to queue
[2026-09-06T17:50:28.750+0000] {logging_mixin.py:190} INFO - [2026-09-06T17:50:28.749+0000] {dagbag.py:588} INFO - Filling up the DagBag from /opt/airflow/dags/ml_03_oil_pipeline.py
[2026-09-06T17:50:29.177+0000] {processor.py:925} INFO - DAG(s) 'oil_price_pipeline_dag' retrieved from /opt/airflow/dags/ml_03_oil_pipeline.py
[2026-09-06T17:50:29.199+0000] {logging_mixin.py:190} INFO - [2026-09-06T17:50:29.199+0000] {dag.py:3239} INFO - Sync 1 DAGs
[2026-09-06T17:50:29.211+0000] {logging_mixin.py:190} INFO - [2026-09-06T17:50:29.211+0000] {dag.py:4180} INFO - Setting next_dagrun for oil_price_pipeline_dag to None, run_after=None
[2026-09-06T17:50:29.227+0000] {processor.py:208} INFO - Processing /opt/airflow/dags/ml_03_oil_pipeline.py took 0.485 seconds
[2026-09-06T17:50:59.873+0000] {processor.py:186} INFO - Started process (PID=179) to work on /opt/airflow/dags/ml_03_oil_pipeline.py
[2026-09-06T17:50:59.874+0000] {processor.py:914} INFO - Processing file /opt/airflow/dags/ml_03_oil_pipeline.py for tasks to queue
[2026-09-06T17:50:59.876+0000] {logging_mixin.py:190} INFO - [2026-09-06T17:50:59.875+0000] {dagbag.py:588} INFO - Filling up the DagBag from /opt/airflow/dags/ml_03_oil_pipeline.py
[2026-09-06T17:51:00.141+0000] {processor.py:925} INFO - DAG(s) 'oil_price_pipeline_dag' retrieved from /opt/airflow/dags/ml_03_oil_pipeline.py
[2026-09-06T17:51:00.166+0000] {logging_mixin.py:190} INFO - [2026-09-06T17:51:00.165+0000] {dag.py:3239} INFO - Sync 1 DAGs
[2026-09-06T17:51:00.180+0000] {logging_mixin.py:190} INFO - [2026-09-06T17:51:00.180+0000] {dag.py:4180} INFO - Setting next_dagrun for oil_price_pipeline_dag to None, run_after=None
[2026-09-06T17:51:00.198+0000] {processor.py:208} INFO - Processing /opt/airflow/dags/ml_03_oil_pipeline.py took 0.333 seconds
[2026-09-06T17:51:31.816+0000] {processor.py:186} INFO - Started process (PID=191) to work on /opt/airflow/dags/ml_03_oil_pipeline.py
[2026-09-06T17:51:31.817+0000] {processor.py:914} INFO - Processing file /opt/airflow/dags/ml_03_oil_pipeline.py for tasks to queue
[2026-09-06T17:51:31.818+0000] {logging_mixin.py:190} INFO - [2026-09-06T17:51:31.818+0000] {dagbag.py:588} INFO - Filling up the DagBag from /opt/airflow/dags/ml_03_oil_pipeline.py
[2026-09-06T17:51:32.296+0000] {processor.py:925} INFO - DAG(s) 'oil_price_pipeline_dag' retrieved from /opt/airflow/dags/ml_03_oil_pipeline.py
[2026-09-06T17:51:32.323+0000] {logging_mixin.py:190} INFO - [2026-09-06T17:51:32.322+0000] {dag.py:3239} INFO - Sync 1 DAGs
[2026-09-06T17:51:32.335+0000] {logging_mixin.py:190} INFO - [2026-09-06T17:51:32.335+0000] {dag.py:4180} INFO - Setting next_dagrun for oil_price_pipeline_dag to None, run_after=None
[2026-09-06T17:51:33.533+0000] {processor.py:208} INFO - Processing /opt/airflow/dags/ml_03_oil_pipeline.py took 1.725 seconds
[2026-09-06T17:52:03.898+0000] {processor.py:186} INFO - Started process (PID=205) to work on /opt/airflow/dags/ml_03_oil_pipeline.py
[2026-09-06T17:52:03.899+0000] {processor.py:914} INFO - Processing file /opt/airflow/dags/ml_03_oil_pipeline.py for tasks to queue
[2026-09-06T17:52:03.900+0000] {logging_mixin.py:190} INFO - [2026-09-06T17:52:03.900+0000] {dagbag.py:588} INFO - Filling up the DagBag from /opt/airflow/dags/ml_03_oil_pipeline.py
[2026-09-06T17:52:04.191+0000] {processor.py:925} INFO - DAG(s) 'oil_price_pipeline_dag' retrieved from /opt/airflow/dags/ml_03_oil_pipeline.py
[2026-09-06T17:52:04.218+0000] {logging_mixin.py:190} INFO - [2026-09-06T17:52:04.218+0000] {dag.py:3239} INFO - Sync 1 DAGs
[2026-09-06T17:52:04.239+0000] {logging_mixin.py:190} INFO - [2026-09-06T17:52:04.239+0000] {dag.py:4180} INFO - Setting next_dagrun for oil_price_pipeline_dag to None, run_after=None
[2026-09-06T17:52:04.259+0000] {processor.py:208} INFO - Processing /opt/airflow/dags/ml_03_oil_pipeline.py took 0.367 seconds
[2026-09-06T17:52:34.863+0000] {processor.py:186} INFO - Started process (PID=219) to work on /opt/airflow/dags/ml_03_oil_pipeline.py
[2026-09-06T17:52:34.864+0000] {processor.py:914} INFO - Processing file /opt/airflow/dags/ml_03_oil_pipeline.py for tasks to queue
[2026-09-06T17:52:34.865+0000] {logging_mixin.py:190} INFO - [2026-09-06T17:52:34.864+0000] {dagbag.py:588} INFO - Filling up the DagBag from /opt/airflow/dags/ml_03_oil_pipeline.py
[2026-09-06T17:52:35.138+0000] {processor.py:925} INFO - DAG(s) 'oil_price_pipeline_dag' retrieved from /opt/airflow/dags/ml_03_oil_pipeline.py
[2026-09-06T17:52:35.161+0000] {logging_mixin.py:190} INFO - [2026-09-06T17:52:35.161+0000] {dag.py:3239} INFO - Sync 1 DAGs
[2026-09-06T17:52:35.173+0000] {logging_mixin.py:190} INFO - [2026-09-06T17:52:35.173+0000] {dag.py:4180} INFO - Setting next_dagrun for oil_price_pipeline_dag to None, run_after=None
[2026-09-06T17:52:35.197+0000] {processor.py:208} INFO - Processing /opt/airflow/dags/ml_03_oil_pipeline.py took 0.341 seconds
[2026-09-06T17:53:05.502+0000] {processor.py:186} INFO - Started process (PID=233) to work on /opt/airflow/dags/ml_03_oil_pipeline.py
[2026-09-06T17:53:05.502+0000] {processor.py:914} INFO - Processing file /opt/airflow/dags/ml_03_oil_pipeline.py for tasks to queue
[2026-09-06T17:53:05.504+0000] {logging_mixin.py:190} INFO - [2026-09-06T17:53:05.503+0000] {dagbag.py:588} INFO - Filling up the DagBag from /opt/airflow/dags/ml_03_oil_pipeline.py
[2026-09-06T17:53:05.858+0000] {processor.py:925} INFO - DAG(s) 'oil_price_pipeline_dag' retrieved from /opt/airflow/dags/ml_03_oil_pipeline.py
[2026-09-06T17:53:05.887+0000] {logging_mixin.py:190} INFO - [2026-09-06T17:53:05.886+0000] {dag.py:3239} INFO - Sync 1 DAGs
[2026-09-06T17:53:05.899+0000] {logging_mixin.py:190} INFO - [2026-09-06T17:53:05.899+0000] {dag.py:4180} INFO - Setting next_dagrun for oil_price_pipeline_dag to None, run_after=None
[2026-09-06T17:53:05.920+0000] {processor.py:208} INFO - Processing /opt/airflow/dags/ml_03_oil_pipeline.py took 0.427 seconds
[2026-09-06T17:53:36.248+0000] {processor.py:186} INFO - Started process (PID=247) to work on /opt/airflow/dags/ml_03_oil_pipeline.py
[2026-09-06T17:53:36.249+0000] {processor.py:914} INFO - Processing file /opt/airflow/dags/ml_03_oil_pipeline.py for tasks to queue
[2026-09-06T17:53:36.250+0000] {logging_mixin.py:190} INFO - [2026-09-06T17:53:36.249+0000] {dagbag.py:588} INFO - Filling up the DagBag from /opt/airflow/dags/ml_03_oil_pipeline.py
[2026-09-06T17:53:36.503+0000] {processor.py:925} INFO - DAG(s) 'oil_price_pipeline_dag' retrieved from /opt/airflow/dags/ml_03_oil_pipeline.py
[2026-09-06T17:53:36.528+0000] {logging_mixin.py:190} INFO - [2026-09-06T17:53:36.527+0000] {dag.py:3239} INFO - Sync 1 DAGs
[2026-09-06T17:53:36.541+0000] {logging_mixin.py:190} INFO - [2026-09-06T17:53:36.541+0000] {dag.py:4180} INFO - Setting next_dagrun for oil_price_pipeline_dag to None, run_after=None
[2026-09-06T17:53:36.559+0000] {processor.py:208} INFO - Processing /opt/airflow/dags/ml_03_oil_pipeline.py took 0.317 seconds
[2026-09-06T17:54:06.908+0000] {processor.py:186} INFO - Started process (PID=261) to work on /opt/airflow/dags/ml_03_oil_pipeline.py
[2026-09-06T17:54:06.908+0000] {processor.py:914} INFO - Processing file /opt/airflow/dags/ml_03_oil_pipeline.py for tasks to queue
[2026-09-06T17:54:06.909+0000] {logging_mixin.py:190} INFO - [2026-09-06T17:54:06.909+0000] {dagbag.py:588} INFO - Filling up the DagBag from /opt/airflow/dags/ml_03_oil_pipeline.py
[2026-09-06T17:54:07.173+0000] {processor.py:925} INFO - DAG(s) 'oil_price_pipeline_dag' retrieved from /opt/airflow/dags/ml_03_oil_pipeline.py
[2026-09-06T17:54:07.195+0000] {logging_mixin.py:190} INFO - [2026-09-06T17:54:07.194+0000] {dag.py:3239} INFO - Sync 1 DAGs
[2026-09-06T17:54:07.205+0000] {logging_mixin.py:190} INFO - [2026-09-06T17:54:07.205+0000] {dag.py:4180} INFO - Setting next_dagrun for oil_price_pipeline_dag to None, run_after=None
[2026-09-06T17:54:07.221+0000] {processor.py:208} INFO - Processing /opt/airflow/dags/ml_03_oil_pipeline.py took 0.318 seconds
[2026-09-06T17:54:37.556+0000] {processor.py:186} INFO - Started process (PID=275) to work on /opt/airflow/dags/ml_03_oil_pipeline.py
[2026-09-06T17:54:37.557+0000] {processor.py:914} INFO - Processing file /opt/airflow/dags/ml_03_oil_pipeline.py for tasks to queue
[2026-09-06T17:54:37.558+0000] {logging_mixin.py:190} INFO - [2026-09-06T17:54:37.557+0000] {dagbag.py:588} INFO - Filling up the DagBag from /opt/airflow/dags/ml_03_oil_pipeline.py
[2026-09-06T17:54:37.806+0000] {processor.py:925} INFO - DAG(s) 'oil_price_pipeline_dag' retrieved from /opt/airflow/dags/ml_03_oil_pipeline.py
[2026-09-06T17:54:37.833+0000] {logging_mixin.py:190} INFO - [2026-09-06T17:54:37.832+0000] {dag.py:3239} INFO - Sync 1 DAGs
[2026-09-06T17:54:37.846+0000] {logging_mixin.py:190} INFO - [2026-09-06T17:54:37.846+0000] {dag.py:4180} INFO - Setting next_dagrun for oil_price_pipeline_dag to None, run_after=None
[2026-09-06T17:54:37.866+0000] {processor.py:208} INFO - Processing /opt/airflow/dags/ml_03_oil_pipeline.py took 0.315 seconds
[2026-09-06T17:55:08.146+0000] {processor.py:186} INFO - Started process (PID=289) to work on /opt/airflow/dags/ml_03_oil_pipeline.py
[2026-09-06T17:55:08.146+0000] {processor.py:914} INFO - Processing file /opt/airflow/dags/ml_03_oil_pipeline.py for tasks to queue
[2026-09-06T17:55:08.148+0000] {logging_mixin.py:190} INFO - [2026-09-06T17:55:08.147+0000] {dagbag.py:588} INFO - Filling up the DagBag from /opt/airflow/dags/ml_03_oil_pipeline.py
[2026-09-06T17:55:08.414+0000] {processor.py:925} INFO - DAG(s) 'oil_price_pipeline_dag' retrieved from /opt/airflow/dags/ml_03_oil_pipeline.py
[2026-09-06T17:55:08.437+0000] {logging_mixin.py:190} INFO - [2026-09-06T17:55:08.436+0000] {dag.py:3239} INFO - Sync 1 DAGs
[2026-09-06T17:55:08.449+0000] {logging_mixin.py:190} INFO - [2026-09-06T17:55:08.449+0000] {dag.py:4180} INFO - Setting next_dagrun for oil_price_pipeline_dag to None, run_after=None
[2026-09-06T17:55:08.468+0000] {processor.py:208} INFO - Processing /opt/airflow/dags/ml_03_oil_pipeline.py took 0.328 seconds
[2026-09-06T17:55:38.742+0000] {processor.py:186} INFO - Started process (PID=303) to work on /opt/airflow/dags/ml_03_oil_pipeline.py
[2026-09-06T17:55:38.743+0000] {processor.py:914} INFO - Processing file /opt/airflow/dags/ml_03_oil_pipeline.py for tasks to queue
[2026-09-06T17:55:38.744+0000] {logging_mixin.py:190} INFO - [2026-09-06T17:55:38.744+0000] {dagbag.py:588} INFO - Filling up the DagBag from /opt/airflow/dags/ml_03_oil_pipeline.py
[2026-09-06T17:55:39.000+0000] {processor.py:925} INFO - DAG(s) 'oil_price_pipeline_dag' retrieved from /opt/airflow/dags/ml_03_oil_pipeline.py
[2026-09-06T17:55:39.023+0000] {logging_mixin.py:190} INFO - [2026-09-06T17:55:39.022+0000] {dag.py:3239} INFO - Sync 1 DAGs
[2026-09-06T17:55:39.035+0000] {logging_mixin.py:190} INFO - [2026-09-06T17:55:39.034+0000] {dag.py:4180} INFO - Setting next_dagrun for oil_price_pipeline_dag to None, run_after=None
[2026-09-06T17:55:39.052+0000] {processor.py:208} INFO - Processing /opt/airflow/dags/ml_03_oil_pipeline.py took 0.314 seconds
[2026-09-06T17:56:09.300+0000] {processor.py:186} INFO - Started process (PID=317) to work on /opt/airflow/dags/ml_03_oil_pipeline.py
[2026-09-06T17:56:09.301+0000] {processor.py:914} INFO - Processing file /opt/airflow/dags/ml_03_oil_pipeline.py for tasks to queue
[2026-09-06T17:56:09.302+0000] {logging_mixin.py:190} INFO - [2026-09-06T17:56:09.302+0000] {dagbag.py:588} INFO - Filling up the DagBag from /opt/airflow/dags/ml_03_oil_pipeline.py
[2026-09-06T17:56:09.570+0000] {processor.py:925} INFO - DAG(s) 'oil_price_pipeline_dag' retrieved from /opt/airflow/dags/ml_03_oil_pipeline.py
[2026-09-06T17:56:09.593+0000] {logging_mixin.py:190} INFO - [2026-09-06T17:56:09.593+0000] {dag.py:3239} INFO - Sync 1 DAGs
[2026-09-06T17:56:09.606+0000] {logging_mixin.py:190} INFO - [2026-09-06T17:56:09.606+0000] {dag.py:4180} INFO - Setting next_dagrun for oil_price_pipeline_dag to None, run_after=None
[2026-09-06T17:56:09.638+0000] {processor.py:208} INFO - Processing /opt/airflow/dags/ml_03_oil_pipeline.py took 0.343 seconds
[2026-09-06T17:56:39.924+0000] {processor.py:186} INFO - Started process (PID=331) to work on /opt/airflow/dags/ml_03_oil_pipeline.py
[2026-09-06T17:56:39.924+0000] {processor.py:914} INFO - Processing file /opt/airflow/dags/ml_03_oil_pipeline.py for tasks to queue
[2026-09-06T17:56:39.925+0000] {logging_mixin.py:190} INFO - [2026-09-06T17:56:39.925+0000] {dagbag.py:588} INFO - Filling up the DagBag from /opt/airflow/dags/ml_03_oil_pipeline.py
[2026-09-06T17:56:40.193+0000] {processor.py:925} INFO - DAG(s) 'oil_price_pipeline_dag' retrieved from /opt/airflow/dags/ml_03_oil_pipeline.py
[2026-09-06T17:56:40.218+0000] {logging_mixin.py:190} INFO - [2026-09-06T17:56:40.217+0000] {dag.py:3239} INFO - Sync 1 DAGs
[2026-09-06T17:56:40.229+0000] {logging_mixin.py:190} INFO - [2026-09-06T17:56:40.229+0000] {dag.py:4180} INFO - Setting next_dagrun for oil_price_pipeline_dag to None, run_after=None
[2026-09-06T17:56:40.248+0000] {processor.py:208} INFO - Processing /opt/airflow/dags/ml_03_oil_pipeline.py took 0.330 seconds
[2026-09-06T17:57:10.541+0000] {processor.py:186} INFO - Started process (PID=345) to work on /opt/airflow/dags/ml_03_oil_pipeline.py
[2026-09-06T17:57:10.542+0000] {processor.py:914} INFO - Processing file /opt/airflow/dags/ml_03_oil_pipeline.py for tasks to queue
[2026-09-06T17:57:10.543+0000] {logging_mixin.py:190} INFO - [2026-09-06T17:57:10.543+0000] {dagbag.py:588} INFO - Filling up the DagBag from /opt/airflow/dags/ml_03_oil_pipeline.py
[2026-09-06T17:57:10.803+0000] {processor.py:925} INFO - DAG(s) 'oil_price_pipeline_dag' retrieved from /opt/airflow/dags/ml_03_oil_pipeline.py
[2026-09-06T17:57:10.830+0000] {logging_mixin.py:190} INFO - [2026-09-06T17:57:10.829+0000] {dag.py:3239} INFO - Sync 1 DAGs
[2026-09-06T17:57:10.843+0000] {logging_mixin.py:190} INFO - [2026-09-06T17:57:10.843+0000] {dag.py:4180} INFO - Setting next_dagrun for oil_price_pipeline_dag to None, run_after=None
[2026-09-06T17:57:10.863+0000] {processor.py:208} INFO - Processing /opt/airflow/dags/ml_03_oil_pipeline.py took 0.328 seconds
[2026-09-06T17:57:41.130+0000] {processor.py:186} INFO - Started process (PID=359) to work on /opt/airflow/dags/ml_03_oil_pipeline.py
[2026-09-06T17:57:41.130+0000] {processor.py:914} INFO - Processing file /opt/airflow/dags/ml_03_oil_pipeline.py for tasks to queue
[2026-09-06T17:57:41.131+0000] {logging_mixin.py:190} INFO - [2026-09-06T17:57:41.131+0000] {dagbag.py:588} INFO - Filling up the DagBag from /opt/airflow/dags/ml_03_oil_pipeline.py
[2026-09-06T17:57:41.391+0000] {processor.py:925} INFO - DAG(s) 'oil_price_pipeline_dag' retrieved from /opt/airflow/dags/ml_03_oil_pipeline.py
[2026-09-06T17:57:41.418+0000] {logging_mixin.py:190} INFO - [2026-09-06T17:57:41.418+0000] {dag.py:3239} INFO - Sync 1 DAGs
[2026-09-06T17:57:41.431+0000] {logging_mixin.py:190} INFO - [2026-09-06T17:57:41.431+0000] {dag.py:4180} INFO - Setting next_dagrun for oil_price_pipeline_dag to None, run_after=None
[2026-09-06T17:57:41.454+0000] {processor.py:208} INFO - Processing /opt/airflow/dags/ml_03_oil_pipeline.py took 0.330 seconds
[2026-09-06T17:58:11.699+0000] {processor.py:186} INFO - Started process (PID=373) to work on /opt/airflow/dags/ml_03_oil_pipeline.py
[2026-09-06T17:58:11.699+0000] {processor.py:914} INFO - Processing file /opt/airflow/dags/ml_03_oil_pipeline.py for tasks to queue
[2026-09-06T17:58:11.700+0000] {logging_mixin.py:190} INFO - [2026-09-06T17:58:11.700+0000] {dagbag.py:588} INFO - Filling up the DagBag from /opt/airflow/dags/ml_03_oil_pipeline.py
[2026-09-06T17:58:12.033+0000] {processor.py:925} INFO - DAG(s) 'oil_price_pipeline_dag' retrieved from /opt/airflow/dags/ml_03_oil_pipeline.py
[2026-09-06T17:58:12.054+0000] {logging_mixin.py:190} INFO - [2026-09-06T17:58:12.054+0000] {dag.py:3239} INFO - Sync 1 DAGs
[2026-09-06T17:58:12.068+0000] {logging_mixin.py:190} INFO - [2026-09-06T17:58:12.068+0000] {dag.py:4180} INFO - Setting next_dagrun for oil_price_pipeline_dag to None, run_after=None
[2026-09-06T17:58:12.086+0000] {processor.py:208} INFO - Processing /opt/airflow/dags/ml_03_oil_pipeline.py took 0.392 seconds
[2026-09-06T17:58:42.334+0000] {processor.py:186} INFO - Started process (PID=387) to work on /opt/airflow/dags/ml_03_oil_pipeline.py
[2026-09-06T17:58:42.334+0000] {processor.py:914} INFO - Processing file /opt/airflow/dags/ml_03_oil_pipeline.py for tasks to queue
[2026-09-06T17:58:42.335+0000] {logging_mixin.py:190} INFO - [2026-09-06T17:58:42.335+0000] {dagbag.py:588} INFO - Filling up the DagBag from /opt/airflow/dags/ml_03_oil_pipeline.py
[2026-09-06T17:58:42.579+0000] {processor.py:925} INFO - DAG(s) 'oil_price_pipeline_dag' retrieved from /opt/airflow/dags/ml_03_oil_pipeline.py
[2026-09-06T17:58:42.603+0000] {logging_mixin.py:190} INFO - [2026-09-06T17:58:42.602+0000] {dag.py:3239} INFO - Sync 1 DAGs
[2026-09-06T17:58:42.614+0000] {logging_mixin.py:190} INFO - [2026-09-06T17:58:42.613+0000] {dag.py:4180} INFO - Setting next_dagrun for oil_price_pipeline_dag to None, run_after=None
[2026-09-06T17:58:42.630+0000] {processor.py:208} INFO - Processing /opt/airflow/dags/ml_03_oil_pipeline.py took 0.302 seconds
