[2026-09-06T17:00:41.912+0000] {processor.py:186} INFO - Started process (PID=195) to work on /opt/airflow/dags/ml_01_iris_pipeline-3.py
[2026-09-06T17:00:41.912+0000] {processor.py:914} INFO - Processing file /opt/airflow/dags/ml_01_iris_pipeline-3.py for tasks to queue
[2026-09-06T17:00:41.913+0000] {logging_mixin.py:190} INFO - [2026-09-06T17:00:41.913+0000] {dagbag.py:588} INFO - Filling up the DagBag from /opt/airflow/dags/ml_01_iris_pipeline-3.py
[2026-09-06T17:00:41.952+0000] {processor.py:925} INFO - DAG(s) 'iris_pipeline_dag' retrieved from /opt/airflow/dags/ml_01_iris_pipeline-3.py
[2026-09-06T17:00:42.046+0000] {logging_mixin.py:190} INFO - [2026-09-06T17:00:42.045+0000] {override.py:1911} INFO - Created Permission View: can delete on DAG:iris_pipeline_dag
[2026-09-06T17:00:42.058+0000] {logging_mixin.py:190} INFO - [2026-09-06T17:00:42.058+0000] {override.py:1911} INFO - Created Permission View: can read on DAG:iris_pipeline_dag
[2026-09-06T17:00:42.066+0000] {logging_mixin.py:190} INFO - [2026-09-06T17:00:42.065+0000] {override.py:1911} INFO - Created Permission View: can edit on DAG:iris_pipeline_dag
[2026-09-06T17:00:42.075+0000] {logging_mixin.py:190} INFO - [2026-09-06T17:00:42.074+0000] {override.py:1911} INFO - Created Permission View: can create on DAG Run:iris_pipeline_dag
[2026-09-06T17:00:42.083+0000] {logging_mixin.py:190} INFO - [2026-09-06T17:00:42.082+0000] {override.py:1911} INFO - Created Permission View: can read on DAG Run:iris_pipeline_dag
[2026-09-06T17:00:42.089+0000] {logging_mixin.py:190} INFO - [2026-09-06T17:00:42.089+0000] {override.py:1911} INFO - Created Permission View: menu access on DAG Run:iris_pipeline_dag
[2026-09-06T17:00:42.096+0000] {logging_mixin.py:190} INFO - [2026-09-06T17:00:42.096+0000] {override.py:1911} INFO - Created Permission View: can delete on DAG Run:iris_pipeline_dag
[2026-09-06T17:00:42.096+0000] {logging_mixin.py:190} INFO - [2026-09-06T17:00:42.096+0000] {dag.py:3239} INFO - Sync 1 DAGs
[2026-09-06T17:00:42.107+0000] {logging_mixin.py:190} INFO - [2026-09-06T17:00:42.107+0000] {dag.py:3262} INFO - Creating ORM DAG for iris_pipeline_dag
[2026-09-06T17:00:42.108+0000] {logging_mixin.py:190} INFO - [2026-09-06T17:00:42.108+0000] {dag.py:4180} INFO - Setting next_dagrun for iris_pipeline_dag to None, run_after=None
[2026-09-06T17:00:42.126+0000] {processor.py:208} INFO - Processing /opt/airflow/dags/ml_01_iris_pipeline-3.py took 0.219 seconds
[2026-09-06T17:01:12.762+0000] {processor.py:186} INFO - Started process (PID=210) to work on /opt/airflow/dags/ml_01_iris_pipeline-3.py
[2026-09-06T17:01:12.762+0000] {processor.py:914} INFO - Processing file /opt/airflow/dags/ml_01_iris_pipeline-3.py for tasks to queue
[2026-09-06T17:01:12.764+0000] {logging_mixin.py:190} INFO - [2026-09-06T17:01:12.763+0000] {dagbag.py:588} INFO - Filling up the DagBag from /opt/airflow/dags/ml_01_iris_pipeline-3.py
[2026-09-06T17:01:12.783+0000] {processor.py:925} INFO - DAG(s) 'iris_pipeline_dag' retrieved from /opt/airflow/dags/ml_01_iris_pipeline-3.py
[2026-09-06T17:01:12.811+0000] {logging_mixin.py:190} INFO - [2026-09-06T17:01:12.811+0000] {dag.py:3239} INFO - Sync 1 DAGs
[2026-09-06T17:01:12.824+0000] {logging_mixin.py:190} INFO - [2026-09-06T17:01:12.824+0000] {dag.py:4180} INFO - Setting next_dagrun for iris_pipeline_dag to None, run_after=None
[2026-09-06T17:01:12.854+0000] {processor.py:208} INFO - Processing /opt/airflow/dags/ml_01_iris_pipeline-3.py took 0.102 seconds
[2026-09-06T17:01:42.924+0000] {processor.py:186} INFO - Started process (PID=224) to work on /opt/airflow/dags/ml_01_iris_pipeline-3.py
[2026-09-06T17:01:42.925+0000] {processor.py:914} INFO - Processing file /opt/airflow/dags/ml_01_iris_pipeline-3.py for tasks to queue
[2026-09-06T17:01:42.926+0000] {logging_mixin.py:190} INFO - [2026-09-06T17:01:42.925+0000] {dagbag.py:588} INFO - Filling up the DagBag from /opt/airflow/dags/ml_01_iris_pipeline-3.py
[2026-09-06T17:01:42.941+0000] {processor.py:925} INFO - DAG(s) 'iris_pipeline_dag' retrieved from /opt/airflow/dags/ml_01_iris_pipeline-3.py
[2026-09-06T17:01:42.963+0000] {logging_mixin.py:190} INFO - [2026-09-06T17:01:42.963+0000] {dag.py:3239} INFO - Sync 1 DAGs
[2026-09-06T17:01:42.976+0000] {logging_mixin.py:190} INFO - [2026-09-06T17:01:42.976+0000] {dag.py:4180} INFO - Setting next_dagrun for iris_pipeline_dag to None, run_after=None
[2026-09-06T17:01:42.995+0000] {processor.py:208} INFO - Processing /opt/airflow/dags/ml_01_iris_pipeline-3.py took 0.075 seconds
[2026-09-06T17:02:13.685+0000] {processor.py:186} INFO - Started process (PID=240) to work on /opt/airflow/dags/ml_01_iris_pipeline-3.py
[2026-09-06T17:02:13.685+0000] {processor.py:914} INFO - Processing file /opt/airflow/dags/ml_01_iris_pipeline-3.py for tasks to queue
[2026-09-06T17:02:13.686+0000] {logging_mixin.py:190} INFO - [2026-09-06T17:02:13.686+0000] {dagbag.py:588} INFO - Filling up the DagBag from /opt/airflow/dags/ml_01_iris_pipeline-3.py
[2026-09-06T17:02:13.699+0000] {processor.py:925} INFO - DAG(s) 'iris_pipeline_dag' retrieved from /opt/airflow/dags/ml_01_iris_pipeline-3.py
[2026-09-06T17:02:13.722+0000] {logging_mixin.py:190} INFO - [2026-09-06T17:02:13.722+0000] {dag.py:3239} INFO - Sync 1 DAGs
[2026-09-06T17:02:13.844+0000] {logging_mixin.py:190} INFO - [2026-09-06T17:02:13.844+0000] {dag.py:4180} INFO - Setting next_dagrun for iris_pipeline_dag to None, run_after=None
[2026-09-06T17:02:13.860+0000] {processor.py:208} INFO - Processing /opt/airflow/dags/ml_01_iris_pipeline-3.py took 0.179 seconds
[2026-09-06T17:02:44.085+0000] {processor.py:186} INFO - Started process (PID=256) to work on /opt/airflow/dags/ml_01_iris_pipeline-3.py
[2026-09-06T17:02:44.086+0000] {processor.py:914} INFO - Processing file /opt/airflow/dags/ml_01_iris_pipeline-3.py for tasks to queue
[2026-09-06T17:02:44.087+0000] {logging_mixin.py:190} INFO - [2026-09-06T17:02:44.086+0000] {dagbag.py:588} INFO - Filling up the DagBag from /opt/airflow/dags/ml_01_iris_pipeline-3.py
[2026-09-06T17:02:44.103+0000] {processor.py:925} INFO - DAG(s) 'iris_pipeline_dag' retrieved from /opt/airflow/dags/ml_01_iris_pipeline-3.py
[2026-09-06T17:02:44.127+0000] {logging_mixin.py:190} INFO - [2026-09-06T17:02:44.126+0000] {dag.py:3239} INFO - Sync 1 DAGs
[2026-09-06T17:02:44.139+0000] {logging_mixin.py:190} INFO - [2026-09-06T17:02:44.139+0000] {dag.py:4180} INFO - Setting next_dagrun for iris_pipeline_dag to None, run_after=None
[2026-09-06T17:02:44.158+0000] {processor.py:208} INFO - Processing /opt/airflow/dags/ml_01_iris_pipeline-3.py took 0.078 seconds
[2026-09-06T17:03:14.685+0000] {processor.py:186} INFO - Started process (PID=272) to work on /opt/airflow/dags/ml_01_iris_pipeline-3.py
[2026-09-06T17:03:14.686+0000] {processor.py:914} INFO - Processing file /opt/airflow/dags/ml_01_iris_pipeline-3.py for tasks to queue
[2026-09-06T17:03:14.687+0000] {logging_mixin.py:190} INFO - [2026-09-06T17:03:14.687+0000] {dagbag.py:588} INFO - Filling up the DagBag from /opt/airflow/dags/ml_01_iris_pipeline-3.py
[2026-09-06T17:03:14.700+0000] {processor.py:925} INFO - DAG(s) 'iris_pipeline_dag' retrieved from /opt/airflow/dags/ml_01_iris_pipeline-3.py
[2026-09-06T17:03:14.725+0000] {logging_mixin.py:190} INFO - [2026-09-06T17:03:14.725+0000] {dag.py:3239} INFO - Sync 1 DAGs
[2026-09-06T17:03:14.737+0000] {logging_mixin.py:190} INFO - [2026-09-06T17:03:14.737+0000] {dag.py:4180} INFO - Setting next_dagrun for iris_pipeline_dag to None, run_after=None
[2026-09-06T17:03:14.755+0000] {processor.py:208} INFO - Processing /opt/airflow/dags/ml_01_iris_pipeline-3.py took 0.074 seconds
[2026-09-06T17:03:45.556+0000] {processor.py:186} INFO - Started process (PID=288) to work on /opt/airflow/dags/ml_01_iris_pipeline-3.py
[2026-09-06T17:03:45.557+0000] {processor.py:914} INFO - Processing file /opt/airflow/dags/ml_01_iris_pipeline-3.py for tasks to queue
[2026-09-06T17:03:45.558+0000] {logging_mixin.py:190} INFO - [2026-09-06T17:03:45.557+0000] {dagbag.py:588} INFO - Filling up the DagBag from /opt/airflow/dags/ml_01_iris_pipeline-3.py
[2026-09-06T17:03:45.575+0000] {processor.py:925} INFO - DAG(s) 'iris_pipeline_dag' retrieved from /opt/airflow/dags/ml_01_iris_pipeline-3.py
[2026-09-06T17:03:45.602+0000] {logging_mixin.py:190} INFO - [2026-09-06T17:03:45.602+0000] {dag.py:3239} INFO - Sync 1 DAGs
[2026-09-06T17:03:45.614+0000] {logging_mixin.py:190} INFO - [2026-09-06T17:03:45.613+0000] {dag.py:4180} INFO - Setting next_dagrun for iris_pipeline_dag to None, run_after=None
[2026-09-06T17:03:45.637+0000] {processor.py:208} INFO - Processing /opt/airflow/dags/ml_01_iris_pipeline-3.py took 0.086 seconds
[2026-09-06T17:04:16.386+0000] {processor.py:186} INFO - Started process (PID=304) to work on /opt/airflow/dags/ml_01_iris_pipeline-3.py
[2026-09-06T17:04:16.387+0000] {processor.py:914} INFO - Processing file /opt/airflow/dags/ml_01_iris_pipeline-3.py for tasks to queue
[2026-09-06T17:04:16.388+0000] {logging_mixin.py:190} INFO - [2026-09-06T17:04:16.387+0000] {dagbag.py:588} INFO - Filling up the DagBag from /opt/airflow/dags/ml_01_iris_pipeline-3.py
[2026-09-06T17:04:16.402+0000] {processor.py:925} INFO - DAG(s) 'iris_pipeline_dag' retrieved from /opt/airflow/dags/ml_01_iris_pipeline-3.py
[2026-09-06T17:04:16.426+0000] {logging_mixin.py:190} INFO - [2026-09-06T17:04:16.426+0000] {dag.py:3239} INFO - Sync 1 DAGs
[2026-09-06T17:04:16.441+0000] {logging_mixin.py:190} INFO - [2026-09-06T17:04:16.441+0000] {dag.py:4180} INFO - Setting next_dagrun for iris_pipeline_dag to None, run_after=None
[2026-09-06T17:04:16.459+0000] {processor.py:208} INFO - Processing /opt/airflow/dags/ml_01_iris_pipeline-3.py took 0.078 seconds
[2026-09-06T17:04:46.981+0000] {processor.py:186} INFO - Started process (PID=320) to work on /opt/airflow/dags/ml_01_iris_pipeline-3.py
[2026-09-06T17:04:46.982+0000] {processor.py:914} INFO - Processing file /opt/airflow/dags/ml_01_iris_pipeline-3.py for tasks to queue
[2026-09-06T17:04:46.983+0000] {logging_mixin.py:190} INFO - [2026-09-06T17:04:46.983+0000] {dagbag.py:588} INFO - Filling up the DagBag from /opt/airflow/dags/ml_01_iris_pipeline-3.py
[2026-09-06T17:04:46.998+0000] {processor.py:925} INFO - DAG(s) 'iris_pipeline_dag' retrieved from /opt/airflow/dags/ml_01_iris_pipeline-3.py
[2026-09-06T17:04:47.024+0000] {logging_mixin.py:190} INFO - [2026-09-06T17:04:47.024+0000] {dag.py:3239} INFO - Sync 1 DAGs
[2026-09-06T17:04:47.037+0000] {logging_mixin.py:190} INFO - [2026-09-06T17:04:47.037+0000] {dag.py:4180} INFO - Setting next_dagrun for iris_pipeline_dag to None, run_after=None
[2026-09-06T17:04:47.057+0000] {processor.py:208} INFO - Processing /opt/airflow/dags/ml_01_iris_pipeline-3.py took 0.081 seconds
[2026-09-06T17:05:17.578+0000] {processor.py:186} INFO - Started process (PID=336) to work on /opt/airflow/dags/ml_01_iris_pipeline-3.py
[2026-09-06T17:05:17.578+0000] {processor.py:914} INFO - Processing file /opt/airflow/dags/ml_01_iris_pipeline-3.py for tasks to queue
[2026-09-06T17:05:17.579+0000] {logging_mixin.py:190} INFO - [2026-09-06T17:05:17.579+0000] {dagbag.py:588} INFO - Filling up the DagBag from /opt/airflow/dags/ml_01_iris_pipeline-3.py
[2026-09-06T17:05:17.592+0000] {processor.py:925} INFO - DAG(s) 'iris_pipeline_dag' retrieved from /opt/airflow/dags/ml_01_iris_pipeline-3.py
[2026-09-06T17:05:17.617+0000] {logging_mixin.py:190} INFO - [2026-09-06T17:05:17.616+0000] {dag.py:3239} INFO - Sync 1 DAGs
[2026-09-06T17:05:17.627+0000] {logging_mixin.py:190} INFO - [2026-09-06T17:05:17.627+0000] {dag.py:4180} INFO - Setting next_dagrun for iris_pipeline_dag to None, run_after=None
[2026-09-06T17:05:17.645+0000] {processor.py:208} INFO - Processing /opt/airflow/dags/ml_01_iris_pipeline-3.py took 0.072 seconds
[2026-09-06T17:05:48.502+0000] {processor.py:186} INFO - Started process (PID=352) to work on /opt/airflow/dags/ml_01_iris_pipeline-3.py
[2026-09-06T17:05:48.502+0000] {processor.py:914} INFO - Processing file /opt/airflow/dags/ml_01_iris_pipeline-3.py for tasks to queue
[2026-09-06T17:05:48.503+0000] {logging_mixin.py:190} INFO - [2026-09-06T17:05:48.503+0000] {dagbag.py:588} INFO - Filling up the DagBag from /opt/airflow/dags/ml_01_iris_pipeline-3.py
[2026-09-06T17:05:48.516+0000] {processor.py:925} INFO - DAG(s) 'iris_pipeline_dag' retrieved from /opt/airflow/dags/ml_01_iris_pipeline-3.py
[2026-09-06T17:05:48.541+0000] {logging_mixin.py:190} INFO - [2026-09-06T17:05:48.541+0000] {dag.py:3239} INFO - Sync 1 DAGs
[2026-09-06T17:05:48.553+0000] {logging_mixin.py:190} INFO - [2026-09-06T17:05:48.553+0000] {dag.py:4180} INFO - Setting next_dagrun for iris_pipeline_dag to None, run_after=None
[2026-09-06T17:05:48.570+0000] {processor.py:208} INFO - Processing /opt/airflow/dags/ml_01_iris_pipeline-3.py took 0.073 seconds
[2026-09-06T17:06:19.062+0000] {processor.py:186} INFO - Started process (PID=366) to work on /opt/airflow/dags/ml_01_iris_pipeline-3.py
[2026-09-06T17:06:19.063+0000] {processor.py:914} INFO - Processing file /opt/airflow/dags/ml_01_iris_pipeline-3.py for tasks to queue
[2026-09-06T17:06:19.064+0000] {logging_mixin.py:190} INFO - [2026-09-06T17:06:19.064+0000] {dagbag.py:588} INFO - Filling up the DagBag from /opt/airflow/dags/ml_01_iris_pipeline-3.py
[2026-09-06T17:06:19.081+0000] {processor.py:925} INFO - DAG(s) 'iris_pipeline_dag' retrieved from /opt/airflow/dags/ml_01_iris_pipeline-3.py
[2026-09-06T17:06:19.109+0000] {logging_mixin.py:190} INFO - [2026-09-06T17:06:19.109+0000] {dag.py:3239} INFO - Sync 1 DAGs
[2026-09-06T17:06:19.123+0000] {logging_mixin.py:190} INFO - [2026-09-06T17:06:19.122+0000] {dag.py:4180} INFO - Setting next_dagrun for iris_pipeline_dag to None, run_after=None
[2026-09-06T17:06:19.141+0000] {processor.py:208} INFO - Processing /opt/airflow/dags/ml_01_iris_pipeline-3.py took 0.085 seconds
[2026-09-06T17:06:49.604+0000] {processor.py:186} INFO - Started process (PID=381) to work on /opt/airflow/dags/ml_01_iris_pipeline-3.py
[2026-09-06T17:06:49.605+0000] {processor.py:914} INFO - Processing file /opt/airflow/dags/ml_01_iris_pipeline-3.py for tasks to queue
[2026-09-06T17:06:49.606+0000] {logging_mixin.py:190} INFO - [2026-09-06T17:06:49.606+0000] {dagbag.py:588} INFO - Filling up the DagBag from /opt/airflow/dags/ml_01_iris_pipeline-3.py
[2026-09-06T17:06:49.618+0000] {processor.py:925} INFO - DAG(s) 'iris_pipeline_dag' retrieved from /opt/airflow/dags/ml_01_iris_pipeline-3.py
[2026-09-06T17:06:49.640+0000] {logging_mixin.py:190} INFO - [2026-09-06T17:06:49.640+0000] {dag.py:3239} INFO - Sync 1 DAGs
[2026-09-06T17:06:49.652+0000] {logging_mixin.py:190} INFO - [2026-09-06T17:06:49.652+0000] {dag.py:4180} INFO - Setting next_dagrun for iris_pipeline_dag to None, run_after=None
[2026-09-06T17:06:49.669+0000] {processor.py:208} INFO - Processing /opt/airflow/dags/ml_01_iris_pipeline-3.py took 0.070 seconds
[2026-09-06T17:07:20.162+0000] {processor.py:186} INFO - Started process (PID=395) to work on /opt/airflow/dags/ml_01_iris_pipeline-3.py
[2026-09-06T17:07:20.163+0000] {processor.py:914} INFO - Processing file /opt/airflow/dags/ml_01_iris_pipeline-3.py for tasks to queue
[2026-09-06T17:07:20.164+0000] {logging_mixin.py:190} INFO - [2026-09-06T17:07:20.164+0000] {dagbag.py:588} INFO - Filling up the DagBag from /opt/airflow/dags/ml_01_iris_pipeline-3.py
[2026-09-06T17:07:20.185+0000] {processor.py:925} INFO - DAG(s) 'iris_pipeline_dag' retrieved from /opt/airflow/dags/ml_01_iris_pipeline-3.py
[2026-09-06T17:07:20.213+0000] {logging_mixin.py:190} INFO - [2026-09-06T17:07:20.213+0000] {dag.py:3239} INFO - Sync 1 DAGs
[2026-09-06T17:07:20.229+0000] {logging_mixin.py:190} INFO - [2026-09-06T17:07:20.228+0000] {dag.py:4180} INFO - Setting next_dagrun for iris_pipeline_dag to None, run_after=None
[2026-09-06T17:07:20.247+0000] {processor.py:208} INFO - Processing /opt/airflow/dags/ml_01_iris_pipeline-3.py took 0.091 seconds
[2026-09-06T17:07:50.721+0000] {processor.py:186} INFO - Started process (PID=409) to work on /opt/airflow/dags/ml_01_iris_pipeline-3.py
[2026-09-06T17:07:50.722+0000] {processor.py:914} INFO - Processing file /opt/airflow/dags/ml_01_iris_pipeline-3.py for tasks to queue
[2026-09-06T17:07:50.723+0000] {logging_mixin.py:190} INFO - [2026-09-06T17:07:50.723+0000] {dagbag.py:588} INFO - Filling up the DagBag from /opt/airflow/dags/ml_01_iris_pipeline-3.py
[2026-09-06T17:07:50.738+0000] {processor.py:925} INFO - DAG(s) 'iris_pipeline_dag' retrieved from /opt/airflow/dags/ml_01_iris_pipeline-3.py
[2026-09-06T17:07:50.761+0000] {logging_mixin.py:190} INFO - [2026-09-06T17:07:50.761+0000] {dag.py:3239} INFO - Sync 1 DAGs
[2026-09-06T17:07:50.775+0000] {logging_mixin.py:190} INFO - [2026-09-06T17:07:50.774+0000] {dag.py:4180} INFO - Setting next_dagrun for iris_pipeline_dag to None, run_after=None
[2026-09-06T17:07:50.792+0000] {processor.py:208} INFO - Processing /opt/airflow/dags/ml_01_iris_pipeline-3.py took 0.076 seconds
[2026-09-06T17:08:21.350+0000] {processor.py:186} INFO - Started process (PID=423) to work on /opt/airflow/dags/ml_01_iris_pipeline-3.py
[2026-09-06T17:08:21.351+0000] {processor.py:914} INFO - Processing file /opt/airflow/dags/ml_01_iris_pipeline-3.py for tasks to queue
[2026-09-06T17:08:21.352+0000] {logging_mixin.py:190} INFO - [2026-09-06T17:08:21.351+0000] {dagbag.py:588} INFO - Filling up the DagBag from /opt/airflow/dags/ml_01_iris_pipeline-3.py
[2026-09-06T17:08:21.367+0000] {processor.py:925} INFO - DAG(s) 'iris_pipeline_dag' retrieved from /opt/airflow/dags/ml_01_iris_pipeline-3.py
[2026-09-06T17:08:21.401+0000] {logging_mixin.py:190} INFO - [2026-09-06T17:08:21.400+0000] {dag.py:3239} INFO - Sync 1 DAGs
[2026-09-06T17:08:21.425+0000] {logging_mixin.py:190} INFO - [2026-09-06T17:08:21.425+0000] {dag.py:4180} INFO - Setting next_dagrun for iris_pipeline_dag to None, run_after=None
[2026-09-06T17:08:21.453+0000] {processor.py:208} INFO - Processing /opt/airflow/dags/ml_01_iris_pipeline-3.py took 0.109 seconds
[2026-09-06T17:08:51.951+0000] {processor.py:186} INFO - Started process (PID=437) to work on /opt/airflow/dags/ml_01_iris_pipeline-3.py
[2026-09-06T17:08:51.951+0000] {processor.py:914} INFO - Processing file /opt/airflow/dags/ml_01_iris_pipeline-3.py for tasks to queue
[2026-09-06T17:08:51.953+0000] {logging_mixin.py:190} INFO - [2026-09-06T17:08:51.952+0000] {dagbag.py:588} INFO - Filling up the DagBag from /opt/airflow/dags/ml_01_iris_pipeline-3.py
[2026-09-06T17:08:51.965+0000] {processor.py:925} INFO - DAG(s) 'iris_pipeline_dag' retrieved from /opt/airflow/dags/ml_01_iris_pipeline-3.py
[2026-09-06T17:08:51.991+0000] {logging_mixin.py:190} INFO - [2026-09-06T17:08:51.991+0000] {dag.py:3239} INFO - Sync 1 DAGs
[2026-09-06T17:08:52.007+0000] {logging_mixin.py:190} INFO - [2026-09-06T17:08:52.007+0000] {dag.py:4180} INFO - Setting next_dagrun for iris_pipeline_dag to None, run_after=None
[2026-09-06T17:08:52.024+0000] {processor.py:208} INFO - Processing /opt/airflow/dags/ml_01_iris_pipeline-3.py took 0.078 seconds
[2026-09-06T17:09:22.746+0000] {processor.py:186} INFO - Started process (PID=451) to work on /opt/airflow/dags/ml_01_iris_pipeline-3.py
[2026-09-06T17:09:22.746+0000] {processor.py:914} INFO - Processing file /opt/airflow/dags/ml_01_iris_pipeline-3.py for tasks to queue
[2026-09-06T17:09:22.747+0000] {logging_mixin.py:190} INFO - [2026-09-06T17:09:22.747+0000] {dagbag.py:588} INFO - Filling up the DagBag from /opt/airflow/dags/ml_01_iris_pipeline-3.py
[2026-09-06T17:09:22.764+0000] {processor.py:925} INFO - DAG(s) 'iris_pipeline_dag' retrieved from /opt/airflow/dags/ml_01_iris_pipeline-3.py
[2026-09-06T17:09:22.792+0000] {logging_mixin.py:190} INFO - [2026-09-06T17:09:22.791+0000] {dag.py:3239} INFO - Sync 1 DAGs
[2026-09-06T17:09:22.807+0000] {logging_mixin.py:190} INFO - [2026-09-06T17:09:22.806+0000] {dag.py:4180} INFO - Setting next_dagrun for iris_pipeline_dag to None, run_after=None
[2026-09-06T17:09:22.832+0000] {processor.py:208} INFO - Processing /opt/airflow/dags/ml_01_iris_pipeline-3.py took 0.091 seconds
[2026-09-06T17:09:53.469+0000] {processor.py:186} INFO - Started process (PID=465) to work on /opt/airflow/dags/ml_01_iris_pipeline-3.py
[2026-09-06T17:09:53.470+0000] {processor.py:914} INFO - Processing file /opt/airflow/dags/ml_01_iris_pipeline-3.py for tasks to queue
[2026-09-06T17:09:53.471+0000] {logging_mixin.py:190} INFO - [2026-09-06T17:09:53.471+0000] {dagbag.py:588} INFO - Filling up the DagBag from /opt/airflow/dags/ml_01_iris_pipeline-3.py
[2026-09-06T17:09:53.485+0000] {processor.py:925} INFO - DAG(s) 'iris_pipeline_dag' retrieved from /opt/airflow/dags/ml_01_iris_pipeline-3.py
[2026-09-06T17:09:53.513+0000] {logging_mixin.py:190} INFO - [2026-09-06T17:09:53.513+0000] {dag.py:3239} INFO - Sync 1 DAGs
[2026-09-06T17:09:53.526+0000] {logging_mixin.py:190} INFO - [2026-09-06T17:09:53.526+0000] {dag.py:4180} INFO - Setting next_dagrun for iris_pipeline_dag to None, run_after=None
[2026-09-06T17:09:53.548+0000] {processor.py:208} INFO - Processing /opt/airflow/dags/ml_01_iris_pipeline-3.py took 0.088 seconds
[2026-09-06T17:10:23.640+0000] {processor.py:186} INFO - Started process (PID=479) to work on /opt/airflow/dags/ml_01_iris_pipeline-3.py
[2026-09-06T17:10:23.641+0000] {processor.py:914} INFO - Processing file /opt/airflow/dags/ml_01_iris_pipeline-3.py for tasks to queue
[2026-09-06T17:10:23.643+0000] {logging_mixin.py:190} INFO - [2026-09-06T17:10:23.642+0000] {dagbag.py:588} INFO - Filling up the DagBag from /opt/airflow/dags/ml_01_iris_pipeline-3.py
[2026-09-06T17:10:23.661+0000] {processor.py:925} INFO - DAG(s) 'iris_pipeline_dag' retrieved from /opt/airflow/dags/ml_01_iris_pipeline-3.py
[2026-09-06T17:10:23.697+0000] {logging_mixin.py:190} INFO - [2026-09-06T17:10:23.697+0000] {dag.py:3239} INFO - Sync 1 DAGs
[2026-09-06T17:10:23.715+0000] {logging_mixin.py:190} INFO - [2026-09-06T17:10:23.715+0000] {dag.py:4180} INFO - Setting next_dagrun for iris_pipeline_dag to None, run_after=None
[2026-09-06T17:10:23.738+0000] {processor.py:208} INFO - Processing /opt/airflow/dags/ml_01_iris_pipeline-3.py took 0.104 seconds
[2026-09-06T17:10:54.328+0000] {processor.py:186} INFO - Started process (PID=493) to work on /opt/airflow/dags/ml_01_iris_pipeline-3.py
[2026-09-06T17:10:54.329+0000] {processor.py:914} INFO - Processing file /opt/airflow/dags/ml_01_iris_pipeline-3.py for tasks to queue
[2026-09-06T17:10:54.331+0000] {logging_mixin.py:190} INFO - [2026-09-06T17:10:54.330+0000] {dagbag.py:588} INFO - Filling up the DagBag from /opt/airflow/dags/ml_01_iris_pipeline-3.py
[2026-09-06T17:10:54.346+0000] {processor.py:925} INFO - DAG(s) 'iris_pipeline_dag' retrieved from /opt/airflow/dags/ml_01_iris_pipeline-3.py
[2026-09-06T17:10:54.373+0000] {logging_mixin.py:190} INFO - [2026-09-06T17:10:54.373+0000] {dag.py:3239} INFO - Sync 1 DAGs
[2026-09-06T17:10:54.387+0000] {logging_mixin.py:190} INFO - [2026-09-06T17:10:54.387+0000] {dag.py:4180} INFO - Setting next_dagrun for iris_pipeline_dag to None, run_after=None
[2026-09-06T17:10:54.407+0000] {processor.py:208} INFO - Processing /opt/airflow/dags/ml_01_iris_pipeline-3.py took 0.083 seconds
[2026-09-06T17:11:25.167+0000] {processor.py:186} INFO - Started process (PID=507) to work on /opt/airflow/dags/ml_01_iris_pipeline-3.py
[2026-09-06T17:11:25.171+0000] {processor.py:914} INFO - Processing file /opt/airflow/dags/ml_01_iris_pipeline-3.py for tasks to queue
[2026-09-06T17:11:25.173+0000] {logging_mixin.py:190} INFO - [2026-09-06T17:11:25.172+0000] {dagbag.py:588} INFO - Filling up the DagBag from /opt/airflow/dags/ml_01_iris_pipeline-3.py
[2026-09-06T17:11:25.190+0000] {processor.py:925} INFO - DAG(s) 'iris_pipeline_dag' retrieved from /opt/airflow/dags/ml_01_iris_pipeline-3.py
[2026-09-06T17:11:25.220+0000] {logging_mixin.py:190} INFO - [2026-09-06T17:11:25.220+0000] {dag.py:3239} INFO - Sync 1 DAGs
[2026-09-06T17:11:25.237+0000] {logging_mixin.py:190} INFO - [2026-09-06T17:11:25.236+0000] {dag.py:4180} INFO - Setting next_dagrun for iris_pipeline_dag to None, run_after=None
[2026-09-06T17:11:25.256+0000] {processor.py:208} INFO - Processing /opt/airflow/dags/ml_01_iris_pipeline-3.py took 0.098 seconds
[2026-09-06T17:11:55.868+0000] {processor.py:186} INFO - Started process (PID=527) to work on /opt/airflow/dags/ml_01_iris_pipeline-3.py
[2026-09-06T17:11:55.870+0000] {processor.py:914} INFO - Processing file /opt/airflow/dags/ml_01_iris_pipeline-3.py for tasks to queue
[2026-09-06T17:11:55.871+0000] {logging_mixin.py:190} INFO - [2026-09-06T17:11:55.871+0000] {dagbag.py:588} INFO - Filling up the DagBag from /opt/airflow/dags/ml_01_iris_pipeline-3.py
[2026-09-06T17:11:55.890+0000] {processor.py:925} INFO - DAG(s) 'iris_pipeline_dag' retrieved from /opt/airflow/dags/ml_01_iris_pipeline-3.py
[2026-09-06T17:11:55.930+0000] {logging_mixin.py:190} INFO - [2026-09-06T17:11:55.930+0000] {dag.py:3239} INFO - Sync 1 DAGs
[2026-09-06T17:11:55.955+0000] {logging_mixin.py:190} INFO - [2026-09-06T17:11:55.955+0000] {dag.py:4180} INFO - Setting next_dagrun for iris_pipeline_dag to None, run_after=None
[2026-09-06T17:11:55.993+0000] {processor.py:208} INFO - Processing /opt/airflow/dags/ml_01_iris_pipeline-3.py took 0.131 seconds
[2026-09-06T17:12:26.567+0000] {processor.py:186} INFO - Started process (PID=541) to work on /opt/airflow/dags/ml_01_iris_pipeline-3.py
[2026-09-06T17:12:26.571+0000] {processor.py:914} INFO - Processing file /opt/airflow/dags/ml_01_iris_pipeline-3.py for tasks to queue
[2026-09-06T17:12:26.572+0000] {logging_mixin.py:190} INFO - [2026-09-06T17:12:26.572+0000] {dagbag.py:588} INFO - Filling up the DagBag from /opt/airflow/dags/ml_01_iris_pipeline-3.py
[2026-09-06T17:12:26.587+0000] {processor.py:925} INFO - DAG(s) 'iris_pipeline_dag' retrieved from /opt/airflow/dags/ml_01_iris_pipeline-3.py
[2026-09-06T17:12:26.612+0000] {logging_mixin.py:190} INFO - [2026-09-06T17:12:26.612+0000] {dag.py:3239} INFO - Sync 1 DAGs
[2026-09-06T17:12:26.626+0000] {logging_mixin.py:190} INFO - [2026-09-06T17:12:26.626+0000] {dag.py:4180} INFO - Setting next_dagrun for iris_pipeline_dag to None, run_after=None
[2026-09-06T17:12:26.676+0000] {processor.py:208} INFO - Processing /opt/airflow/dags/ml_01_iris_pipeline-3.py took 0.114 seconds
[2026-09-06T17:12:57.285+0000] {processor.py:186} INFO - Started process (PID=555) to work on /opt/airflow/dags/ml_01_iris_pipeline-3.py
[2026-09-06T17:12:57.286+0000] {processor.py:914} INFO - Processing file /opt/airflow/dags/ml_01_iris_pipeline-3.py for tasks to queue
[2026-09-06T17:12:57.288+0000] {logging_mixin.py:190} INFO - [2026-09-06T17:12:57.288+0000] {dagbag.py:588} INFO - Filling up the DagBag from /opt/airflow/dags/ml_01_iris_pipeline-3.py
[2026-09-06T17:12:57.321+0000] {processor.py:925} INFO - DAG(s) 'iris_pipeline_dag' retrieved from /opt/airflow/dags/ml_01_iris_pipeline-3.py
[2026-09-06T17:12:57.365+0000] {logging_mixin.py:190} INFO - [2026-09-06T17:12:57.365+0000] {dag.py:3239} INFO - Sync 1 DAGs
[2026-09-06T17:12:57.381+0000] {logging_mixin.py:190} INFO - [2026-09-06T17:12:57.381+0000] {dag.py:4180} INFO - Setting next_dagrun for iris_pipeline_dag to None, run_after=None
[2026-09-06T17:12:57.407+0000] {processor.py:208} INFO - Processing /opt/airflow/dags/ml_01_iris_pipeline-3.py took 0.129 seconds
[2026-09-06T17:13:28.024+0000] {processor.py:186} INFO - Started process (PID=569) to work on /opt/airflow/dags/ml_01_iris_pipeline-3.py
[2026-09-06T17:13:28.024+0000] {processor.py:914} INFO - Processing file /opt/airflow/dags/ml_01_iris_pipeline-3.py for tasks to queue
[2026-09-06T17:13:28.025+0000] {logging_mixin.py:190} INFO - [2026-09-06T17:13:28.025+0000] {dagbag.py:588} INFO - Filling up the DagBag from /opt/airflow/dags/ml_01_iris_pipeline-3.py
[2026-09-06T17:13:28.044+0000] {processor.py:925} INFO - DAG(s) 'iris_pipeline_dag' retrieved from /opt/airflow/dags/ml_01_iris_pipeline-3.py
[2026-09-06T17:13:28.074+0000] {logging_mixin.py:190} INFO - [2026-09-06T17:13:28.073+0000] {dag.py:3239} INFO - Sync 1 DAGs
[2026-09-06T17:13:28.087+0000] {logging_mixin.py:190} INFO - [2026-09-06T17:13:28.087+0000] {dag.py:4180} INFO - Setting next_dagrun for iris_pipeline_dag to None, run_after=None
[2026-09-06T17:13:28.112+0000] {processor.py:208} INFO - Processing /opt/airflow/dags/ml_01_iris_pipeline-3.py took 0.093 seconds
[2026-09-06T17:13:58.729+0000] {processor.py:186} INFO - Started process (PID=583) to work on /opt/airflow/dags/ml_01_iris_pipeline-3.py
[2026-09-06T17:13:58.730+0000] {processor.py:914} INFO - Processing file /opt/airflow/dags/ml_01_iris_pipeline-3.py for tasks to queue
[2026-09-06T17:13:58.731+0000] {logging_mixin.py:190} INFO - [2026-09-06T17:13:58.731+0000] {dagbag.py:588} INFO - Filling up the DagBag from /opt/airflow/dags/ml_01_iris_pipeline-3.py
[2026-09-06T17:13:58.751+0000] {processor.py:925} INFO - DAG(s) 'iris_pipeline_dag' retrieved from /opt/airflow/dags/ml_01_iris_pipeline-3.py
[2026-09-06T17:13:58.780+0000] {logging_mixin.py:190} INFO - [2026-09-06T17:13:58.780+0000] {dag.py:3239} INFO - Sync 1 DAGs
[2026-09-06T17:13:58.794+0000] {logging_mixin.py:190} INFO - [2026-09-06T17:13:58.794+0000] {dag.py:4180} INFO - Setting next_dagrun for iris_pipeline_dag to None, run_after=None
[2026-09-06T17:13:58.815+0000] {processor.py:208} INFO - Processing /opt/airflow/dags/ml_01_iris_pipeline-3.py took 0.092 seconds
[2026-09-06T17:14:29.461+0000] {processor.py:186} INFO - Started process (PID=597) to work on /opt/airflow/dags/ml_01_iris_pipeline-3.py
[2026-09-06T17:14:29.462+0000] {processor.py:914} INFO - Processing file /opt/airflow/dags/ml_01_iris_pipeline-3.py for tasks to queue
[2026-09-06T17:14:29.463+0000] {logging_mixin.py:190} INFO - [2026-09-06T17:14:29.463+0000] {dagbag.py:588} INFO - Filling up the DagBag from /opt/airflow/dags/ml_01_iris_pipeline-3.py
[2026-09-06T17:14:29.481+0000] {processor.py:925} INFO - DAG(s) 'iris_pipeline_dag' retrieved from /opt/airflow/dags/ml_01_iris_pipeline-3.py
[2026-09-06T17:14:29.508+0000] {logging_mixin.py:190} INFO - [2026-09-06T17:14:29.508+0000] {dag.py:3239} INFO - Sync 1 DAGs
[2026-09-06T17:14:29.523+0000] {logging_mixin.py:190} INFO - [2026-09-06T17:14:29.523+0000] {dag.py:4180} INFO - Setting next_dagrun for iris_pipeline_dag to None, run_after=None
[2026-09-06T17:14:29.543+0000] {processor.py:208} INFO - Processing /opt/airflow/dags/ml_01_iris_pipeline-3.py took 0.087 seconds
[2026-09-06T17:15:00.157+0000] {processor.py:186} INFO - Started process (PID=611) to work on /opt/airflow/dags/ml_01_iris_pipeline-3.py
[2026-09-06T17:15:00.158+0000] {processor.py:914} INFO - Processing file /opt/airflow/dags/ml_01_iris_pipeline-3.py for tasks to queue
[2026-09-06T17:15:00.159+0000] {logging_mixin.py:190} INFO - [2026-09-06T17:15:00.159+0000] {dagbag.py:588} INFO - Filling up the DagBag from /opt/airflow/dags/ml_01_iris_pipeline-3.py
[2026-09-06T17:15:00.178+0000] {processor.py:925} INFO - DAG(s) 'iris_pipeline_dag' retrieved from /opt/airflow/dags/ml_01_iris_pipeline-3.py
[2026-09-06T17:15:00.203+0000] {logging_mixin.py:190} INFO - [2026-09-06T17:15:00.203+0000] {dag.py:3239} INFO - Sync 1 DAGs
[2026-09-06T17:15:00.218+0000] {logging_mixin.py:190} INFO - [2026-09-06T17:15:00.217+0000] {dag.py:4180} INFO - Setting next_dagrun for iris_pipeline_dag to None, run_after=None
[2026-09-06T17:15:00.241+0000] {processor.py:208} INFO - Processing /opt/airflow/dags/ml_01_iris_pipeline-3.py took 0.089 seconds
[2026-09-06T17:15:30.833+0000] {processor.py:186} INFO - Started process (PID=625) to work on /opt/airflow/dags/ml_01_iris_pipeline-3.py
[2026-09-06T17:15:30.835+0000] {processor.py:914} INFO - Processing file /opt/airflow/dags/ml_01_iris_pipeline-3.py for tasks to queue
[2026-09-06T17:15:30.837+0000] {logging_mixin.py:190} INFO - [2026-09-06T17:15:30.836+0000] {dagbag.py:588} INFO - Filling up the DagBag from /opt/airflow/dags/ml_01_iris_pipeline-3.py
[2026-09-06T17:15:30.853+0000] {processor.py:925} INFO - DAG(s) 'iris_pipeline_dag' retrieved from /opt/airflow/dags/ml_01_iris_pipeline-3.py
[2026-09-06T17:15:30.880+0000] {logging_mixin.py:190} INFO - [2026-09-06T17:15:30.880+0000] {dag.py:3239} INFO - Sync 1 DAGs
[2026-09-06T17:15:30.893+0000] {logging_mixin.py:190} INFO - [2026-09-06T17:15:30.892+0000] {dag.py:4180} INFO - Setting next_dagrun for iris_pipeline_dag to None, run_after=None
[2026-09-06T17:15:30.927+0000] {processor.py:208} INFO - Processing /opt/airflow/dags/ml_01_iris_pipeline-3.py took 0.099 seconds
[2026-09-06T17:16:01.080+0000] {processor.py:186} INFO - Started process (PID=639) to work on /opt/airflow/dags/ml_01_iris_pipeline-3.py
[2026-09-06T17:16:01.080+0000] {processor.py:914} INFO - Processing file /opt/airflow/dags/ml_01_iris_pipeline-3.py for tasks to queue
[2026-09-06T17:16:01.082+0000] {logging_mixin.py:190} INFO - [2026-09-06T17:16:01.081+0000] {dagbag.py:588} INFO - Filling up the DagBag from /opt/airflow/dags/ml_01_iris_pipeline-3.py
[2026-09-06T17:16:01.099+0000] {processor.py:925} INFO - DAG(s) 'iris_pipeline_dag' retrieved from /opt/airflow/dags/ml_01_iris_pipeline-3.py
[2026-09-06T17:16:01.128+0000] {logging_mixin.py:190} INFO - [2026-09-06T17:16:01.128+0000] {dag.py:3239} INFO - Sync 1 DAGs
[2026-09-06T17:16:01.143+0000] {logging_mixin.py:190} INFO - [2026-09-06T17:16:01.143+0000] {dag.py:4180} INFO - Setting next_dagrun for iris_pipeline_dag to None, run_after=None
[2026-09-06T17:16:01.171+0000] {processor.py:208} INFO - Processing /opt/airflow/dags/ml_01_iris_pipeline-3.py took 0.098 seconds
[2026-09-06T17:16:31.805+0000] {processor.py:186} INFO - Started process (PID=653) to work on /opt/airflow/dags/ml_01_iris_pipeline-3.py
[2026-09-06T17:16:31.805+0000] {processor.py:914} INFO - Processing file /opt/airflow/dags/ml_01_iris_pipeline-3.py for tasks to queue
[2026-09-06T17:16:31.807+0000] {logging_mixin.py:190} INFO - [2026-09-06T17:16:31.806+0000] {dagbag.py:588} INFO - Filling up the DagBag from /opt/airflow/dags/ml_01_iris_pipeline-3.py
[2026-09-06T17:16:31.826+0000] {processor.py:925} INFO - DAG(s) 'iris_pipeline_dag' retrieved from /opt/airflow/dags/ml_01_iris_pipeline-3.py
[2026-09-06T17:16:31.857+0000] {logging_mixin.py:190} INFO - [2026-09-06T17:16:31.857+0000] {dag.py:3239} INFO - Sync 1 DAGs
[2026-09-06T17:16:31.870+0000] {logging_mixin.py:190} INFO - [2026-09-06T17:16:31.869+0000] {dag.py:4180} INFO - Setting next_dagrun for iris_pipeline_dag to None, run_after=None
[2026-09-06T17:16:31.888+0000] {processor.py:208} INFO - Processing /opt/airflow/dags/ml_01_iris_pipeline-3.py took 0.091 seconds
[2026-09-06T17:17:02.554+0000] {processor.py:186} INFO - Started process (PID=667) to work on /opt/airflow/dags/ml_01_iris_pipeline-3.py
[2026-09-06T17:17:02.555+0000] {processor.py:914} INFO - Processing file /opt/airflow/dags/ml_01_iris_pipeline-3.py for tasks to queue
[2026-09-06T17:17:02.556+0000] {logging_mixin.py:190} INFO - [2026-09-06T17:17:02.556+0000] {dagbag.py:588} INFO - Filling up the DagBag from /opt/airflow/dags/ml_01_iris_pipeline-3.py
[2026-09-06T17:17:02.575+0000] {processor.py:925} INFO - DAG(s) 'iris_pipeline_dag' retrieved from /opt/airflow/dags/ml_01_iris_pipeline-3.py
[2026-09-06T17:17:02.602+0000] {logging_mixin.py:190} INFO - [2026-09-06T17:17:02.601+0000] {dag.py:3239} INFO - Sync 1 DAGs
[2026-09-06T17:17:02.620+0000] {logging_mixin.py:190} INFO - [2026-09-06T17:17:02.620+0000] {dag.py:4180} INFO - Setting next_dagrun for iris_pipeline_dag to None, run_after=None
[2026-09-06T17:17:02.645+0000] {processor.py:208} INFO - Processing /opt/airflow/dags/ml_01_iris_pipeline-3.py took 0.096 seconds
[2026-09-06T17:17:33.231+0000] {processor.py:186} INFO - Started process (PID=681) to work on /opt/airflow/dags/ml_01_iris_pipeline-3.py
[2026-09-06T17:17:33.232+0000] {processor.py:914} INFO - Processing file /opt/airflow/dags/ml_01_iris_pipeline-3.py for tasks to queue
[2026-09-06T17:17:33.233+0000] {logging_mixin.py:190} INFO - [2026-09-06T17:17:33.233+0000] {dagbag.py:588} INFO - Filling up the DagBag from /opt/airflow/dags/ml_01_iris_pipeline-3.py
[2026-09-06T17:17:33.257+0000] {processor.py:925} INFO - DAG(s) 'iris_pipeline_dag' retrieved from /opt/airflow/dags/ml_01_iris_pipeline-3.py
[2026-09-06T17:17:33.288+0000] {logging_mixin.py:190} INFO - [2026-09-06T17:17:33.288+0000] {dag.py:3239} INFO - Sync 1 DAGs
[2026-09-06T17:17:33.312+0000] {logging_mixin.py:190} INFO - [2026-09-06T17:17:33.311+0000] {dag.py:4180} INFO - Setting next_dagrun for iris_pipeline_dag to None, run_after=None
[2026-09-06T17:17:33.346+0000] {processor.py:208} INFO - Processing /opt/airflow/dags/ml_01_iris_pipeline-3.py took 0.120 seconds
[2026-09-06T17:18:03.929+0000] {processor.py:186} INFO - Started process (PID=695) to work on /opt/airflow/dags/ml_01_iris_pipeline-3.py
[2026-09-06T17:18:03.930+0000] {processor.py:914} INFO - Processing file /opt/airflow/dags/ml_01_iris_pipeline-3.py for tasks to queue
[2026-09-06T17:18:03.932+0000] {logging_mixin.py:190} INFO - [2026-09-06T17:18:03.931+0000] {dagbag.py:588} INFO - Filling up the DagBag from /opt/airflow/dags/ml_01_iris_pipeline-3.py
[2026-09-06T17:18:03.948+0000] {processor.py:925} INFO - DAG(s) 'iris_pipeline_dag' retrieved from /opt/airflow/dags/ml_01_iris_pipeline-3.py
[2026-09-06T17:18:03.976+0000] {logging_mixin.py:190} INFO - [2026-09-06T17:18:03.975+0000] {dag.py:3239} INFO - Sync 1 DAGs
[2026-09-06T17:18:03.991+0000] {logging_mixin.py:190} INFO - [2026-09-06T17:18:03.990+0000] {dag.py:4180} INFO - Setting next_dagrun for iris_pipeline_dag to None, run_after=None
[2026-09-06T17:18:04.012+0000] {processor.py:208} INFO - Processing /opt/airflow/dags/ml_01_iris_pipeline-3.py took 0.087 seconds
[2026-09-06T17:18:34.578+0000] {processor.py:186} INFO - Started process (PID=709) to work on /opt/airflow/dags/ml_01_iris_pipeline-3.py
[2026-09-06T17:18:34.579+0000] {processor.py:914} INFO - Processing file /opt/airflow/dags/ml_01_iris_pipeline-3.py for tasks to queue
[2026-09-06T17:18:34.580+0000] {logging_mixin.py:190} INFO - [2026-09-06T17:18:34.580+0000] {dagbag.py:588} INFO - Filling up the DagBag from /opt/airflow/dags/ml_01_iris_pipeline-3.py
[2026-09-06T17:18:34.596+0000] {processor.py:925} INFO - DAG(s) 'iris_pipeline_dag' retrieved from /opt/airflow/dags/ml_01_iris_pipeline-3.py
[2026-09-06T17:18:34.624+0000] {logging_mixin.py:190} INFO - [2026-09-06T17:18:34.624+0000] {dag.py:3239} INFO - Sync 1 DAGs
[2026-09-06T17:18:34.637+0000] {logging_mixin.py:190} INFO - [2026-09-06T17:18:34.637+0000] {dag.py:4180} INFO - Setting next_dagrun for iris_pipeline_dag to None, run_after=None
[2026-09-06T17:18:34.655+0000] {processor.py:208} INFO - Processing /opt/airflow/dags/ml_01_iris_pipeline-3.py took 0.082 seconds
[2026-09-06T17:19:05.352+0000] {processor.py:186} INFO - Started process (PID=723) to work on /opt/airflow/dags/ml_01_iris_pipeline-3.py
[2026-09-06T17:19:05.353+0000] {processor.py:914} INFO - Processing file /opt/airflow/dags/ml_01_iris_pipeline-3.py for tasks to queue
[2026-09-06T17:19:05.354+0000] {logging_mixin.py:190} INFO - [2026-09-06T17:19:05.354+0000] {dagbag.py:588} INFO - Filling up the DagBag from /opt/airflow/dags/ml_01_iris_pipeline-3.py
[2026-09-06T17:19:05.393+0000] {processor.py:925} INFO - DAG(s) 'iris_pipeline_dag' retrieved from /opt/airflow/dags/ml_01_iris_pipeline-3.py
[2026-09-06T17:19:05.428+0000] {logging_mixin.py:190} INFO - [2026-09-06T17:19:05.428+0000] {dag.py:3239} INFO - Sync 1 DAGs
[2026-09-06T17:19:05.449+0000] {logging_mixin.py:190} INFO - [2026-09-06T17:19:05.448+0000] {dag.py:4180} INFO - Setting next_dagrun for iris_pipeline_dag to None, run_after=None
[2026-09-06T17:19:05.475+0000] {processor.py:208} INFO - Processing /opt/airflow/dags/ml_01_iris_pipeline-3.py took 0.131 seconds
[2026-09-06T17:19:36.112+0000] {processor.py:186} INFO - Started process (PID=737) to work on /opt/airflow/dags/ml_01_iris_pipeline-3.py
[2026-09-06T17:19:36.113+0000] {processor.py:914} INFO - Processing file /opt/airflow/dags/ml_01_iris_pipeline-3.py for tasks to queue
[2026-09-06T17:19:36.114+0000] {logging_mixin.py:190} INFO - [2026-09-06T17:19:36.114+0000] {dagbag.py:588} INFO - Filling up the DagBag from /opt/airflow/dags/ml_01_iris_pipeline-3.py
[2026-09-06T17:19:36.133+0000] {processor.py:925} INFO - DAG(s) 'iris_pipeline_dag' retrieved from /opt/airflow/dags/ml_01_iris_pipeline-3.py
[2026-09-06T17:19:36.168+0000] {logging_mixin.py:190} INFO - [2026-09-06T17:19:36.167+0000] {dag.py:3239} INFO - Sync 1 DAGs
[2026-09-06T17:19:36.182+0000] {logging_mixin.py:190} INFO - [2026-09-06T17:19:36.182+0000] {dag.py:4180} INFO - Setting next_dagrun for iris_pipeline_dag to None, run_after=None
[2026-09-06T17:19:36.207+0000] {processor.py:208} INFO - Processing /opt/airflow/dags/ml_01_iris_pipeline-3.py took 0.101 seconds
[2026-09-06T17:20:06.859+0000] {processor.py:186} INFO - Started process (PID=751) to work on /opt/airflow/dags/ml_01_iris_pipeline-3.py
[2026-09-06T17:20:06.860+0000] {processor.py:914} INFO - Processing file /opt/airflow/dags/ml_01_iris_pipeline-3.py for tasks to queue
[2026-09-06T17:20:06.861+0000] {logging_mixin.py:190} INFO - [2026-09-06T17:20:06.861+0000] {dagbag.py:588} INFO - Filling up the DagBag from /opt/airflow/dags/ml_01_iris_pipeline-3.py
[2026-09-06T17:20:06.883+0000] {processor.py:925} INFO - DAG(s) 'iris_pipeline_dag' retrieved from /opt/airflow/dags/ml_01_iris_pipeline-3.py
[2026-09-06T17:20:06.916+0000] {logging_mixin.py:190} INFO - [2026-09-06T17:20:06.916+0000] {dag.py:3239} INFO - Sync 1 DAGs
[2026-09-06T17:20:06.938+0000] {logging_mixin.py:190} INFO - [2026-09-06T17:20:06.937+0000] {dag.py:4180} INFO - Setting next_dagrun for iris_pipeline_dag to None, run_after=None
[2026-09-06T17:20:06.973+0000] {processor.py:208} INFO - Processing /opt/airflow/dags/ml_01_iris_pipeline-3.py took 0.120 seconds
[2026-09-06T17:20:37.552+0000] {processor.py:186} INFO - Started process (PID=765) to work on /opt/airflow/dags/ml_01_iris_pipeline-3.py
[2026-09-06T17:20:37.553+0000] {processor.py:914} INFO - Processing file /opt/airflow/dags/ml_01_iris_pipeline-3.py for tasks to queue
[2026-09-06T17:20:37.554+0000] {logging_mixin.py:190} INFO - [2026-09-06T17:20:37.554+0000] {dagbag.py:588} INFO - Filling up the DagBag from /opt/airflow/dags/ml_01_iris_pipeline-3.py
[2026-09-06T17:20:37.571+0000] {processor.py:925} INFO - DAG(s) 'iris_pipeline_dag' retrieved from /opt/airflow/dags/ml_01_iris_pipeline-3.py
[2026-09-06T17:20:37.597+0000] {logging_mixin.py:190} INFO - [2026-09-06T17:20:37.597+0000] {dag.py:3239} INFO - Sync 1 DAGs
[2026-09-06T17:20:37.614+0000] {logging_mixin.py:190} INFO - [2026-09-06T17:20:37.614+0000] {dag.py:4180} INFO - Setting next_dagrun for iris_pipeline_dag to None, run_after=None
[2026-09-06T17:20:37.643+0000] {processor.py:208} INFO - Processing /opt/airflow/dags/ml_01_iris_pipeline-3.py took 0.096 seconds
[2026-09-06T17:21:08.312+0000] {processor.py:186} INFO - Started process (PID=780) to work on /opt/airflow/dags/ml_01_iris_pipeline-3.py
[2026-09-06T17:21:08.312+0000] {processor.py:914} INFO - Processing file /opt/airflow/dags/ml_01_iris_pipeline-3.py for tasks to queue
[2026-09-06T17:21:08.314+0000] {logging_mixin.py:190} INFO - [2026-09-06T17:21:08.314+0000] {dagbag.py:588} INFO - Filling up the DagBag from /opt/airflow/dags/ml_01_iris_pipeline-3.py
[2026-09-06T17:21:08.329+0000] {processor.py:925} INFO - DAG(s) 'iris_pipeline_dag' retrieved from /opt/airflow/dags/ml_01_iris_pipeline-3.py
[2026-09-06T17:21:08.356+0000] {logging_mixin.py:190} INFO - [2026-09-06T17:21:08.356+0000] {dag.py:3239} INFO - Sync 1 DAGs
[2026-09-06T17:21:08.370+0000] {logging_mixin.py:190} INFO - [2026-09-06T17:21:08.369+0000] {dag.py:4180} INFO - Setting next_dagrun for iris_pipeline_dag to None, run_after=None
[2026-09-06T17:21:08.389+0000] {processor.py:208} INFO - Processing /opt/airflow/dags/ml_01_iris_pipeline-3.py took 0.083 seconds
[2026-09-06T17:21:39.033+0000] {processor.py:186} INFO - Started process (PID=794) to work on /opt/airflow/dags/ml_01_iris_pipeline-3.py
[2026-09-06T17:21:39.036+0000] {processor.py:914} INFO - Processing file /opt/airflow/dags/ml_01_iris_pipeline-3.py for tasks to queue
[2026-09-06T17:21:39.038+0000] {logging_mixin.py:190} INFO - [2026-09-06T17:21:39.037+0000] {dagbag.py:588} INFO - Filling up the DagBag from /opt/airflow/dags/ml_01_iris_pipeline-3.py
[2026-09-06T17:21:39.053+0000] {processor.py:925} INFO - DAG(s) 'iris_pipeline_dag' retrieved from /opt/airflow/dags/ml_01_iris_pipeline-3.py
[2026-09-06T17:21:39.080+0000] {logging_mixin.py:190} INFO - [2026-09-06T17:21:39.080+0000] {dag.py:3239} INFO - Sync 1 DAGs
[2026-09-06T17:21:39.094+0000] {logging_mixin.py:190} INFO - [2026-09-06T17:21:39.093+0000] {dag.py:4180} INFO - Setting next_dagrun for iris_pipeline_dag to None, run_after=None
[2026-09-06T17:21:39.114+0000] {processor.py:208} INFO - Processing /opt/airflow/dags/ml_01_iris_pipeline-3.py took 0.087 seconds
[2026-09-06T17:22:09.682+0000] {processor.py:186} INFO - Started process (PID=808) to work on /opt/airflow/dags/ml_01_iris_pipeline-3.py
[2026-09-06T17:22:09.682+0000] {processor.py:914} INFO - Processing file /opt/airflow/dags/ml_01_iris_pipeline-3.py for tasks to queue
[2026-09-06T17:22:09.684+0000] {logging_mixin.py:190} INFO - [2026-09-06T17:22:09.683+0000] {dagbag.py:588} INFO - Filling up the DagBag from /opt/airflow/dags/ml_01_iris_pipeline-3.py
[2026-09-06T17:22:09.703+0000] {processor.py:925} INFO - DAG(s) 'iris_pipeline_dag' retrieved from /opt/airflow/dags/ml_01_iris_pipeline-3.py
[2026-09-06T17:22:09.731+0000] {logging_mixin.py:190} INFO - [2026-09-06T17:22:09.731+0000] {dag.py:3239} INFO - Sync 1 DAGs
[2026-09-06T17:22:09.749+0000] {logging_mixin.py:190} INFO - [2026-09-06T17:22:09.748+0000] {dag.py:4180} INFO - Setting next_dagrun for iris_pipeline_dag to None, run_after=None
[2026-09-06T17:22:09.773+0000] {processor.py:208} INFO - Processing /opt/airflow/dags/ml_01_iris_pipeline-3.py took 0.098 seconds
[2026-09-06T17:22:40.344+0000] {processor.py:186} INFO - Started process (PID=822) to work on /opt/airflow/dags/ml_01_iris_pipeline-3.py
[2026-09-06T17:22:40.345+0000] {processor.py:914} INFO - Processing file /opt/airflow/dags/ml_01_iris_pipeline-3.py for tasks to queue
[2026-09-06T17:22:40.346+0000] {logging_mixin.py:190} INFO - [2026-09-06T17:22:40.346+0000] {dagbag.py:588} INFO - Filling up the DagBag from /opt/airflow/dags/ml_01_iris_pipeline-3.py
[2026-09-06T17:22:40.360+0000] {processor.py:925} INFO - DAG(s) 'iris_pipeline_dag' retrieved from /opt/airflow/dags/ml_01_iris_pipeline-3.py
[2026-09-06T17:22:40.388+0000] {logging_mixin.py:190} INFO - [2026-09-06T17:22:40.388+0000] {dag.py:3239} INFO - Sync 1 DAGs
[2026-09-06T17:22:40.408+0000] {logging_mixin.py:190} INFO - [2026-09-06T17:22:40.407+0000] {dag.py:4180} INFO - Setting next_dagrun for iris_pipeline_dag to None, run_after=None
[2026-09-06T17:22:40.430+0000] {processor.py:208} INFO - Processing /opt/airflow/dags/ml_01_iris_pipeline-3.py took 0.092 seconds
[2026-09-06T17:23:11.035+0000] {processor.py:186} INFO - Started process (PID=836) to work on /opt/airflow/dags/ml_01_iris_pipeline-3.py
[2026-09-06T17:23:11.038+0000] {processor.py:914} INFO - Processing file /opt/airflow/dags/ml_01_iris_pipeline-3.py for tasks to queue
[2026-09-06T17:23:11.040+0000] {logging_mixin.py:190} INFO - [2026-09-06T17:23:11.040+0000] {dagbag.py:588} INFO - Filling up the DagBag from /opt/airflow/dags/ml_01_iris_pipeline-3.py
[2026-09-06T17:23:11.059+0000] {processor.py:925} INFO - DAG(s) 'iris_pipeline_dag' retrieved from /opt/airflow/dags/ml_01_iris_pipeline-3.py
[2026-09-06T17:23:11.087+0000] {logging_mixin.py:190} INFO - [2026-09-06T17:23:11.087+0000] {dag.py:3239} INFO - Sync 1 DAGs
[2026-09-06T17:23:11.101+0000] {logging_mixin.py:190} INFO - [2026-09-06T17:23:11.100+0000] {dag.py:4180} INFO - Setting next_dagrun for iris_pipeline_dag to None, run_after=None
[2026-09-06T17:23:11.121+0000] {processor.py:208} INFO - Processing /opt/airflow/dags/ml_01_iris_pipeline-3.py took 0.093 seconds
[2026-09-06T17:23:41.195+0000] {processor.py:186} INFO - Started process (PID=850) to work on /opt/airflow/dags/ml_01_iris_pipeline-3.py
[2026-09-06T17:23:41.196+0000] {processor.py:914} INFO - Processing file /opt/airflow/dags/ml_01_iris_pipeline-3.py for tasks to queue
[2026-09-06T17:23:41.197+0000] {logging_mixin.py:190} INFO - [2026-09-06T17:23:41.197+0000] {dagbag.py:588} INFO - Filling up the DagBag from /opt/airflow/dags/ml_01_iris_pipeline-3.py
[2026-09-06T17:23:41.214+0000] {processor.py:925} INFO - DAG(s) 'iris_pipeline_dag' retrieved from /opt/airflow/dags/ml_01_iris_pipeline-3.py
[2026-09-06T17:23:41.241+0000] {logging_mixin.py:190} INFO - [2026-09-06T17:23:41.240+0000] {dag.py:3239} INFO - Sync 1 DAGs
[2026-09-06T17:23:41.255+0000] {logging_mixin.py:190} INFO - [2026-09-06T17:23:41.254+0000] {dag.py:4180} INFO - Setting next_dagrun for iris_pipeline_dag to None, run_after=None
[2026-09-06T17:23:41.274+0000] {processor.py:208} INFO - Processing /opt/airflow/dags/ml_01_iris_pipeline-3.py took 0.084 seconds
[2026-09-06T17:24:11.849+0000] {processor.py:186} INFO - Started process (PID=864) to work on /opt/airflow/dags/ml_01_iris_pipeline-3.py
[2026-09-06T17:24:11.849+0000] {processor.py:914} INFO - Processing file /opt/airflow/dags/ml_01_iris_pipeline-3.py for tasks to queue
[2026-09-06T17:24:11.851+0000] {logging_mixin.py:190} INFO - [2026-09-06T17:24:11.850+0000] {dagbag.py:588} INFO - Filling up the DagBag from /opt/airflow/dags/ml_01_iris_pipeline-3.py
[2026-09-06T17:24:11.872+0000] {processor.py:925} INFO - DAG(s) 'iris_pipeline_dag' retrieved from /opt/airflow/dags/ml_01_iris_pipeline-3.py
[2026-09-06T17:24:11.906+0000] {logging_mixin.py:190} INFO - [2026-09-06T17:24:11.905+0000] {dag.py:3239} INFO - Sync 1 DAGs
[2026-09-06T17:24:11.921+0000] {logging_mixin.py:190} INFO - [2026-09-06T17:24:11.921+0000] {dag.py:4180} INFO - Setting next_dagrun for iris_pipeline_dag to None, run_after=None
[2026-09-06T17:24:11.944+0000] {processor.py:208} INFO - Processing /opt/airflow/dags/ml_01_iris_pipeline-3.py took 0.101 seconds
[2026-09-06T17:24:42.636+0000] {processor.py:186} INFO - Started process (PID=879) to work on /opt/airflow/dags/ml_01_iris_pipeline-3.py
[2026-09-06T17:24:42.637+0000] {processor.py:914} INFO - Processing file /opt/airflow/dags/ml_01_iris_pipeline-3.py for tasks to queue
[2026-09-06T17:24:42.639+0000] {logging_mixin.py:190} INFO - [2026-09-06T17:24:42.639+0000] {dagbag.py:588} INFO - Filling up the DagBag from /opt/airflow/dags/ml_01_iris_pipeline-3.py
[2026-09-06T17:24:42.674+0000] {processor.py:925} INFO - DAG(s) 'iris_pipeline_dag' retrieved from /opt/airflow/dags/ml_01_iris_pipeline-3.py
[2026-09-06T17:24:42.735+0000] {logging_mixin.py:190} INFO - [2026-09-06T17:24:42.735+0000] {dag.py:3239} INFO - Sync 1 DAGs
[2026-09-06T17:24:42.762+0000] {logging_mixin.py:190} INFO - [2026-09-06T17:24:42.762+0000] {dag.py:4180} INFO - Setting next_dagrun for iris_pipeline_dag to None, run_after=None
[2026-09-06T17:24:42.794+0000] {processor.py:208} INFO - Processing /opt/airflow/dags/ml_01_iris_pipeline-3.py took 0.164 seconds
[2026-09-06T17:25:13.508+0000] {processor.py:186} INFO - Started process (PID=893) to work on /opt/airflow/dags/ml_01_iris_pipeline-3.py
[2026-09-06T17:25:13.509+0000] {processor.py:914} INFO - Processing file /opt/airflow/dags/ml_01_iris_pipeline-3.py for tasks to queue
[2026-09-06T17:25:13.510+0000] {logging_mixin.py:190} INFO - [2026-09-06T17:25:13.510+0000] {dagbag.py:588} INFO - Filling up the DagBag from /opt/airflow/dags/ml_01_iris_pipeline-3.py
[2026-09-06T17:25:13.526+0000] {processor.py:925} INFO - DAG(s) 'iris_pipeline_dag' retrieved from /opt/airflow/dags/ml_01_iris_pipeline-3.py
[2026-09-06T17:25:13.553+0000] {logging_mixin.py:190} INFO - [2026-09-06T17:25:13.553+0000] {dag.py:3239} INFO - Sync 1 DAGs
[2026-09-06T17:25:13.566+0000] {logging_mixin.py:190} INFO - [2026-09-06T17:25:13.565+0000] {dag.py:4180} INFO - Setting next_dagrun for iris_pipeline_dag to None, run_after=None
[2026-09-06T17:25:13.593+0000] {processor.py:208} INFO - Processing /opt/airflow/dags/ml_01_iris_pipeline-3.py took 0.091 seconds
[2026-09-06T17:25:44.321+0000] {processor.py:186} INFO - Started process (PID=907) to work on /opt/airflow/dags/ml_01_iris_pipeline-3.py
[2026-09-06T17:25:44.322+0000] {processor.py:914} INFO - Processing file /opt/airflow/dags/ml_01_iris_pipeline-3.py for tasks to queue
[2026-09-06T17:25:44.323+0000] {logging_mixin.py:190} INFO - [2026-09-06T17:25:44.323+0000] {dagbag.py:588} INFO - Filling up the DagBag from /opt/airflow/dags/ml_01_iris_pipeline-3.py
[2026-09-06T17:25:44.341+0000] {processor.py:925} INFO - DAG(s) 'iris_pipeline_dag' retrieved from /opt/airflow/dags/ml_01_iris_pipeline-3.py
[2026-09-06T17:25:44.366+0000] {logging_mixin.py:190} INFO - [2026-09-06T17:25:44.366+0000] {dag.py:3239} INFO - Sync 1 DAGs
[2026-09-06T17:25:44.382+0000] {logging_mixin.py:190} INFO - [2026-09-06T17:25:44.382+0000] {dag.py:4180} INFO - Setting next_dagrun for iris_pipeline_dag to None, run_after=None
[2026-09-06T17:25:44.400+0000] {processor.py:208} INFO - Processing /opt/airflow/dags/ml_01_iris_pipeline-3.py took 0.085 seconds
[2026-09-06T17:26:14.965+0000] {processor.py:186} INFO - Started process (PID=921) to work on /opt/airflow/dags/ml_01_iris_pipeline-3.py
[2026-09-06T17:26:14.965+0000] {processor.py:914} INFO - Processing file /opt/airflow/dags/ml_01_iris_pipeline-3.py for tasks to queue
[2026-09-06T17:26:14.967+0000] {logging_mixin.py:190} INFO - [2026-09-06T17:26:14.966+0000] {dagbag.py:588} INFO - Filling up the DagBag from /opt/airflow/dags/ml_01_iris_pipeline-3.py
[2026-09-06T17:26:14.988+0000] {processor.py:925} INFO - DAG(s) 'iris_pipeline_dag' retrieved from /opt/airflow/dags/ml_01_iris_pipeline-3.py
[2026-09-06T17:26:15.020+0000] {logging_mixin.py:190} INFO - [2026-09-06T17:26:15.020+0000] {dag.py:3239} INFO - Sync 1 DAGs
[2026-09-06T17:26:15.039+0000] {logging_mixin.py:190} INFO - [2026-09-06T17:26:15.039+0000] {dag.py:4180} INFO - Setting next_dagrun for iris_pipeline_dag to None, run_after=None
[2026-09-06T17:26:15.059+0000] {processor.py:208} INFO - Processing /opt/airflow/dags/ml_01_iris_pipeline-3.py took 0.100 seconds
[2026-09-06T17:26:45.806+0000] {processor.py:186} INFO - Started process (PID=935) to work on /opt/airflow/dags/ml_01_iris_pipeline-3.py
[2026-09-06T17:26:45.807+0000] {processor.py:914} INFO - Processing file /opt/airflow/dags/ml_01_iris_pipeline-3.py for tasks to queue
[2026-09-06T17:26:45.809+0000] {logging_mixin.py:190} INFO - [2026-09-06T17:26:45.808+0000] {dagbag.py:588} INFO - Filling up the DagBag from /opt/airflow/dags/ml_01_iris_pipeline-3.py
[2026-09-06T17:26:45.846+0000] {processor.py:925} INFO - DAG(s) 'iris_pipeline_dag' retrieved from /opt/airflow/dags/ml_01_iris_pipeline-3.py
[2026-09-06T17:26:45.908+0000] {logging_mixin.py:190} INFO - [2026-09-06T17:26:45.907+0000] {dag.py:3239} INFO - Sync 1 DAGs
[2026-09-06T17:26:45.928+0000] {logging_mixin.py:190} INFO - [2026-09-06T17:26:45.928+0000] {dag.py:4180} INFO - Setting next_dagrun for iris_pipeline_dag to None, run_after=None
[2026-09-06T17:26:45.951+0000] {processor.py:208} INFO - Processing /opt/airflow/dags/ml_01_iris_pipeline-3.py took 0.152 seconds
[2026-09-06T17:27:16.571+0000] {processor.py:186} INFO - Started process (PID=949) to work on /opt/airflow/dags/ml_01_iris_pipeline-3.py
[2026-09-06T17:27:16.572+0000] {processor.py:914} INFO - Processing file /opt/airflow/dags/ml_01_iris_pipeline-3.py for tasks to queue
[2026-09-06T17:27:16.573+0000] {logging_mixin.py:190} INFO - [2026-09-06T17:27:16.573+0000] {dagbag.py:588} INFO - Filling up the DagBag from /opt/airflow/dags/ml_01_iris_pipeline-3.py
[2026-09-06T17:27:16.588+0000] {processor.py:925} INFO - DAG(s) 'iris_pipeline_dag' retrieved from /opt/airflow/dags/ml_01_iris_pipeline-3.py
[2026-09-06T17:27:16.613+0000] {logging_mixin.py:190} INFO - [2026-09-06T17:27:16.613+0000] {dag.py:3239} INFO - Sync 1 DAGs
[2026-09-06T17:27:16.625+0000] {logging_mixin.py:190} INFO - [2026-09-06T17:27:16.625+0000] {dag.py:4180} INFO - Setting next_dagrun for iris_pipeline_dag to None, run_after=None
[2026-09-06T17:27:16.647+0000] {processor.py:208} INFO - Processing /opt/airflow/dags/ml_01_iris_pipeline-3.py took 0.081 seconds
[2026-09-06T17:27:46.882+0000] {processor.py:186} INFO - Started process (PID=963) to work on /opt/airflow/dags/ml_01_iris_pipeline-3.py
[2026-09-06T17:27:46.883+0000] {processor.py:914} INFO - Processing file /opt/airflow/dags/ml_01_iris_pipeline-3.py for tasks to queue
[2026-09-06T17:27:46.884+0000] {logging_mixin.py:190} INFO - [2026-09-06T17:27:46.884+0000] {dagbag.py:588} INFO - Filling up the DagBag from /opt/airflow/dags/ml_01_iris_pipeline-3.py
[2026-09-06T17:27:46.903+0000] {processor.py:925} INFO - DAG(s) 'iris_pipeline_dag' retrieved from /opt/airflow/dags/ml_01_iris_pipeline-3.py
[2026-09-06T17:27:46.933+0000] {logging_mixin.py:190} INFO - [2026-09-06T17:27:46.933+0000] {dag.py:3239} INFO - Sync 1 DAGs
[2026-09-06T17:27:46.949+0000] {logging_mixin.py:190} INFO - [2026-09-06T17:27:46.949+0000] {dag.py:4180} INFO - Setting next_dagrun for iris_pipeline_dag to None, run_after=None
[2026-09-06T17:27:46.973+0000] {processor.py:208} INFO - Processing /opt/airflow/dags/ml_01_iris_pipeline-3.py took 0.095 seconds
[2026-09-06T17:28:17.626+0000] {processor.py:186} INFO - Started process (PID=977) to work on /opt/airflow/dags/ml_01_iris_pipeline-3.py
[2026-09-06T17:28:17.627+0000] {processor.py:914} INFO - Processing file /opt/airflow/dags/ml_01_iris_pipeline-3.py for tasks to queue
[2026-09-06T17:28:17.628+0000] {logging_mixin.py:190} INFO - [2026-09-06T17:28:17.628+0000] {dagbag.py:588} INFO - Filling up the DagBag from /opt/airflow/dags/ml_01_iris_pipeline-3.py
[2026-09-06T17:28:17.650+0000] {processor.py:925} INFO - DAG(s) 'iris_pipeline_dag' retrieved from /opt/airflow/dags/ml_01_iris_pipeline-3.py
[2026-09-06T17:28:17.679+0000] {logging_mixin.py:190} INFO - [2026-09-06T17:28:17.679+0000] {dag.py:3239} INFO - Sync 1 DAGs
[2026-09-06T17:28:17.693+0000] {logging_mixin.py:190} INFO - [2026-09-06T17:28:17.693+0000] {dag.py:4180} INFO - Setting next_dagrun for iris_pipeline_dag to None, run_after=None
[2026-09-06T17:28:17.716+0000] {processor.py:208} INFO - Processing /opt/airflow/dags/ml_01_iris_pipeline-3.py took 0.096 seconds
[2026-09-06T17:28:48.030+0000] {processor.py:186} INFO - Started process (PID=991) to work on /opt/airflow/dags/ml_01_iris_pipeline-3.py
[2026-09-06T17:28:48.033+0000] {processor.py:914} INFO - Processing file /opt/airflow/dags/ml_01_iris_pipeline-3.py for tasks to queue
[2026-09-06T17:28:48.035+0000] {logging_mixin.py:190} INFO - [2026-09-06T17:28:48.035+0000] {dagbag.py:588} INFO - Filling up the DagBag from /opt/airflow/dags/ml_01_iris_pipeline-3.py
[2026-09-06T17:28:48.051+0000] {processor.py:925} INFO - DAG(s) 'iris_pipeline_dag' retrieved from /opt/airflow/dags/ml_01_iris_pipeline-3.py
[2026-09-06T17:28:48.083+0000] {logging_mixin.py:190} INFO - [2026-09-06T17:28:48.083+0000] {dag.py:3239} INFO - Sync 1 DAGs
[2026-09-06T17:28:48.100+0000] {logging_mixin.py:190} INFO - [2026-09-06T17:28:48.100+0000] {dag.py:4180} INFO - Setting next_dagrun for iris_pipeline_dag to None, run_after=None
[2026-09-06T17:28:48.131+0000] {processor.py:208} INFO - Processing /opt/airflow/dags/ml_01_iris_pipeline-3.py took 0.106 seconds
[2026-09-06T17:29:18.687+0000] {processor.py:186} INFO - Started process (PID=1005) to work on /opt/airflow/dags/ml_01_iris_pipeline-3.py
[2026-09-06T17:29:18.688+0000] {processor.py:914} INFO - Processing file /opt/airflow/dags/ml_01_iris_pipeline-3.py for tasks to queue
[2026-09-06T17:29:18.689+0000] {logging_mixin.py:190} INFO - [2026-09-06T17:29:18.689+0000] {dagbag.py:588} INFO - Filling up the DagBag from /opt/airflow/dags/ml_01_iris_pipeline-3.py
[2026-09-06T17:29:18.706+0000] {processor.py:925} INFO - DAG(s) 'iris_pipeline_dag' retrieved from /opt/airflow/dags/ml_01_iris_pipeline-3.py
[2026-09-06T17:29:18.731+0000] {logging_mixin.py:190} INFO - [2026-09-06T17:29:18.731+0000] {dag.py:3239} INFO - Sync 1 DAGs
[2026-09-06T17:29:18.744+0000] {logging_mixin.py:190} INFO - [2026-09-06T17:29:18.744+0000] {dag.py:4180} INFO - Setting next_dagrun for iris_pipeline_dag to None, run_after=None
[2026-09-06T17:29:18.762+0000] {processor.py:208} INFO - Processing /opt/airflow/dags/ml_01_iris_pipeline-3.py took 0.080 seconds
[2026-09-06T17:29:48.985+0000] {processor.py:186} INFO - Started process (PID=1019) to work on /opt/airflow/dags/ml_01_iris_pipeline-3.py
[2026-09-06T17:29:48.986+0000] {processor.py:914} INFO - Processing file /opt/airflow/dags/ml_01_iris_pipeline-3.py for tasks to queue
[2026-09-06T17:29:48.988+0000] {logging_mixin.py:190} INFO - [2026-09-06T17:29:48.987+0000] {dagbag.py:588} INFO - Filling up the DagBag from /opt/airflow/dags/ml_01_iris_pipeline-3.py
[2026-09-06T17:29:49.007+0000] {processor.py:925} INFO - DAG(s) 'iris_pipeline_dag' retrieved from /opt/airflow/dags/ml_01_iris_pipeline-3.py
[2026-09-06T17:29:49.041+0000] {logging_mixin.py:190} INFO - [2026-09-06T17:29:49.040+0000] {dag.py:3239} INFO - Sync 1 DAGs
[2026-09-06T17:29:49.057+0000] {logging_mixin.py:190} INFO - [2026-09-06T17:29:49.056+0000] {dag.py:4180} INFO - Setting next_dagrun for iris_pipeline_dag to None, run_after=None
[2026-09-06T17:29:49.081+0000] {processor.py:208} INFO - Processing /opt/airflow/dags/ml_01_iris_pipeline-3.py took 0.102 seconds
[2026-09-06T17:30:19.222+0000] {processor.py:186} INFO - Started process (PID=1034) to work on /opt/airflow/dags/ml_01_iris_pipeline-3.py
[2026-09-06T17:30:19.223+0000] {processor.py:914} INFO - Processing file /opt/airflow/dags/ml_01_iris_pipeline-3.py for tasks to queue
[2026-09-06T17:30:19.225+0000] {logging_mixin.py:190} INFO - [2026-09-06T17:30:19.224+0000] {dagbag.py:588} INFO - Filling up the DagBag from /opt/airflow/dags/ml_01_iris_pipeline-3.py
[2026-09-06T17:30:19.260+0000] {processor.py:925} INFO - DAG(s) 'iris_pipeline_dag' retrieved from /opt/airflow/dags/ml_01_iris_pipeline-3.py
[2026-09-06T17:30:19.313+0000] {logging_mixin.py:190} INFO - [2026-09-06T17:30:19.313+0000] {dag.py:3239} INFO - Sync 1 DAGs
[2026-09-06T17:30:19.337+0000] {logging_mixin.py:190} INFO - [2026-09-06T17:30:19.337+0000] {dag.py:4180} INFO - Setting next_dagrun for iris_pipeline_dag to None, run_after=None
[2026-09-06T17:30:19.388+0000] {processor.py:208} INFO - Processing /opt/airflow/dags/ml_01_iris_pipeline-3.py took 0.175 seconds
[2026-09-06T17:48:25.351+0000] {processor.py:186} INFO - Started process (PID=105) to work on /opt/airflow/dags/ml_01_iris_pipeline-3.py
[2026-09-06T17:48:25.352+0000] {processor.py:914} INFO - Processing file /opt/airflow/dags/ml_01_iris_pipeline-3.py for tasks to queue
[2026-09-06T17:48:25.354+0000] {logging_mixin.py:190} INFO - [2026-09-06T17:48:25.353+0000] {dagbag.py:588} INFO - Filling up the DagBag from /opt/airflow/dags/ml_01_iris_pipeline-3.py
[2026-09-06T17:48:25.382+0000] {processor.py:925} INFO - DAG(s) 'iris_pipeline_dag' retrieved from /opt/airflow/dags/ml_01_iris_pipeline-3.py
[2026-09-06T17:48:25.521+0000] {logging_mixin.py:190} INFO - [2026-09-06T17:48:25.520+0000] {override.py:1911} INFO - Created Permission View: can delete on DAG:iris_pipeline_dag
[2026-09-06T17:48:25.536+0000] {logging_mixin.py:190} INFO - [2026-09-06T17:48:25.536+0000] {override.py:1911} INFO - Created Permission View: can read on DAG:iris_pipeline_dag
[2026-09-06T17:48:25.548+0000] {logging_mixin.py:190} INFO - [2026-09-06T17:48:25.548+0000] {override.py:1911} INFO - Created Permission View: can edit on DAG:iris_pipeline_dag
[2026-09-06T17:48:25.562+0000] {logging_mixin.py:190} INFO - [2026-09-06T17:48:25.561+0000] {override.py:1911} INFO - Created Permission View: can create on DAG Run:iris_pipeline_dag
[2026-09-06T17:48:25.574+0000] {logging_mixin.py:190} INFO - [2026-09-06T17:48:25.573+0000] {override.py:1911} INFO - Created Permission View: menu access on DAG Run:iris_pipeline_dag
[2026-09-06T17:48:25.585+0000] {logging_mixin.py:190} INFO - [2026-09-06T17:48:25.584+0000] {override.py:1911} INFO - Created Permission View: can read on DAG Run:iris_pipeline_dag
[2026-09-06T17:48:25.594+0000] {logging_mixin.py:190} INFO - [2026-09-06T17:48:25.593+0000] {override.py:1911} INFO - Created Permission View: can delete on DAG Run:iris_pipeline_dag
[2026-09-06T17:48:25.594+0000] {logging_mixin.py:190} INFO - [2026-09-06T17:48:25.594+0000] {dag.py:3239} INFO - Sync 1 DAGs
[2026-09-06T17:48:25.613+0000] {logging_mixin.py:190} INFO - [2026-09-06T17:48:25.613+0000] {dag.py:3262} INFO - Creating ORM DAG for iris_pipeline_dag
[2026-09-06T17:48:25.614+0000] {logging_mixin.py:190} INFO - [2026-09-06T17:48:25.614+0000] {dag.py:4180} INFO - Setting next_dagrun for iris_pipeline_dag to None, run_after=None
[2026-09-06T17:48:25.644+0000] {processor.py:208} INFO - Processing /opt/airflow/dags/ml_01_iris_pipeline-3.py took 0.298 seconds
[2026-09-06T17:48:56.095+0000] {processor.py:186} INFO - Started process (PID=119) to work on /opt/airflow/dags/ml_01_iris_pipeline-3.py
[2026-09-06T17:48:56.096+0000] {processor.py:914} INFO - Processing file /opt/airflow/dags/ml_01_iris_pipeline-3.py for tasks to queue
[2026-09-06T17:48:56.098+0000] {logging_mixin.py:190} INFO - [2026-09-06T17:48:56.097+0000] {dagbag.py:588} INFO - Filling up the DagBag from /opt/airflow/dags/ml_01_iris_pipeline-3.py
[2026-09-06T17:48:56.126+0000] {processor.py:925} INFO - DAG(s) 'iris_pipeline_dag' retrieved from /opt/airflow/dags/ml_01_iris_pipeline-3.py
[2026-09-06T17:48:56.155+0000] {logging_mixin.py:190} INFO - [2026-09-06T17:48:56.155+0000] {dag.py:3239} INFO - Sync 1 DAGs
[2026-09-06T17:48:56.174+0000] {logging_mixin.py:190} INFO - [2026-09-06T17:48:56.174+0000] {dag.py:4180} INFO - Setting next_dagrun for iris_pipeline_dag to None, run_after=None
[2026-09-06T17:48:56.207+0000] {processor.py:208} INFO - Processing /opt/airflow/dags/ml_01_iris_pipeline-3.py took 0.118 seconds
[2026-09-06T17:49:27.194+0000] {processor.py:186} INFO - Started process (PID=139) to work on /opt/airflow/dags/ml_01_iris_pipeline-3.py
[2026-09-06T17:49:27.195+0000] {processor.py:914} INFO - Processing file /opt/airflow/dags/ml_01_iris_pipeline-3.py for tasks to queue
[2026-09-06T17:49:27.196+0000] {logging_mixin.py:190} INFO - [2026-09-06T17:49:27.196+0000] {dagbag.py:588} INFO - Filling up the DagBag from /opt/airflow/dags/ml_01_iris_pipeline-3.py
[2026-09-06T17:49:27.221+0000] {processor.py:925} INFO - DAG(s) 'iris_pipeline_dag' retrieved from /opt/airflow/dags/ml_01_iris_pipeline-3.py
[2026-09-06T17:49:27.249+0000] {logging_mixin.py:190} INFO - [2026-09-06T17:49:27.248+0000] {dag.py:3239} INFO - Sync 1 DAGs
[2026-09-06T17:49:27.268+0000] {logging_mixin.py:190} INFO - [2026-09-06T17:49:27.268+0000] {dag.py:4180} INFO - Setting next_dagrun for iris_pipeline_dag to None, run_after=None
[2026-09-06T17:49:27.303+0000] {processor.py:208} INFO - Processing /opt/airflow/dags/ml_01_iris_pipeline-3.py took 0.117 seconds
[2026-09-06T17:49:58.456+0000] {processor.py:186} INFO - Started process (PID=153) to work on /opt/airflow/dags/ml_01_iris_pipeline-3.py
[2026-09-06T17:49:58.457+0000] {processor.py:914} INFO - Processing file /opt/airflow/dags/ml_01_iris_pipeline-3.py for tasks to queue
[2026-09-06T17:49:58.458+0000] {logging_mixin.py:190} INFO - [2026-09-06T17:49:58.458+0000] {dagbag.py:588} INFO - Filling up the DagBag from /opt/airflow/dags/ml_01_iris_pipeline-3.py
[2026-09-06T17:49:58.475+0000] {processor.py:925} INFO - DAG(s) 'iris_pipeline_dag' retrieved from /opt/airflow/dags/ml_01_iris_pipeline-3.py
[2026-09-06T17:49:58.500+0000] {logging_mixin.py:190} INFO - [2026-09-06T17:49:58.500+0000] {dag.py:3239} INFO - Sync 1 DAGs
[2026-09-06T17:49:58.707+0000] {logging_mixin.py:190} INFO - [2026-09-06T17:49:58.706+0000] {dag.py:4180} INFO - Setting next_dagrun for iris_pipeline_dag to None, run_after=None
[2026-09-06T17:49:58.727+0000] {processor.py:208} INFO - Processing /opt/airflow/dags/ml_01_iris_pipeline-3.py took 0.276 seconds
[2026-09-06T17:50:29.264+0000] {processor.py:186} INFO - Started process (PID=167) to work on /opt/airflow/dags/ml_01_iris_pipeline-3.py
[2026-09-06T17:50:29.265+0000] {processor.py:914} INFO - Processing file /opt/airflow/dags/ml_01_iris_pipeline-3.py for tasks to queue
[2026-09-06T17:50:29.266+0000] {logging_mixin.py:190} INFO - [2026-09-06T17:50:29.266+0000] {dagbag.py:588} INFO - Filling up the DagBag from /opt/airflow/dags/ml_01_iris_pipeline-3.py
[2026-09-06T17:50:29.401+0000] {processor.py:925} INFO - DAG(s) 'iris_pipeline_dag' retrieved from /opt/airflow/dags/ml_01_iris_pipeline-3.py
[2026-09-06T17:50:29.425+0000] {logging_mixin.py:190} INFO - [2026-09-06T17:50:29.425+0000] {dag.py:3239} INFO - Sync 1 DAGs
[2026-09-06T17:50:29.435+0000] {logging_mixin.py:190} INFO - [2026-09-06T17:50:29.435+0000] {dag.py:4180} INFO - Setting next_dagrun for iris_pipeline_dag to None, run_after=None
[2026-09-06T17:50:29.452+0000] {processor.py:208} INFO - Processing /opt/airflow/dags/ml_01_iris_pipeline-3.py took 0.192 seconds
[2026-09-06T17:50:59.884+0000] {processor.py:186} INFO - Started process (PID=180) to work on /opt/airflow/dags/ml_01_iris_pipeline-3.py
[2026-09-06T17:50:59.884+0000] {processor.py:914} INFO - Processing file /opt/airflow/dags/ml_01_iris_pipeline-3.py for tasks to queue
[2026-09-06T17:50:59.886+0000] {logging_mixin.py:190} INFO - [2026-09-06T17:50:59.886+0000] {dagbag.py:588} INFO - Filling up the DagBag from /opt/airflow/dags/ml_01_iris_pipeline-3.py
[2026-09-06T17:50:59.904+0000] {processor.py:925} INFO - DAG(s) 'iris_pipeline_dag' retrieved from /opt/airflow/dags/ml_01_iris_pipeline-3.py
[2026-09-06T17:50:59.932+0000] {logging_mixin.py:190} INFO - [2026-09-06T17:50:59.932+0000] {dag.py:3239} INFO - Sync 1 DAGs
[2026-09-06T17:50:59.952+0000] {logging_mixin.py:190} INFO - [2026-09-06T17:50:59.951+0000] {dag.py:4180} INFO - Setting next_dagrun for iris_pipeline_dag to None, run_after=None
[2026-09-06T17:50:59.972+0000] {processor.py:208} INFO - Processing /opt/airflow/dags/ml_01_iris_pipeline-3.py took 0.095 seconds
[2026-09-06T17:51:33.594+0000] {processor.py:186} INFO - Started process (PID=195) to work on /opt/airflow/dags/ml_01_iris_pipeline-3.py
[2026-09-06T17:51:33.595+0000] {processor.py:914} INFO - Processing file /opt/airflow/dags/ml_01_iris_pipeline-3.py for tasks to queue
[2026-09-06T17:51:33.596+0000] {logging_mixin.py:190} INFO - [2026-09-06T17:51:33.596+0000] {dagbag.py:588} INFO - Filling up the DagBag from /opt/airflow/dags/ml_01_iris_pipeline-3.py
[2026-09-06T17:51:33.614+0000] {processor.py:925} INFO - DAG(s) 'iris_pipeline_dag' retrieved from /opt/airflow/dags/ml_01_iris_pipeline-3.py
[2026-09-06T17:51:33.645+0000] {logging_mixin.py:190} INFO - [2026-09-06T17:51:33.645+0000] {dag.py:3239} INFO - Sync 1 DAGs
[2026-09-06T17:51:33.659+0000] {logging_mixin.py:190} INFO - [2026-09-06T17:51:33.658+0000] {dag.py:4180} INFO - Setting next_dagrun for iris_pipeline_dag to None, run_after=None
[2026-09-06T17:51:35.049+0000] {processor.py:208} INFO - Processing /opt/airflow/dags/ml_01_iris_pipeline-3.py took 1.460 seconds
[2026-09-06T17:52:05.328+0000] {processor.py:186} INFO - Started process (PID=209) to work on /opt/airflow/dags/ml_01_iris_pipeline-3.py
[2026-09-06T17:52:05.329+0000] {processor.py:914} INFO - Processing file /opt/airflow/dags/ml_01_iris_pipeline-3.py for tasks to queue
[2026-09-06T17:52:05.330+0000] {logging_mixin.py:190} INFO - [2026-09-06T17:52:05.329+0000] {dagbag.py:588} INFO - Filling up the DagBag from /opt/airflow/dags/ml_01_iris_pipeline-3.py
[2026-09-06T17:52:05.346+0000] {processor.py:925} INFO - DAG(s) 'iris_pipeline_dag' retrieved from /opt/airflow/dags/ml_01_iris_pipeline-3.py
[2026-09-06T17:52:05.377+0000] {logging_mixin.py:190} INFO - [2026-09-06T17:52:05.377+0000] {dag.py:3239} INFO - Sync 1 DAGs
[2026-09-06T17:52:05.393+0000] {logging_mixin.py:190} INFO - [2026-09-06T17:52:05.393+0000] {dag.py:4180} INFO - Setting next_dagrun for iris_pipeline_dag to None, run_after=None
[2026-09-06T17:52:05.417+0000] {processor.py:208} INFO - Processing /opt/airflow/dags/ml_01_iris_pipeline-3.py took 0.096 seconds
[2026-09-06T17:52:36.029+0000] {processor.py:186} INFO - Started process (PID=223) to work on /opt/airflow/dags/ml_01_iris_pipeline-3.py
[2026-09-06T17:52:36.030+0000] {processor.py:914} INFO - Processing file /opt/airflow/dags/ml_01_iris_pipeline-3.py for tasks to queue
[2026-09-06T17:52:36.031+0000] {logging_mixin.py:190} INFO - [2026-09-06T17:52:36.030+0000] {dagbag.py:588} INFO - Filling up the DagBag from /opt/airflow/dags/ml_01_iris_pipeline-3.py
[2026-09-06T17:52:36.049+0000] {processor.py:925} INFO - DAG(s) 'iris_pipeline_dag' retrieved from /opt/airflow/dags/ml_01_iris_pipeline-3.py
[2026-09-06T17:52:36.075+0000] {logging_mixin.py:190} INFO - [2026-09-06T17:52:36.074+0000] {dag.py:3239} INFO - Sync 1 DAGs
[2026-09-06T17:52:36.088+0000] {logging_mixin.py:190} INFO - [2026-09-06T17:52:36.087+0000] {dag.py:4180} INFO - Setting next_dagrun for iris_pipeline_dag to None, run_after=None
[2026-09-06T17:52:36.113+0000] {processor.py:208} INFO - Processing /opt/airflow/dags/ml_01_iris_pipeline-3.py took 0.090 seconds
[2026-09-06T17:53:06.714+0000] {processor.py:186} INFO - Started process (PID=237) to work on /opt/airflow/dags/ml_01_iris_pipeline-3.py
[2026-09-06T17:53:06.714+0000] {processor.py:914} INFO - Processing file /opt/airflow/dags/ml_01_iris_pipeline-3.py for tasks to queue
[2026-09-06T17:53:06.715+0000] {logging_mixin.py:190} INFO - [2026-09-06T17:53:06.715+0000] {dagbag.py:588} INFO - Filling up the DagBag from /opt/airflow/dags/ml_01_iris_pipeline-3.py
[2026-09-06T17:53:06.733+0000] {processor.py:925} INFO - DAG(s) 'iris_pipeline_dag' retrieved from /opt/airflow/dags/ml_01_iris_pipeline-3.py
[2026-09-06T17:53:06.762+0000] {logging_mixin.py:190} INFO - [2026-09-06T17:53:06.762+0000] {dag.py:3239} INFO - Sync 1 DAGs
[2026-09-06T17:53:06.779+0000] {logging_mixin.py:190} INFO - [2026-09-06T17:53:06.778+0000] {dag.py:4180} INFO - Setting next_dagrun for iris_pipeline_dag to None, run_after=None
[2026-09-06T17:53:06.798+0000] {processor.py:208} INFO - Processing /opt/airflow/dags/ml_01_iris_pipeline-3.py took 0.091 seconds
[2026-09-06T17:53:37.388+0000] {processor.py:186} INFO - Started process (PID=251) to work on /opt/airflow/dags/ml_01_iris_pipeline-3.py
[2026-09-06T17:53:37.388+0000] {processor.py:914} INFO - Processing file /opt/airflow/dags/ml_01_iris_pipeline-3.py for tasks to queue
[2026-09-06T17:53:37.390+0000] {logging_mixin.py:190} INFO - [2026-09-06T17:53:37.389+0000] {dagbag.py:588} INFO - Filling up the DagBag from /opt/airflow/dags/ml_01_iris_pipeline-3.py
[2026-09-06T17:53:37.411+0000] {processor.py:925} INFO - DAG(s) 'iris_pipeline_dag' retrieved from /opt/airflow/dags/ml_01_iris_pipeline-3.py
[2026-09-06T17:53:37.444+0000] {logging_mixin.py:190} INFO - [2026-09-06T17:53:37.444+0000] {dag.py:3239} INFO - Sync 1 DAGs
[2026-09-06T17:53:37.459+0000] {logging_mixin.py:190} INFO - [2026-09-06T17:53:37.459+0000] {dag.py:4180} INFO - Setting next_dagrun for iris_pipeline_dag to None, run_after=None
[2026-09-06T17:53:37.483+0000] {processor.py:208} INFO - Processing /opt/airflow/dags/ml_01_iris_pipeline-3.py took 0.102 seconds
[2026-09-06T17:54:08.062+0000] {processor.py:186} INFO - Started process (PID=265) to work on /opt/airflow/dags/ml_01_iris_pipeline-3.py
[2026-09-06T17:54:08.064+0000] {processor.py:914} INFO - Processing file /opt/airflow/dags/ml_01_iris_pipeline-3.py for tasks to queue
[2026-09-06T17:54:08.066+0000] {logging_mixin.py:190} INFO - [2026-09-06T17:54:08.065+0000] {dagbag.py:588} INFO - Filling up the DagBag from /opt/airflow/dags/ml_01_iris_pipeline-3.py
[2026-09-06T17:54:08.088+0000] {processor.py:925} INFO - DAG(s) 'iris_pipeline_dag' retrieved from /opt/airflow/dags/ml_01_iris_pipeline-3.py
[2026-09-06T17:54:08.124+0000] {logging_mixin.py:190} INFO - [2026-09-06T17:54:08.124+0000] {dag.py:3239} INFO - Sync 1 DAGs
[2026-09-06T17:54:08.142+0000] {logging_mixin.py:190} INFO - [2026-09-06T17:54:08.142+0000] {dag.py:4180} INFO - Setting next_dagrun for iris_pipeline_dag to None, run_after=None
[2026-09-06T17:54:08.168+0000] {processor.py:208} INFO - Processing /opt/airflow/dags/ml_01_iris_pipeline-3.py took 0.112 seconds
[2026-09-06T17:54:38.687+0000] {processor.py:186} INFO - Started process (PID=279) to work on /opt/airflow/dags/ml_01_iris_pipeline-3.py
[2026-09-06T17:54:38.688+0000] {processor.py:914} INFO - Processing file /opt/airflow/dags/ml_01_iris_pipeline-3.py for tasks to queue
[2026-09-06T17:54:38.689+0000] {logging_mixin.py:190} INFO - [2026-09-06T17:54:38.689+0000] {dagbag.py:588} INFO - Filling up the DagBag from /opt/airflow/dags/ml_01_iris_pipeline-3.py
[2026-09-06T17:54:38.705+0000] {processor.py:925} INFO - DAG(s) 'iris_pipeline_dag' retrieved from /opt/airflow/dags/ml_01_iris_pipeline-3.py
[2026-09-06T17:54:38.730+0000] {logging_mixin.py:190} INFO - [2026-09-06T17:54:38.730+0000] {dag.py:3239} INFO - Sync 1 DAGs
[2026-09-06T17:54:38.744+0000] {logging_mixin.py:190} INFO - [2026-09-06T17:54:38.744+0000] {dag.py:4180} INFO - Setting next_dagrun for iris_pipeline_dag to None, run_after=None
[2026-09-06T17:54:38.762+0000] {processor.py:208} INFO - Processing /opt/airflow/dags/ml_01_iris_pipeline-3.py took 0.080 seconds
[2026-09-06T17:55:09.289+0000] {processor.py:186} INFO - Started process (PID=293) to work on /opt/airflow/dags/ml_01_iris_pipeline-3.py
[2026-09-06T17:55:09.290+0000] {processor.py:914} INFO - Processing file /opt/airflow/dags/ml_01_iris_pipeline-3.py for tasks to queue
[2026-09-06T17:55:09.291+0000] {logging_mixin.py:190} INFO - [2026-09-06T17:55:09.291+0000] {dagbag.py:588} INFO - Filling up the DagBag from /opt/airflow/dags/ml_01_iris_pipeline-3.py
[2026-09-06T17:55:09.307+0000] {processor.py:925} INFO - DAG(s) 'iris_pipeline_dag' retrieved from /opt/airflow/dags/ml_01_iris_pipeline-3.py
[2026-09-06T17:55:09.332+0000] {logging_mixin.py:190} INFO - [2026-09-06T17:55:09.332+0000] {dag.py:3239} INFO - Sync 1 DAGs
[2026-09-06T17:55:09.345+0000] {logging_mixin.py:190} INFO - [2026-09-06T17:55:09.344+0000] {dag.py:4180} INFO - Setting next_dagrun for iris_pipeline_dag to None, run_after=None
[2026-09-06T17:55:09.366+0000] {processor.py:208} INFO - Processing /opt/airflow/dags/ml_01_iris_pipeline-3.py took 0.082 seconds
[2026-09-06T17:55:39.881+0000] {processor.py:186} INFO - Started process (PID=307) to work on /opt/airflow/dags/ml_01_iris_pipeline-3.py
[2026-09-06T17:55:39.882+0000] {processor.py:914} INFO - Processing file /opt/airflow/dags/ml_01_iris_pipeline-3.py for tasks to queue
[2026-09-06T17:55:39.883+0000] {logging_mixin.py:190} INFO - [2026-09-06T17:55:39.883+0000] {dagbag.py:588} INFO - Filling up the DagBag from /opt/airflow/dags/ml_01_iris_pipeline-3.py
[2026-09-06T17:55:39.897+0000] {processor.py:925} INFO - DAG(s) 'iris_pipeline_dag' retrieved from /opt/airflow/dags/ml_01_iris_pipeline-3.py
[2026-09-06T17:55:39.924+0000] {logging_mixin.py:190} INFO - [2026-09-06T17:55:39.924+0000] {dag.py:3239} INFO - Sync 1 DAGs
[2026-09-06T17:55:39.937+0000] {logging_mixin.py:190} INFO - [2026-09-06T17:55:39.937+0000] {dag.py:4180} INFO - Setting next_dagrun for iris_pipeline_dag to None, run_after=None
[2026-09-06T17:55:39.959+0000] {processor.py:208} INFO - Processing /opt/airflow/dags/ml_01_iris_pipeline-3.py took 0.085 seconds
[2026-09-06T17:56:10.458+0000] {processor.py:186} INFO - Started process (PID=321) to work on /opt/airflow/dags/ml_01_iris_pipeline-3.py
[2026-09-06T17:56:10.459+0000] {processor.py:914} INFO - Processing file /opt/airflow/dags/ml_01_iris_pipeline-3.py for tasks to queue
[2026-09-06T17:56:10.460+0000] {logging_mixin.py:190} INFO - [2026-09-06T17:56:10.460+0000] {dagbag.py:588} INFO - Filling up the DagBag from /opt/airflow/dags/ml_01_iris_pipeline-3.py
[2026-09-06T17:56:10.475+0000] {processor.py:925} INFO - DAG(s) 'iris_pipeline_dag' retrieved from /opt/airflow/dags/ml_01_iris_pipeline-3.py
[2026-09-06T17:56:10.500+0000] {logging_mixin.py:190} INFO - [2026-09-06T17:56:10.500+0000] {dag.py:3239} INFO - Sync 1 DAGs
[2026-09-06T17:56:10.514+0000] {logging_mixin.py:190} INFO - [2026-09-06T17:56:10.514+0000] {dag.py:4180} INFO - Setting next_dagrun for iris_pipeline_dag to None, run_after=None
[2026-09-06T17:56:10.543+0000] {processor.py:208} INFO - Processing /opt/airflow/dags/ml_01_iris_pipeline-3.py took 0.090 seconds
[2026-09-06T17:56:41.064+0000] {processor.py:186} INFO - Started process (PID=335) to work on /opt/airflow/dags/ml_01_iris_pipeline-3.py
[2026-09-06T17:56:41.065+0000] {processor.py:914} INFO - Processing file /opt/airflow/dags/ml_01_iris_pipeline-3.py for tasks to queue
[2026-09-06T17:56:41.066+0000] {logging_mixin.py:190} INFO - [2026-09-06T17:56:41.065+0000] {dagbag.py:588} INFO - Filling up the DagBag from /opt/airflow/dags/ml_01_iris_pipeline-3.py
[2026-09-06T17:56:41.084+0000] {processor.py:925} INFO - DAG(s) 'iris_pipeline_dag' retrieved from /opt/airflow/dags/ml_01_iris_pipeline-3.py
[2026-09-06T17:56:41.114+0000] {logging_mixin.py:190} INFO - [2026-09-06T17:56:41.113+0000] {dag.py:3239} INFO - Sync 1 DAGs
[2026-09-06T17:56:41.127+0000] {logging_mixin.py:190} INFO - [2026-09-06T17:56:41.127+0000] {dag.py:4180} INFO - Setting next_dagrun for iris_pipeline_dag to None, run_after=None
[2026-09-06T17:56:41.150+0000] {processor.py:208} INFO - Processing /opt/airflow/dags/ml_01_iris_pipeline-3.py took 0.092 seconds
[2026-09-06T17:57:11.685+0000] {processor.py:186} INFO - Started process (PID=349) to work on /opt/airflow/dags/ml_01_iris_pipeline-3.py
[2026-09-06T17:57:11.686+0000] {processor.py:914} INFO - Processing file /opt/airflow/dags/ml_01_iris_pipeline-3.py for tasks to queue
[2026-09-06T17:57:11.688+0000] {logging_mixin.py:190} INFO - [2026-09-06T17:57:11.687+0000] {dagbag.py:588} INFO - Filling up the DagBag from /opt/airflow/dags/ml_01_iris_pipeline-3.py
[2026-09-06T17:57:11.707+0000] {processor.py:925} INFO - DAG(s) 'iris_pipeline_dag' retrieved from /opt/airflow/dags/ml_01_iris_pipeline-3.py
[2026-09-06T17:57:11.739+0000] {logging_mixin.py:190} INFO - [2026-09-06T17:57:11.739+0000] {dag.py:3239} INFO - Sync 1 DAGs
[2026-09-06T17:57:11.756+0000] {logging_mixin.py:190} INFO - [2026-09-06T17:57:11.755+0000] {dag.py:4180} INFO - Setting next_dagrun for iris_pipeline_dag to None, run_after=None
[2026-09-06T17:57:11.783+0000] {processor.py:208} INFO - Processing /opt/airflow/dags/ml_01_iris_pipeline-3.py took 0.106 seconds
[2026-09-06T17:57:42.270+0000] {processor.py:186} INFO - Started process (PID=363) to work on /opt/airflow/dags/ml_01_iris_pipeline-3.py
[2026-09-06T17:57:42.271+0000] {processor.py:914} INFO - Processing file /opt/airflow/dags/ml_01_iris_pipeline-3.py for tasks to queue
[2026-09-06T17:57:42.272+0000] {logging_mixin.py:190} INFO - [2026-09-06T17:57:42.271+0000] {dagbag.py:588} INFO - Filling up the DagBag from /opt/airflow/dags/ml_01_iris_pipeline-3.py
[2026-09-06T17:57:42.289+0000] {processor.py:925} INFO - DAG(s) 'iris_pipeline_dag' retrieved from /opt/airflow/dags/ml_01_iris_pipeline-3.py
[2026-09-06T17:57:42.318+0000] {logging_mixin.py:190} INFO - [2026-09-06T17:57:42.318+0000] {dag.py:3239} INFO - Sync 1 DAGs
[2026-09-06T17:57:42.334+0000] {logging_mixin.py:190} INFO - [2026-09-06T17:57:42.334+0000] {dag.py:4180} INFO - Setting next_dagrun for iris_pipeline_dag to None, run_after=None
[2026-09-06T17:57:42.354+0000] {processor.py:208} INFO - Processing /opt/airflow/dags/ml_01_iris_pipeline-3.py took 0.090 seconds
[2026-09-06T17:58:12.856+0000] {processor.py:186} INFO - Started process (PID=377) to work on /opt/airflow/dags/ml_01_iris_pipeline-3.py
[2026-09-06T17:58:12.857+0000] {processor.py:914} INFO - Processing file /opt/airflow/dags/ml_01_iris_pipeline-3.py for tasks to queue
[2026-09-06T17:58:12.858+0000] {logging_mixin.py:190} INFO - [2026-09-06T17:58:12.858+0000] {dagbag.py:588} INFO - Filling up the DagBag from /opt/airflow/dags/ml_01_iris_pipeline-3.py
[2026-09-06T17:58:12.872+0000] {processor.py:925} INFO - DAG(s) 'iris_pipeline_dag' retrieved from /opt/airflow/dags/ml_01_iris_pipeline-3.py
[2026-09-06T17:58:12.895+0000] {logging_mixin.py:190} INFO - [2026-09-06T17:58:12.895+0000] {dag.py:3239} INFO - Sync 1 DAGs
[2026-09-06T17:58:12.912+0000] {logging_mixin.py:190} INFO - [2026-09-06T17:58:12.912+0000] {dag.py:4180} INFO - Setting next_dagrun for iris_pipeline_dag to None, run_after=None
[2026-09-06T17:58:12.930+0000] {processor.py:208} INFO - Processing /opt/airflow/dags/ml_01_iris_pipeline-3.py took 0.079 seconds
[2026-09-06T17:58:43.469+0000] {processor.py:186} INFO - Started process (PID=391) to work on /opt/airflow/dags/ml_01_iris_pipeline-3.py
[2026-09-06T17:58:43.469+0000] {processor.py:914} INFO - Processing file /opt/airflow/dags/ml_01_iris_pipeline-3.py for tasks to queue
[2026-09-06T17:58:43.471+0000] {logging_mixin.py:190} INFO - [2026-09-06T17:58:43.471+0000] {dagbag.py:588} INFO - Filling up the DagBag from /opt/airflow/dags/ml_01_iris_pipeline-3.py
[2026-09-06T17:58:43.485+0000] {processor.py:925} INFO - DAG(s) 'iris_pipeline_dag' retrieved from /opt/airflow/dags/ml_01_iris_pipeline-3.py
[2026-09-06T17:58:43.509+0000] {logging_mixin.py:190} INFO - [2026-09-06T17:58:43.509+0000] {dag.py:3239} INFO - Sync 1 DAGs
[2026-09-06T17:58:43.524+0000] {logging_mixin.py:190} INFO - [2026-09-06T17:58:43.523+0000] {dag.py:4180} INFO - Setting next_dagrun for iris_pipeline_dag to None, run_after=None
[2026-09-06T17:58:43.541+0000] {processor.py:208} INFO - Processing /opt/airflow/dags/ml_01_iris_pipeline-3.py took 0.078 seconds
