[2026-09-07T19:54:41.071+0000] {local_task_job_runner.py:123} INFO - ::group::Pre task execution logs
[2026-09-07T19:54:41.086+0000] {taskinstance.py:2613} INFO - Dependencies all met for dep_context=non-requeueable deps ti=<TaskInstance: oil_price_pipeline_dag.bootstrap_historical_data manual__2026-09-07T19:54:37.360378+00:00 [queued]>
[2026-09-07T19:54:41.094+0000] {taskinstance.py:2613} INFO - Dependencies all met for dep_context=requeueable deps ti=<TaskInstance: oil_price_pipeline_dag.bootstrap_historical_data manual__2026-09-07T19:54:37.360378+00:00 [queued]>
[2026-09-07T19:54:41.094+0000] {taskinstance.py:2866} INFO - Starting attempt 1 of 2
[2026-09-07T19:54:41.105+0000] {taskinstance.py:2889} INFO - Executing <Task(PythonOperator): bootstrap_historical_data> on 2026-09-07 19:54:37.360378+00:00
[2026-09-07T19:54:41.110+0000] {warnings.py:112} WARNING - /home/***/.local/lib/python3.12/site-packages/***/task/task_runner/standard_task_runner.py:70: DeprecationWarning: This process (pid=148) is multi-threaded, use of fork() may lead to deadlocks in the child.
  pid = os.fork()

[2026-09-07T19:54:41.111+0000] {standard_task_runner.py:72} INFO - Started process 150 to run task
[2026-09-07T19:54:41.112+0000] {standard_task_runner.py:104} INFO - Running: ['***', 'tasks', 'run', 'oil_price_pipeline_dag', 'bootstrap_historical_data', 'manual__2026-09-07T19:54:37.360378+00:00', '--job-id', '249', '--raw', '--subdir', 'DAGS_FOLDER/ml_03_oil_pipeline.py', '--cfg-path', '/tmp/tmp8k3h0cpp']
[2026-09-07T19:54:41.114+0000] {standard_task_runner.py:105} INFO - Job 249: Subtask bootstrap_historical_data
[2026-09-07T19:54:41.158+0000] {task_command.py:467} INFO - Running <TaskInstance: oil_price_pipeline_dag.bootstrap_historical_data manual__2026-09-07T19:54:37.360378+00:00 [running]> on host bc02dd7ffed4
[2026-09-07T19:54:41.367+0000] {taskinstance.py:3132} INFO - Exporting env vars: AIRFLOW_CTX_DAG_OWNER='workshop2' AIRFLOW_CTX_DAG_ID='oil_price_pipeline_dag' AIRFLOW_CTX_TASK_ID='bootstrap_historical_data' AIRFLOW_CTX_EXECUTION_DATE='2026-09-07T19:54:37.360378+00:00' AIRFLOW_CTX_TRY_NUMBER='1' AIRFLOW_CTX_DAG_RUN_ID='manual__2026-09-07T19:54:37.360378+00:00'
[2026-09-07T19:54:41.368+0000] {taskinstance.py:731} INFO - ::endgroup::
[2026-09-07T19:54:41.383+0000] {base.py:84} INFO - Retrieving connection 'postgres_target'
[2026-09-07T19:54:41.387+0000] {sql.py:553} INFO - Running statement: SELECT COUNT(*) FROM oil_price_history WHERE symbol = %s;, parameters: ('GASOHOL95',)
[2026-09-07T19:54:41.389+0000] {sql.py:562} INFO - Rows affected: 1
[2026-09-07T19:54:41.390+0000] {logging_mixin.py:190} INFO - มีข้อมูล Gasohol 95 อยู่แล้ว 7 วัน (ต้องการอย่างน้อย 30 วัน)
[2026-09-07T19:54:45.087+0000] {logging_mixin.py:190} INFO - Money Buffalo HTTP=200, HTML=139,120 bytes
[2026-09-07T19:54:45.117+0000] {logging_mixin.py:190} INFO - Money Buffalo ได้ 7 วัน
[2026-09-07T19:56:48.501+0000] {logging_mixin.py:190} INFO - EPPO ได้ 1 วัน
[2026-09-07T19:56:48.505+0000] {logging_mixin.py:190} INFO - ====================================
[2026-09-07T19:56:48.506+0000] {logging_mixin.py:190} INFO - Gasohol 95 Historical Data
[2026-09-07T19:56:48.506+0000] {logging_mixin.py:190} INFO - ====================================
[2026-09-07T19:56:48.506+0000] {logging_mixin.py:190} INFO - จำนวนวันทั้งหมดที่อ่านได้: 7
[2026-09-07T19:56:48.506+0000] {logging_mixin.py:190} INFO - วันแรก: 2026-09-02
[2026-09-07T19:56:48.507+0000] {logging_mixin.py:190} INFO - วันล่าสุด: 2026-09-08
[2026-09-07T19:56:48.507+0000] {logging_mixin.py:190} INFO - ราคาล่าสุด: 38.29 บาท/ลิตร
[2026-09-07T19:56:48.507+0000] {logging_mixin.py:190} INFO - ====================================
[2026-09-07T19:56:48.511+0000] {sql.py:553} INFO - Running statement: 
            INSERT INTO oil_price_history (date, symbol, price)
            VALUES (%s, %s, %s)
            ON CONFLICT (date, symbol) DO NOTHING;
            , parameters: (datetime.date(2026, 9, 2), 'GASOHOL95', 38.29)
[2026-09-07T19:56:48.513+0000] {sql.py:562} INFO - Rows affected: 0
[2026-09-07T19:56:48.517+0000] {sql.py:553} INFO - Running statement: 
            INSERT INTO oil_price_history (date, symbol, price)
            VALUES (%s, %s, %s)
            ON CONFLICT (date, symbol) DO NOTHING;
            , parameters: (datetime.date(2026, 9, 3), 'GASOHOL95', 38.29)
[2026-09-07T19:56:48.518+0000] {sql.py:562} INFO - Rows affected: 0
[2026-09-07T19:56:48.523+0000] {sql.py:553} INFO - Running statement: 
            INSERT INTO oil_price_history (date, symbol, price)
            VALUES (%s, %s, %s)
            ON CONFLICT (date, symbol) DO NOTHING;
            , parameters: (datetime.date(2026, 9, 4), 'GASOHOL95', 38.29)
[2026-09-07T19:56:48.524+0000] {sql.py:562} INFO - Rows affected: 0
[2026-09-07T19:56:48.528+0000] {sql.py:553} INFO - Running statement: 
            INSERT INTO oil_price_history (date, symbol, price)
            VALUES (%s, %s, %s)
            ON CONFLICT (date, symbol) DO NOTHING;
            , parameters: (datetime.date(2026, 9, 5), 'GASOHOL95', 38.29)
[2026-09-07T19:56:48.529+0000] {sql.py:562} INFO - Rows affected: 0
[2026-09-07T19:56:48.533+0000] {sql.py:553} INFO - Running statement: 
            INSERT INTO oil_price_history (date, symbol, price)
            VALUES (%s, %s, %s)
            ON CONFLICT (date, symbol) DO NOTHING;
            , parameters: (datetime.date(2026, 9, 6), 'GASOHOL95', 38.29)
[2026-09-07T19:56:48.534+0000] {sql.py:562} INFO - Rows affected: 0
[2026-09-07T19:56:48.538+0000] {sql.py:553} INFO - Running statement: 
            INSERT INTO oil_price_history (date, symbol, price)
            VALUES (%s, %s, %s)
            ON CONFLICT (date, symbol) DO NOTHING;
            , parameters: (datetime.date(2026, 9, 7), 'GASOHOL95', 38.29)
[2026-09-07T19:56:48.539+0000] {sql.py:562} INFO - Rows affected: 0
[2026-09-07T19:56:48.543+0000] {sql.py:553} INFO - Running statement: 
            INSERT INTO oil_price_history (date, symbol, price)
            VALUES (%s, %s, %s)
            ON CONFLICT (date, symbol) DO NOTHING;
            , parameters: (datetime.date(2026, 9, 8), 'GASOHOL95', 38.29)
[2026-09-07T19:56:48.544+0000] {sql.py:562} INFO - Rows affected: 0
[2026-09-07T19:56:48.548+0000] {sql.py:553} INFO - Running statement: SELECT COUNT(*) FROM oil_price_history WHERE symbol = %s;, parameters: ('GASOHOL95',)
[2026-09-07T19:56:48.550+0000] {sql.py:562} INFO - Rows affected: 1
[2026-09-07T19:56:48.551+0000] {taskinstance.py:3311} ERROR - Task failed with exception
Traceback (most recent call last):
  File "/home/airflow/.local/lib/python3.12/site-packages/airflow/models/taskinstance.py", line 767, in _execute_task
    result = _execute_callable(context=context, **execute_callable_kwargs)
             ^^^^^^^^^^^^^^^^^^^^^^^^^^^^^^^^^^^^^^^^^^^^^^^^^^^^^^^^^^^^^
  File "/home/airflow/.local/lib/python3.12/site-packages/airflow/models/taskinstance.py", line 733, in _execute_callable
    return ExecutionCallableRunner(
           ^^^^^^^^^^^^^^^^^^^^^^^^
  File "/home/airflow/.local/lib/python3.12/site-packages/airflow/utils/operator_helpers.py", line 252, in run
    return self.func(*args, **kwargs)
           ^^^^^^^^^^^^^^^^^^^^^^^^^^
  File "/home/airflow/.local/lib/python3.12/site-packages/airflow/models/baseoperator.py", line 422, in wrapper
    return func(self, *args, **kwargs)
           ^^^^^^^^^^^^^^^^^^^^^^^^^^^
  File "/home/airflow/.local/lib/python3.12/site-packages/airflow/operators/python.py", line 238, in execute
    return_value = self.execute_callable()
                   ^^^^^^^^^^^^^^^^^^^^^^^
  File "/home/airflow/.local/lib/python3.12/site-packages/airflow/operators/python.py", line 256, in execute_callable
    return runner.run(*self.op_args, **self.op_kwargs)
           ^^^^^^^^^^^^^^^^^^^^^^^^^^^^^^^^^^^^^^^^^^^
  File "/home/airflow/.local/lib/python3.12/site-packages/airflow/utils/operator_helpers.py", line 252, in run
    return self.func(*args, **kwargs)
           ^^^^^^^^^^^^^^^^^^^^^^^^^^
  File "/opt/airflow/dags/ml_03_oil_pipeline.py", line 301, in bootstrap_historical_data
    raise ValueError(
ValueError: ข้อมูลย้อนหลังไม่พอ: ได้ 7 วัน ต้องการอย่างน้อย 30 วัน
[2026-09-07T19:56:48.562+0000] {taskinstance.py:1225} INFO - Marking task as UP_FOR_RETRY. dag_id=oil_price_pipeline_dag, task_id=bootstrap_historical_data, run_id=manual__2026-09-07T19:54:37.360378+00:00, execution_date=20260907T195437, start_date=20260907T195441, end_date=20260907T195648
[2026-09-07T19:56:48.576+0000] {taskinstance.py:340} INFO - ::group::Post task execution logs
[2026-09-07T19:56:48.577+0000] {standard_task_runner.py:124} ERROR - Failed to execute job 249 for task bootstrap_historical_data (ข้อมูลย้อนหลังไม่พอ: ได้ 7 วัน ต้องการอย่างน้อย 30 วัน; 150)
Traceback (most recent call last):
  File "/home/airflow/.local/lib/python3.12/site-packages/airflow/task/task_runner/standard_task_runner.py", line 117, in _start_by_fork
    ret = args.func(args, dag=self.dag)
          ^^^^^^^^^^^^^^^^^^^^^^^^^^^^^
  File "/home/airflow/.local/lib/python3.12/site-packages/airflow/cli/cli_config.py", line 49, in command
    return func(*args, **kwargs)
           ^^^^^^^^^^^^^^^^^^^^^
  File "/home/airflow/.local/lib/python3.12/site-packages/airflow/utils/cli.py", line 116, in wrapper
    return f(*args, **kwargs)
           ^^^^^^^^^^^^^^^^^^
  File "/home/airflow/.local/lib/python3.12/site-packages/airflow/cli/commands/task_command.py", line 483, in task_run
    task_return_code = _run_task_by_selected_method(args, _dag, ti)
                       ^^^^^^^^^^^^^^^^^^^^^^^^^^^^^^^^^^^^^^^^^^^^
  File "/home/airflow/.local/lib/python3.12/site-packages/airflow/cli/commands/task_command.py", line 256, in _run_task_by_selected_method
    return _run_raw_task(args, ti)
           ^^^^^^^^^^^^^^^^^^^^^^^
  File "/home/airflow/.local/lib/python3.12/site-packages/airflow/cli/commands/task_command.py", line 341, in _run_raw_task
    return ti._run_raw_task(
           ^^^^^^^^^^^^^^^^^
  File "/home/airflow/.local/lib/python3.12/site-packages/airflow/utils/session.py", line 97, in wrapper
    return func(*args, session=session, **kwargs)
           ^^^^^^^^^^^^^^^^^^^^^^^^^^^^^^^^^^^^^^
  File "/home/airflow/.local/lib/python3.12/site-packages/airflow/models/taskinstance.py", line 3005, in _run_raw_task
    return _run_raw_task(
           ^^^^^^^^^^^^^^
  File "/home/airflow/.local/lib/python3.12/site-packages/airflow/models/taskinstance.py", line 273, in _run_raw_task
    TaskInstance._execute_task_with_callbacks(
  File "/home/airflow/.local/lib/python3.12/site-packages/airflow/models/taskinstance.py", line 3159, in _execute_task_with_callbacks
    result = self._execute_task(context, task_orig)
             ^^^^^^^^^^^^^^^^^^^^^^^^^^^^^^^^^^^^^^
  File "/home/airflow/.local/lib/python3.12/site-packages/airflow/models/taskinstance.py", line 3183, in _execute_task
    return _execute_task(self, context, task_orig)
           ^^^^^^^^^^^^^^^^^^^^^^^^^^^^^^^^^^^^^^^
  File "/home/airflow/.local/lib/python3.12/site-packages/airflow/models/taskinstance.py", line 767, in _execute_task
    result = _execute_callable(context=context, **execute_callable_kwargs)
             ^^^^^^^^^^^^^^^^^^^^^^^^^^^^^^^^^^^^^^^^^^^^^^^^^^^^^^^^^^^^^
  File "/home/airflow/.local/lib/python3.12/site-packages/airflow/models/taskinstance.py", line 733, in _execute_callable
    return ExecutionCallableRunner(
           ^^^^^^^^^^^^^^^^^^^^^^^^
  File "/home/airflow/.local/lib/python3.12/site-packages/airflow/utils/operator_helpers.py", line 252, in run
    return self.func(*args, **kwargs)
           ^^^^^^^^^^^^^^^^^^^^^^^^^^
  File "/home/airflow/.local/lib/python3.12/site-packages/airflow/models/baseoperator.py", line 422, in wrapper
    return func(self, *args, **kwargs)
           ^^^^^^^^^^^^^^^^^^^^^^^^^^^
  File "/home/airflow/.local/lib/python3.12/site-packages/airflow/operators/python.py", line 238, in execute
    return_value = self.execute_callable()
                   ^^^^^^^^^^^^^^^^^^^^^^^
  File "/home/airflow/.local/lib/python3.12/site-packages/airflow/operators/python.py", line 256, in execute_callable
    return runner.run(*self.op_args, **self.op_kwargs)
           ^^^^^^^^^^^^^^^^^^^^^^^^^^^^^^^^^^^^^^^^^^^
  File "/home/airflow/.local/lib/python3.12/site-packages/airflow/utils/operator_helpers.py", line 252, in run
    return self.func(*args, **kwargs)
           ^^^^^^^^^^^^^^^^^^^^^^^^^^
  File "/opt/airflow/dags/ml_03_oil_pipeline.py", line 301, in bootstrap_historical_data
    raise ValueError(
ValueError: ข้อมูลย้อนหลังไม่พอ: ได้ 7 วัน ต้องการอย่างน้อย 30 วัน
[2026-09-07T19:56:48.591+0000] {local_task_job_runner.py:266} INFO - Task exited with return code 1
[2026-09-07T19:56:48.606+0000] {taskinstance.py:3895} INFO - 0 downstream tasks scheduled from follow-on schedule check
[2026-09-07T19:56:48.609+0000] {local_task_job_runner.py:245} INFO - ::endgroup::
