[2026-09-08T04:33:05.992+0000] {local_task_job_runner.py:123} INFO - ::group::Pre task execution logs
[2026-09-08T04:33:06.005+0000] {taskinstance.py:2613} INFO - Dependencies all met for dep_context=non-requeueable deps ti=<TaskInstance: oil_price_pipeline_dag.decide_deploy manual__2026-09-08T04:32:48.389541+00:00 [queued]>
[2026-09-08T04:33:06.011+0000] {taskinstance.py:2613} INFO - Dependencies all met for dep_context=requeueable deps ti=<TaskInstance: oil_price_pipeline_dag.decide_deploy manual__2026-09-08T04:32:48.389541+00:00 [queued]>
[2026-09-08T04:33:06.012+0000] {taskinstance.py:2866} INFO - Starting attempt 1 of 2
[2026-09-08T04:33:06.030+0000] {taskinstance.py:2889} INFO - Executing <Task(BranchPythonOperator): decide_deploy> on 2026-09-08 04:32:48.389541+00:00
[2026-09-08T04:33:06.036+0000] {warnings.py:112} WARNING - /home/***/.local/lib/python3.12/site-packages/***/task/task_runner/standard_task_runner.py:70: DeprecationWarning: This process (pid=159) is multi-threaded, use of fork() may lead to deadlocks in the child.
  pid = os.fork()

[2026-09-08T04:33:06.037+0000] {standard_task_runner.py:72} INFO - Started process 168 to run task
[2026-09-08T04:33:06.038+0000] {standard_task_runner.py:104} INFO - Running: ['***', 'tasks', 'run', 'oil_price_pipeline_dag', 'decide_deploy', 'manual__2026-09-08T04:32:48.389541+00:00', '--job-id', '285', '--raw', '--subdir', 'DAGS_FOLDER/ml_03_oil_pipeline.py', '--cfg-path', '/tmp/tmph5a7d50s']
[2026-09-08T04:33:06.040+0000] {standard_task_runner.py:105} INFO - Job 285: Subtask decide_deploy
[2026-09-08T04:33:06.080+0000] {task_command.py:467} INFO - Running <TaskInstance: oil_price_pipeline_dag.decide_deploy manual__2026-09-08T04:32:48.389541+00:00 [running]> on host 0bad5c1c53b5
[2026-09-08T04:33:06.295+0000] {taskinstance.py:3132} INFO - Exporting env vars: AIRFLOW_CTX_DAG_OWNER='workshop2' AIRFLOW_CTX_DAG_ID='oil_price_pipeline_dag' AIRFLOW_CTX_TASK_ID='decide_deploy' AIRFLOW_CTX_EXECUTION_DATE='2026-09-08T04:32:48.389541+00:00' AIRFLOW_CTX_TRY_NUMBER='1' AIRFLOW_CTX_DAG_RUN_ID='manual__2026-09-08T04:32:48.389541+00:00'
[2026-09-08T04:33:06.296+0000] {taskinstance.py:731} INFO - ::endgroup::
[2026-09-08T04:33:06.306+0000] {baseoperator.py:421} WARNING - BranchPythonOperator.execute cannot be called outside TaskInstance!
[2026-09-08T04:33:06.343+0000] {logging_mixin.py:190} INFO - โมเดลใหม่ไม่ดีกว่า champion -> skip
[2026-09-08T04:33:06.343+0000] {python.py:240} INFO - Done. Returned value was: skip_deploy
[2026-09-08T04:33:06.344+0000] {branch.py:38} INFO - Branch into skip_deploy
[2026-09-08T04:33:06.344+0000] {skipmixin.py:230} INFO - Following branch ('skip_deploy',)
[2026-09-08T04:33:06.353+0000] {skipmixin.py:278} INFO - Skipping tasks [('deploy_model', -1)]
[2026-09-08T04:33:06.393+0000] {taskinstance.py:340} INFO - ::group::Post task execution logs
[2026-09-08T04:33:06.394+0000] {taskinstance.py:352} INFO - Marking task as SUCCESS. dag_id=oil_price_pipeline_dag, task_id=decide_deploy, run_id=manual__2026-09-08T04:32:48.389541+00:00, execution_date=20260908T043248, start_date=20260908T043306, end_date=20260908T043306
[2026-09-08T04:33:06.452+0000] {local_task_job_runner.py:266} INFO - Task exited with return code 0
[2026-09-08T04:33:06.598+0000] {taskinstance.py:3895} INFO - 1 downstream tasks scheduled from follow-on schedule check
[2026-09-08T04:33:06.603+0000] {local_task_job_runner.py:245} INFO - ::endgroup::
