[2026-09-07T20:13:39.621+0000] {local_task_job_runner.py:123} INFO - ::group::Pre task execution logs
[2026-09-07T20:13:39.632+0000] {taskinstance.py:2613} INFO - Dependencies all met for dep_context=non-requeueable deps ti=<TaskInstance: oil_price_pipeline_dag.evaluate_model manual__2026-09-07T20:12:45.655015+00:00 [queued]>
[2026-09-07T20:13:39.639+0000] {taskinstance.py:2613} INFO - Dependencies all met for dep_context=requeueable deps ti=<TaskInstance: oil_price_pipeline_dag.evaluate_model manual__2026-09-07T20:12:45.655015+00:00 [queued]>
[2026-09-07T20:13:39.640+0000] {taskinstance.py:2866} INFO - Starting attempt 1 of 2
[2026-09-07T20:13:39.651+0000] {taskinstance.py:2889} INFO - Executing <Task(PythonOperator): evaluate_model> on 2026-09-07 20:12:45.655015+00:00
[2026-09-07T20:13:39.655+0000] {warnings.py:112} WARNING - /home/***/.local/lib/python3.12/site-packages/***/task/task_runner/standard_task_runner.py:70: DeprecationWarning: This process (pid=156) is multi-threaded, use of fork() may lead to deadlocks in the child.
  pid = os.fork()

[2026-09-07T20:13:39.657+0000] {standard_task_runner.py:72} INFO - Started process 158 to run task
[2026-09-07T20:13:39.657+0000] {standard_task_runner.py:104} INFO - Running: ['***', 'tasks', 'run', 'oil_price_pipeline_dag', 'evaluate_model', 'manual__2026-09-07T20:12:45.655015+00:00', '--job-id', '258', '--raw', '--subdir', 'DAGS_FOLDER/ml_03_oil_pipeline.py', '--cfg-path', '/tmp/tmpmn71kai8']
[2026-09-07T20:13:39.659+0000] {standard_task_runner.py:105} INFO - Job 258: Subtask evaluate_model
[2026-09-07T20:13:39.696+0000] {task_command.py:467} INFO - Running <TaskInstance: oil_price_pipeline_dag.evaluate_model manual__2026-09-07T20:12:45.655015+00:00 [running]> on host 352574bf8447
[2026-09-07T20:13:39.897+0000] {taskinstance.py:3132} INFO - Exporting env vars: AIRFLOW_CTX_DAG_OWNER='workshop2' AIRFLOW_CTX_DAG_ID='oil_price_pipeline_dag' AIRFLOW_CTX_TASK_ID='evaluate_model' AIRFLOW_CTX_EXECUTION_DATE='2026-09-07T20:12:45.655015+00:00' AIRFLOW_CTX_TRY_NUMBER='1' AIRFLOW_CTX_DAG_RUN_ID='manual__2026-09-07T20:12:45.655015+00:00'
[2026-09-07T20:13:39.898+0000] {taskinstance.py:731} INFO - ::endgroup::
[2026-09-07T20:13:40.705+0000] {logging_mixin.py:190} INFO - RMSE Gasohol 95 = 0.1836 บาท/ลิตร (ยิ่งต่ำยิ่งดี)
[2026-09-07T20:13:40.705+0000] {python.py:240} INFO - Done. Returned value was: None
[2026-09-07T20:13:40.713+0000] {taskinstance.py:340} INFO - ::group::Post task execution logs
[2026-09-07T20:13:40.713+0000] {taskinstance.py:352} INFO - Marking task as SUCCESS. dag_id=oil_price_pipeline_dag, task_id=evaluate_model, run_id=manual__2026-09-07T20:12:45.655015+00:00, execution_date=20260907T201245, start_date=20260907T201339, end_date=20260907T201340
[2026-09-07T20:13:40.753+0000] {local_task_job_runner.py:266} INFO - Task exited with return code 0
[2026-09-07T20:13:40.885+0000] {taskinstance.py:3895} INFO - 1 downstream tasks scheduled from follow-on schedule check
[2026-09-07T20:13:40.893+0000] {local_task_job_runner.py:245} INFO - ::endgroup::
