[2026-09-06T17:51:36.448+0000] {local_task_job_runner.py:123} INFO - ::group::Pre task execution logs
[2026-09-06T17:51:36.463+0000] {taskinstance.py:2613} INFO - Dependencies all met for dep_context=non-requeueable deps ti=<TaskInstance: oil_price_pipeline_dag.bootstrap_historical_data manual__2026-09-06T17:51:15.733045+00:00 [queued]>
[2026-09-06T17:51:36.470+0000] {taskinstance.py:2613} INFO - Dependencies all met for dep_context=requeueable deps ti=<TaskInstance: oil_price_pipeline_dag.bootstrap_historical_data manual__2026-09-06T17:51:15.733045+00:00 [queued]>
[2026-09-06T17:51:36.485+0000] {taskinstance.py:2866} INFO - Starting attempt 1 of 2
[2026-09-06T17:51:36.590+0000] {taskinstance.py:2889} INFO - Executing <Task(PythonOperator): bootstrap_historical_data> on 2026-09-06 17:51:15.733045+00:00
[2026-09-06T17:51:36.596+0000] {warnings.py:112} WARNING - /home/***/.local/lib/python3.12/site-packages/***/task/task_runner/standard_task_runner.py:70: DeprecationWarning: This process (pid=147) is multi-threaded, use of fork() may lead to deadlocks in the child.
  pid = os.fork()

[2026-09-06T17:51:36.597+0000] {standard_task_runner.py:72} INFO - Started process 149 to run task
[2026-09-06T17:51:36.597+0000] {standard_task_runner.py:104} INFO - Running: ['***', 'tasks', 'run', 'oil_price_pipeline_dag', 'bootstrap_historical_data', 'manual__2026-09-06T17:51:15.733045+00:00', '--job-id', '4', '--raw', '--subdir', 'DAGS_FOLDER/ml_03_oil_pipeline.py', '--cfg-path', '/tmp/tmp4c5q_j_s']
[2026-09-06T17:51:36.600+0000] {standard_task_runner.py:105} INFO - Job 4: Subtask bootstrap_historical_data
[2026-09-06T17:51:36.692+0000] {task_command.py:467} INFO - Running <TaskInstance: oil_price_pipeline_dag.bootstrap_historical_data manual__2026-09-06T17:51:15.733045+00:00 [running]> on host 10c0bf379f23
[2026-09-06T17:51:37.008+0000] {taskinstance.py:3132} INFO - Exporting env vars: AIRFLOW_CTX_DAG_OWNER='workshop2' AIRFLOW_CTX_DAG_ID='oil_price_pipeline_dag' AIRFLOW_CTX_TASK_ID='bootstrap_historical_data' AIRFLOW_CTX_EXECUTION_DATE='2026-09-06T17:51:15.733045+00:00' AIRFLOW_CTX_TRY_NUMBER='1' AIRFLOW_CTX_DAG_RUN_ID='manual__2026-09-06T17:51:15.733045+00:00'
[2026-09-06T17:51:37.010+0000] {taskinstance.py:731} INFO - ::endgroup::
[2026-09-06T17:51:37.620+0000] {base.py:84} INFO - Retrieving connection 'postgres_target'
[2026-09-06T17:51:37.625+0000] {sql.py:553} INFO - Running statement: SELECT COUNT(*) FROM oil_price_history WHERE symbol = %s;, parameters: ('CL=F',)
[2026-09-06T17:51:37.671+0000] {sql.py:562} INFO - Rows affected: 1
[2026-09-06T17:51:37.672+0000] {logging_mixin.py:190} INFO - มีข้อมูลย้อนหลังอยู่แล้ว 0 วันทำการ (ต้องการอย่างน้อย 60 วัน)
[2026-09-06T17:51:39.049+0000] {sql.py:553} INFO - Running statement: 
            INSERT INTO oil_price_history (date, symbol, price)
            VALUES (%s, %s, %s)
            ON CONFLICT (date, symbol) DO NOTHING;
            , parameters: ('2026-02-03', 'CL=F', 63.209999084472656)
[2026-09-06T17:51:39.055+0000] {sql.py:562} INFO - Rows affected: 1
[2026-09-06T17:51:39.067+0000] {sql.py:553} INFO - Running statement: 
            INSERT INTO oil_price_history (date, symbol, price)
            VALUES (%s, %s, %s)
            ON CONFLICT (date, symbol) DO NOTHING;
            , parameters: ('2026-02-04', 'CL=F', 65.13999938964844)
[2026-09-06T17:51:39.068+0000] {sql.py:562} INFO - Rows affected: 1
[2026-09-06T17:51:39.082+0000] {sql.py:553} INFO - Running statement: 
            INSERT INTO oil_price_history (date, symbol, price)
            VALUES (%s, %s, %s)
            ON CONFLICT (date, symbol) DO NOTHING;
            , parameters: ('2026-02-05', 'CL=F', 63.290000915527344)
[2026-09-06T17:51:39.083+0000] {sql.py:562} INFO - Rows affected: 1
[2026-09-06T17:51:39.093+0000] {sql.py:553} INFO - Running statement: 
            INSERT INTO oil_price_history (date, symbol, price)
            VALUES (%s, %s, %s)
            ON CONFLICT (date, symbol) DO NOTHING;
            , parameters: ('2026-02-06', 'CL=F', 63.54999923706055)
[2026-09-06T17:51:39.094+0000] {sql.py:562} INFO - Rows affected: 1
[2026-09-06T17:51:39.109+0000] {sql.py:553} INFO - Running statement: 
            INSERT INTO oil_price_history (date, symbol, price)
            VALUES (%s, %s, %s)
            ON CONFLICT (date, symbol) DO NOTHING;
            , parameters: ('2026-02-09', 'CL=F', 64.36000061035156)
[2026-09-06T17:51:39.110+0000] {sql.py:562} INFO - Rows affected: 1
[2026-09-06T17:51:39.117+0000] {sql.py:553} INFO - Running statement: 
            INSERT INTO oil_price_history (date, symbol, price)
            VALUES (%s, %s, %s)
            ON CONFLICT (date, symbol) DO NOTHING;
            , parameters: ('2026-02-10', 'CL=F', 63.959999084472656)
[2026-09-06T17:51:39.118+0000] {sql.py:562} INFO - Rows affected: 1
[2026-09-06T17:51:39.133+0000] {sql.py:553} INFO - Running statement: 
            INSERT INTO oil_price_history (date, symbol, price)
            VALUES (%s, %s, %s)
            ON CONFLICT (date, symbol) DO NOTHING;
            , parameters: ('2026-02-11', 'CL=F', 64.62999725341797)
[2026-09-06T17:51:39.135+0000] {sql.py:562} INFO - Rows affected: 1
[2026-09-06T17:51:39.155+0000] {sql.py:553} INFO - Running statement: 
            INSERT INTO oil_price_history (date, symbol, price)
            VALUES (%s, %s, %s)
            ON CONFLICT (date, symbol) DO NOTHING;
            , parameters: ('2026-02-12', 'CL=F', 62.84000015258789)
[2026-09-06T17:51:39.157+0000] {sql.py:562} INFO - Rows affected: 1
[2026-09-06T17:51:39.172+0000] {sql.py:553} INFO - Running statement: 
            INSERT INTO oil_price_history (date, symbol, price)
            VALUES (%s, %s, %s)
            ON CONFLICT (date, symbol) DO NOTHING;
            , parameters: ('2026-02-13', 'CL=F', 62.88999938964844)
[2026-09-06T17:51:39.173+0000] {sql.py:562} INFO - Rows affected: 1
[2026-09-06T17:51:39.186+0000] {sql.py:553} INFO - Running statement: 
            INSERT INTO oil_price_history (date, symbol, price)
            VALUES (%s, %s, %s)
            ON CONFLICT (date, symbol) DO NOTHING;
            , parameters: ('2026-02-17', 'CL=F', 62.33000183105469)
[2026-09-06T17:51:39.187+0000] {sql.py:562} INFO - Rows affected: 1
[2026-09-06T17:51:39.201+0000] {sql.py:553} INFO - Running statement: 
            INSERT INTO oil_price_history (date, symbol, price)
            VALUES (%s, %s, %s)
            ON CONFLICT (date, symbol) DO NOTHING;
            , parameters: ('2026-02-18', 'CL=F', 65.19000244140625)
[2026-09-06T17:51:39.202+0000] {sql.py:562} INFO - Rows affected: 1
[2026-09-06T17:51:39.210+0000] {sql.py:553} INFO - Running statement: 
            INSERT INTO oil_price_history (date, symbol, price)
            VALUES (%s, %s, %s)
            ON CONFLICT (date, symbol) DO NOTHING;
            , parameters: ('2026-02-19', 'CL=F', 66.43000030517578)
[2026-09-06T17:51:39.211+0000] {sql.py:562} INFO - Rows affected: 1
[2026-09-06T17:51:39.229+0000] {sql.py:553} INFO - Running statement: 
            INSERT INTO oil_price_history (date, symbol, price)
            VALUES (%s, %s, %s)
            ON CONFLICT (date, symbol) DO NOTHING;
            , parameters: ('2026-02-20', 'CL=F', 66.38999938964844)
[2026-09-06T17:51:39.231+0000] {sql.py:562} INFO - Rows affected: 1
[2026-09-06T17:51:39.242+0000] {sql.py:553} INFO - Running statement: 
            INSERT INTO oil_price_history (date, symbol, price)
            VALUES (%s, %s, %s)
            ON CONFLICT (date, symbol) DO NOTHING;
            , parameters: ('2026-02-23', 'CL=F', 66.30999755859375)
[2026-09-06T17:51:39.244+0000] {sql.py:562} INFO - Rows affected: 1
[2026-09-06T17:51:39.255+0000] {sql.py:553} INFO - Running statement: 
            INSERT INTO oil_price_history (date, symbol, price)
            VALUES (%s, %s, %s)
            ON CONFLICT (date, symbol) DO NOTHING;
            , parameters: ('2026-02-24', 'CL=F', 65.62999725341797)
[2026-09-06T17:51:39.256+0000] {sql.py:562} INFO - Rows affected: 1
[2026-09-06T17:51:39.267+0000] {sql.py:553} INFO - Running statement: 
            INSERT INTO oil_price_history (date, symbol, price)
            VALUES (%s, %s, %s)
            ON CONFLICT (date, symbol) DO NOTHING;
            , parameters: ('2026-02-25', 'CL=F', 65.41999816894531)
[2026-09-06T17:51:39.268+0000] {sql.py:562} INFO - Rows affected: 1
[2026-09-06T17:51:39.279+0000] {sql.py:553} INFO - Running statement: 
            INSERT INTO oil_price_history (date, symbol, price)
            VALUES (%s, %s, %s)
            ON CONFLICT (date, symbol) DO NOTHING;
            , parameters: ('2026-02-26', 'CL=F', 65.20999908447266)
[2026-09-06T17:51:39.280+0000] {sql.py:562} INFO - Rows affected: 1
[2026-09-06T17:51:39.290+0000] {sql.py:553} INFO - Running statement: 
            INSERT INTO oil_price_history (date, symbol, price)
            VALUES (%s, %s, %s)
            ON CONFLICT (date, symbol) DO NOTHING;
            , parameters: ('2026-02-27', 'CL=F', 67.0199966430664)
[2026-09-06T17:51:39.291+0000] {sql.py:562} INFO - Rows affected: 1
[2026-09-06T17:51:39.307+0000] {sql.py:553} INFO - Running statement: 
            INSERT INTO oil_price_history (date, symbol, price)
            VALUES (%s, %s, %s)
            ON CONFLICT (date, symbol) DO NOTHING;
            , parameters: ('2026-03-02', 'CL=F', 71.2300033569336)
[2026-09-06T17:51:39.308+0000] {sql.py:562} INFO - Rows affected: 1
[2026-09-06T17:51:39.318+0000] {sql.py:553} INFO - Running statement: 
            INSERT INTO oil_price_history (date, symbol, price)
            VALUES (%s, %s, %s)
            ON CONFLICT (date, symbol) DO NOTHING;
            , parameters: ('2026-03-03', 'CL=F', 74.55999755859375)
[2026-09-06T17:51:39.320+0000] {sql.py:562} INFO - Rows affected: 1
[2026-09-06T17:51:39.331+0000] {sql.py:553} INFO - Running statement: 
            INSERT INTO oil_price_history (date, symbol, price)
            VALUES (%s, %s, %s)
            ON CONFLICT (date, symbol) DO NOTHING;
            , parameters: ('2026-03-04', 'CL=F', 74.66000366210938)
[2026-09-06T17:51:39.333+0000] {sql.py:562} INFO - Rows affected: 1
[2026-09-06T17:51:39.347+0000] {sql.py:553} INFO - Running statement: 
            INSERT INTO oil_price_history (date, symbol, price)
            VALUES (%s, %s, %s)
            ON CONFLICT (date, symbol) DO NOTHING;
            , parameters: ('2026-03-05', 'CL=F', 81.01000213623047)
[2026-09-06T17:51:39.349+0000] {sql.py:562} INFO - Rows affected: 1
[2026-09-06T17:51:39.360+0000] {sql.py:553} INFO - Running statement: 
            INSERT INTO oil_price_history (date, symbol, price)
            VALUES (%s, %s, %s)
            ON CONFLICT (date, symbol) DO NOTHING;
            , parameters: ('2026-03-06', 'CL=F', 90.9000015258789)
[2026-09-06T17:51:39.362+0000] {sql.py:562} INFO - Rows affected: 1
[2026-09-06T17:51:39.375+0000] {sql.py:553} INFO - Running statement: 
            INSERT INTO oil_price_history (date, symbol, price)
            VALUES (%s, %s, %s)
            ON CONFLICT (date, symbol) DO NOTHING;
            , parameters: ('2026-03-09', 'CL=F', 94.7699966430664)
[2026-09-06T17:51:39.376+0000] {sql.py:562} INFO - Rows affected: 1
[2026-09-06T17:51:39.386+0000] {sql.py:553} INFO - Running statement: 
            INSERT INTO oil_price_history (date, symbol, price)
            VALUES (%s, %s, %s)
            ON CONFLICT (date, symbol) DO NOTHING;
            , parameters: ('2026-03-10', 'CL=F', 83.44999694824219)
[2026-09-06T17:51:39.387+0000] {sql.py:562} INFO - Rows affected: 1
[2026-09-06T17:51:39.402+0000] {sql.py:553} INFO - Running statement: 
            INSERT INTO oil_price_history (date, symbol, price)
            VALUES (%s, %s, %s)
            ON CONFLICT (date, symbol) DO NOTHING;
            , parameters: ('2026-03-11', 'CL=F', 87.25)
[2026-09-06T17:51:39.404+0000] {sql.py:562} INFO - Rows affected: 1
[2026-09-06T17:51:39.415+0000] {sql.py:553} INFO - Running statement: 
            INSERT INTO oil_price_history (date, symbol, price)
            VALUES (%s, %s, %s)
            ON CONFLICT (date, symbol) DO NOTHING;
            , parameters: ('2026-03-12', 'CL=F', 95.7300033569336)
[2026-09-06T17:51:39.416+0000] {sql.py:562} INFO - Rows affected: 1
[2026-09-06T17:51:39.426+0000] {sql.py:553} INFO - Running statement: 
            INSERT INTO oil_price_history (date, symbol, price)
            VALUES (%s, %s, %s)
            ON CONFLICT (date, symbol) DO NOTHING;
            , parameters: ('2026-03-13', 'CL=F', 98.70999908447266)
[2026-09-06T17:51:39.428+0000] {sql.py:562} INFO - Rows affected: 1
[2026-09-06T17:51:39.441+0000] {sql.py:553} INFO - Running statement: 
            INSERT INTO oil_price_history (date, symbol, price)
            VALUES (%s, %s, %s)
            ON CONFLICT (date, symbol) DO NOTHING;
            , parameters: ('2026-03-16', 'CL=F', 93.5)
[2026-09-06T17:51:39.443+0000] {sql.py:562} INFO - Rows affected: 1
[2026-09-06T17:51:39.450+0000] {sql.py:553} INFO - Running statement: 
            INSERT INTO oil_price_history (date, symbol, price)
            VALUES (%s, %s, %s)
            ON CONFLICT (date, symbol) DO NOTHING;
            , parameters: ('2026-03-17', 'CL=F', 96.20999908447266)
[2026-09-06T17:51:39.451+0000] {sql.py:562} INFO - Rows affected: 1
[2026-09-06T17:51:39.459+0000] {sql.py:553} INFO - Running statement: 
            INSERT INTO oil_price_history (date, symbol, price)
            VALUES (%s, %s, %s)
            ON CONFLICT (date, symbol) DO NOTHING;
            , parameters: ('2026-03-18', 'CL=F', 96.31999969482422)
[2026-09-06T17:51:39.460+0000] {sql.py:562} INFO - Rows affected: 1
[2026-09-06T17:51:39.470+0000] {sql.py:553} INFO - Running statement: 
            INSERT INTO oil_price_history (date, symbol, price)
            VALUES (%s, %s, %s)
            ON CONFLICT (date, symbol) DO NOTHING;
            , parameters: ('2026-03-19', 'CL=F', 96.13999938964844)
[2026-09-06T17:51:39.472+0000] {sql.py:562} INFO - Rows affected: 1
[2026-09-06T17:51:39.486+0000] {sql.py:553} INFO - Running statement: 
            INSERT INTO oil_price_history (date, symbol, price)
            VALUES (%s, %s, %s)
            ON CONFLICT (date, symbol) DO NOTHING;
            , parameters: ('2026-03-20', 'CL=F', 98.31999969482422)
[2026-09-06T17:51:39.487+0000] {sql.py:562} INFO - Rows affected: 1
[2026-09-06T17:51:39.496+0000] {sql.py:553} INFO - Running statement: 
            INSERT INTO oil_price_history (date, symbol, price)
            VALUES (%s, %s, %s)
            ON CONFLICT (date, symbol) DO NOTHING;
            , parameters: ('2026-03-23', 'CL=F', 88.12999725341797)
[2026-09-06T17:51:39.498+0000] {sql.py:562} INFO - Rows affected: 1
[2026-09-06T17:51:39.511+0000] {sql.py:553} INFO - Running statement: 
            INSERT INTO oil_price_history (date, symbol, price)
            VALUES (%s, %s, %s)
            ON CONFLICT (date, symbol) DO NOTHING;
            , parameters: ('2026-03-24', 'CL=F', 92.3499984741211)
[2026-09-06T17:51:39.512+0000] {sql.py:562} INFO - Rows affected: 1
[2026-09-06T17:51:39.520+0000] {sql.py:553} INFO - Running statement: 
            INSERT INTO oil_price_history (date, symbol, price)
            VALUES (%s, %s, %s)
            ON CONFLICT (date, symbol) DO NOTHING;
            , parameters: ('2026-03-25', 'CL=F', 90.31999969482422)
[2026-09-06T17:51:39.521+0000] {sql.py:562} INFO - Rows affected: 1
[2026-09-06T17:51:39.541+0000] {sql.py:553} INFO - Running statement: 
            INSERT INTO oil_price_history (date, symbol, price)
            VALUES (%s, %s, %s)
            ON CONFLICT (date, symbol) DO NOTHING;
            , parameters: ('2026-03-26', 'CL=F', 94.4800033569336)
[2026-09-06T17:51:39.545+0000] {sql.py:562} INFO - Rows affected: 1
[2026-09-06T17:51:39.560+0000] {sql.py:553} INFO - Running statement: 
            INSERT INTO oil_price_history (date, symbol, price)
            VALUES (%s, %s, %s)
            ON CONFLICT (date, symbol) DO NOTHING;
            , parameters: ('2026-03-27', 'CL=F', 99.63999938964844)
[2026-09-06T17:51:39.561+0000] {sql.py:562} INFO - Rows affected: 1
[2026-09-06T17:51:39.569+0000] {sql.py:553} INFO - Running statement: 
            INSERT INTO oil_price_history (date, symbol, price)
            VALUES (%s, %s, %s)
            ON CONFLICT (date, symbol) DO NOTHING;
            , parameters: ('2026-03-30', 'CL=F', 102.87999725341797)
[2026-09-06T17:51:39.571+0000] {sql.py:562} INFO - Rows affected: 1
[2026-09-06T17:51:39.584+0000] {sql.py:553} INFO - Running statement: 
            INSERT INTO oil_price_history (date, symbol, price)
            VALUES (%s, %s, %s)
            ON CONFLICT (date, symbol) DO NOTHING;
            , parameters: ('2026-03-31', 'CL=F', 101.37999725341797)
[2026-09-06T17:51:39.585+0000] {sql.py:562} INFO - Rows affected: 1
[2026-09-06T17:51:39.596+0000] {sql.py:553} INFO - Running statement: 
            INSERT INTO oil_price_history (date, symbol, price)
            VALUES (%s, %s, %s)
            ON CONFLICT (date, symbol) DO NOTHING;
            , parameters: ('2026-04-01', 'CL=F', 100.12000274658203)
[2026-09-06T17:51:39.597+0000] {sql.py:562} INFO - Rows affected: 1
[2026-09-06T17:51:39.610+0000] {sql.py:553} INFO - Running statement: 
            INSERT INTO oil_price_history (date, symbol, price)
            VALUES (%s, %s, %s)
            ON CONFLICT (date, symbol) DO NOTHING;
            , parameters: ('2026-04-02', 'CL=F', 111.54000091552734)
[2026-09-06T17:51:39.611+0000] {sql.py:562} INFO - Rows affected: 1
[2026-09-06T17:51:39.634+0000] {sql.py:553} INFO - Running statement: 
            INSERT INTO oil_price_history (date, symbol, price)
            VALUES (%s, %s, %s)
            ON CONFLICT (date, symbol) DO NOTHING;
            , parameters: ('2026-04-06', 'CL=F', 112.41000366210938)
[2026-09-06T17:51:39.635+0000] {sql.py:562} INFO - Rows affected: 1
[2026-09-06T17:51:39.648+0000] {sql.py:553} INFO - Running statement: 
            INSERT INTO oil_price_history (date, symbol, price)
            VALUES (%s, %s, %s)
            ON CONFLICT (date, symbol) DO NOTHING;
            , parameters: ('2026-04-07', 'CL=F', 112.94999694824219)
[2026-09-06T17:51:39.649+0000] {sql.py:562} INFO - Rows affected: 1
[2026-09-06T17:51:39.658+0000] {sql.py:553} INFO - Running statement: 
            INSERT INTO oil_price_history (date, symbol, price)
            VALUES (%s, %s, %s)
            ON CONFLICT (date, symbol) DO NOTHING;
            , parameters: ('2026-04-08', 'CL=F', 94.41000366210938)
[2026-09-06T17:51:39.659+0000] {sql.py:562} INFO - Rows affected: 1
[2026-09-06T17:51:39.669+0000] {sql.py:553} INFO - Running statement: 
            INSERT INTO oil_price_history (date, symbol, price)
            VALUES (%s, %s, %s)
            ON CONFLICT (date, symbol) DO NOTHING;
            , parameters: ('2026-04-09', 'CL=F', 97.87000274658203)
[2026-09-06T17:51:39.670+0000] {sql.py:562} INFO - Rows affected: 1
[2026-09-06T17:51:39.684+0000] {sql.py:553} INFO - Running statement: 
            INSERT INTO oil_price_history (date, symbol, price)
            VALUES (%s, %s, %s)
            ON CONFLICT (date, symbol) DO NOTHING;
            , parameters: ('2026-04-10', 'CL=F', 96.56999969482422)
[2026-09-06T17:51:39.685+0000] {sql.py:562} INFO - Rows affected: 1
[2026-09-06T17:51:39.701+0000] {sql.py:553} INFO - Running statement: 
            INSERT INTO oil_price_history (date, symbol, price)
            VALUES (%s, %s, %s)
            ON CONFLICT (date, symbol) DO NOTHING;
            , parameters: ('2026-04-13', 'CL=F', 99.08000183105469)
[2026-09-06T17:51:39.702+0000] {sql.py:562} INFO - Rows affected: 1
[2026-09-06T17:51:39.720+0000] {sql.py:553} INFO - Running statement: 
            INSERT INTO oil_price_history (date, symbol, price)
            VALUES (%s, %s, %s)
            ON CONFLICT (date, symbol) DO NOTHING;
            , parameters: ('2026-04-14', 'CL=F', 91.27999877929688)
[2026-09-06T17:51:39.721+0000] {sql.py:562} INFO - Rows affected: 1
[2026-09-06T17:51:39.730+0000] {sql.py:553} INFO - Running statement: 
            INSERT INTO oil_price_history (date, symbol, price)
            VALUES (%s, %s, %s)
            ON CONFLICT (date, symbol) DO NOTHING;
            , parameters: ('2026-04-15', 'CL=F', 91.29000091552734)
[2026-09-06T17:51:39.731+0000] {sql.py:562} INFO - Rows affected: 1
[2026-09-06T17:51:39.741+0000] {sql.py:553} INFO - Running statement: 
            INSERT INTO oil_price_history (date, symbol, price)
            VALUES (%s, %s, %s)
            ON CONFLICT (date, symbol) DO NOTHING;
            , parameters: ('2026-04-16', 'CL=F', 94.69000244140625)
[2026-09-06T17:51:39.742+0000] {sql.py:562} INFO - Rows affected: 1
[2026-09-06T17:51:39.753+0000] {sql.py:553} INFO - Running statement: 
            INSERT INTO oil_price_history (date, symbol, price)
            VALUES (%s, %s, %s)
            ON CONFLICT (date, symbol) DO NOTHING;
            , parameters: ('2026-04-17', 'CL=F', 83.8499984741211)
[2026-09-06T17:51:39.754+0000] {sql.py:562} INFO - Rows affected: 1
[2026-09-06T17:51:39.776+0000] {sql.py:553} INFO - Running statement: 
            INSERT INTO oil_price_history (date, symbol, price)
            VALUES (%s, %s, %s)
            ON CONFLICT (date, symbol) DO NOTHING;
            , parameters: ('2026-04-20', 'CL=F', 89.61000061035156)
[2026-09-06T17:51:39.777+0000] {sql.py:562} INFO - Rows affected: 1
[2026-09-06T17:51:39.784+0000] {sql.py:553} INFO - Running statement: 
            INSERT INTO oil_price_history (date, symbol, price)
            VALUES (%s, %s, %s)
            ON CONFLICT (date, symbol) DO NOTHING;
            , parameters: ('2026-04-21', 'CL=F', 92.12999725341797)
[2026-09-06T17:51:39.785+0000] {sql.py:562} INFO - Rows affected: 1
[2026-09-06T17:51:39.798+0000] {sql.py:553} INFO - Running statement: 
            INSERT INTO oil_price_history (date, symbol, price)
            VALUES (%s, %s, %s)
            ON CONFLICT (date, symbol) DO NOTHING;
            , parameters: ('2026-04-22', 'CL=F', 92.95999908447266)
[2026-09-06T17:51:39.800+0000] {sql.py:562} INFO - Rows affected: 1
[2026-09-06T17:51:39.807+0000] {sql.py:553} INFO - Running statement: 
            INSERT INTO oil_price_history (date, symbol, price)
            VALUES (%s, %s, %s)
            ON CONFLICT (date, symbol) DO NOTHING;
            , parameters: ('2026-04-23', 'CL=F', 95.8499984741211)
[2026-09-06T17:51:39.809+0000] {sql.py:562} INFO - Rows affected: 1
[2026-09-06T17:51:39.824+0000] {sql.py:553} INFO - Running statement: 
            INSERT INTO oil_price_history (date, symbol, price)
            VALUES (%s, %s, %s)
            ON CONFLICT (date, symbol) DO NOTHING;
            , parameters: ('2026-04-24', 'CL=F', 94.4000015258789)
[2026-09-06T17:51:39.826+0000] {sql.py:562} INFO - Rows affected: 1
[2026-09-06T17:51:39.844+0000] {sql.py:553} INFO - Running statement: 
            INSERT INTO oil_price_history (date, symbol, price)
            VALUES (%s, %s, %s)
            ON CONFLICT (date, symbol) DO NOTHING;
            , parameters: ('2026-04-27', 'CL=F', 96.37000274658203)
[2026-09-06T17:51:39.846+0000] {sql.py:562} INFO - Rows affected: 1
[2026-09-06T17:51:39.856+0000] {sql.py:553} INFO - Running statement: 
            INSERT INTO oil_price_history (date, symbol, price)
            VALUES (%s, %s, %s)
            ON CONFLICT (date, symbol) DO NOTHING;
            , parameters: ('2026-04-28', 'CL=F', 99.93000030517578)
[2026-09-06T17:51:39.857+0000] {sql.py:562} INFO - Rows affected: 1
[2026-09-06T17:51:39.873+0000] {sql.py:553} INFO - Running statement: 
            INSERT INTO oil_price_history (date, symbol, price)
            VALUES (%s, %s, %s)
            ON CONFLICT (date, symbol) DO NOTHING;
            , parameters: ('2026-04-29', 'CL=F', 106.87999725341797)
[2026-09-06T17:51:39.874+0000] {sql.py:562} INFO - Rows affected: 1
[2026-09-06T17:51:39.883+0000] {sql.py:553} INFO - Running statement: 
            INSERT INTO oil_price_history (date, symbol, price)
            VALUES (%s, %s, %s)
            ON CONFLICT (date, symbol) DO NOTHING;
            , parameters: ('2026-04-30', 'CL=F', 105.06999969482422)
[2026-09-06T17:51:39.884+0000] {sql.py:562} INFO - Rows affected: 1
[2026-09-06T17:51:39.897+0000] {sql.py:553} INFO - Running statement: 
            INSERT INTO oil_price_history (date, symbol, price)
            VALUES (%s, %s, %s)
            ON CONFLICT (date, symbol) DO NOTHING;
            , parameters: ('2026-05-01', 'CL=F', 101.94000244140625)
[2026-09-06T17:51:39.899+0000] {sql.py:562} INFO - Rows affected: 1
[2026-09-06T17:51:39.913+0000] {sql.py:553} INFO - Running statement: 
            INSERT INTO oil_price_history (date, symbol, price)
            VALUES (%s, %s, %s)
            ON CONFLICT (date, symbol) DO NOTHING;
            , parameters: ('2026-05-04', 'CL=F', 106.41999816894531)
[2026-09-06T17:51:39.914+0000] {sql.py:562} INFO - Rows affected: 1
[2026-09-06T17:51:39.926+0000] {sql.py:553} INFO - Running statement: 
            INSERT INTO oil_price_history (date, symbol, price)
            VALUES (%s, %s, %s)
            ON CONFLICT (date, symbol) DO NOTHING;
            , parameters: ('2026-05-05', 'CL=F', 102.2699966430664)
[2026-09-06T17:51:39.928+0000] {sql.py:562} INFO - Rows affected: 1
[2026-09-06T17:51:39.943+0000] {sql.py:553} INFO - Running statement: 
            INSERT INTO oil_price_history (date, symbol, price)
            VALUES (%s, %s, %s)
            ON CONFLICT (date, symbol) DO NOTHING;
            , parameters: ('2026-05-06', 'CL=F', 95.08000183105469)
[2026-09-06T17:51:39.944+0000] {sql.py:562} INFO - Rows affected: 1
[2026-09-06T17:51:40.022+0000] {sql.py:553} INFO - Running statement: 
            INSERT INTO oil_price_history (date, symbol, price)
            VALUES (%s, %s, %s)
            ON CONFLICT (date, symbol) DO NOTHING;
            , parameters: ('2026-05-07', 'CL=F', 94.80999755859375)
[2026-09-06T17:51:40.023+0000] {sql.py:562} INFO - Rows affected: 1
[2026-09-06T17:51:40.045+0000] {sql.py:553} INFO - Running statement: 
            INSERT INTO oil_price_history (date, symbol, price)
            VALUES (%s, %s, %s)
            ON CONFLICT (date, symbol) DO NOTHING;
            , parameters: ('2026-05-08', 'CL=F', 95.41999816894531)
[2026-09-06T17:51:40.046+0000] {sql.py:562} INFO - Rows affected: 1
[2026-09-06T17:51:40.058+0000] {sql.py:553} INFO - Running statement: 
            INSERT INTO oil_price_history (date, symbol, price)
            VALUES (%s, %s, %s)
            ON CONFLICT (date, symbol) DO NOTHING;
            , parameters: ('2026-05-11', 'CL=F', 98.06999969482422)
[2026-09-06T17:51:40.060+0000] {sql.py:562} INFO - Rows affected: 1
[2026-09-06T17:51:40.069+0000] {sql.py:553} INFO - Running statement: 
            INSERT INTO oil_price_history (date, symbol, price)
            VALUES (%s, %s, %s)
            ON CONFLICT (date, symbol) DO NOTHING;
            , parameters: ('2026-05-12', 'CL=F', 102.18000030517578)
[2026-09-06T17:51:40.070+0000] {sql.py:562} INFO - Rows affected: 1
[2026-09-06T17:51:40.077+0000] {sql.py:553} INFO - Running statement: 
            INSERT INTO oil_price_history (date, symbol, price)
            VALUES (%s, %s, %s)
            ON CONFLICT (date, symbol) DO NOTHING;
            , parameters: ('2026-05-13', 'CL=F', 101.0199966430664)
[2026-09-06T17:51:40.079+0000] {sql.py:562} INFO - Rows affected: 1
[2026-09-06T17:51:40.091+0000] {sql.py:553} INFO - Running statement: 
            INSERT INTO oil_price_history (date, symbol, price)
            VALUES (%s, %s, %s)
            ON CONFLICT (date, symbol) DO NOTHING;
            , parameters: ('2026-05-14', 'CL=F', 101.16999816894531)
[2026-09-06T17:51:40.092+0000] {sql.py:562} INFO - Rows affected: 1
[2026-09-06T17:51:40.105+0000] {sql.py:553} INFO - Running statement: 
            INSERT INTO oil_price_history (date, symbol, price)
            VALUES (%s, %s, %s)
            ON CONFLICT (date, symbol) DO NOTHING;
            , parameters: ('2026-05-15', 'CL=F', 105.41999816894531)
[2026-09-06T17:51:40.106+0000] {sql.py:562} INFO - Rows affected: 1
[2026-09-06T17:51:40.116+0000] {sql.py:553} INFO - Running statement: 
            INSERT INTO oil_price_history (date, symbol, price)
            VALUES (%s, %s, %s)
            ON CONFLICT (date, symbol) DO NOTHING;
            , parameters: ('2026-05-18', 'CL=F', 108.66000366210938)
[2026-09-06T17:51:40.117+0000] {sql.py:562} INFO - Rows affected: 1
[2026-09-06T17:51:40.127+0000] {sql.py:553} INFO - Running statement: 
            INSERT INTO oil_price_history (date, symbol, price)
            VALUES (%s, %s, %s)
            ON CONFLICT (date, symbol) DO NOTHING;
            , parameters: ('2026-05-19', 'CL=F', 107.7699966430664)
[2026-09-06T17:51:40.129+0000] {sql.py:562} INFO - Rows affected: 1
[2026-09-06T17:51:40.144+0000] {sql.py:553} INFO - Running statement: 
            INSERT INTO oil_price_history (date, symbol, price)
            VALUES (%s, %s, %s)
            ON CONFLICT (date, symbol) DO NOTHING;
            , parameters: ('2026-05-20', 'CL=F', 98.26000213623047)
[2026-09-06T17:51:40.145+0000] {sql.py:562} INFO - Rows affected: 1
[2026-09-06T17:51:40.167+0000] {sql.py:553} INFO - Running statement: 
            INSERT INTO oil_price_history (date, symbol, price)
            VALUES (%s, %s, %s)
            ON CONFLICT (date, symbol) DO NOTHING;
            , parameters: ('2026-05-21', 'CL=F', 96.3499984741211)
[2026-09-06T17:51:40.168+0000] {sql.py:562} INFO - Rows affected: 1
[2026-09-06T17:51:40.178+0000] {sql.py:553} INFO - Running statement: 
            INSERT INTO oil_price_history (date, symbol, price)
            VALUES (%s, %s, %s)
            ON CONFLICT (date, symbol) DO NOTHING;
            , parameters: ('2026-05-22', 'CL=F', 96.5999984741211)
[2026-09-06T17:51:40.179+0000] {sql.py:562} INFO - Rows affected: 1
[2026-09-06T17:51:40.195+0000] {sql.py:553} INFO - Running statement: 
            INSERT INTO oil_price_history (date, symbol, price)
            VALUES (%s, %s, %s)
            ON CONFLICT (date, symbol) DO NOTHING;
            , parameters: ('2026-05-26', 'CL=F', 93.88999938964844)
[2026-09-06T17:51:40.196+0000] {sql.py:562} INFO - Rows affected: 1
[2026-09-06T17:51:40.214+0000] {sql.py:553} INFO - Running statement: 
            INSERT INTO oil_price_history (date, symbol, price)
            VALUES (%s, %s, %s)
            ON CONFLICT (date, symbol) DO NOTHING;
            , parameters: ('2026-05-27', 'CL=F', 88.68000030517578)
[2026-09-06T17:51:40.215+0000] {sql.py:562} INFO - Rows affected: 1
[2026-09-06T17:51:40.231+0000] {sql.py:553} INFO - Running statement: 
            INSERT INTO oil_price_history (date, symbol, price)
            VALUES (%s, %s, %s)
            ON CONFLICT (date, symbol) DO NOTHING;
            , parameters: ('2026-05-28', 'CL=F', 88.9000015258789)
[2026-09-06T17:51:40.232+0000] {sql.py:562} INFO - Rows affected: 1
[2026-09-06T17:51:40.245+0000] {sql.py:553} INFO - Running statement: 
            INSERT INTO oil_price_history (date, symbol, price)
            VALUES (%s, %s, %s)
            ON CONFLICT (date, symbol) DO NOTHING;
            , parameters: ('2026-05-29', 'CL=F', 87.36000061035156)
[2026-09-06T17:51:40.246+0000] {sql.py:562} INFO - Rows affected: 1
[2026-09-06T17:51:40.260+0000] {sql.py:553} INFO - Running statement: 
            INSERT INTO oil_price_history (date, symbol, price)
            VALUES (%s, %s, %s)
            ON CONFLICT (date, symbol) DO NOTHING;
            , parameters: ('2026-06-01', 'CL=F', 92.16000366210938)
[2026-09-06T17:51:40.261+0000] {sql.py:562} INFO - Rows affected: 1
[2026-09-06T17:51:40.276+0000] {sql.py:553} INFO - Running statement: 
            INSERT INTO oil_price_history (date, symbol, price)
            VALUES (%s, %s, %s)
            ON CONFLICT (date, symbol) DO NOTHING;
            , parameters: ('2026-06-02', 'CL=F', 93.76000213623047)
[2026-09-06T17:51:40.277+0000] {sql.py:562} INFO - Rows affected: 1
[2026-09-06T17:51:40.288+0000] {sql.py:553} INFO - Running statement: 
            INSERT INTO oil_price_history (date, symbol, price)
            VALUES (%s, %s, %s)
            ON CONFLICT (date, symbol) DO NOTHING;
            , parameters: ('2026-06-03', 'CL=F', 96.0199966430664)
[2026-09-06T17:51:40.289+0000] {sql.py:562} INFO - Rows affected: 1
[2026-09-06T17:51:40.307+0000] {sql.py:553} INFO - Running statement: 
            INSERT INTO oil_price_history (date, symbol, price)
            VALUES (%s, %s, %s)
            ON CONFLICT (date, symbol) DO NOTHING;
            , parameters: ('2026-06-04', 'CL=F', 93.04000091552734)
[2026-09-06T17:51:40.309+0000] {sql.py:562} INFO - Rows affected: 1
[2026-09-06T17:51:40.320+0000] {sql.py:553} INFO - Running statement: 
            INSERT INTO oil_price_history (date, symbol, price)
            VALUES (%s, %s, %s)
            ON CONFLICT (date, symbol) DO NOTHING;
            , parameters: ('2026-06-05', 'CL=F', 90.54000091552734)
[2026-09-06T17:51:40.322+0000] {sql.py:562} INFO - Rows affected: 1
[2026-09-06T17:51:40.338+0000] {sql.py:553} INFO - Running statement: 
            INSERT INTO oil_price_history (date, symbol, price)
            VALUES (%s, %s, %s)
            ON CONFLICT (date, symbol) DO NOTHING;
            , parameters: ('2026-06-08', 'CL=F', 91.30000305175781)
[2026-09-06T17:51:40.339+0000] {sql.py:562} INFO - Rows affected: 1
[2026-09-06T17:51:40.353+0000] {sql.py:553} INFO - Running statement: 
            INSERT INTO oil_price_history (date, symbol, price)
            VALUES (%s, %s, %s)
            ON CONFLICT (date, symbol) DO NOTHING;
            , parameters: ('2026-06-09', 'CL=F', 88.19999694824219)
[2026-09-06T17:51:40.354+0000] {sql.py:562} INFO - Rows affected: 1
[2026-09-06T17:51:40.363+0000] {sql.py:553} INFO - Running statement: 
            INSERT INTO oil_price_history (date, symbol, price)
            VALUES (%s, %s, %s)
            ON CONFLICT (date, symbol) DO NOTHING;
            , parameters: ('2026-06-10', 'CL=F', 90.02999877929688)
[2026-09-06T17:51:40.368+0000] {sql.py:562} INFO - Rows affected: 1
[2026-09-06T17:51:40.379+0000] {sql.py:553} INFO - Running statement: 
            INSERT INTO oil_price_history (date, symbol, price)
            VALUES (%s, %s, %s)
            ON CONFLICT (date, symbol) DO NOTHING;
            , parameters: ('2026-06-11', 'CL=F', 87.70999908447266)
[2026-09-06T17:51:40.380+0000] {sql.py:562} INFO - Rows affected: 1
[2026-09-06T17:51:40.393+0000] {sql.py:553} INFO - Running statement: 
            INSERT INTO oil_price_history (date, symbol, price)
            VALUES (%s, %s, %s)
            ON CONFLICT (date, symbol) DO NOTHING;
            , parameters: ('2026-06-12', 'CL=F', 84.87999725341797)
[2026-09-06T17:51:40.394+0000] {sql.py:562} INFO - Rows affected: 1
[2026-09-06T17:51:40.402+0000] {sql.py:553} INFO - Running statement: 
            INSERT INTO oil_price_history (date, symbol, price)
            VALUES (%s, %s, %s)
            ON CONFLICT (date, symbol) DO NOTHING;
            , parameters: ('2026-06-15', 'CL=F', 80.75)
[2026-09-06T17:51:40.403+0000] {sql.py:562} INFO - Rows affected: 1
[2026-09-06T17:51:40.422+0000] {sql.py:553} INFO - Running statement: 
            INSERT INTO oil_price_history (date, symbol, price)
            VALUES (%s, %s, %s)
            ON CONFLICT (date, symbol) DO NOTHING;
            , parameters: ('2026-06-16', 'CL=F', 76.05000305175781)
[2026-09-06T17:51:40.423+0000] {sql.py:562} INFO - Rows affected: 1
[2026-09-06T17:51:40.432+0000] {sql.py:553} INFO - Running statement: 
            INSERT INTO oil_price_history (date, symbol, price)
            VALUES (%s, %s, %s)
            ON CONFLICT (date, symbol) DO NOTHING;
            , parameters: ('2026-06-17', 'CL=F', 76.79000091552734)
[2026-09-06T17:51:40.433+0000] {sql.py:562} INFO - Rows affected: 1
[2026-09-06T17:51:40.448+0000] {sql.py:553} INFO - Running statement: 
            INSERT INTO oil_price_history (date, symbol, price)
            VALUES (%s, %s, %s)
            ON CONFLICT (date, symbol) DO NOTHING;
            , parameters: ('2026-06-18', 'CL=F', 76.5999984741211)
[2026-09-06T17:51:40.449+0000] {sql.py:562} INFO - Rows affected: 1
[2026-09-06T17:51:40.462+0000] {sql.py:553} INFO - Running statement: 
            INSERT INTO oil_price_history (date, symbol, price)
            VALUES (%s, %s, %s)
            ON CONFLICT (date, symbol) DO NOTHING;
            , parameters: ('2026-06-22', 'CL=F', 74.81999969482422)
[2026-09-06T17:51:40.464+0000] {sql.py:562} INFO - Rows affected: 1
[2026-09-06T17:51:40.473+0000] {sql.py:553} INFO - Running statement: 
            INSERT INTO oil_price_history (date, symbol, price)
            VALUES (%s, %s, %s)
            ON CONFLICT (date, symbol) DO NOTHING;
            , parameters: ('2026-06-23', 'CL=F', 73.20999908447266)
[2026-09-06T17:51:40.474+0000] {sql.py:562} INFO - Rows affected: 1
[2026-09-06T17:51:40.492+0000] {sql.py:553} INFO - Running statement: 
            INSERT INTO oil_price_history (date, symbol, price)
            VALUES (%s, %s, %s)
            ON CONFLICT (date, symbol) DO NOTHING;
            , parameters: ('2026-06-24', 'CL=F', 70.33999633789062)
[2026-09-06T17:51:40.493+0000] {sql.py:562} INFO - Rows affected: 1
[2026-09-06T17:51:40.505+0000] {sql.py:553} INFO - Running statement: 
            INSERT INTO oil_price_history (date, symbol, price)
            VALUES (%s, %s, %s)
            ON CONFLICT (date, symbol) DO NOTHING;
            , parameters: ('2026-06-25', 'CL=F', 71.91999816894531)
[2026-09-06T17:51:40.506+0000] {sql.py:562} INFO - Rows affected: 1
[2026-09-06T17:51:40.520+0000] {sql.py:553} INFO - Running statement: 
            INSERT INTO oil_price_history (date, symbol, price)
            VALUES (%s, %s, %s)
            ON CONFLICT (date, symbol) DO NOTHING;
            , parameters: ('2026-06-26', 'CL=F', 69.2300033569336)
[2026-09-06T17:51:40.521+0000] {sql.py:562} INFO - Rows affected: 1
[2026-09-06T17:51:40.534+0000] {sql.py:553} INFO - Running statement: 
            INSERT INTO oil_price_history (date, symbol, price)
            VALUES (%s, %s, %s)
            ON CONFLICT (date, symbol) DO NOTHING;
            , parameters: ('2026-06-29', 'CL=F', 70.75)
[2026-09-06T17:51:40.535+0000] {sql.py:562} INFO - Rows affected: 1
[2026-09-06T17:51:40.543+0000] {sql.py:553} INFO - Running statement: 
            INSERT INTO oil_price_history (date, symbol, price)
            VALUES (%s, %s, %s)
            ON CONFLICT (date, symbol) DO NOTHING;
            , parameters: ('2026-06-30', 'CL=F', 69.5)
[2026-09-06T17:51:40.544+0000] {sql.py:562} INFO - Rows affected: 1
[2026-09-06T17:51:40.558+0000] {sql.py:553} INFO - Running statement: 
            INSERT INTO oil_price_history (date, symbol, price)
            VALUES (%s, %s, %s)
            ON CONFLICT (date, symbol) DO NOTHING;
            , parameters: ('2026-07-01', 'CL=F', 68.58000183105469)
[2026-09-06T17:51:40.559+0000] {sql.py:562} INFO - Rows affected: 1
[2026-09-06T17:51:40.569+0000] {sql.py:553} INFO - Running statement: 
            INSERT INTO oil_price_history (date, symbol, price)
            VALUES (%s, %s, %s)
            ON CONFLICT (date, symbol) DO NOTHING;
            , parameters: ('2026-07-02', 'CL=F', 68.69000244140625)
[2026-09-06T17:51:40.570+0000] {sql.py:562} INFO - Rows affected: 1
[2026-09-06T17:51:40.585+0000] {sql.py:553} INFO - Running statement: 
            INSERT INTO oil_price_history (date, symbol, price)
            VALUES (%s, %s, %s)
            ON CONFLICT (date, symbol) DO NOTHING;
            , parameters: ('2026-07-06', 'CL=F', 68.55000305175781)
[2026-09-06T17:51:40.586+0000] {sql.py:562} INFO - Rows affected: 1
[2026-09-06T17:51:40.599+0000] {sql.py:553} INFO - Running statement: 
            INSERT INTO oil_price_history (date, symbol, price)
            VALUES (%s, %s, %s)
            ON CONFLICT (date, symbol) DO NOTHING;
            , parameters: ('2026-07-07', 'CL=F', 70.44000244140625)
[2026-09-06T17:51:40.601+0000] {sql.py:562} INFO - Rows affected: 1
[2026-09-06T17:51:40.615+0000] {sql.py:553} INFO - Running statement: 
            INSERT INTO oil_price_history (date, symbol, price)
            VALUES (%s, %s, %s)
            ON CONFLICT (date, symbol) DO NOTHING;
            , parameters: ('2026-07-08', 'CL=F', 73.5199966430664)
[2026-09-06T17:51:40.616+0000] {sql.py:562} INFO - Rows affected: 1
[2026-09-06T17:51:40.631+0000] {sql.py:553} INFO - Running statement: 
            INSERT INTO oil_price_history (date, symbol, price)
            VALUES (%s, %s, %s)
            ON CONFLICT (date, symbol) DO NOTHING;
            , parameters: ('2026-07-09', 'CL=F', 72.08000183105469)
[2026-09-06T17:51:40.632+0000] {sql.py:562} INFO - Rows affected: 1
[2026-09-06T17:51:40.645+0000] {sql.py:553} INFO - Running statement: 
            INSERT INTO oil_price_history (date, symbol, price)
            VALUES (%s, %s, %s)
            ON CONFLICT (date, symbol) DO NOTHING;
            , parameters: ('2026-07-10', 'CL=F', 71.41000366210938)
[2026-09-06T17:51:40.647+0000] {sql.py:562} INFO - Rows affected: 1
[2026-09-06T17:51:40.663+0000] {sql.py:553} INFO - Running statement: 
            INSERT INTO oil_price_history (date, symbol, price)
            VALUES (%s, %s, %s)
            ON CONFLICT (date, symbol) DO NOTHING;
            , parameters: ('2026-07-13', 'CL=F', 78.13999938964844)
[2026-09-06T17:51:40.665+0000] {sql.py:562} INFO - Rows affected: 1
[2026-09-06T17:51:40.680+0000] {sql.py:553} INFO - Running statement: 
            INSERT INTO oil_price_history (date, symbol, price)
            VALUES (%s, %s, %s)
            ON CONFLICT (date, symbol) DO NOTHING;
            , parameters: ('2026-07-14', 'CL=F', 79.33999633789062)
[2026-09-06T17:51:40.681+0000] {sql.py:562} INFO - Rows affected: 1
[2026-09-06T17:51:40.701+0000] {sql.py:553} INFO - Running statement: 
            INSERT INTO oil_price_history (date, symbol, price)
            VALUES (%s, %s, %s)
            ON CONFLICT (date, symbol) DO NOTHING;
            , parameters: ('2026-07-15', 'CL=F', 79.5999984741211)
[2026-09-06T17:51:40.702+0000] {sql.py:562} INFO - Rows affected: 1
[2026-09-06T17:51:40.717+0000] {sql.py:553} INFO - Running statement: 
            INSERT INTO oil_price_history (date, symbol, price)
            VALUES (%s, %s, %s)
            ON CONFLICT (date, symbol) DO NOTHING;
            , parameters: ('2026-07-16', 'CL=F', 78.94999694824219)
[2026-09-06T17:51:40.718+0000] {sql.py:562} INFO - Rows affected: 1
[2026-09-06T17:51:40.740+0000] {sql.py:553} INFO - Running statement: 
            INSERT INTO oil_price_history (date, symbol, price)
            VALUES (%s, %s, %s)
            ON CONFLICT (date, symbol) DO NOTHING;
            , parameters: ('2026-07-17', 'CL=F', 82.48999786376953)
[2026-09-06T17:51:40.741+0000] {sql.py:562} INFO - Rows affected: 1
[2026-09-06T17:51:40.756+0000] {sql.py:553} INFO - Running statement: 
            INSERT INTO oil_price_history (date, symbol, price)
            VALUES (%s, %s, %s)
            ON CONFLICT (date, symbol) DO NOTHING;
            , parameters: ('2026-07-20', 'CL=F', 83.2300033569336)
[2026-09-06T17:51:40.759+0000] {sql.py:562} INFO - Rows affected: 1
[2026-09-06T17:51:40.775+0000] {sql.py:553} INFO - Running statement: 
            INSERT INTO oil_price_history (date, symbol, price)
            VALUES (%s, %s, %s)
            ON CONFLICT (date, symbol) DO NOTHING;
            , parameters: ('2026-07-21', 'CL=F', 84.91000366210938)
[2026-09-06T17:51:40.776+0000] {sql.py:562} INFO - Rows affected: 1
[2026-09-06T17:51:40.783+0000] {sql.py:553} INFO - Running statement: 
            INSERT INTO oil_price_history (date, symbol, price)
            VALUES (%s, %s, %s)
            ON CONFLICT (date, symbol) DO NOTHING;
            , parameters: ('2026-07-22', 'CL=F', 86.83000183105469)
[2026-09-06T17:51:40.784+0000] {sql.py:562} INFO - Rows affected: 1
[2026-09-06T17:51:40.800+0000] {sql.py:553} INFO - Running statement: 
            INSERT INTO oil_price_history (date, symbol, price)
            VALUES (%s, %s, %s)
            ON CONFLICT (date, symbol) DO NOTHING;
            , parameters: ('2026-07-23', 'CL=F', 92.19000244140625)
[2026-09-06T17:51:40.801+0000] {sql.py:562} INFO - Rows affected: 1
[2026-09-06T17:51:40.812+0000] {sql.py:553} INFO - Running statement: 
            INSERT INTO oil_price_history (date, symbol, price)
            VALUES (%s, %s, %s)
            ON CONFLICT (date, symbol) DO NOTHING;
            , parameters: ('2026-07-24', 'CL=F', 89.30999755859375)
[2026-09-06T17:51:40.813+0000] {sql.py:562} INFO - Rows affected: 1
[2026-09-06T17:51:40.825+0000] {sql.py:553} INFO - Running statement: 
            INSERT INTO oil_price_history (date, symbol, price)
            VALUES (%s, %s, %s)
            ON CONFLICT (date, symbol) DO NOTHING;
            , parameters: ('2026-07-27', 'CL=F', 82.61000061035156)
[2026-09-06T17:51:40.826+0000] {sql.py:562} INFO - Rows affected: 1
[2026-09-06T17:51:40.842+0000] {sql.py:553} INFO - Running statement: 
            INSERT INTO oil_price_history (date, symbol, price)
            VALUES (%s, %s, %s)
            ON CONFLICT (date, symbol) DO NOTHING;
            , parameters: ('2026-07-28', 'CL=F', 79.26000213623047)
[2026-09-06T17:51:40.843+0000] {sql.py:562} INFO - Rows affected: 1
[2026-09-06T17:51:40.860+0000] {sql.py:553} INFO - Running statement: 
            INSERT INTO oil_price_history (date, symbol, price)
            VALUES (%s, %s, %s)
            ON CONFLICT (date, symbol) DO NOTHING;
            , parameters: ('2026-07-29', 'CL=F', 84.45999908447266)
[2026-09-06T17:51:40.867+0000] {sql.py:562} INFO - Rows affected: 1
[2026-09-06T17:51:40.878+0000] {sql.py:553} INFO - Running statement: 
            INSERT INTO oil_price_history (date, symbol, price)
            VALUES (%s, %s, %s)
            ON CONFLICT (date, symbol) DO NOTHING;
            , parameters: ('2026-07-30', 'CL=F', 83.58999633789062)
[2026-09-06T17:51:40.879+0000] {sql.py:562} INFO - Rows affected: 1
[2026-09-06T17:51:40.903+0000] {sql.py:553} INFO - Running statement: 
            INSERT INTO oil_price_history (date, symbol, price)
            VALUES (%s, %s, %s)
            ON CONFLICT (date, symbol) DO NOTHING;
            , parameters: ('2026-07-31', 'CL=F', 84.66999816894531)
[2026-09-06T17:51:40.904+0000] {sql.py:562} INFO - Rows affected: 1
[2026-09-06T17:51:40.914+0000] {sql.py:553} INFO - Running statement: 
            INSERT INTO oil_price_history (date, symbol, price)
            VALUES (%s, %s, %s)
            ON CONFLICT (date, symbol) DO NOTHING;
            , parameters: ('2026-08-03', 'CL=F', 80.33999633789062)
[2026-09-06T17:51:40.915+0000] {sql.py:562} INFO - Rows affected: 1
[2026-09-06T17:51:40.928+0000] {sql.py:553} INFO - Running statement: 
            INSERT INTO oil_price_history (date, symbol, price)
            VALUES (%s, %s, %s)
            ON CONFLICT (date, symbol) DO NOTHING;
            , parameters: ('2026-08-04', 'CL=F', 75.7699966430664)
[2026-09-06T17:51:40.929+0000] {sql.py:562} INFO - Rows affected: 1
[2026-09-06T17:51:40.937+0000] {sql.py:553} INFO - Running statement: 
            INSERT INTO oil_price_history (date, symbol, price)
            VALUES (%s, %s, %s)
            ON CONFLICT (date, symbol) DO NOTHING;
            , parameters: ('2026-08-05', 'CL=F', 75.22000122070312)
[2026-09-06T17:51:40.938+0000] {sql.py:562} INFO - Rows affected: 1
[2026-09-06T17:51:40.953+0000] {sql.py:553} INFO - Running statement: 
            INSERT INTO oil_price_history (date, symbol, price)
            VALUES (%s, %s, %s)
            ON CONFLICT (date, symbol) DO NOTHING;
            , parameters: ('2026-08-06', 'CL=F', 77.29000091552734)
[2026-09-06T17:51:40.955+0000] {sql.py:562} INFO - Rows affected: 1
[2026-09-06T17:51:40.963+0000] {sql.py:553} INFO - Running statement: 
            INSERT INTO oil_price_history (date, symbol, price)
            VALUES (%s, %s, %s)
            ON CONFLICT (date, symbol) DO NOTHING;
            , parameters: ('2026-08-07', 'CL=F', 78.18000030517578)
[2026-09-06T17:51:40.964+0000] {sql.py:562} INFO - Rows affected: 1
[2026-09-06T17:51:40.984+0000] {sql.py:553} INFO - Running statement: 
            INSERT INTO oil_price_history (date, symbol, price)
            VALUES (%s, %s, %s)
            ON CONFLICT (date, symbol) DO NOTHING;
            , parameters: ('2026-08-10', 'CL=F', 82.12999725341797)
[2026-09-06T17:51:40.985+0000] {sql.py:562} INFO - Rows affected: 1
[2026-09-06T17:51:41.002+0000] {sql.py:553} INFO - Running statement: 
            INSERT INTO oil_price_history (date, symbol, price)
            VALUES (%s, %s, %s)
            ON CONFLICT (date, symbol) DO NOTHING;
            , parameters: ('2026-08-11', 'CL=F', 83.19999694824219)
[2026-09-06T17:51:41.003+0000] {sql.py:562} INFO - Rows affected: 1
[2026-09-06T17:51:41.015+0000] {sql.py:553} INFO - Running statement: 
            INSERT INTO oil_price_history (date, symbol, price)
            VALUES (%s, %s, %s)
            ON CONFLICT (date, symbol) DO NOTHING;
            , parameters: ('2026-08-12', 'CL=F', 83.2699966430664)
[2026-09-06T17:51:41.016+0000] {sql.py:562} INFO - Rows affected: 1
[2026-09-06T17:51:41.035+0000] {sql.py:553} INFO - Running statement: 
            INSERT INTO oil_price_history (date, symbol, price)
            VALUES (%s, %s, %s)
            ON CONFLICT (date, symbol) DO NOTHING;
            , parameters: ('2026-08-13', 'CL=F', 81.25)
[2026-09-06T17:51:41.036+0000] {sql.py:562} INFO - Rows affected: 1
[2026-09-06T17:51:41.054+0000] {sql.py:553} INFO - Running statement: 
            INSERT INTO oil_price_history (date, symbol, price)
            VALUES (%s, %s, %s)
            ON CONFLICT (date, symbol) DO NOTHING;
            , parameters: ('2026-08-14', 'CL=F', 82.4000015258789)
[2026-09-06T17:51:41.055+0000] {sql.py:562} INFO - Rows affected: 1
[2026-09-06T17:51:41.071+0000] {sql.py:553} INFO - Running statement: 
            INSERT INTO oil_price_history (date, symbol, price)
            VALUES (%s, %s, %s)
            ON CONFLICT (date, symbol) DO NOTHING;
            , parameters: ('2026-08-17', 'CL=F', 84.5)
[2026-09-06T17:51:41.073+0000] {sql.py:562} INFO - Rows affected: 1
[2026-09-06T17:51:41.085+0000] {sql.py:553} INFO - Running statement: 
            INSERT INTO oil_price_history (date, symbol, price)
            VALUES (%s, %s, %s)
            ON CONFLICT (date, symbol) DO NOTHING;
            , parameters: ('2026-08-18', 'CL=F', 84.94000244140625)
[2026-09-06T17:51:41.087+0000] {sql.py:562} INFO - Rows affected: 1
[2026-09-06T17:51:41.107+0000] {sql.py:553} INFO - Running statement: 
            INSERT INTO oil_price_history (date, symbol, price)
            VALUES (%s, %s, %s)
            ON CONFLICT (date, symbol) DO NOTHING;
            , parameters: ('2026-08-19', 'CL=F', 85.83000183105469)
[2026-09-06T17:51:41.108+0000] {sql.py:562} INFO - Rows affected: 1
[2026-09-06T17:51:41.117+0000] {sql.py:553} INFO - Running statement: 
            INSERT INTO oil_price_history (date, symbol, price)
            VALUES (%s, %s, %s)
            ON CONFLICT (date, symbol) DO NOTHING;
            , parameters: ('2026-08-20', 'CL=F', 87.83000183105469)
[2026-09-06T17:51:41.118+0000] {sql.py:562} INFO - Rows affected: 1
[2026-09-06T17:51:41.130+0000] {sql.py:553} INFO - Running statement: 
            INSERT INTO oil_price_history (date, symbol, price)
            VALUES (%s, %s, %s)
            ON CONFLICT (date, symbol) DO NOTHING;
            , parameters: ('2026-08-21', 'CL=F', 87.05999755859375)
[2026-09-06T17:51:41.131+0000] {sql.py:562} INFO - Rows affected: 1
[2026-09-06T17:51:41.145+0000] {sql.py:553} INFO - Running statement: 
            INSERT INTO oil_price_history (date, symbol, price)
            VALUES (%s, %s, %s)
            ON CONFLICT (date, symbol) DO NOTHING;
            , parameters: ('2026-08-24', 'CL=F', 85.01000213623047)
[2026-09-06T17:51:41.147+0000] {sql.py:562} INFO - Rows affected: 1
[2026-09-06T17:51:41.158+0000] {sql.py:553} INFO - Running statement: 
            INSERT INTO oil_price_history (date, symbol, price)
            VALUES (%s, %s, %s)
            ON CONFLICT (date, symbol) DO NOTHING;
            , parameters: ('2026-08-25', 'CL=F', 82.36000061035156)
[2026-09-06T17:51:41.159+0000] {sql.py:562} INFO - Rows affected: 1
[2026-09-06T17:51:41.173+0000] {sql.py:553} INFO - Running statement: 
            INSERT INTO oil_price_history (date, symbol, price)
            VALUES (%s, %s, %s)
            ON CONFLICT (date, symbol) DO NOTHING;
            , parameters: ('2026-08-26', 'CL=F', 82.2300033569336)
[2026-09-06T17:51:41.174+0000] {sql.py:562} INFO - Rows affected: 1
[2026-09-06T17:51:41.183+0000] {sql.py:553} INFO - Running statement: 
            INSERT INTO oil_price_history (date, symbol, price)
            VALUES (%s, %s, %s)
            ON CONFLICT (date, symbol) DO NOTHING;
            , parameters: ('2026-08-27', 'CL=F', 83.52999877929688)
[2026-09-06T17:51:41.184+0000] {sql.py:562} INFO - Rows affected: 1
[2026-09-06T17:51:41.194+0000] {sql.py:553} INFO - Running statement: 
            INSERT INTO oil_price_history (date, symbol, price)
            VALUES (%s, %s, %s)
            ON CONFLICT (date, symbol) DO NOTHING;
            , parameters: ('2026-08-28', 'CL=F', 83.4000015258789)
[2026-09-06T17:51:41.195+0000] {sql.py:562} INFO - Rows affected: 1
[2026-09-06T17:51:41.213+0000] {sql.py:553} INFO - Running statement: 
            INSERT INTO oil_price_history (date, symbol, price)
            VALUES (%s, %s, %s)
            ON CONFLICT (date, symbol) DO NOTHING;
            , parameters: ('2026-08-31', 'CL=F', 85.76000213623047)
[2026-09-06T17:51:41.214+0000] {sql.py:562} INFO - Rows affected: 1
[2026-09-06T17:51:41.228+0000] {sql.py:553} INFO - Running statement: 
            INSERT INTO oil_price_history (date, symbol, price)
            VALUES (%s, %s, %s)
            ON CONFLICT (date, symbol) DO NOTHING;
            , parameters: ('2026-09-01', 'CL=F', 90.22000122070312)
[2026-09-06T17:51:41.229+0000] {sql.py:562} INFO - Rows affected: 1
[2026-09-06T17:51:41.242+0000] {sql.py:553} INFO - Running statement: 
            INSERT INTO oil_price_history (date, symbol, price)
            VALUES (%s, %s, %s)
            ON CONFLICT (date, symbol) DO NOTHING;
            , parameters: ('2026-09-02', 'CL=F', 91.01000213623047)
[2026-09-06T17:51:41.243+0000] {sql.py:562} INFO - Rows affected: 1
[2026-09-06T17:51:41.264+0000] {sql.py:553} INFO - Running statement: 
            INSERT INTO oil_price_history (date, symbol, price)
            VALUES (%s, %s, %s)
            ON CONFLICT (date, symbol) DO NOTHING;
            , parameters: ('2026-09-03', 'CL=F', 91.30000305175781)
[2026-09-06T17:51:41.265+0000] {sql.py:562} INFO - Rows affected: 1
[2026-09-06T17:51:41.278+0000] {sql.py:553} INFO - Running statement: 
            INSERT INTO oil_price_history (date, symbol, price)
            VALUES (%s, %s, %s)
            ON CONFLICT (date, symbol) DO NOTHING;
            , parameters: ('2026-09-04', 'CL=F', 91.4800033569336)
[2026-09-06T17:51:41.279+0000] {sql.py:562} INFO - Rows affected: 1
[2026-09-06T17:51:41.287+0000] {logging_mixin.py:190} INFO - Bootstrap เสร็จ: ดึงราคาย้อนหลังมาเพิ่ม 149 วันทำการ
[2026-09-06T17:51:41.288+0000] {python.py:240} INFO - Done. Returned value was: None
[2026-09-06T17:51:41.296+0000] {taskinstance.py:340} INFO - ::group::Post task execution logs
[2026-09-06T17:51:41.297+0000] {taskinstance.py:352} INFO - Marking task as SUCCESS. dag_id=oil_price_pipeline_dag, task_id=bootstrap_historical_data, run_id=manual__2026-09-06T17:51:15.733045+00:00, execution_date=20260906T175115, start_date=20260906T175136, end_date=20260906T175141
[2026-09-06T17:51:41.351+0000] {local_task_job_runner.py:266} INFO - Task exited with return code 0
[2026-09-06T17:51:41.514+0000] {taskinstance.py:3895} INFO - 1 downstream tasks scheduled from follow-on schedule check
[2026-09-06T17:51:41.519+0000] {local_task_job_runner.py:245} INFO - ::endgroup::
