[2026-09-06T17:22:19.743+0000] {local_task_job_runner.py:123} INFO - ::group::Pre task execution logs
[2026-09-06T17:22:19.760+0000] {taskinstance.py:2613} INFO - Dependencies all met for dep_context=non-requeueable deps ti=<TaskInstance: oil_price_pipeline_dag.fetch_latest_price manual__2026-09-06T17:22:09.670896+00:00 [queued]>
[2026-09-06T17:22:19.771+0000] {taskinstance.py:2613} INFO - Dependencies all met for dep_context=requeueable deps ti=<TaskInstance: oil_price_pipeline_dag.fetch_latest_price manual__2026-09-06T17:22:09.670896+00:00 [queued]>
[2026-09-06T17:22:19.772+0000] {taskinstance.py:2866} INFO - Starting attempt 1 of 2
[2026-09-06T17:22:19.787+0000] {taskinstance.py:2889} INFO - Executing <Task(PythonOperator): fetch_latest_price> on 2026-09-06 17:22:09.670896+00:00
[2026-09-06T17:22:19.793+0000] {warnings.py:112} WARNING - /home/***/.local/lib/python3.12/site-packages/***/task/task_runner/standard_task_runner.py:70: DeprecationWarning: This process (pid=494) is multi-threaded, use of fork() may lead to deadlocks in the child.
  pid = os.fork()

[2026-09-06T17:22:19.795+0000] {standard_task_runner.py:72} INFO - Started process 496 to run task
[2026-09-06T17:22:19.795+0000] {standard_task_runner.py:104} INFO - Running: ['***', 'tasks', 'run', 'oil_price_pipeline_dag', 'fetch_latest_price', 'manual__2026-09-06T17:22:09.670896+00:00', '--job-id', '5', '--raw', '--subdir', 'DAGS_FOLDER/ml_03_oil_pipeline.py', '--cfg-path', '/tmp/tmpw6j2w9hq']
[2026-09-06T17:22:19.797+0000] {standard_task_runner.py:105} INFO - Job 5: Subtask fetch_latest_price
[2026-09-06T17:22:19.856+0000] {task_command.py:467} INFO - Running <TaskInstance: oil_price_pipeline_dag.fetch_latest_price manual__2026-09-06T17:22:09.670896+00:00 [running]> on host 1b5b1934435f
[2026-09-06T17:22:20.160+0000] {taskinstance.py:3132} INFO - Exporting env vars: AIRFLOW_CTX_DAG_OWNER='workshop2' AIRFLOW_CTX_DAG_ID='oil_price_pipeline_dag' AIRFLOW_CTX_TASK_ID='fetch_latest_price' AIRFLOW_CTX_EXECUTION_DATE='2026-09-06T17:22:09.670896+00:00' AIRFLOW_CTX_TRY_NUMBER='1' AIRFLOW_CTX_DAG_RUN_ID='manual__2026-09-06T17:22:09.670896+00:00'
[2026-09-06T17:22:20.161+0000] {taskinstance.py:731} INFO - ::endgroup::
[2026-09-06T17:22:20.934+0000] {base.py:84} INFO - Retrieving connection 'postgres_target'
[2026-09-06T17:22:20.946+0000] {sql.py:553} INFO - Running statement: 
        INSERT INTO oil_price_history (date, symbol, price)
        VALUES (%s, %s, %s)
        ON CONFLICT (date, symbol)
        DO UPDATE SET price = EXCLUDED.price, inserted_at = NOW();
        , parameters: ('2026-09-04', 'CL=F', 91.4800033569336)
[2026-09-06T17:22:20.950+0000] {sql.py:562} INFO - Rows affected: 1
[2026-09-06T17:22:20.954+0000] {logging_mixin.py:190} INFO - บันทึกราคาปิดล่าสุด (2026-09-04): 91.48 USD/บาร์เรล
[2026-09-06T17:22:20.955+0000] {python.py:240} INFO - Done. Returned value was: None
[2026-09-06T17:22:20.979+0000] {taskinstance.py:340} INFO - ::group::Post task execution logs
[2026-09-06T17:22:20.980+0000] {taskinstance.py:352} INFO - Marking task as SUCCESS. dag_id=oil_price_pipeline_dag, task_id=fetch_latest_price, run_id=manual__2026-09-06T17:22:09.670896+00:00, execution_date=20260906T172209, start_date=20260906T172219, end_date=20260906T172220
[2026-09-06T17:22:21.015+0000] {local_task_job_runner.py:266} INFO - Task exited with return code 0
[2026-09-06T17:22:21.249+0000] {taskinstance.py:3895} INFO - 1 downstream tasks scheduled from follow-on schedule check
[2026-09-06T17:22:21.252+0000] {local_task_job_runner.py:245} INFO - ::endgroup::
