[2026-09-08T04:55:53.552+0000] {local_task_job_runner.py:123} INFO - ::group::Pre task execution logs
[2026-09-08T04:55:53.565+0000] {taskinstance.py:2613} INFO - Dependencies all met for dep_context=non-requeueable deps ti=<TaskInstance: oil_price_pipeline_dag.evaluate_model manual__2026-09-08T04:55:40.730300+00:00 [queued]>
[2026-09-08T04:55:53.572+0000] {taskinstance.py:2613} INFO - Dependencies all met for dep_context=requeueable deps ti=<TaskInstance: oil_price_pipeline_dag.evaluate_model manual__2026-09-08T04:55:40.730300+00:00 [queued]>
[2026-09-08T04:55:53.572+0000] {taskinstance.py:2866} INFO - Starting attempt 1 of 2
[2026-09-08T04:55:53.583+0000] {taskinstance.py:2889} INFO - Executing <Task(PythonOperator): evaluate_model> on 2026-09-08 04:55:40.730300+00:00
[2026-09-08T04:55:53.589+0000] {warnings.py:112} WARNING - /home/***/.local/lib/python3.12/site-packages/***/task/task_runner/standard_task_runner.py:70: DeprecationWarning: This process (pid=500) is multi-threaded, use of fork() may lead to deadlocks in the child.
  pid = os.fork()

[2026-09-08T04:55:53.591+0000] {standard_task_runner.py:72} INFO - Started process 502 to run task
[2026-09-08T04:55:53.591+0000] {standard_task_runner.py:104} INFO - Running: ['***', 'tasks', 'run', 'oil_price_pipeline_dag', 'evaluate_model', 'manual__2026-09-08T04:55:40.730300+00:00', '--job-id', '293', '--raw', '--subdir', 'DAGS_FOLDER/ml_03_oil_pipeline.py', '--cfg-path', '/tmp/tmppsrgvnin']
[2026-09-08T04:55:53.593+0000] {standard_task_runner.py:105} INFO - Job 293: Subtask evaluate_model
[2026-09-08T04:55:53.634+0000] {task_command.py:467} INFO - Running <TaskInstance: oil_price_pipeline_dag.evaluate_model manual__2026-09-08T04:55:40.730300+00:00 [running]> on host 0bad5c1c53b5
[2026-09-08T04:55:53.818+0000] {taskinstance.py:3132} INFO - Exporting env vars: AIRFLOW_CTX_DAG_OWNER='workshop2' AIRFLOW_CTX_DAG_ID='oil_price_pipeline_dag' AIRFLOW_CTX_TASK_ID='evaluate_model' AIRFLOW_CTX_EXECUTION_DATE='2026-09-08T04:55:40.730300+00:00' AIRFLOW_CTX_TRY_NUMBER='1' AIRFLOW_CTX_DAG_RUN_ID='manual__2026-09-08T04:55:40.730300+00:00'
[2026-09-08T04:55:53.819+0000] {taskinstance.py:731} INFO - ::endgroup::
[2026-09-08T04:55:54.600+0000] {logging_mixin.py:190} INFO - RMSE Gasohol 95 = 0.0358 บาท/ลิตร (ยิ่งต่ำยิ่งดี)
[2026-09-08T04:55:54.600+0000] {python.py:240} INFO - Done. Returned value was: None
[2026-09-08T04:55:54.607+0000] {taskinstance.py:340} INFO - ::group::Post task execution logs
[2026-09-08T04:55:54.608+0000] {taskinstance.py:352} INFO - Marking task as SUCCESS. dag_id=oil_price_pipeline_dag, task_id=evaluate_model, run_id=manual__2026-09-08T04:55:40.730300+00:00, execution_date=20260908T045540, start_date=20260908T045553, end_date=20260908T045554
[2026-09-08T04:55:54.647+0000] {local_task_job_runner.py:266} INFO - Task exited with return code 0
[2026-09-08T04:55:54.781+0000] {taskinstance.py:3895} INFO - 1 downstream tasks scheduled from follow-on schedule check
[2026-09-08T04:55:54.784+0000] {local_task_job_runner.py:245} INFO - ::endgroup::
