[2026-09-07T12:14:51.248+0000] {local_task_job_runner.py:123} INFO - ::group::Pre task execution logs
[2026-09-07T12:14:51.262+0000] {taskinstance.py:2613} INFO - Dependencies all met for dep_context=non-requeueable deps ti=<TaskInstance: oil_price_pipeline_dag.prepare_training_data manual__2026-09-07T12:14:41.761286+00:00 [queued]>
[2026-09-07T12:14:51.269+0000] {taskinstance.py:2613} INFO - Dependencies all met for dep_context=requeueable deps ti=<TaskInstance: oil_price_pipeline_dag.prepare_training_data manual__2026-09-07T12:14:41.761286+00:00 [queued]>
[2026-09-07T12:14:51.270+0000] {taskinstance.py:2866} INFO - Starting attempt 1 of 2
[2026-09-07T12:14:51.285+0000] {taskinstance.py:2889} INFO - Executing <Task(PythonOperator): prepare_training_data> on 2026-09-07 12:14:41.761286+00:00
[2026-09-07T12:14:51.291+0000] {warnings.py:112} WARNING - /home/***/.local/lib/python3.12/site-packages/***/task/task_runner/standard_task_runner.py:70: DeprecationWarning: This process (pid=134) is multi-threaded, use of fork() may lead to deadlocks in the child.
  pid = os.fork()

[2026-09-07T12:14:51.293+0000] {standard_task_runner.py:72} INFO - Started process 136 to run task
[2026-09-07T12:14:51.293+0000] {standard_task_runner.py:104} INFO - Running: ['***', 'tasks', 'run', 'oil_price_pipeline_dag', 'prepare_training_data', 'manual__2026-09-07T12:14:41.761286+00:00', '--job-id', '164', '--raw', '--subdir', 'DAGS_FOLDER/ml_03_oil_pipeline.py', '--cfg-path', '/tmp/tmpkca_z4hr']
[2026-09-07T12:14:51.295+0000] {standard_task_runner.py:105} INFO - Job 164: Subtask prepare_training_data
[2026-09-07T12:14:51.484+0000] {task_command.py:467} INFO - Running <TaskInstance: oil_price_pipeline_dag.prepare_training_data manual__2026-09-07T12:14:41.761286+00:00 [running]> on host 00dab4500809
[2026-09-07T12:14:51.560+0000] {taskinstance.py:3132} INFO - Exporting env vars: AIRFLOW_CTX_DAG_OWNER='workshop2' AIRFLOW_CTX_DAG_ID='oil_price_pipeline_dag' AIRFLOW_CTX_TASK_ID='prepare_training_data' AIRFLOW_CTX_EXECUTION_DATE='2026-09-07T12:14:41.761286+00:00' AIRFLOW_CTX_TRY_NUMBER='1' AIRFLOW_CTX_DAG_RUN_ID='manual__2026-09-07T12:14:41.761286+00:00'
[2026-09-07T12:14:51.561+0000] {taskinstance.py:731} INFO - ::endgroup::
[2026-09-07T12:14:51.584+0000] {base.py:84} INFO - Retrieving connection 'postgres_target'
[2026-09-07T12:14:51.589+0000] {sql.py:553} INFO - Running statement: SELECT date, price FROM oil_price_history WHERE symbol = %s ORDER BY date ASC;, parameters: ('CL=F',)
[2026-09-07T12:14:51.593+0000] {sql.py:562} INFO - Rows affected: 150
[2026-09-07T12:14:51.595+0000] {logging_mixin.py:190} INFO - ดึงข้อมูลราคาย้อนหลังมาทั้งหมด 150 วันทำการ
[2026-09-07T12:14:51.596+0000] {logging_mixin.py:190} INFO - สร้าง feature ได้ 145 แถว (จากข้อมูลดิบ 150 วันทำการ)
[2026-09-07T12:14:51.726+0000] {python.py:240} INFO - Done. Returned value was: None
[2026-09-07T12:14:51.735+0000] {taskinstance.py:340} INFO - ::group::Post task execution logs
[2026-09-07T12:14:51.736+0000] {taskinstance.py:352} INFO - Marking task as SUCCESS. dag_id=oil_price_pipeline_dag, task_id=prepare_training_data, run_id=manual__2026-09-07T12:14:41.761286+00:00, execution_date=20260907T121441, start_date=20260907T121451, end_date=20260907T121451
[2026-09-07T12:14:51.788+0000] {local_task_job_runner.py:266} INFO - Task exited with return code 0
[2026-09-07T12:14:51.958+0000] {taskinstance.py:3895} INFO - 1 downstream tasks scheduled from follow-on schedule check
[2026-09-07T12:14:51.962+0000] {local_task_job_runner.py:245} INFO - ::endgroup::
