[2026-09-08T04:33:07.364+0000] {local_task_job_runner.py:123} INFO - ::group::Pre task execution logs
[2026-09-08T04:33:07.381+0000] {taskinstance.py:2613} INFO - Dependencies all met for dep_context=non-requeueable deps ti=<TaskInstance: oil_price_pipeline_dag.skip_deploy manual__2026-09-08T04:32:48.389541+00:00 [queued]>
[2026-09-08T04:33:07.388+0000] {taskinstance.py:2613} INFO - Dependencies all met for dep_context=requeueable deps ti=<TaskInstance: oil_price_pipeline_dag.skip_deploy manual__2026-09-08T04:32:48.389541+00:00 [queued]>
[2026-09-08T04:33:07.389+0000] {taskinstance.py:2866} INFO - Starting attempt 1 of 2
[2026-09-08T04:33:07.406+0000] {taskinstance.py:2889} INFO - Executing <Task(PythonOperator): skip_deploy> on 2026-09-08 04:32:48.389541+00:00
[2026-09-08T04:33:07.412+0000] {warnings.py:112} WARNING - /home/***/.local/lib/python3.12/site-packages/***/task/task_runner/standard_task_runner.py:70: DeprecationWarning: This process (pid=170) is multi-threaded, use of fork() may lead to deadlocks in the child.
  pid = os.fork()

[2026-09-08T04:33:07.413+0000] {standard_task_runner.py:72} INFO - Started process 172 to run task
[2026-09-08T04:33:07.414+0000] {standard_task_runner.py:104} INFO - Running: ['***', 'tasks', 'run', 'oil_price_pipeline_dag', 'skip_deploy', 'manual__2026-09-08T04:32:48.389541+00:00', '--job-id', '286', '--raw', '--subdir', 'DAGS_FOLDER/ml_03_oil_pipeline.py', '--cfg-path', '/tmp/tmpjuj7pk7a']
[2026-09-08T04:33:07.417+0000] {standard_task_runner.py:105} INFO - Job 286: Subtask skip_deploy
[2026-09-08T04:33:07.672+0000] {task_command.py:467} INFO - Running <TaskInstance: oil_price_pipeline_dag.skip_deploy manual__2026-09-08T04:32:48.389541+00:00 [running]> on host 0bad5c1c53b5
[2026-09-08T04:33:07.765+0000] {taskinstance.py:3132} INFO - Exporting env vars: AIRFLOW_CTX_DAG_OWNER='workshop2' AIRFLOW_CTX_DAG_ID='oil_price_pipeline_dag' AIRFLOW_CTX_TASK_ID='skip_deploy' AIRFLOW_CTX_EXECUTION_DATE='2026-09-08T04:32:48.389541+00:00' AIRFLOW_CTX_TRY_NUMBER='1' AIRFLOW_CTX_DAG_RUN_ID='manual__2026-09-08T04:32:48.389541+00:00'
[2026-09-08T04:33:07.766+0000] {taskinstance.py:731} INFO - ::endgroup::
[2026-09-08T04:33:07.796+0000] {logging_mixin.py:190} INFO - ข้าม deploy: ใหม่=0.1836 vs เดิม=0.1836 บาท/ลิตร
[2026-09-08T04:33:07.796+0000] {python.py:240} INFO - Done. Returned value was: None
[2026-09-08T04:33:07.805+0000] {taskinstance.py:340} INFO - ::group::Post task execution logs
[2026-09-08T04:33:07.806+0000] {taskinstance.py:352} INFO - Marking task as SUCCESS. dag_id=oil_price_pipeline_dag, task_id=skip_deploy, run_id=manual__2026-09-08T04:32:48.389541+00:00, execution_date=20260908T043248, start_date=20260908T043307, end_date=20260908T043307
[2026-09-08T04:33:07.868+0000] {local_task_job_runner.py:266} INFO - Task exited with return code 0
[2026-09-08T04:33:08.032+0000] {taskinstance.py:3895} INFO - 0 downstream tasks scheduled from follow-on schedule check
[2026-09-08T04:33:08.037+0000] {local_task_job_runner.py:245} INFO - ::endgroup::
