[2026-09-08T06:44:53.054+0000] {local_task_job_runner.py:123} INFO - ::group::Pre task execution logs
[2026-09-08T06:44:53.090+0000] {taskinstance.py:2613} INFO - Dependencies all met for dep_context=non-requeueable deps ti=<TaskInstance: oil_price_pipeline_dag.fetch_latest_price manual__2026-09-08T06:43:58.628877+00:00 [queued]>
[2026-09-08T06:44:53.106+0000] {taskinstance.py:2613} INFO - Dependencies all met for dep_context=requeueable deps ti=<TaskInstance: oil_price_pipeline_dag.fetch_latest_price manual__2026-09-08T06:43:58.628877+00:00 [queued]>
[2026-09-08T06:44:53.107+0000] {taskinstance.py:2866} INFO - Starting attempt 1 of 2
[2026-09-08T06:44:53.333+0000] {taskinstance.py:2889} INFO - Executing <Task(PythonOperator): fetch_latest_price> on 2026-09-08 06:43:58.628877+00:00
[2026-09-08T06:44:53.347+0000] {warnings.py:112} WARNING - /home/***/.local/lib/python3.12/site-packages/***/task/task_runner/standard_task_runner.py:70: DeprecationWarning: This process (pid=198) is multi-threaded, use of fork() may lead to deadlocks in the child.
  pid = os.fork()

[2026-09-08T06:44:53.351+0000] {standard_task_runner.py:72} INFO - Started process 200 to run task
[2026-09-08T06:44:53.350+0000] {standard_task_runner.py:104} INFO - Running: ['***', 'tasks', 'run', 'oil_price_pipeline_dag', 'fetch_latest_price', 'manual__2026-09-08T06:43:58.628877+00:00', '--job-id', '7', '--raw', '--subdir', 'DAGS_FOLDER/ml_03_oil_pipeline.py', '--cfg-path', '/tmp/tmpfx5qj9xb']
[2026-09-08T06:44:53.355+0000] {standard_task_runner.py:105} INFO - Job 7: Subtask fetch_latest_price
[2026-09-08T06:44:53.544+0000] {task_command.py:467} INFO - Running <TaskInstance: oil_price_pipeline_dag.fetch_latest_price manual__2026-09-08T06:43:58.628877+00:00 [running]> on host cc163e6dd6e2
[2026-09-08T06:44:54.107+0000] {taskinstance.py:3132} INFO - Exporting env vars: AIRFLOW_CTX_DAG_OWNER='workshop2' AIRFLOW_CTX_DAG_ID='oil_price_pipeline_dag' AIRFLOW_CTX_TASK_ID='fetch_latest_price' AIRFLOW_CTX_EXECUTION_DATE='2026-09-08T06:43:58.628877+00:00' AIRFLOW_CTX_TRY_NUMBER='1' AIRFLOW_CTX_DAG_RUN_ID='manual__2026-09-08T06:43:58.628877+00:00'
[2026-09-08T06:44:54.109+0000] {taskinstance.py:731} INFO - ::endgroup::
[2026-09-08T06:44:55.425+0000] {logging_mixin.py:190} INFO - Money Buffalo HTTP=200, HTML=139,120 bytes
[2026-09-08T06:44:55.477+0000] {logging_mixin.py:190} INFO - Money Buffalo พบ HTML tables: 4
[2026-09-08T06:44:55.480+0000] {logging_mixin.py:190} INFO - Money Buffalo table 0: shape=(9, 10), columns=['อัปเดตล่าสุด 08 ก.ย. 2026', 'Unnamed: 1', 'Unnamed: 2', 'Unnamed: 3', 'Unnamed: 4', 'Unnamed: 5', 'Unnamed: 6', 'Unnamed: 7', 'Unnamed: 8', 'Unnamed: 9']
[2026-09-08T06:44:55.498+0000] {logging_mixin.py:190} INFO - Money Buffalo table 1: shape=(9, 4), columns=['Unnamed: 0', 'วันนี้', 'ส่วนต่าง', 'พรุ่งนี้']
[2026-09-08T06:44:55.504+0000] {logging_mixin.py:190} INFO - Money Buffalo table 2: shape=(7, 9), columns=['วันที่', 'Unnamed: 1', 'Unnamed: 2', 'Unnamed: 3', 'Unnamed: 4', 'Unnamed: 5', 'Unnamed: 6', 'Unnamed: 7', 'Unnamed: 8']
[2026-09-08T06:44:55.510+0000] {logging_mixin.py:190} INFO - Money Buffalo table 3: shape=(6, 3), columns=['Cookie', 'Duration', 'Description']
[2026-09-08T06:44:55.526+0000] {logging_mixin.py:190} INFO - Money Buffalo ได้ 7 วัน
[2026-09-08T06:44:55.552+0000] {base.py:84} INFO - Retrieving connection 'postgres_target'
[2026-09-08T06:44:55.570+0000] {sql.py:553} INFO - Running statement: 
        INSERT INTO oil_price_history (date, symbol, price)
        VALUES (%s, %s, %s)
        ON CONFLICT (date, symbol)
        DO UPDATE SET
            price = EXCLUDED.price,
            inserted_at = NOW();
        , parameters: (datetime.date(2026, 9, 8), 'GASOHOL95', 38.29)
[2026-09-08T06:44:55.576+0000] {sql.py:562} INFO - Rows affected: 1
[2026-09-08T06:44:55.582+0000] {logging_mixin.py:190} INFO - บันทึกราคาล่าสุด Gasohol 95 (2026-09-08): 38.29 บาท/ลิตร
[2026-09-08T06:44:55.584+0000] {python.py:240} INFO - Done. Returned value was: None
[2026-09-08T06:44:55.610+0000] {taskinstance.py:340} INFO - ::group::Post task execution logs
[2026-09-08T06:44:55.612+0000] {taskinstance.py:352} INFO - Marking task as SUCCESS. dag_id=oil_price_pipeline_dag, task_id=fetch_latest_price, run_id=manual__2026-09-08T06:43:58.628877+00:00, execution_date=20260908T064358, start_date=20260908T064453, end_date=20260908T064455
[2026-09-08T06:44:55.662+0000] {local_task_job_runner.py:266} INFO - Task exited with return code 0
[2026-09-08T06:44:56.080+0000] {taskinstance.py:3895} INFO - 1 downstream tasks scheduled from follow-on schedule check
[2026-09-08T06:44:56.092+0000] {local_task_job_runner.py:245} INFO - ::endgroup::
