[2026-09-08T07:53:05.794+0000] {local_task_job_runner.py:123} INFO - ::group::Pre task execution logs
[2026-09-08T07:53:05.817+0000] {taskinstance.py:2613} INFO - Dependencies all met for dep_context=non-requeueable deps ti=<TaskInstance: oil_price_pipeline_dag.log_result manual__2026-09-08T07:52:30.505966+00:00 [queued]>
[2026-09-08T07:53:05.828+0000] {taskinstance.py:2613} INFO - Dependencies all met for dep_context=requeueable deps ti=<TaskInstance: oil_price_pipeline_dag.log_result manual__2026-09-08T07:52:30.505966+00:00 [queued]>
[2026-09-08T07:53:05.829+0000] {taskinstance.py:2866} INFO - Starting attempt 1 of 2
[2026-09-08T07:53:05.845+0000] {taskinstance.py:2889} INFO - Executing <Task(PythonOperator): log_result> on 2026-09-08 07:52:30.505966+00:00
[2026-09-08T07:53:05.854+0000] {warnings.py:112} WARNING - /home/***/.local/lib/python3.12/site-packages/***/task/task_runner/standard_task_runner.py:70: DeprecationWarning: This process (pid=186) is multi-threaded, use of fork() may lead to deadlocks in the child.
  pid = os.fork()

[2026-09-08T07:53:05.857+0000] {standard_task_runner.py:72} INFO - Started process 188 to run task
[2026-09-08T07:53:05.857+0000] {standard_task_runner.py:104} INFO - Running: ['***', 'tasks', 'run', 'oil_price_pipeline_dag', 'log_result', 'manual__2026-09-08T07:52:30.505966+00:00', '--job-id', '27', '--raw', '--subdir', 'DAGS_FOLDER/ml_03_oil_pipeline.py', '--cfg-path', '/tmp/tmpdpjfo5ka']
[2026-09-08T07:53:05.861+0000] {standard_task_runner.py:105} INFO - Job 27: Subtask log_result
[2026-09-08T07:53:05.937+0000] {task_command.py:467} INFO - Running <TaskInstance: oil_price_pipeline_dag.log_result manual__2026-09-08T07:52:30.505966+00:00 [running]> on host 7f2a6a45d3d5
[2026-09-08T07:53:06.292+0000] {taskinstance.py:3132} INFO - Exporting env vars: AIRFLOW_CTX_DAG_OWNER='workshop2' AIRFLOW_CTX_DAG_ID='oil_price_pipeline_dag' AIRFLOW_CTX_TASK_ID='log_result' AIRFLOW_CTX_EXECUTION_DATE='2026-09-08T07:52:30.505966+00:00' AIRFLOW_CTX_TRY_NUMBER='1' AIRFLOW_CTX_DAG_RUN_ID='manual__2026-09-08T07:52:30.505966+00:00'
[2026-09-08T07:53:06.293+0000] {taskinstance.py:731} INFO - ::endgroup::
[2026-09-08T07:53:06.356+0000] {base.py:84} INFO - Retrieving connection 'postgres_target'
[2026-09-08T07:53:06.367+0000] {sql.py:553} INFO - Running statement: 
        INSERT INTO model_metrics
            (model_name, rmse, deployed)
        VALUES (%s, %s, %s);
        , parameters: ('gasohol_95_thailand', 0.03578464722536144, False)
[2026-09-08T07:53:06.371+0000] {sql.py:562} INFO - Rows affected: 1
[2026-09-08T07:53:06.374+0000] {logging_mixin.py:190} INFO - ===== สรุปผล Gasohol 95 Pipeline =====
[2026-09-08T07:53:06.376+0000] {logging_mixin.py:190} INFO - RMSE: 0.0358 บาท/ลิตร
[2026-09-08T07:53:06.377+0000] {logging_mixin.py:190} INFO - Deploy: ไม่ใช่
[2026-09-08T07:53:06.378+0000] {python.py:240} INFO - Done. Returned value was: None
[2026-09-08T07:53:06.396+0000] {taskinstance.py:340} INFO - ::group::Post task execution logs
[2026-09-08T07:53:06.398+0000] {taskinstance.py:352} INFO - Marking task as SUCCESS. dag_id=oil_price_pipeline_dag, task_id=log_result, run_id=manual__2026-09-08T07:52:30.505966+00:00, execution_date=20260908T075230, start_date=20260908T075305, end_date=20260908T075306
[2026-09-08T07:53:06.476+0000] {local_task_job_runner.py:266} INFO - Task exited with return code 0
[2026-09-08T07:53:06.519+0000] {taskinstance.py:3895} INFO - 0 downstream tasks scheduled from follow-on schedule check
[2026-09-08T07:53:06.523+0000] {local_task_job_runner.py:245} INFO - ::endgroup::
