[2026-09-08T04:55:58.462+0000] {local_task_job_runner.py:123} INFO - ::group::Pre task execution logs
[2026-09-08T04:55:58.477+0000] {taskinstance.py:2613} INFO - Dependencies all met for dep_context=non-requeueable deps ti=<TaskInstance: oil_price_pipeline_dag.deploy_model manual__2026-09-08T04:55:40.730300+00:00 [queued]>
[2026-09-08T04:55:58.484+0000] {taskinstance.py:2613} INFO - Dependencies all met for dep_context=requeueable deps ti=<TaskInstance: oil_price_pipeline_dag.deploy_model manual__2026-09-08T04:55:40.730300+00:00 [queued]>
[2026-09-08T04:55:58.485+0000] {taskinstance.py:2866} INFO - Starting attempt 1 of 2
[2026-09-08T04:55:58.496+0000] {taskinstance.py:2889} INFO - Executing <Task(PythonOperator): deploy_model> on 2026-09-08 04:55:40.730300+00:00
[2026-09-08T04:55:58.501+0000] {warnings.py:112} WARNING - /home/***/.local/lib/python3.12/site-packages/***/task/task_runner/standard_task_runner.py:70: DeprecationWarning: This process (pid=520) is multi-threaded, use of fork() may lead to deadlocks in the child.
  pid = os.fork()

[2026-09-08T04:55:58.502+0000] {standard_task_runner.py:72} INFO - Started process 522 to run task
[2026-09-08T04:55:58.503+0000] {standard_task_runner.py:104} INFO - Running: ['***', 'tasks', 'run', 'oil_price_pipeline_dag', 'deploy_model', 'manual__2026-09-08T04:55:40.730300+00:00', '--job-id', '296', '--raw', '--subdir', 'DAGS_FOLDER/ml_03_oil_pipeline.py', '--cfg-path', '/tmp/tmpoozxac14']
[2026-09-08T04:55:58.505+0000] {standard_task_runner.py:105} INFO - Job 296: Subtask deploy_model
[2026-09-08T04:55:58.679+0000] {task_command.py:467} INFO - Running <TaskInstance: oil_price_pipeline_dag.deploy_model manual__2026-09-08T04:55:40.730300+00:00 [running]> on host 0bad5c1c53b5
[2026-09-08T04:55:58.743+0000] {taskinstance.py:3132} INFO - Exporting env vars: AIRFLOW_CTX_DAG_OWNER='workshop2' AIRFLOW_CTX_DAG_ID='oil_price_pipeline_dag' AIRFLOW_CTX_TASK_ID='deploy_model' AIRFLOW_CTX_EXECUTION_DATE='2026-09-08T04:55:40.730300+00:00' AIRFLOW_CTX_TRY_NUMBER='1' AIRFLOW_CTX_DAG_RUN_ID='manual__2026-09-08T04:55:40.730300+00:00'
[2026-09-08T04:55:58.744+0000] {taskinstance.py:731} INFO - ::endgroup::
[2026-09-08T04:55:58.767+0000] {logging_mixin.py:190} INFO - Deploy สำเร็จ: /opt/***/models/oil_models/candidate_manual__2026-09-08T04-55-40.730300-00-00.pkl -> /opt/***/models/oil_models/current_model.pkl
[2026-09-08T04:55:58.768+0000] {python.py:240} INFO - Done. Returned value was: None
[2026-09-08T04:55:58.775+0000] {taskinstance.py:340} INFO - ::group::Post task execution logs
[2026-09-08T04:55:58.776+0000] {taskinstance.py:352} INFO - Marking task as SUCCESS. dag_id=oil_price_pipeline_dag, task_id=deploy_model, run_id=manual__2026-09-08T04:55:40.730300+00:00, execution_date=20260908T045540, start_date=20260908T045558, end_date=20260908T045558
[2026-09-08T04:55:58.797+0000] {local_task_job_runner.py:266} INFO - Task exited with return code 0
[2026-09-08T04:55:58.929+0000] {taskinstance.py:3895} INFO - 1 downstream tasks scheduled from follow-on schedule check
[2026-09-08T04:55:58.933+0000] {local_task_job_runner.py:245} INFO - ::endgroup::
