[2026-09-08T04:32:50.374+0000] {local_task_job_runner.py:123} INFO - ::group::Pre task execution logs
[2026-09-08T04:32:50.561+0000] {taskinstance.py:2613} INFO - Dependencies all met for dep_context=non-requeueable deps ti=<TaskInstance: oil_price_pipeline_dag.create_tables manual__2026-09-08T04:32:48.389541+00:00 [queued]>
[2026-09-08T04:32:50.567+0000] {taskinstance.py:2613} INFO - Dependencies all met for dep_context=requeueable deps ti=<TaskInstance: oil_price_pipeline_dag.create_tables manual__2026-09-08T04:32:48.389541+00:00 [queued]>
[2026-09-08T04:32:50.569+0000] {taskinstance.py:2866} INFO - Starting attempt 1 of 2
[2026-09-08T04:32:50.580+0000] {taskinstance.py:2889} INFO - Executing <Task(PostgresOperator): create_tables> on 2026-09-08 04:32:48.389541+00:00
[2026-09-08T04:32:50.588+0000] {warnings.py:112} WARNING - /home/***/.local/lib/python3.12/site-packages/***/task/task_runner/standard_task_runner.py:70: DeprecationWarning: This process (pid=115) is multi-threaded, use of fork() may lead to deadlocks in the child.
  pid = os.fork()

[2026-09-08T04:32:50.591+0000] {standard_task_runner.py:72} INFO - Started process 117 to run task
[2026-09-08T04:32:50.591+0000] {standard_task_runner.py:104} INFO - Running: ['***', 'tasks', 'run', 'oil_price_pipeline_dag', 'create_tables', 'manual__2026-09-08T04:32:48.389541+00:00', '--job-id', '278', '--raw', '--subdir', 'DAGS_FOLDER/ml_03_oil_pipeline.py', '--cfg-path', '/tmp/tmpn6ifxy92']
[2026-09-08T04:32:50.593+0000] {standard_task_runner.py:105} INFO - Job 278: Subtask create_tables
[2026-09-08T04:32:50.643+0000] {task_command.py:467} INFO - Running <TaskInstance: oil_price_pipeline_dag.create_tables manual__2026-09-08T04:32:48.389541+00:00 [running]> on host 0bad5c1c53b5
[2026-09-08T04:32:50.727+0000] {taskinstance.py:3132} INFO - Exporting env vars: AIRFLOW_CTX_DAG_OWNER='workshop2' AIRFLOW_CTX_DAG_ID='oil_price_pipeline_dag' AIRFLOW_CTX_TASK_ID='create_tables' AIRFLOW_CTX_EXECUTION_DATE='2026-09-08T04:32:48.389541+00:00' AIRFLOW_CTX_TRY_NUMBER='1' AIRFLOW_CTX_DAG_RUN_ID='manual__2026-09-08T04:32:48.389541+00:00'
[2026-09-08T04:32:50.728+0000] {taskinstance.py:731} INFO - ::endgroup::
[2026-09-08T04:32:50.758+0000] {sql.py:278} INFO - Executing: 
CREATE TABLE IF NOT EXISTS oil_price_history (
    date DATE NOT NULL,
    symbol VARCHAR(50) NOT NULL,
    price FLOAT NOT NULL,
    inserted_at TIMESTAMP DEFAULT NOW(),
    PRIMARY KEY (date, symbol)
);

CREATE TABLE IF NOT EXISTS model_metrics (
    id SERIAL PRIMARY KEY,
    model_name VARCHAR(100) NOT NULL,
    rmse FLOAT NOT NULL,
    deployed BOOLEAN NOT NULL,
    run_at TIMESTAMP DEFAULT NOW()
);
[2026-09-08T04:32:50.766+0000] {base.py:84} INFO - Retrieving connection 'postgres_target'
[2026-09-08T04:32:50.774+0000] {base.py:84} INFO - Retrieving connection 'postgres_target'
[2026-09-08T04:32:50.780+0000] {sql.py:553} INFO - Running statement: 
CREATE TABLE IF NOT EXISTS oil_price_history (
    date DATE NOT NULL,
    symbol VARCHAR(50) NOT NULL,
    price FLOAT NOT NULL,
    inserted_at TIMESTAMP DEFAULT NOW(),
    PRIMARY KEY (date, symbol)
);

CREATE TABLE IF NOT EXISTS model_metrics (
    id SERIAL PRIMARY KEY,
    model_name VARCHAR(100) NOT NULL,
    rmse FLOAT NOT NULL,
    deployed BOOLEAN NOT NULL,
    run_at TIMESTAMP DEFAULT NOW()
);, parameters: None
[2026-09-08T04:32:50.793+0000] {taskinstance.py:340} INFO - ::group::Post task execution logs
[2026-09-08T04:32:50.793+0000] {taskinstance.py:352} INFO - Marking task as SUCCESS. dag_id=oil_price_pipeline_dag, task_id=create_tables, run_id=manual__2026-09-08T04:32:48.389541+00:00, execution_date=20260908T043248, start_date=20260908T043250, end_date=20260908T043250
[2026-09-08T04:32:50.846+0000] {local_task_job_runner.py:266} INFO - Task exited with return code 0
[2026-09-08T04:32:50.871+0000] {taskinstance.py:3895} INFO - 1 downstream tasks scheduled from follow-on schedule check
[2026-09-08T04:32:50.875+0000] {local_task_job_runner.py:245} INFO - ::endgroup::
