[2026-09-07T12:14:47.902+0000] {local_task_job_runner.py:123} INFO - ::group::Pre task execution logs
[2026-09-07T12:14:47.914+0000] {taskinstance.py:2613} INFO - Dependencies all met for dep_context=non-requeueable deps ti=<TaskInstance: oil_price_pipeline_dag.fetch_latest_price manual__2026-09-07T12:14:41.761286+00:00 [queued]>
[2026-09-07T12:14:47.920+0000] {taskinstance.py:2613} INFO - Dependencies all met for dep_context=requeueable deps ti=<TaskInstance: oil_price_pipeline_dag.fetch_latest_price manual__2026-09-07T12:14:41.761286+00:00 [queued]>
[2026-09-07T12:14:47.920+0000] {taskinstance.py:2866} INFO - Starting attempt 1 of 2
[2026-09-07T12:14:47.931+0000] {taskinstance.py:2889} INFO - Executing <Task(PythonOperator): fetch_latest_price> on 2026-09-07 12:14:41.761286+00:00
[2026-09-07T12:14:47.936+0000] {warnings.py:112} WARNING - /home/***/.local/lib/python3.12/site-packages/***/task/task_runner/standard_task_runner.py:70: DeprecationWarning: This process (pid=124) is multi-threaded, use of fork() may lead to deadlocks in the child.
  pid = os.fork()

[2026-09-07T12:14:47.937+0000] {standard_task_runner.py:72} INFO - Started process 126 to run task
[2026-09-07T12:14:47.937+0000] {standard_task_runner.py:104} INFO - Running: ['***', 'tasks', 'run', 'oil_price_pipeline_dag', 'fetch_latest_price', 'manual__2026-09-07T12:14:41.761286+00:00', '--job-id', '163', '--raw', '--subdir', 'DAGS_FOLDER/ml_03_oil_pipeline.py', '--cfg-path', '/tmp/tmpgcambhsi']
[2026-09-07T12:14:47.939+0000] {standard_task_runner.py:105} INFO - Job 163: Subtask fetch_latest_price
[2026-09-07T12:14:48.125+0000] {task_command.py:467} INFO - Running <TaskInstance: oil_price_pipeline_dag.fetch_latest_price manual__2026-09-07T12:14:41.761286+00:00 [running]> on host 00dab4500809
[2026-09-07T12:14:48.186+0000] {taskinstance.py:3132} INFO - Exporting env vars: AIRFLOW_CTX_DAG_OWNER='workshop2' AIRFLOW_CTX_DAG_ID='oil_price_pipeline_dag' AIRFLOW_CTX_TASK_ID='fetch_latest_price' AIRFLOW_CTX_EXECUTION_DATE='2026-09-07T12:14:41.761286+00:00' AIRFLOW_CTX_TRY_NUMBER='1' AIRFLOW_CTX_DAG_RUN_ID='manual__2026-09-07T12:14:41.761286+00:00'
[2026-09-07T12:14:48.187+0000] {taskinstance.py:731} INFO - ::endgroup::
[2026-09-07T12:14:50.048+0000] {base.py:84} INFO - Retrieving connection 'postgres_target'
[2026-09-07T12:14:50.055+0000] {sql.py:553} INFO - Running statement: 
        INSERT INTO oil_price_history (date, symbol, price)
        VALUES (%s, %s, %s)
        ON CONFLICT (date, symbol)
        DO UPDATE SET price = EXCLUDED.price, inserted_at = NOW();
        , parameters: ('2026-09-07', 'CL=F', 91.4800033569336)
[2026-09-07T12:14:50.059+0000] {sql.py:562} INFO - Rows affected: 1
[2026-09-07T12:14:50.063+0000] {logging_mixin.py:190} INFO - บันทึกราคาปิดล่าสุด (2026-09-07): 91.48 USD/บาร์เรล
[2026-09-07T12:14:50.063+0000] {python.py:240} INFO - Done. Returned value was: None
[2026-09-07T12:14:50.073+0000] {taskinstance.py:340} INFO - ::group::Post task execution logs
[2026-09-07T12:14:50.074+0000] {taskinstance.py:352} INFO - Marking task as SUCCESS. dag_id=oil_price_pipeline_dag, task_id=fetch_latest_price, run_id=manual__2026-09-07T12:14:41.761286+00:00, execution_date=20260907T121441, start_date=20260907T121447, end_date=20260907T121450
[2026-09-07T12:14:50.106+0000] {local_task_job_runner.py:266} INFO - Task exited with return code 0
[2026-09-07T12:14:50.270+0000] {taskinstance.py:3895} INFO - 1 downstream tasks scheduled from follow-on schedule check
[2026-09-07T12:14:50.274+0000] {local_task_job_runner.py:245} INFO - ::endgroup::
