[2026-09-08T07:52:34.339+0000] {local_task_job_runner.py:123} INFO - ::group::Pre task execution logs
[2026-09-08T07:52:34.784+0000] {taskinstance.py:2613} INFO - Dependencies all met for dep_context=non-requeueable deps ti=<TaskInstance: oil_price_pipeline_dag.create_tables manual__2026-09-08T07:52:30.505966+00:00 [queued]>
[2026-09-08T07:52:34.794+0000] {taskinstance.py:2613} INFO - Dependencies all met for dep_context=requeueable deps ti=<TaskInstance: oil_price_pipeline_dag.create_tables manual__2026-09-08T07:52:30.505966+00:00 [queued]>
[2026-09-08T07:52:34.795+0000] {taskinstance.py:2866} INFO - Starting attempt 1 of 2
[2026-09-08T07:52:35.018+0000] {taskinstance.py:2889} INFO - Executing <Task(PostgresOperator): create_tables> on 2026-09-08 07:52:30.505966+00:00
[2026-09-08T07:52:35.037+0000] {warnings.py:112} WARNING - /home/***/.local/lib/python3.12/site-packages/***/task/task_runner/standard_task_runner.py:70: DeprecationWarning: This process (pid=119) is multi-threaded, use of fork() may lead to deadlocks in the child.
  pid = os.fork()

[2026-09-08T07:52:35.078+0000] {standard_task_runner.py:72} INFO - Started process 121 to run task
[2026-09-08T07:52:35.085+0000] {standard_task_runner.py:104} INFO - Running: ['***', 'tasks', 'run', 'oil_price_pipeline_dag', 'create_tables', 'manual__2026-09-08T07:52:30.505966+00:00', '--job-id', '18', '--raw', '--subdir', 'DAGS_FOLDER/ml_03_oil_pipeline.py', '--cfg-path', '/tmp/tmp4sydzvoh']
[2026-09-08T07:52:35.156+0000] {standard_task_runner.py:105} INFO - Job 18: Subtask create_tables
[2026-09-08T07:52:35.904+0000] {task_command.py:467} INFO - Running <TaskInstance: oil_price_pipeline_dag.create_tables manual__2026-09-08T07:52:30.505966+00:00 [running]> on host 7f2a6a45d3d5
[2026-09-08T07:52:36.038+0000] {taskinstance.py:3132} INFO - Exporting env vars: AIRFLOW_CTX_DAG_OWNER='workshop2' AIRFLOW_CTX_DAG_ID='oil_price_pipeline_dag' AIRFLOW_CTX_TASK_ID='create_tables' AIRFLOW_CTX_EXECUTION_DATE='2026-09-08T07:52:30.505966+00:00' AIRFLOW_CTX_TRY_NUMBER='1' AIRFLOW_CTX_DAG_RUN_ID='manual__2026-09-08T07:52:30.505966+00:00'
[2026-09-08T07:52:36.040+0000] {taskinstance.py:731} INFO - ::endgroup::
[2026-09-08T07:52:36.072+0000] {sql.py:278} INFO - Executing: 
CREATE TABLE IF NOT EXISTS oil_price_history (
    date DATE NOT NULL,
    symbol VARCHAR(50) NOT NULL,
    price FLOAT NOT NULL,
    inserted_at TIMESTAMP DEFAULT NOW(),
    PRIMARY KEY (date, symbol)
);

CREATE TABLE IF NOT EXISTS model_metrics (
    id SERIAL PRIMARY KEY,
    model_name VARCHAR(100) NOT NULL,
    rmse FLOAT NOT NULL,
    deployed BOOLEAN NOT NULL,
    run_at TIMESTAMP DEFAULT NOW()
);
[2026-09-08T07:52:36.087+0000] {base.py:84} INFO - Retrieving connection 'postgres_target'
[2026-09-08T07:52:36.100+0000] {base.py:84} INFO - Retrieving connection 'postgres_target'
[2026-09-08T07:52:36.109+0000] {sql.py:553} INFO - Running statement: 
CREATE TABLE IF NOT EXISTS oil_price_history (
    date DATE NOT NULL,
    symbol VARCHAR(50) NOT NULL,
    price FLOAT NOT NULL,
    inserted_at TIMESTAMP DEFAULT NOW(),
    PRIMARY KEY (date, symbol)
);

CREATE TABLE IF NOT EXISTS model_metrics (
    id SERIAL PRIMARY KEY,
    model_name VARCHAR(100) NOT NULL,
    rmse FLOAT NOT NULL,
    deployed BOOLEAN NOT NULL,
    run_at TIMESTAMP DEFAULT NOW()
);, parameters: None
[2026-09-08T07:52:36.238+0000] {taskinstance.py:340} INFO - ::group::Post task execution logs
[2026-09-08T07:52:36.239+0000] {taskinstance.py:352} INFO - Marking task as SUCCESS. dag_id=oil_price_pipeline_dag, task_id=create_tables, run_id=manual__2026-09-08T07:52:30.505966+00:00, execution_date=20260908T075230, start_date=20260908T075234, end_date=20260908T075236
[2026-09-08T07:52:36.291+0000] {local_task_job_runner.py:266} INFO - Task exited with return code 0
[2026-09-08T07:52:36.307+0000] {local_task_job_runner.py:245} INFO - ::endgroup::
