[2026-09-08T07:52:40.025+0000] {local_task_job_runner.py:123} INFO - ::group::Pre task execution logs
[2026-09-08T07:52:40.045+0000] {taskinstance.py:2613} INFO - Dependencies all met for dep_context=non-requeueable deps ti=<TaskInstance: oil_price_pipeline_dag.fetch_latest_price manual__2026-09-08T07:52:30.505966+00:00 [queued]>
[2026-09-08T07:52:40.059+0000] {taskinstance.py:2613} INFO - Dependencies all met for dep_context=requeueable deps ti=<TaskInstance: oil_price_pipeline_dag.fetch_latest_price manual__2026-09-08T07:52:30.505966+00:00 [queued]>
[2026-09-08T07:52:40.059+0000] {taskinstance.py:2866} INFO - Starting attempt 1 of 2
[2026-09-08T07:52:40.076+0000] {taskinstance.py:2889} INFO - Executing <Task(PythonOperator): fetch_latest_price> on 2026-09-08 07:52:30.505966+00:00
[2026-09-08T07:52:40.085+0000] {warnings.py:112} WARNING - /home/***/.local/lib/python3.12/site-packages/***/task/task_runner/standard_task_runner.py:70: DeprecationWarning: This process (pid=127) is multi-threaded, use of fork() may lead to deadlocks in the child.
  pid = os.fork()

[2026-09-08T07:52:40.088+0000] {standard_task_runner.py:72} INFO - Started process 129 to run task
[2026-09-08T07:52:40.088+0000] {standard_task_runner.py:104} INFO - Running: ['***', 'tasks', 'run', 'oil_price_pipeline_dag', 'fetch_latest_price', 'manual__2026-09-08T07:52:30.505966+00:00', '--job-id', '20', '--raw', '--subdir', 'DAGS_FOLDER/ml_03_oil_pipeline.py', '--cfg-path', '/tmp/tmpg22jh5x6']
[2026-09-08T07:52:40.092+0000] {standard_task_runner.py:105} INFO - Job 20: Subtask fetch_latest_price
[2026-09-08T07:52:40.572+0000] {task_command.py:467} INFO - Running <TaskInstance: oil_price_pipeline_dag.fetch_latest_price manual__2026-09-08T07:52:30.505966+00:00 [running]> on host 7f2a6a45d3d5
[2026-09-08T07:52:40.707+0000] {taskinstance.py:3132} INFO - Exporting env vars: AIRFLOW_CTX_DAG_OWNER='workshop2' AIRFLOW_CTX_DAG_ID='oil_price_pipeline_dag' AIRFLOW_CTX_TASK_ID='fetch_latest_price' AIRFLOW_CTX_EXECUTION_DATE='2026-09-08T07:52:30.505966+00:00' AIRFLOW_CTX_TRY_NUMBER='1' AIRFLOW_CTX_DAG_RUN_ID='manual__2026-09-08T07:52:30.505966+00:00'
[2026-09-08T07:52:40.708+0000] {taskinstance.py:731} INFO - ::endgroup::
[2026-09-08T07:52:42.781+0000] {logging_mixin.py:190} INFO - Money Buffalo HTTP=200, HTML=139,120 bytes
[2026-09-08T07:52:42.821+0000] {logging_mixin.py:190} INFO - Money Buffalo พบ HTML tables: 4
[2026-09-08T07:52:42.823+0000] {logging_mixin.py:190} INFO - Money Buffalo table 0: shape=(9, 10), columns=['อัปเดตล่าสุด 08 ก.ย. 2026', 'Unnamed: 1', 'Unnamed: 2', 'Unnamed: 3', 'Unnamed: 4', 'Unnamed: 5', 'Unnamed: 6', 'Unnamed: 7', 'Unnamed: 8', 'Unnamed: 9']
[2026-09-08T07:52:42.832+0000] {logging_mixin.py:190} INFO - Money Buffalo table 1: shape=(9, 4), columns=['Unnamed: 0', 'วันนี้', 'ส่วนต่าง', 'พรุ่งนี้']
[2026-09-08T07:52:42.835+0000] {logging_mixin.py:190} INFO - Money Buffalo table 2: shape=(7, 9), columns=['วันที่', 'Unnamed: 1', 'Unnamed: 2', 'Unnamed: 3', 'Unnamed: 4', 'Unnamed: 5', 'Unnamed: 6', 'Unnamed: 7', 'Unnamed: 8']
[2026-09-08T07:52:42.838+0000] {logging_mixin.py:190} INFO - Money Buffalo table 3: shape=(6, 3), columns=['Cookie', 'Duration', 'Description']
[2026-09-08T07:52:42.847+0000] {logging_mixin.py:190} INFO - Money Buffalo ได้ 7 วัน
[2026-09-08T07:52:42.861+0000] {base.py:84} INFO - Retrieving connection 'postgres_target'
[2026-09-08T07:52:42.870+0000] {sql.py:553} INFO - Running statement: 
        INSERT INTO oil_price_history (date, symbol, price)
        VALUES (%s, %s, %s)
        ON CONFLICT (date, symbol)
        DO UPDATE SET
            price = EXCLUDED.price,
            inserted_at = NOW();
        , parameters: (datetime.date(2026, 9, 8), 'GASOHOL95', 38.29)
[2026-09-08T07:52:42.874+0000] {sql.py:562} INFO - Rows affected: 1
[2026-09-08T07:52:42.877+0000] {logging_mixin.py:190} INFO - บันทึกราคาล่าสุด Gasohol 95 (2026-09-08): 38.29 บาท/ลิตร
[2026-09-08T07:52:42.878+0000] {python.py:240} INFO - Done. Returned value was: None
[2026-09-08T07:52:42.895+0000] {taskinstance.py:340} INFO - ::group::Post task execution logs
[2026-09-08T07:52:42.896+0000] {taskinstance.py:352} INFO - Marking task as SUCCESS. dag_id=oil_price_pipeline_dag, task_id=fetch_latest_price, run_id=manual__2026-09-08T07:52:30.505966+00:00, execution_date=20260908T075230, start_date=20260908T075240, end_date=20260908T075242
[2026-09-08T07:52:42.957+0000] {local_task_job_runner.py:266} INFO - Task exited with return code 0
[2026-09-08T07:52:43.165+0000] {taskinstance.py:3895} INFO - 1 downstream tasks scheduled from follow-on schedule check
[2026-09-08T07:52:43.169+0000] {local_task_job_runner.py:245} INFO - ::endgroup::
