[2026-09-07T20:12:49.120+0000] {local_task_job_runner.py:123} INFO - ::group::Pre task execution logs
[2026-09-07T20:12:49.133+0000] {taskinstance.py:2613} INFO - Dependencies all met for dep_context=non-requeueable deps ti=<TaskInstance: oil_price_pipeline_dag.bootstrap_historical_data manual__2026-09-07T20:12:45.655015+00:00 [queued]>
[2026-09-07T20:12:49.140+0000] {taskinstance.py:2613} INFO - Dependencies all met for dep_context=requeueable deps ti=<TaskInstance: oil_price_pipeline_dag.bootstrap_historical_data manual__2026-09-07T20:12:45.655015+00:00 [queued]>
[2026-09-07T20:12:49.142+0000] {taskinstance.py:2866} INFO - Starting attempt 1 of 2
[2026-09-07T20:12:49.153+0000] {taskinstance.py:2889} INFO - Executing <Task(PythonOperator): bootstrap_historical_data> on 2026-09-07 20:12:45.655015+00:00
[2026-09-07T20:12:49.158+0000] {warnings.py:112} WARNING - /home/***/.local/lib/python3.12/site-packages/***/task/task_runner/standard_task_runner.py:70: DeprecationWarning: This process (pid=118) is multi-threaded, use of fork() may lead to deadlocks in the child.
  pid = os.fork()

[2026-09-07T20:12:49.160+0000] {standard_task_runner.py:72} INFO - Started process 120 to run task
[2026-09-07T20:12:49.160+0000] {standard_task_runner.py:104} INFO - Running: ['***', 'tasks', 'run', 'oil_price_pipeline_dag', 'bootstrap_historical_data', 'manual__2026-09-07T20:12:45.655015+00:00', '--job-id', '254', '--raw', '--subdir', 'DAGS_FOLDER/ml_03_oil_pipeline.py', '--cfg-path', '/tmp/tmpr4rge69o']
[2026-09-07T20:12:49.162+0000] {standard_task_runner.py:105} INFO - Job 254: Subtask bootstrap_historical_data
[2026-09-07T20:12:49.322+0000] {task_command.py:467} INFO - Running <TaskInstance: oil_price_pipeline_dag.bootstrap_historical_data manual__2026-09-07T20:12:45.655015+00:00 [running]> on host 352574bf8447
[2026-09-07T20:12:49.382+0000] {taskinstance.py:3132} INFO - Exporting env vars: AIRFLOW_CTX_DAG_OWNER='workshop2' AIRFLOW_CTX_DAG_ID='oil_price_pipeline_dag' AIRFLOW_CTX_TASK_ID='bootstrap_historical_data' AIRFLOW_CTX_EXECUTION_DATE='2026-09-07T20:12:45.655015+00:00' AIRFLOW_CTX_TRY_NUMBER='1' AIRFLOW_CTX_DAG_RUN_ID='manual__2026-09-07T20:12:45.655015+00:00'
[2026-09-07T20:12:49.383+0000] {taskinstance.py:731} INFO - ::endgroup::
[2026-09-07T20:12:49.400+0000] {base.py:84} INFO - Retrieving connection 'postgres_target'
[2026-09-07T20:12:49.404+0000] {sql.py:553} INFO - Running statement: SELECT COUNT(*) FROM oil_price_history WHERE symbol = %s;, parameters: ('GASOHOL95',)
[2026-09-07T20:12:49.405+0000] {sql.py:562} INFO - Rows affected: 1
[2026-09-07T20:12:49.406+0000] {logging_mixin.py:190} INFO - มีข้อมูล Gasohol 95 อยู่แล้ว 7 วัน (ต้องการอย่างน้อย 30 วัน)
[2026-09-07T20:12:54.289+0000] {logging_mixin.py:190} INFO - Money Buffalo HTTP=200, HTML=139,120 bytes
[2026-09-07T20:12:54.317+0000] {logging_mixin.py:190} INFO - Money Buffalo พบ HTML tables: 4
[2026-09-07T20:12:54.318+0000] {logging_mixin.py:190} INFO - Money Buffalo table 0: shape=(9, 10), columns=['อัปเดตล่าสุด 07 ก.ย. 2026', 'Unnamed: 1', 'Unnamed: 2', 'Unnamed: 3', 'Unnamed: 4', 'Unnamed: 5', 'Unnamed: 6', 'Unnamed: 7', 'Unnamed: 8', 'Unnamed: 9']
[2026-09-07T20:12:54.324+0000] {logging_mixin.py:190} INFO - Money Buffalo table 1: shape=(9, 4), columns=['Unnamed: 0', 'วันนี้', 'ส่วนต่าง', 'พรุ่งนี้']
[2026-09-07T20:12:54.325+0000] {logging_mixin.py:190} INFO - Money Buffalo table 2: shape=(7, 9), columns=['วันที่', 'Unnamed: 1', 'Unnamed: 2', 'Unnamed: 3', 'Unnamed: 4', 'Unnamed: 5', 'Unnamed: 6', 'Unnamed: 7', 'Unnamed: 8']
[2026-09-07T20:12:54.328+0000] {logging_mixin.py:190} INFO - Money Buffalo table 3: shape=(6, 3), columns=['Cookie', 'Duration', 'Description']
[2026-09-07T20:12:54.335+0000] {logging_mixin.py:190} INFO - Money Buffalo ได้ 7 วัน
[2026-09-07T20:12:54.339+0000] {logging_mixin.py:190} INFO - Rakawannee: เริ่มดึงย้อนหลัง 60 วัน จาก 2026-07-11 ถึง 2026-09-08
[2026-09-07T20:12:55.039+0000] {logging_mixin.py:190} INFO - Rakawannee 2026-09-08: HTTP 404
[2026-09-07T20:12:55.040+0000] {logging_mixin.py:190} INFO - Rakawannee ไม่พบราคา: 2026-09-08
[2026-09-07T20:12:55.931+0000] {logging_mixin.py:190} INFO - Rakawannee OK: 2026-09-07 -> 38.29
[2026-09-07T20:12:56.783+0000] {logging_mixin.py:190} INFO - Rakawannee OK: 2026-09-06 -> 38.29
[2026-09-07T20:12:57.257+0000] {logging_mixin.py:190} INFO - Rakawannee OK: 2026-09-05 -> 38.29
[2026-09-07T20:12:58.093+0000] {logging_mixin.py:190} INFO - Rakawannee OK: 2026-09-04 -> 38.29
[2026-09-07T20:12:58.908+0000] {logging_mixin.py:190} INFO - Rakawannee OK: 2026-09-03 -> 38.29
[2026-09-07T20:12:59.400+0000] {logging_mixin.py:190} INFO - Rakawannee OK: 2026-09-02 -> 37.69
[2026-09-07T20:13:00.200+0000] {logging_mixin.py:190} INFO - Rakawannee OK: 2026-09-01 -> 37.69
[2026-09-07T20:13:00.512+0000] {logging_mixin.py:190} INFO - Rakawannee OK: 2026-08-31 -> 37.69
[2026-09-07T20:13:00.838+0000] {logging_mixin.py:190} INFO - Rakawannee OK: 2026-08-30 -> 37.69
[2026-09-07T20:13:01.327+0000] {logging_mixin.py:190} INFO - Rakawannee OK: 2026-08-29 -> 37.69
[2026-09-07T20:13:01.825+0000] {logging_mixin.py:190} INFO - Rakawannee OK: 2026-08-28 -> 37.69
[2026-09-07T20:13:02.699+0000] {logging_mixin.py:190} INFO - Rakawannee OK: 2026-08-27 -> 37.69
[2026-09-07T20:13:03.562+0000] {logging_mixin.py:190} INFO - Rakawannee OK: 2026-08-26 -> 37.69
[2026-09-07T20:13:04.067+0000] {logging_mixin.py:190} INFO - Rakawannee OK: 2026-08-25 -> 37.69
[2026-09-07T20:13:04.905+0000] {logging_mixin.py:190} INFO - Rakawannee OK: 2026-08-24 -> 37.69
[2026-09-07T20:13:05.810+0000] {logging_mixin.py:190} INFO - Rakawannee OK: 2026-08-23 -> 37.69
[2026-09-07T20:13:06.685+0000] {logging_mixin.py:190} INFO - Rakawannee OK: 2026-08-22 -> 37.69
[2026-09-07T20:13:07.537+0000] {logging_mixin.py:190} INFO - Rakawannee OK: 2026-08-21 -> 37.69
[2026-09-07T20:13:08.040+0000] {logging_mixin.py:190} INFO - Rakawannee OK: 2026-08-20 -> 37.69
[2026-09-07T20:13:08.551+0000] {logging_mixin.py:190} INFO - Rakawannee OK: 2026-08-19 -> 37.69
[2026-09-07T20:13:09.081+0000] {logging_mixin.py:190} INFO - Rakawannee OK: 2026-08-18 -> 36.84
[2026-09-07T20:13:09.417+0000] {logging_mixin.py:190} INFO - Rakawannee OK: 2026-08-17 -> 36.84
[2026-09-07T20:13:09.905+0000] {logging_mixin.py:190} INFO - Rakawannee OK: 2026-08-16 -> 36.84
[2026-09-07T20:13:10.385+0000] {logging_mixin.py:190} INFO - Rakawannee OK: 2026-08-15 -> 36.84
[2026-09-07T20:13:10.882+0000] {logging_mixin.py:190} INFO - Rakawannee OK: 2026-08-14 -> 36.84
[2026-09-07T20:13:11.770+0000] {logging_mixin.py:190} INFO - Rakawannee OK: 2026-08-13 -> 36.84
[2026-09-07T20:13:12.149+0000] {logging_mixin.py:190} INFO - Rakawannee OK: 2026-08-12 -> 35.99
[2026-09-07T20:13:12.639+0000] {logging_mixin.py:190} INFO - Rakawannee OK: 2026-08-11 -> 35.99
[2026-09-07T20:13:12.964+0000] {logging_mixin.py:190} INFO - Rakawannee OK: 2026-08-10 -> 35.99
[2026-09-07T20:13:13.485+0000] {logging_mixin.py:190} INFO - Rakawannee OK: 2026-08-09 -> 35.99
[2026-09-07T20:13:13.972+0000] {logging_mixin.py:190} INFO - Rakawannee OK: 2026-08-08 -> 35.99
[2026-09-07T20:13:14.292+0000] {logging_mixin.py:190} INFO - Rakawannee OK: 2026-08-07 -> 35.99
[2026-09-07T20:13:14.789+0000] {logging_mixin.py:190} INFO - Rakawannee OK: 2026-08-06 -> 36.69
[2026-09-07T20:13:15.301+0000] {logging_mixin.py:190} INFO - Rakawannee OK: 2026-08-05 -> 36.69
[2026-09-07T20:13:15.773+0000] {logging_mixin.py:190} INFO - Rakawannee OK: 2026-08-04 -> 36.69
[2026-09-07T20:13:16.689+0000] {logging_mixin.py:190} INFO - Rakawannee OK: 2026-08-03 -> 36.69
[2026-09-07T20:13:17.208+0000] {logging_mixin.py:190} INFO - Rakawannee OK: 2026-08-02 -> 36.69
[2026-09-07T20:13:18.054+0000] {logging_mixin.py:190} INFO - Rakawannee OK: 2026-08-01 -> 36.69
[2026-09-07T20:13:18.573+0000] {logging_mixin.py:190} INFO - Rakawannee OK: 2026-07-31 -> 36.69
[2026-09-07T20:13:19.476+0000] {logging_mixin.py:190} INFO - Rakawannee OK: 2026-07-30 -> 36.69
[2026-09-07T20:13:20.006+0000] {logging_mixin.py:190} INFO - Rakawannee OK: 2026-07-29 -> 36.69
[2026-09-07T20:13:20.480+0000] {logging_mixin.py:190} INFO - Rakawannee OK: 2026-07-28 -> 36.69
[2026-09-07T20:13:20.998+0000] {logging_mixin.py:190} INFO - Rakawannee OK: 2026-07-27 -> 36.69
[2026-09-07T20:13:21.803+0000] {logging_mixin.py:190} INFO - Rakawannee OK: 2026-07-26 -> 36.69
[2026-09-07T20:13:22.276+0000] {logging_mixin.py:190} INFO - Rakawannee OK: 2026-07-25 -> 36.69
[2026-09-07T20:13:22.780+0000] {logging_mixin.py:190} INFO - Rakawannee OK: 2026-07-24 -> 36.69
[2026-09-07T20:13:23.275+0000] {logging_mixin.py:190} INFO - Rakawannee OK: 2026-07-23 -> 36.69
[2026-09-07T20:13:23.800+0000] {logging_mixin.py:190} INFO - Rakawannee OK: 2026-07-22 -> 34.94
[2026-09-07T20:13:24.279+0000] {logging_mixin.py:190} INFO - Rakawannee OK: 2026-07-21 -> 34.94
[2026-09-07T20:13:24.770+0000] {logging_mixin.py:190} INFO - Rakawannee OK: 2026-07-20 -> 34.94
[2026-09-07T20:13:25.287+0000] {logging_mixin.py:190} INFO - Rakawannee OK: 2026-07-19 -> 34.94
[2026-09-07T20:13:25.774+0000] {logging_mixin.py:190} INFO - Rakawannee OK: 2026-07-18 -> 34.94
[2026-09-07T20:13:26.288+0000] {logging_mixin.py:190} INFO - Rakawannee OK: 2026-07-17 -> 34.94
[2026-09-07T20:13:26.792+0000] {logging_mixin.py:190} INFO - Rakawannee OK: 2026-07-16 -> 34.94
[2026-09-07T20:13:27.291+0000] {logging_mixin.py:190} INFO - Rakawannee OK: 2026-07-15 -> 34.94
[2026-09-07T20:13:27.802+0000] {logging_mixin.py:190} INFO - Rakawannee OK: 2026-07-14 -> 34.94
[2026-09-07T20:13:28.304+0000] {logging_mixin.py:190} INFO - Rakawannee OK: 2026-07-13 -> 34.94
[2026-09-07T20:13:28.779+0000] {logging_mixin.py:190} INFO - Rakawannee OK: 2026-07-12 -> 34.94
[2026-09-07T20:13:29.268+0000] {logging_mixin.py:190} INFO - Rakawannee OK: 2026-07-11 -> 34.94
[2026-09-07T20:13:29.275+0000] {logging_mixin.py:190} INFO - Rakawannee ได้ 59 วัน
[2026-09-07T20:13:29.283+0000] {logging_mixin.py:190} INFO - ====================================
[2026-09-07T20:13:29.283+0000] {logging_mixin.py:190} INFO - Gasohol 95 Historical Data
[2026-09-07T20:13:29.284+0000] {logging_mixin.py:190} INFO - ====================================
[2026-09-07T20:13:29.284+0000] {logging_mixin.py:190} INFO - Money Buffalo: 7 วัน
[2026-09-07T20:13:29.284+0000] {logging_mixin.py:190} INFO - Rakawannee:   59 วัน
[2026-09-07T20:13:29.285+0000] {logging_mixin.py:190} INFO - รวมทั้งหมด:   60 วัน
[2026-09-07T20:13:29.285+0000] {logging_mixin.py:190} INFO - วันแรก:   2026-07-11
[2026-09-07T20:13:29.285+0000] {logging_mixin.py:190} INFO - วันล่าสุด: 2026-09-08
[2026-09-07T20:13:29.286+0000] {logging_mixin.py:190} INFO - ราคาล่าสุด: 38.29 บาท/ลิตร
[2026-09-07T20:13:29.286+0000] {logging_mixin.py:190} INFO - ====================================
[2026-09-07T20:13:29.291+0000] {sql.py:553} INFO - Running statement: 
            INSERT INTO oil_price_history (date, symbol, price)
            VALUES (%s, %s, %s)
            ON CONFLICT (date, symbol) DO NOTHING;
            , parameters: (datetime.date(2026, 7, 11), 'GASOHOL95', 34.94)
[2026-09-07T20:13:29.293+0000] {sql.py:562} INFO - Rows affected: 1
[2026-09-07T20:13:29.301+0000] {sql.py:553} INFO - Running statement: 
            INSERT INTO oil_price_history (date, symbol, price)
            VALUES (%s, %s, %s)
            ON CONFLICT (date, symbol) DO NOTHING;
            , parameters: (datetime.date(2026, 7, 12), 'GASOHOL95', 34.94)
[2026-09-07T20:13:29.302+0000] {sql.py:562} INFO - Rows affected: 1
[2026-09-07T20:13:29.309+0000] {sql.py:553} INFO - Running statement: 
            INSERT INTO oil_price_history (date, symbol, price)
            VALUES (%s, %s, %s)
            ON CONFLICT (date, symbol) DO NOTHING;
            , parameters: (datetime.date(2026, 7, 13), 'GASOHOL95', 34.94)
[2026-09-07T20:13:29.311+0000] {sql.py:562} INFO - Rows affected: 1
[2026-09-07T20:13:29.319+0000] {sql.py:553} INFO - Running statement: 
            INSERT INTO oil_price_history (date, symbol, price)
            VALUES (%s, %s, %s)
            ON CONFLICT (date, symbol) DO NOTHING;
            , parameters: (datetime.date(2026, 7, 14), 'GASOHOL95', 34.94)
[2026-09-07T20:13:29.320+0000] {sql.py:562} INFO - Rows affected: 1
[2026-09-07T20:13:29.328+0000] {sql.py:553} INFO - Running statement: 
            INSERT INTO oil_price_history (date, symbol, price)
            VALUES (%s, %s, %s)
            ON CONFLICT (date, symbol) DO NOTHING;
            , parameters: (datetime.date(2026, 7, 15), 'GASOHOL95', 34.94)
[2026-09-07T20:13:29.329+0000] {sql.py:562} INFO - Rows affected: 1
[2026-09-07T20:13:29.336+0000] {sql.py:553} INFO - Running statement: 
            INSERT INTO oil_price_history (date, symbol, price)
            VALUES (%s, %s, %s)
            ON CONFLICT (date, symbol) DO NOTHING;
            , parameters: (datetime.date(2026, 7, 16), 'GASOHOL95', 34.94)
[2026-09-07T20:13:29.337+0000] {sql.py:562} INFO - Rows affected: 1
[2026-09-07T20:13:29.345+0000] {sql.py:553} INFO - Running statement: 
            INSERT INTO oil_price_history (date, symbol, price)
            VALUES (%s, %s, %s)
            ON CONFLICT (date, symbol) DO NOTHING;
            , parameters: (datetime.date(2026, 7, 17), 'GASOHOL95', 34.94)
[2026-09-07T20:13:29.347+0000] {sql.py:562} INFO - Rows affected: 1
[2026-09-07T20:13:29.354+0000] {sql.py:553} INFO - Running statement: 
            INSERT INTO oil_price_history (date, symbol, price)
            VALUES (%s, %s, %s)
            ON CONFLICT (date, symbol) DO NOTHING;
            , parameters: (datetime.date(2026, 7, 18), 'GASOHOL95', 34.94)
[2026-09-07T20:13:29.355+0000] {sql.py:562} INFO - Rows affected: 1
[2026-09-07T20:13:29.363+0000] {sql.py:553} INFO - Running statement: 
            INSERT INTO oil_price_history (date, symbol, price)
            VALUES (%s, %s, %s)
            ON CONFLICT (date, symbol) DO NOTHING;
            , parameters: (datetime.date(2026, 7, 19), 'GASOHOL95', 34.94)
[2026-09-07T20:13:29.364+0000] {sql.py:562} INFO - Rows affected: 1
[2026-09-07T20:13:29.371+0000] {sql.py:553} INFO - Running statement: 
            INSERT INTO oil_price_history (date, symbol, price)
            VALUES (%s, %s, %s)
            ON CONFLICT (date, symbol) DO NOTHING;
            , parameters: (datetime.date(2026, 7, 20), 'GASOHOL95', 34.94)
[2026-09-07T20:13:29.372+0000] {sql.py:562} INFO - Rows affected: 1
[2026-09-07T20:13:29.380+0000] {sql.py:553} INFO - Running statement: 
            INSERT INTO oil_price_history (date, symbol, price)
            VALUES (%s, %s, %s)
            ON CONFLICT (date, symbol) DO NOTHING;
            , parameters: (datetime.date(2026, 7, 21), 'GASOHOL95', 34.94)
[2026-09-07T20:13:29.382+0000] {sql.py:562} INFO - Rows affected: 1
[2026-09-07T20:13:29.389+0000] {sql.py:553} INFO - Running statement: 
            INSERT INTO oil_price_history (date, symbol, price)
            VALUES (%s, %s, %s)
            ON CONFLICT (date, symbol) DO NOTHING;
            , parameters: (datetime.date(2026, 7, 22), 'GASOHOL95', 34.94)
[2026-09-07T20:13:29.391+0000] {sql.py:562} INFO - Rows affected: 1
[2026-09-07T20:13:29.398+0000] {sql.py:553} INFO - Running statement: 
            INSERT INTO oil_price_history (date, symbol, price)
            VALUES (%s, %s, %s)
            ON CONFLICT (date, symbol) DO NOTHING;
            , parameters: (datetime.date(2026, 7, 23), 'GASOHOL95', 36.69)
[2026-09-07T20:13:29.399+0000] {sql.py:562} INFO - Rows affected: 1
[2026-09-07T20:13:29.408+0000] {sql.py:553} INFO - Running statement: 
            INSERT INTO oil_price_history (date, symbol, price)
            VALUES (%s, %s, %s)
            ON CONFLICT (date, symbol) DO NOTHING;
            , parameters: (datetime.date(2026, 7, 24), 'GASOHOL95', 36.69)
[2026-09-07T20:13:29.409+0000] {sql.py:562} INFO - Rows affected: 1
[2026-09-07T20:13:29.419+0000] {sql.py:553} INFO - Running statement: 
            INSERT INTO oil_price_history (date, symbol, price)
            VALUES (%s, %s, %s)
            ON CONFLICT (date, symbol) DO NOTHING;
            , parameters: (datetime.date(2026, 7, 25), 'GASOHOL95', 36.69)
[2026-09-07T20:13:29.420+0000] {sql.py:562} INFO - Rows affected: 1
[2026-09-07T20:13:29.428+0000] {sql.py:553} INFO - Running statement: 
            INSERT INTO oil_price_history (date, symbol, price)
            VALUES (%s, %s, %s)
            ON CONFLICT (date, symbol) DO NOTHING;
            , parameters: (datetime.date(2026, 7, 26), 'GASOHOL95', 36.69)
[2026-09-07T20:13:29.429+0000] {sql.py:562} INFO - Rows affected: 1
[2026-09-07T20:13:29.438+0000] {sql.py:553} INFO - Running statement: 
            INSERT INTO oil_price_history (date, symbol, price)
            VALUES (%s, %s, %s)
            ON CONFLICT (date, symbol) DO NOTHING;
            , parameters: (datetime.date(2026, 7, 27), 'GASOHOL95', 36.69)
[2026-09-07T20:13:29.439+0000] {sql.py:562} INFO - Rows affected: 1
[2026-09-07T20:13:29.446+0000] {sql.py:553} INFO - Running statement: 
            INSERT INTO oil_price_history (date, symbol, price)
            VALUES (%s, %s, %s)
            ON CONFLICT (date, symbol) DO NOTHING;
            , parameters: (datetime.date(2026, 7, 28), 'GASOHOL95', 36.69)
[2026-09-07T20:13:29.447+0000] {sql.py:562} INFO - Rows affected: 1
[2026-09-07T20:13:29.454+0000] {sql.py:553} INFO - Running statement: 
            INSERT INTO oil_price_history (date, symbol, price)
            VALUES (%s, %s, %s)
            ON CONFLICT (date, symbol) DO NOTHING;
            , parameters: (datetime.date(2026, 7, 29), 'GASOHOL95', 36.69)
[2026-09-07T20:13:29.456+0000] {sql.py:562} INFO - Rows affected: 1
[2026-09-07T20:13:29.463+0000] {sql.py:553} INFO - Running statement: 
            INSERT INTO oil_price_history (date, symbol, price)
            VALUES (%s, %s, %s)
            ON CONFLICT (date, symbol) DO NOTHING;
            , parameters: (datetime.date(2026, 7, 30), 'GASOHOL95', 36.69)
[2026-09-07T20:13:29.464+0000] {sql.py:562} INFO - Rows affected: 1
[2026-09-07T20:13:29.472+0000] {sql.py:553} INFO - Running statement: 
            INSERT INTO oil_price_history (date, symbol, price)
            VALUES (%s, %s, %s)
            ON CONFLICT (date, symbol) DO NOTHING;
            , parameters: (datetime.date(2026, 7, 31), 'GASOHOL95', 36.69)
[2026-09-07T20:13:29.474+0000] {sql.py:562} INFO - Rows affected: 1
[2026-09-07T20:13:29.480+0000] {sql.py:553} INFO - Running statement: 
            INSERT INTO oil_price_history (date, symbol, price)
            VALUES (%s, %s, %s)
            ON CONFLICT (date, symbol) DO NOTHING;
            , parameters: (datetime.date(2026, 8, 1), 'GASOHOL95', 36.69)
[2026-09-07T20:13:29.481+0000] {sql.py:562} INFO - Rows affected: 1
[2026-09-07T20:13:29.488+0000] {sql.py:553} INFO - Running statement: 
            INSERT INTO oil_price_history (date, symbol, price)
            VALUES (%s, %s, %s)
            ON CONFLICT (date, symbol) DO NOTHING;
            , parameters: (datetime.date(2026, 8, 2), 'GASOHOL95', 36.69)
[2026-09-07T20:13:29.489+0000] {sql.py:562} INFO - Rows affected: 1
[2026-09-07T20:13:29.496+0000] {sql.py:553} INFO - Running statement: 
            INSERT INTO oil_price_history (date, symbol, price)
            VALUES (%s, %s, %s)
            ON CONFLICT (date, symbol) DO NOTHING;
            , parameters: (datetime.date(2026, 8, 3), 'GASOHOL95', 36.69)
[2026-09-07T20:13:29.498+0000] {sql.py:562} INFO - Rows affected: 1
[2026-09-07T20:13:29.505+0000] {sql.py:553} INFO - Running statement: 
            INSERT INTO oil_price_history (date, symbol, price)
            VALUES (%s, %s, %s)
            ON CONFLICT (date, symbol) DO NOTHING;
            , parameters: (datetime.date(2026, 8, 4), 'GASOHOL95', 36.69)
[2026-09-07T20:13:29.507+0000] {sql.py:562} INFO - Rows affected: 1
[2026-09-07T20:13:29.514+0000] {sql.py:553} INFO - Running statement: 
            INSERT INTO oil_price_history (date, symbol, price)
            VALUES (%s, %s, %s)
            ON CONFLICT (date, symbol) DO NOTHING;
            , parameters: (datetime.date(2026, 8, 5), 'GASOHOL95', 36.69)
[2026-09-07T20:13:29.515+0000] {sql.py:562} INFO - Rows affected: 1
[2026-09-07T20:13:29.522+0000] {sql.py:553} INFO - Running statement: 
            INSERT INTO oil_price_history (date, symbol, price)
            VALUES (%s, %s, %s)
            ON CONFLICT (date, symbol) DO NOTHING;
            , parameters: (datetime.date(2026, 8, 6), 'GASOHOL95', 36.69)
[2026-09-07T20:13:29.523+0000] {sql.py:562} INFO - Rows affected: 1
[2026-09-07T20:13:29.530+0000] {sql.py:553} INFO - Running statement: 
            INSERT INTO oil_price_history (date, symbol, price)
            VALUES (%s, %s, %s)
            ON CONFLICT (date, symbol) DO NOTHING;
            , parameters: (datetime.date(2026, 8, 7), 'GASOHOL95', 35.99)
[2026-09-07T20:13:29.531+0000] {sql.py:562} INFO - Rows affected: 1
[2026-09-07T20:13:29.537+0000] {sql.py:553} INFO - Running statement: 
            INSERT INTO oil_price_history (date, symbol, price)
            VALUES (%s, %s, %s)
            ON CONFLICT (date, symbol) DO NOTHING;
            , parameters: (datetime.date(2026, 8, 8), 'GASOHOL95', 35.99)
[2026-09-07T20:13:29.539+0000] {sql.py:562} INFO - Rows affected: 1
[2026-09-07T20:13:29.547+0000] {sql.py:553} INFO - Running statement: 
            INSERT INTO oil_price_history (date, symbol, price)
            VALUES (%s, %s, %s)
            ON CONFLICT (date, symbol) DO NOTHING;
            , parameters: (datetime.date(2026, 8, 9), 'GASOHOL95', 35.99)
[2026-09-07T20:13:29.549+0000] {sql.py:562} INFO - Rows affected: 1
[2026-09-07T20:13:29.556+0000] {sql.py:553} INFO - Running statement: 
            INSERT INTO oil_price_history (date, symbol, price)
            VALUES (%s, %s, %s)
            ON CONFLICT (date, symbol) DO NOTHING;
            , parameters: (datetime.date(2026, 8, 10), 'GASOHOL95', 35.99)
[2026-09-07T20:13:29.557+0000] {sql.py:562} INFO - Rows affected: 1
[2026-09-07T20:13:29.565+0000] {sql.py:553} INFO - Running statement: 
            INSERT INTO oil_price_history (date, symbol, price)
            VALUES (%s, %s, %s)
            ON CONFLICT (date, symbol) DO NOTHING;
            , parameters: (datetime.date(2026, 8, 11), 'GASOHOL95', 35.99)
[2026-09-07T20:13:29.566+0000] {sql.py:562} INFO - Rows affected: 1
[2026-09-07T20:13:29.573+0000] {sql.py:553} INFO - Running statement: 
            INSERT INTO oil_price_history (date, symbol, price)
            VALUES (%s, %s, %s)
            ON CONFLICT (date, symbol) DO NOTHING;
            , parameters: (datetime.date(2026, 8, 12), 'GASOHOL95', 35.99)
[2026-09-07T20:13:29.574+0000] {sql.py:562} INFO - Rows affected: 1
[2026-09-07T20:13:29.582+0000] {sql.py:553} INFO - Running statement: 
            INSERT INTO oil_price_history (date, symbol, price)
            VALUES (%s, %s, %s)
            ON CONFLICT (date, symbol) DO NOTHING;
            , parameters: (datetime.date(2026, 8, 13), 'GASOHOL95', 36.84)
[2026-09-07T20:13:29.583+0000] {sql.py:562} INFO - Rows affected: 1
[2026-09-07T20:13:29.591+0000] {sql.py:553} INFO - Running statement: 
            INSERT INTO oil_price_history (date, symbol, price)
            VALUES (%s, %s, %s)
            ON CONFLICT (date, symbol) DO NOTHING;
            , parameters: (datetime.date(2026, 8, 14), 'GASOHOL95', 36.84)
[2026-09-07T20:13:29.592+0000] {sql.py:562} INFO - Rows affected: 1
[2026-09-07T20:13:29.599+0000] {sql.py:553} INFO - Running statement: 
            INSERT INTO oil_price_history (date, symbol, price)
            VALUES (%s, %s, %s)
            ON CONFLICT (date, symbol) DO NOTHING;
            , parameters: (datetime.date(2026, 8, 15), 'GASOHOL95', 36.84)
[2026-09-07T20:13:29.600+0000] {sql.py:562} INFO - Rows affected: 1
[2026-09-07T20:13:29.606+0000] {sql.py:553} INFO - Running statement: 
            INSERT INTO oil_price_history (date, symbol, price)
            VALUES (%s, %s, %s)
            ON CONFLICT (date, symbol) DO NOTHING;
            , parameters: (datetime.date(2026, 8, 16), 'GASOHOL95', 36.84)
[2026-09-07T20:13:29.607+0000] {sql.py:562} INFO - Rows affected: 1
[2026-09-07T20:13:29.614+0000] {sql.py:553} INFO - Running statement: 
            INSERT INTO oil_price_history (date, symbol, price)
            VALUES (%s, %s, %s)
            ON CONFLICT (date, symbol) DO NOTHING;
            , parameters: (datetime.date(2026, 8, 17), 'GASOHOL95', 36.84)
[2026-09-07T20:13:29.616+0000] {sql.py:562} INFO - Rows affected: 1
[2026-09-07T20:13:29.623+0000] {sql.py:553} INFO - Running statement: 
            INSERT INTO oil_price_history (date, symbol, price)
            VALUES (%s, %s, %s)
            ON CONFLICT (date, symbol) DO NOTHING;
            , parameters: (datetime.date(2026, 8, 18), 'GASOHOL95', 36.84)
[2026-09-07T20:13:29.626+0000] {sql.py:562} INFO - Rows affected: 1
[2026-09-07T20:13:29.633+0000] {sql.py:553} INFO - Running statement: 
            INSERT INTO oil_price_history (date, symbol, price)
            VALUES (%s, %s, %s)
            ON CONFLICT (date, symbol) DO NOTHING;
            , parameters: (datetime.date(2026, 8, 19), 'GASOHOL95', 37.69)
[2026-09-07T20:13:29.634+0000] {sql.py:562} INFO - Rows affected: 1
[2026-09-07T20:13:29.641+0000] {sql.py:553} INFO - Running statement: 
            INSERT INTO oil_price_history (date, symbol, price)
            VALUES (%s, %s, %s)
            ON CONFLICT (date, symbol) DO NOTHING;
            , parameters: (datetime.date(2026, 8, 20), 'GASOHOL95', 37.69)
[2026-09-07T20:13:29.642+0000] {sql.py:562} INFO - Rows affected: 1
[2026-09-07T20:13:29.649+0000] {sql.py:553} INFO - Running statement: 
            INSERT INTO oil_price_history (date, symbol, price)
            VALUES (%s, %s, %s)
            ON CONFLICT (date, symbol) DO NOTHING;
            , parameters: (datetime.date(2026, 8, 21), 'GASOHOL95', 37.69)
[2026-09-07T20:13:29.651+0000] {sql.py:562} INFO - Rows affected: 1
[2026-09-07T20:13:29.659+0000] {sql.py:553} INFO - Running statement: 
            INSERT INTO oil_price_history (date, symbol, price)
            VALUES (%s, %s, %s)
            ON CONFLICT (date, symbol) DO NOTHING;
            , parameters: (datetime.date(2026, 8, 22), 'GASOHOL95', 37.69)
[2026-09-07T20:13:29.660+0000] {sql.py:562} INFO - Rows affected: 1
[2026-09-07T20:13:29.667+0000] {sql.py:553} INFO - Running statement: 
            INSERT INTO oil_price_history (date, symbol, price)
            VALUES (%s, %s, %s)
            ON CONFLICT (date, symbol) DO NOTHING;
            , parameters: (datetime.date(2026, 8, 23), 'GASOHOL95', 37.69)
[2026-09-07T20:13:29.668+0000] {sql.py:562} INFO - Rows affected: 1
[2026-09-07T20:13:29.675+0000] {sql.py:553} INFO - Running statement: 
            INSERT INTO oil_price_history (date, symbol, price)
            VALUES (%s, %s, %s)
            ON CONFLICT (date, symbol) DO NOTHING;
            , parameters: (datetime.date(2026, 8, 24), 'GASOHOL95', 37.69)
[2026-09-07T20:13:29.676+0000] {sql.py:562} INFO - Rows affected: 1
[2026-09-07T20:13:29.683+0000] {sql.py:553} INFO - Running statement: 
            INSERT INTO oil_price_history (date, symbol, price)
            VALUES (%s, %s, %s)
            ON CONFLICT (date, symbol) DO NOTHING;
            , parameters: (datetime.date(2026, 8, 25), 'GASOHOL95', 37.69)
[2026-09-07T20:13:29.684+0000] {sql.py:562} INFO - Rows affected: 1
[2026-09-07T20:13:29.691+0000] {sql.py:553} INFO - Running statement: 
            INSERT INTO oil_price_history (date, symbol, price)
            VALUES (%s, %s, %s)
            ON CONFLICT (date, symbol) DO NOTHING;
            , parameters: (datetime.date(2026, 8, 26), 'GASOHOL95', 37.69)
[2026-09-07T20:13:29.692+0000] {sql.py:562} INFO - Rows affected: 1
[2026-09-07T20:13:29.698+0000] {sql.py:553} INFO - Running statement: 
            INSERT INTO oil_price_history (date, symbol, price)
            VALUES (%s, %s, %s)
            ON CONFLICT (date, symbol) DO NOTHING;
            , parameters: (datetime.date(2026, 8, 27), 'GASOHOL95', 37.69)
[2026-09-07T20:13:29.699+0000] {sql.py:562} INFO - Rows affected: 1
[2026-09-07T20:13:29.706+0000] {sql.py:553} INFO - Running statement: 
            INSERT INTO oil_price_history (date, symbol, price)
            VALUES (%s, %s, %s)
            ON CONFLICT (date, symbol) DO NOTHING;
            , parameters: (datetime.date(2026, 8, 28), 'GASOHOL95', 37.69)
[2026-09-07T20:13:29.707+0000] {sql.py:562} INFO - Rows affected: 1
[2026-09-07T20:13:29.714+0000] {sql.py:553} INFO - Running statement: 
            INSERT INTO oil_price_history (date, symbol, price)
            VALUES (%s, %s, %s)
            ON CONFLICT (date, symbol) DO NOTHING;
            , parameters: (datetime.date(2026, 8, 29), 'GASOHOL95', 37.69)
[2026-09-07T20:13:29.715+0000] {sql.py:562} INFO - Rows affected: 1
[2026-09-07T20:13:29.723+0000] {sql.py:553} INFO - Running statement: 
            INSERT INTO oil_price_history (date, symbol, price)
            VALUES (%s, %s, %s)
            ON CONFLICT (date, symbol) DO NOTHING;
            , parameters: (datetime.date(2026, 8, 30), 'GASOHOL95', 37.69)
[2026-09-07T20:13:29.725+0000] {sql.py:562} INFO - Rows affected: 1
[2026-09-07T20:13:29.731+0000] {sql.py:553} INFO - Running statement: 
            INSERT INTO oil_price_history (date, symbol, price)
            VALUES (%s, %s, %s)
            ON CONFLICT (date, symbol) DO NOTHING;
            , parameters: (datetime.date(2026, 8, 31), 'GASOHOL95', 37.69)
[2026-09-07T20:13:29.732+0000] {sql.py:562} INFO - Rows affected: 1
[2026-09-07T20:13:29.739+0000] {sql.py:553} INFO - Running statement: 
            INSERT INTO oil_price_history (date, symbol, price)
            VALUES (%s, %s, %s)
            ON CONFLICT (date, symbol) DO NOTHING;
            , parameters: (datetime.date(2026, 9, 1), 'GASOHOL95', 37.69)
[2026-09-07T20:13:29.740+0000] {sql.py:562} INFO - Rows affected: 1
[2026-09-07T20:13:29.749+0000] {sql.py:553} INFO - Running statement: 
            INSERT INTO oil_price_history (date, symbol, price)
            VALUES (%s, %s, %s)
            ON CONFLICT (date, symbol) DO NOTHING;
            , parameters: (datetime.date(2026, 9, 2), 'GASOHOL95', 38.29)
[2026-09-07T20:13:29.781+0000] {sql.py:562} INFO - Rows affected: 0
[2026-09-07T20:13:29.810+0000] {sql.py:553} INFO - Running statement: 
            INSERT INTO oil_price_history (date, symbol, price)
            VALUES (%s, %s, %s)
            ON CONFLICT (date, symbol) DO NOTHING;
            , parameters: (datetime.date(2026, 9, 3), 'GASOHOL95', 38.29)
[2026-09-07T20:13:29.838+0000] {sql.py:562} INFO - Rows affected: 0
[2026-09-07T20:13:29.848+0000] {sql.py:553} INFO - Running statement: 
            INSERT INTO oil_price_history (date, symbol, price)
            VALUES (%s, %s, %s)
            ON CONFLICT (date, symbol) DO NOTHING;
            , parameters: (datetime.date(2026, 9, 4), 'GASOHOL95', 38.29)
[2026-09-07T20:13:29.849+0000] {sql.py:562} INFO - Rows affected: 0
[2026-09-07T20:13:29.854+0000] {sql.py:553} INFO - Running statement: 
            INSERT INTO oil_price_history (date, symbol, price)
            VALUES (%s, %s, %s)
            ON CONFLICT (date, symbol) DO NOTHING;
            , parameters: (datetime.date(2026, 9, 5), 'GASOHOL95', 38.29)
[2026-09-07T20:13:29.855+0000] {sql.py:562} INFO - Rows affected: 0
[2026-09-07T20:13:29.860+0000] {sql.py:553} INFO - Running statement: 
            INSERT INTO oil_price_history (date, symbol, price)
            VALUES (%s, %s, %s)
            ON CONFLICT (date, symbol) DO NOTHING;
            , parameters: (datetime.date(2026, 9, 6), 'GASOHOL95', 38.29)
[2026-09-07T20:13:29.868+0000] {sql.py:562} INFO - Rows affected: 0
[2026-09-07T20:13:29.880+0000] {sql.py:553} INFO - Running statement: 
            INSERT INTO oil_price_history (date, symbol, price)
            VALUES (%s, %s, %s)
            ON CONFLICT (date, symbol) DO NOTHING;
            , parameters: (datetime.date(2026, 9, 7), 'GASOHOL95', 38.29)
[2026-09-07T20:13:29.881+0000] {sql.py:562} INFO - Rows affected: 0
[2026-09-07T20:13:29.886+0000] {sql.py:553} INFO - Running statement: 
            INSERT INTO oil_price_history (date, symbol, price)
            VALUES (%s, %s, %s)
            ON CONFLICT (date, symbol) DO NOTHING;
            , parameters: (datetime.date(2026, 9, 8), 'GASOHOL95', 38.29)
[2026-09-07T20:13:29.888+0000] {sql.py:562} INFO - Rows affected: 0
[2026-09-07T20:13:29.892+0000] {sql.py:553} INFO - Running statement: SELECT COUNT(*) FROM oil_price_history WHERE symbol = %s;, parameters: ('GASOHOL95',)
[2026-09-07T20:13:29.894+0000] {sql.py:562} INFO - Rows affected: 1
[2026-09-07T20:13:29.894+0000] {logging_mixin.py:190} INFO - Bootstrap เสร็จ: พยายามเพิ่ม 60 แถว, รวมในฐานข้อมูล 60 วัน
[2026-09-07T20:13:29.895+0000] {python.py:240} INFO - Done. Returned value was: None
[2026-09-07T20:13:29.905+0000] {taskinstance.py:340} INFO - ::group::Post task execution logs
[2026-09-07T20:13:29.906+0000] {taskinstance.py:352} INFO - Marking task as SUCCESS. dag_id=oil_price_pipeline_dag, task_id=bootstrap_historical_data, run_id=manual__2026-09-07T20:12:45.655015+00:00, execution_date=20260907T201245, start_date=20260907T201249, end_date=20260907T201329
[2026-09-07T20:13:29.952+0000] {local_task_job_runner.py:266} INFO - Task exited with return code 0
[2026-09-07T20:13:29.977+0000] {taskinstance.py:3895} INFO - 1 downstream tasks scheduled from follow-on schedule check
[2026-09-07T20:13:29.980+0000] {local_task_job_runner.py:245} INFO - ::endgroup::
