[2026-09-08T07:52:37.238+0000] {local_task_job_runner.py:123} INFO - ::group::Pre task execution logs
[2026-09-08T07:52:37.258+0000] {taskinstance.py:2613} INFO - Dependencies all met for dep_context=non-requeueable deps ti=<TaskInstance: oil_price_pipeline_dag.bootstrap_historical_data manual__2026-09-08T07:52:30.505966+00:00 [queued]>
[2026-09-08T07:52:37.267+0000] {taskinstance.py:2613} INFO - Dependencies all met for dep_context=requeueable deps ti=<TaskInstance: oil_price_pipeline_dag.bootstrap_historical_data manual__2026-09-08T07:52:30.505966+00:00 [queued]>
[2026-09-08T07:52:37.268+0000] {taskinstance.py:2866} INFO - Starting attempt 1 of 2
[2026-09-08T07:52:37.472+0000] {taskinstance.py:2889} INFO - Executing <Task(PythonOperator): bootstrap_historical_data> on 2026-09-08 07:52:30.505966+00:00
[2026-09-08T07:52:37.481+0000] {warnings.py:112} WARNING - /home/***/.local/lib/python3.12/site-packages/***/task/task_runner/standard_task_runner.py:70: DeprecationWarning: This process (pid=123) is multi-threaded, use of fork() may lead to deadlocks in the child.
  pid = os.fork()

[2026-09-08T07:52:37.484+0000] {standard_task_runner.py:72} INFO - Started process 125 to run task
[2026-09-08T07:52:37.483+0000] {standard_task_runner.py:104} INFO - Running: ['***', 'tasks', 'run', 'oil_price_pipeline_dag', 'bootstrap_historical_data', 'manual__2026-09-08T07:52:30.505966+00:00', '--job-id', '19', '--raw', '--subdir', 'DAGS_FOLDER/ml_03_oil_pipeline.py', '--cfg-path', '/tmp/tmptuq28r63']
[2026-09-08T07:52:37.487+0000] {standard_task_runner.py:105} INFO - Job 19: Subtask bootstrap_historical_data
[2026-09-08T07:52:38.078+0000] {task_command.py:467} INFO - Running <TaskInstance: oil_price_pipeline_dag.bootstrap_historical_data manual__2026-09-08T07:52:30.505966+00:00 [running]> on host 7f2a6a45d3d5
[2026-09-08T07:52:38.163+0000] {taskinstance.py:3132} INFO - Exporting env vars: AIRFLOW_CTX_DAG_OWNER='workshop2' AIRFLOW_CTX_DAG_ID='oil_price_pipeline_dag' AIRFLOW_CTX_TASK_ID='bootstrap_historical_data' AIRFLOW_CTX_EXECUTION_DATE='2026-09-08T07:52:30.505966+00:00' AIRFLOW_CTX_TRY_NUMBER='1' AIRFLOW_CTX_DAG_RUN_ID='manual__2026-09-08T07:52:30.505966+00:00'
[2026-09-08T07:52:38.164+0000] {taskinstance.py:731} INFO - ::endgroup::
[2026-09-08T07:52:38.188+0000] {base.py:84} INFO - Retrieving connection 'postgres_target'
[2026-09-08T07:52:38.197+0000] {sql.py:553} INFO - Running statement: SELECT COUNT(*) FROM oil_price_history WHERE symbol = %s;, parameters: ('GASOHOL95',)
[2026-09-08T07:52:38.210+0000] {sql.py:562} INFO - Rows affected: 1
[2026-09-08T07:52:38.211+0000] {logging_mixin.py:190} INFO - มีข้อมูล Gasohol 95 อยู่แล้ว 60 วัน (ต้องการอย่างน้อย 30 วัน)
[2026-09-08T07:52:38.212+0000] {logging_mixin.py:190} INFO - ข้อมูลครบแล้ว ข้าม bootstrap
[2026-09-08T07:52:38.213+0000] {python.py:240} INFO - Done. Returned value was: None
[2026-09-08T07:52:38.227+0000] {taskinstance.py:340} INFO - ::group::Post task execution logs
[2026-09-08T07:52:38.228+0000] {taskinstance.py:352} INFO - Marking task as SUCCESS. dag_id=oil_price_pipeline_dag, task_id=bootstrap_historical_data, run_id=manual__2026-09-08T07:52:30.505966+00:00, execution_date=20260908T075230, start_date=20260908T075237, end_date=20260908T075238
[2026-09-08T07:52:38.264+0000] {local_task_job_runner.py:266} INFO - Task exited with return code 0
[2026-09-08T07:52:38.464+0000] {taskinstance.py:3895} INFO - 1 downstream tasks scheduled from follow-on schedule check
[2026-09-08T07:52:38.467+0000] {local_task_job_runner.py:245} INFO - ::endgroup::
