[2026-09-06T17:22:32.698+0000] {local_task_job_runner.py:123} INFO - ::group::Pre task execution logs
[2026-09-06T17:22:32.716+0000] {taskinstance.py:2613} INFO - Dependencies all met for dep_context=non-requeueable deps ti=<TaskInstance: oil_price_pipeline_dag.decide_deploy manual__2026-09-06T17:22:09.670896+00:00 [queued]>
[2026-09-06T17:22:32.724+0000] {taskinstance.py:2613} INFO - Dependencies all met for dep_context=requeueable deps ti=<TaskInstance: oil_price_pipeline_dag.decide_deploy manual__2026-09-06T17:22:09.670896+00:00 [queued]>
[2026-09-06T17:22:32.724+0000] {taskinstance.py:2866} INFO - Starting attempt 1 of 2
[2026-09-06T17:22:32.739+0000] {taskinstance.py:2889} INFO - Executing <Task(BranchPythonOperator): decide_deploy> on 2026-09-06 17:22:09.670896+00:00
[2026-09-06T17:22:32.746+0000] {warnings.py:112} WARNING - /home/***/.local/lib/python3.12/site-packages/***/task/task_runner/standard_task_runner.py:70: DeprecationWarning: This process (pid=541) is multi-threaded, use of fork() may lead to deadlocks in the child.
  pid = os.fork()

[2026-09-06T17:22:32.749+0000] {standard_task_runner.py:72} INFO - Started process 543 to run task
[2026-09-06T17:22:32.748+0000] {standard_task_runner.py:104} INFO - Running: ['***', 'tasks', 'run', 'oil_price_pipeline_dag', 'decide_deploy', 'manual__2026-09-06T17:22:09.670896+00:00', '--job-id', '10', '--raw', '--subdir', 'DAGS_FOLDER/ml_03_oil_pipeline.py', '--cfg-path', '/tmp/tmpkgblfpcz']
[2026-09-06T17:22:32.750+0000] {standard_task_runner.py:105} INFO - Job 10: Subtask decide_deploy
[2026-09-06T17:22:32.798+0000] {task_command.py:467} INFO - Running <TaskInstance: oil_price_pipeline_dag.decide_deploy manual__2026-09-06T17:22:09.670896+00:00 [running]> on host 1b5b1934435f
[2026-09-06T17:22:33.034+0000] {taskinstance.py:3132} INFO - Exporting env vars: AIRFLOW_CTX_DAG_OWNER='workshop2' AIRFLOW_CTX_DAG_ID='oil_price_pipeline_dag' AIRFLOW_CTX_TASK_ID='decide_deploy' AIRFLOW_CTX_EXECUTION_DATE='2026-09-06T17:22:09.670896+00:00' AIRFLOW_CTX_TRY_NUMBER='1' AIRFLOW_CTX_DAG_RUN_ID='manual__2026-09-06T17:22:09.670896+00:00'
[2026-09-06T17:22:33.036+0000] {taskinstance.py:731} INFO - ::endgroup::
[2026-09-06T17:22:33.049+0000] {baseoperator.py:421} WARNING - BranchPythonOperator.execute cannot be called outside TaskInstance!
[2026-09-06T17:22:33.065+0000] {logging_mixin.py:190} INFO - RMSE ใหม่ 2.5788 ดีกว่า (หรือไม่มี) champion เดิม -> deploy_model
[2026-09-06T17:22:33.066+0000] {python.py:240} INFO - Done. Returned value was: deploy_model
[2026-09-06T17:22:33.067+0000] {branch.py:38} INFO - Branch into deploy_model
[2026-09-06T17:22:33.067+0000] {skipmixin.py:230} INFO - Following branch ('deploy_model',)
[2026-09-06T17:22:33.079+0000] {skipmixin.py:278} INFO - Skipping tasks [('skip_deploy', -1)]
[2026-09-06T17:22:33.109+0000] {taskinstance.py:340} INFO - ::group::Post task execution logs
[2026-09-06T17:22:33.110+0000] {taskinstance.py:352} INFO - Marking task as SUCCESS. dag_id=oil_price_pipeline_dag, task_id=decide_deploy, run_id=manual__2026-09-06T17:22:09.670896+00:00, execution_date=20260906T172209, start_date=20260906T172232, end_date=20260906T172233
[2026-09-06T17:22:33.162+0000] {local_task_job_runner.py:266} INFO - Task exited with return code 0
[2026-09-06T17:22:33.339+0000] {taskinstance.py:3895} INFO - 0 downstream tasks scheduled from follow-on schedule check
[2026-09-06T17:22:33.343+0000] {local_task_job_runner.py:245} INFO - ::endgroup::
