[2026-09-08T04:55:50.959+0000] {local_task_job_runner.py:123} INFO - ::group::Pre task execution logs
[2026-09-08T04:55:50.973+0000] {taskinstance.py:2613} INFO - Dependencies all met for dep_context=non-requeueable deps ti=<TaskInstance: oil_price_pipeline_dag.train_model manual__2026-09-08T04:55:40.730300+00:00 [queued]>
[2026-09-08T04:55:50.981+0000] {taskinstance.py:2613} INFO - Dependencies all met for dep_context=requeueable deps ti=<TaskInstance: oil_price_pipeline_dag.train_model manual__2026-09-08T04:55:40.730300+00:00 [queued]>
[2026-09-08T04:55:50.982+0000] {taskinstance.py:2866} INFO - Starting attempt 1 of 2
[2026-09-08T04:55:50.996+0000] {taskinstance.py:2889} INFO - Executing <Task(PythonOperator): train_model> on 2026-09-08 04:55:40.730300+00:00
[2026-09-08T04:55:51.002+0000] {warnings.py:112} WARNING - /home/***/.local/lib/python3.12/site-packages/***/task/task_runner/standard_task_runner.py:70: DeprecationWarning: This process (pid=488) is multi-threaded, use of fork() may lead to deadlocks in the child.
  pid = os.fork()

[2026-09-08T04:55:51.004+0000] {standard_task_runner.py:72} INFO - Started process 490 to run task
[2026-09-08T04:55:51.004+0000] {standard_task_runner.py:104} INFO - Running: ['***', 'tasks', 'run', 'oil_price_pipeline_dag', 'train_model', 'manual__2026-09-08T04:55:40.730300+00:00', '--job-id', '292', '--raw', '--subdir', 'DAGS_FOLDER/ml_03_oil_pipeline.py', '--cfg-path', '/tmp/tmpav8grz73']
[2026-09-08T04:55:51.007+0000] {standard_task_runner.py:105} INFO - Job 292: Subtask train_model
[2026-09-08T04:55:51.176+0000] {task_command.py:467} INFO - Running <TaskInstance: oil_price_pipeline_dag.train_model manual__2026-09-08T04:55:40.730300+00:00 [running]> on host 0bad5c1c53b5
[2026-09-08T04:55:51.232+0000] {taskinstance.py:3132} INFO - Exporting env vars: AIRFLOW_CTX_DAG_OWNER='workshop2' AIRFLOW_CTX_DAG_ID='oil_price_pipeline_dag' AIRFLOW_CTX_TASK_ID='train_model' AIRFLOW_CTX_EXECUTION_DATE='2026-09-08T04:55:40.730300+00:00' AIRFLOW_CTX_TRY_NUMBER='1' AIRFLOW_CTX_DAG_RUN_ID='manual__2026-09-08T04:55:40.730300+00:00'
[2026-09-08T04:55:51.233+0000] {taskinstance.py:731} INFO - ::endgroup::
[2026-09-08T04:55:52.065+0000] {logging_mixin.py:190} INFO - เทรนโมเดลเสร็จ: train=50, holdout=5
[2026-09-08T04:55:52.065+0000] {logging_mixin.py:190} INFO - บันทึก candidate: /opt/***/models/oil_models/candidate_manual__2026-09-08T04-55-40.730300-00-00.pkl
[2026-09-08T04:55:52.066+0000] {python.py:240} INFO - Done. Returned value was: None
[2026-09-08T04:55:52.073+0000] {taskinstance.py:340} INFO - ::group::Post task execution logs
[2026-09-08T04:55:52.073+0000] {taskinstance.py:352} INFO - Marking task as SUCCESS. dag_id=oil_price_pipeline_dag, task_id=train_model, run_id=manual__2026-09-08T04:55:40.730300+00:00, execution_date=20260908T045540, start_date=20260908T045550, end_date=20260908T045552
[2026-09-08T04:55:52.101+0000] {local_task_job_runner.py:266} INFO - Task exited with return code 0
[2026-09-08T04:55:52.233+0000] {taskinstance.py:3895} INFO - 1 downstream tasks scheduled from follow-on schedule check
[2026-09-08T04:55:52.236+0000] {local_task_job_runner.py:245} INFO - ::endgroup::
