[2026-09-07T20:13:36.084+0000] {local_task_job_runner.py:123} INFO - ::group::Pre task execution logs
[2026-09-07T20:13:36.097+0000] {taskinstance.py:2613} INFO - Dependencies all met for dep_context=non-requeueable deps ti=<TaskInstance: oil_price_pipeline_dag.prepare_training_data manual__2026-09-07T20:12:45.655015+00:00 [queued]>
[2026-09-07T20:13:36.103+0000] {taskinstance.py:2613} INFO - Dependencies all met for dep_context=requeueable deps ti=<TaskInstance: oil_price_pipeline_dag.prepare_training_data manual__2026-09-07T20:12:45.655015+00:00 [queued]>
[2026-09-07T20:13:36.103+0000] {taskinstance.py:2866} INFO - Starting attempt 1 of 2
[2026-09-07T20:13:36.114+0000] {taskinstance.py:2889} INFO - Executing <Task(PythonOperator): prepare_training_data> on 2026-09-07 20:12:45.655015+00:00
[2026-09-07T20:13:36.120+0000] {warnings.py:112} WARNING - /home/***/.local/lib/python3.12/site-packages/***/task/task_runner/standard_task_runner.py:70: DeprecationWarning: This process (pid=140) is multi-threaded, use of fork() may lead to deadlocks in the child.
  pid = os.fork()

[2026-09-07T20:13:36.121+0000] {standard_task_runner.py:72} INFO - Started process 142 to run task
[2026-09-07T20:13:36.121+0000] {standard_task_runner.py:104} INFO - Running: ['***', 'tasks', 'run', 'oil_price_pipeline_dag', 'prepare_training_data', 'manual__2026-09-07T20:12:45.655015+00:00', '--job-id', '256', '--raw', '--subdir', 'DAGS_FOLDER/ml_03_oil_pipeline.py', '--cfg-path', '/tmp/tmpbpn4okvx']
[2026-09-07T20:13:36.123+0000] {standard_task_runner.py:105} INFO - Job 256: Subtask prepare_training_data
[2026-09-07T20:13:36.288+0000] {task_command.py:467} INFO - Running <TaskInstance: oil_price_pipeline_dag.prepare_training_data manual__2026-09-07T20:12:45.655015+00:00 [running]> on host 352574bf8447
[2026-09-07T20:13:36.347+0000] {taskinstance.py:3132} INFO - Exporting env vars: AIRFLOW_CTX_DAG_OWNER='workshop2' AIRFLOW_CTX_DAG_ID='oil_price_pipeline_dag' AIRFLOW_CTX_TASK_ID='prepare_training_data' AIRFLOW_CTX_EXECUTION_DATE='2026-09-07T20:12:45.655015+00:00' AIRFLOW_CTX_TRY_NUMBER='1' AIRFLOW_CTX_DAG_RUN_ID='manual__2026-09-07T20:12:45.655015+00:00'
[2026-09-07T20:13:36.348+0000] {taskinstance.py:731} INFO - ::endgroup::
[2026-09-07T20:13:36.363+0000] {base.py:84} INFO - Retrieving connection 'postgres_target'
[2026-09-07T20:13:36.367+0000] {sql.py:553} INFO - Running statement: 
        SELECT date, price
        FROM oil_price_history
        WHERE symbol = %s
        ORDER BY date ASC;
        , parameters: ('GASOHOL95',)
[2026-09-07T20:13:36.369+0000] {sql.py:562} INFO - Rows affected: 60
[2026-09-07T20:13:36.414+0000] {logging_mixin.py:190} INFO - ข้อมูล Gasohol 95: 60 วัน
[2026-09-07T20:13:36.414+0000] {logging_mixin.py:190} INFO - สร้าง feature: 55 แถว
[2026-09-07T20:13:36.415+0000] {logging_mixin.py:190} INFO - feature ล่าสุด: [38.29, 38.29, 38.29, 38.29, 38.29, 38.29]
[2026-09-07T20:13:36.415+0000] {python.py:240} INFO - Done. Returned value was: None
[2026-09-07T20:13:36.423+0000] {taskinstance.py:340} INFO - ::group::Post task execution logs
[2026-09-07T20:13:36.424+0000] {taskinstance.py:352} INFO - Marking task as SUCCESS. dag_id=oil_price_pipeline_dag, task_id=prepare_training_data, run_id=manual__2026-09-07T20:12:45.655015+00:00, execution_date=20260907T201245, start_date=20260907T201336, end_date=20260907T201336
[2026-09-07T20:13:36.455+0000] {local_task_job_runner.py:266} INFO - Task exited with return code 0
[2026-09-07T20:13:36.593+0000] {taskinstance.py:3895} INFO - 1 downstream tasks scheduled from follow-on schedule check
[2026-09-07T20:13:36.597+0000] {local_task_job_runner.py:245} INFO - ::endgroup::
