[2026-09-06T17:22:22.610+0000] {local_task_job_runner.py:123} INFO - ::group::Pre task execution logs
[2026-09-06T17:22:22.627+0000] {taskinstance.py:2613} INFO - Dependencies all met for dep_context=non-requeueable deps ti=<TaskInstance: oil_price_pipeline_dag.prepare_training_data manual__2026-09-06T17:22:09.670896+00:00 [queued]>
[2026-09-06T17:22:22.638+0000] {taskinstance.py:2613} INFO - Dependencies all met for dep_context=requeueable deps ti=<TaskInstance: oil_price_pipeline_dag.prepare_training_data manual__2026-09-06T17:22:09.670896+00:00 [queued]>
[2026-09-06T17:22:22.639+0000] {taskinstance.py:2866} INFO - Starting attempt 1 of 2
[2026-09-06T17:22:22.653+0000] {taskinstance.py:2889} INFO - Executing <Task(PythonOperator): prepare_training_data> on 2026-09-06 17:22:09.670896+00:00
[2026-09-06T17:22:22.660+0000] {warnings.py:112} WARNING - /home/***/.local/lib/python3.12/site-packages/***/task/task_runner/standard_task_runner.py:70: DeprecationWarning: This process (pid=502) is multi-threaded, use of fork() may lead to deadlocks in the child.
  pid = os.fork()

[2026-09-06T17:22:22.661+0000] {standard_task_runner.py:72} INFO - Started process 504 to run task
[2026-09-06T17:22:22.661+0000] {standard_task_runner.py:104} INFO - Running: ['***', 'tasks', 'run', 'oil_price_pipeline_dag', 'prepare_training_data', 'manual__2026-09-06T17:22:09.670896+00:00', '--job-id', '6', '--raw', '--subdir', 'DAGS_FOLDER/ml_03_oil_pipeline.py', '--cfg-path', '/tmp/tmp7ywyb_9e']
[2026-09-06T17:22:22.664+0000] {standard_task_runner.py:105} INFO - Job 6: Subtask prepare_training_data
[2026-09-06T17:22:22.721+0000] {task_command.py:467} INFO - Running <TaskInstance: oil_price_pipeline_dag.prepare_training_data manual__2026-09-06T17:22:09.670896+00:00 [running]> on host 1b5b1934435f
[2026-09-06T17:22:23.028+0000] {taskinstance.py:3132} INFO - Exporting env vars: AIRFLOW_CTX_DAG_OWNER='workshop2' AIRFLOW_CTX_DAG_ID='oil_price_pipeline_dag' AIRFLOW_CTX_TASK_ID='prepare_training_data' AIRFLOW_CTX_EXECUTION_DATE='2026-09-06T17:22:09.670896+00:00' AIRFLOW_CTX_TRY_NUMBER='1' AIRFLOW_CTX_DAG_RUN_ID='manual__2026-09-06T17:22:09.670896+00:00'
[2026-09-06T17:22:23.029+0000] {taskinstance.py:731} INFO - ::endgroup::
[2026-09-06T17:22:23.048+0000] {base.py:84} INFO - Retrieving connection 'postgres_target'
[2026-09-06T17:22:23.053+0000] {sql.py:553} INFO - Running statement: SELECT date, price FROM oil_price_history WHERE symbol = %s ORDER BY date ASC;, parameters: ('CL=F',)
[2026-09-06T17:22:23.057+0000] {sql.py:562} INFO - Rows affected: 149
[2026-09-06T17:22:23.059+0000] {logging_mixin.py:190} INFO - ดึงข้อมูลราคาย้อนหลังมาทั้งหมด 149 วันทำการ
[2026-09-06T17:22:23.060+0000] {logging_mixin.py:190} INFO - สร้าง feature ได้ 144 แถว (จากข้อมูลดิบ 149 วันทำการ)
[2026-09-06T17:22:23.110+0000] {python.py:240} INFO - Done. Returned value was: None
[2026-09-06T17:22:23.119+0000] {taskinstance.py:340} INFO - ::group::Post task execution logs
[2026-09-06T17:22:23.120+0000] {taskinstance.py:352} INFO - Marking task as SUCCESS. dag_id=oil_price_pipeline_dag, task_id=prepare_training_data, run_id=manual__2026-09-06T17:22:09.670896+00:00, execution_date=20260906T172209, start_date=20260906T172222, end_date=20260906T172223
[2026-09-06T17:22:23.158+0000] {local_task_job_runner.py:266} INFO - Task exited with return code 0
[2026-09-06T17:22:23.326+0000] {taskinstance.py:3895} INFO - 1 downstream tasks scheduled from follow-on schedule check
[2026-09-06T17:22:23.331+0000] {local_task_job_runner.py:245} INFO - ::endgroup::
