[2026-09-07T19:54:39.719+0000] {local_task_job_runner.py:123} INFO - ::group::Pre task execution logs
[2026-09-07T19:54:39.857+0000] {taskinstance.py:2613} INFO - Dependencies all met for dep_context=non-requeueable deps ti=<TaskInstance: oil_price_pipeline_dag.create_tables manual__2026-09-07T19:54:37.360378+00:00 [queued]>
[2026-09-07T19:54:39.863+0000] {taskinstance.py:2613} INFO - Dependencies all met for dep_context=requeueable deps ti=<TaskInstance: oil_price_pipeline_dag.create_tables manual__2026-09-07T19:54:37.360378+00:00 [queued]>
[2026-09-07T19:54:39.864+0000] {taskinstance.py:2866} INFO - Starting attempt 1 of 2
[2026-09-07T19:54:39.875+0000] {taskinstance.py:2889} INFO - Executing <Task(PostgresOperator): create_tables> on 2026-09-07 19:54:37.360378+00:00
[2026-09-07T19:54:39.880+0000] {warnings.py:112} WARNING - /home/***/.local/lib/python3.12/site-packages/***/task/task_runner/standard_task_runner.py:70: DeprecationWarning: This process (pid=144) is multi-threaded, use of fork() may lead to deadlocks in the child.
  pid = os.fork()

[2026-09-07T19:54:39.882+0000] {standard_task_runner.py:72} INFO - Started process 146 to run task
[2026-09-07T19:54:39.882+0000] {standard_task_runner.py:104} INFO - Running: ['***', 'tasks', 'run', 'oil_price_pipeline_dag', 'create_tables', 'manual__2026-09-07T19:54:37.360378+00:00', '--job-id', '248', '--raw', '--subdir', 'DAGS_FOLDER/ml_03_oil_pipeline.py', '--cfg-path', '/tmp/tmp4hzmryax']
[2026-09-07T19:54:39.885+0000] {standard_task_runner.py:105} INFO - Job 248: Subtask create_tables
[2026-09-07T19:54:39.925+0000] {task_command.py:467} INFO - Running <TaskInstance: oil_price_pipeline_dag.create_tables manual__2026-09-07T19:54:37.360378+00:00 [running]> on host bc02dd7ffed4
[2026-09-07T19:54:39.997+0000] {taskinstance.py:3132} INFO - Exporting env vars: AIRFLOW_CTX_DAG_OWNER='workshop2' AIRFLOW_CTX_DAG_ID='oil_price_pipeline_dag' AIRFLOW_CTX_TASK_ID='create_tables' AIRFLOW_CTX_EXECUTION_DATE='2026-09-07T19:54:37.360378+00:00' AIRFLOW_CTX_TRY_NUMBER='1' AIRFLOW_CTX_DAG_RUN_ID='manual__2026-09-07T19:54:37.360378+00:00'
[2026-09-07T19:54:39.998+0000] {taskinstance.py:731} INFO - ::endgroup::
[2026-09-07T19:54:40.018+0000] {sql.py:278} INFO - Executing: 
CREATE TABLE IF NOT EXISTS oil_price_history (
    date DATE NOT NULL,
    symbol VARCHAR(50) NOT NULL,
    price FLOAT NOT NULL,
    inserted_at TIMESTAMP DEFAULT NOW(),
    PRIMARY KEY (date, symbol)
);

CREATE TABLE IF NOT EXISTS model_metrics (
    id SERIAL PRIMARY KEY,
    model_name VARCHAR(100) NOT NULL,
    rmse FLOAT NOT NULL,
    deployed BOOLEAN NOT NULL,
    run_at TIMESTAMP DEFAULT NOW()
);
[2026-09-07T19:54:40.025+0000] {base.py:84} INFO - Retrieving connection 'postgres_target'
[2026-09-07T19:54:40.032+0000] {base.py:84} INFO - Retrieving connection 'postgres_target'
[2026-09-07T19:54:40.036+0000] {sql.py:553} INFO - Running statement: 
CREATE TABLE IF NOT EXISTS oil_price_history (
    date DATE NOT NULL,
    symbol VARCHAR(50) NOT NULL,
    price FLOAT NOT NULL,
    inserted_at TIMESTAMP DEFAULT NOW(),
    PRIMARY KEY (date, symbol)
);

CREATE TABLE IF NOT EXISTS model_metrics (
    id SERIAL PRIMARY KEY,
    model_name VARCHAR(100) NOT NULL,
    rmse FLOAT NOT NULL,
    deployed BOOLEAN NOT NULL,
    run_at TIMESTAMP DEFAULT NOW()
);, parameters: None
[2026-09-07T19:54:40.045+0000] {taskinstance.py:340} INFO - ::group::Post task execution logs
[2026-09-07T19:54:40.045+0000] {taskinstance.py:352} INFO - Marking task as SUCCESS. dag_id=oil_price_pipeline_dag, task_id=create_tables, run_id=manual__2026-09-07T19:54:37.360378+00:00, execution_date=20260907T195437, start_date=20260907T195439, end_date=20260907T195440
[2026-09-07T19:54:40.097+0000] {local_task_job_runner.py:266} INFO - Task exited with return code 0
[2026-09-07T19:54:40.117+0000] {taskinstance.py:3895} INFO - 1 downstream tasks scheduled from follow-on schedule check
[2026-09-07T19:54:40.124+0000] {local_task_job_runner.py:245} INFO - ::endgroup::
