[2026-09-08T06:45:03.264+0000] {local_task_job_runner.py:123} INFO - ::group::Pre task execution logs
[2026-09-08T06:45:03.304+0000] {taskinstance.py:2613} INFO - Dependencies all met for dep_context=non-requeueable deps ti=<TaskInstance: oil_price_pipeline_dag.train_model manual__2026-09-08T06:43:58.628877+00:00 [queued]>
[2026-09-08T06:45:03.319+0000] {taskinstance.py:2613} INFO - Dependencies all met for dep_context=requeueable deps ti=<TaskInstance: oil_price_pipeline_dag.train_model manual__2026-09-08T06:43:58.628877+00:00 [queued]>
[2026-09-08T06:45:03.321+0000] {taskinstance.py:2866} INFO - Starting attempt 1 of 2
[2026-09-08T06:45:03.353+0000] {taskinstance.py:2889} INFO - Executing <Task(PythonOperator): train_model> on 2026-09-08 06:43:58.628877+00:00
[2026-09-08T06:45:03.366+0000] {warnings.py:112} WARNING - /home/***/.local/lib/python3.12/site-packages/***/task/task_runner/standard_task_runner.py:70: DeprecationWarning: This process (pid=213) is multi-threaded, use of fork() may lead to deadlocks in the child.
  pid = os.fork()

[2026-09-08T06:45:03.371+0000] {standard_task_runner.py:72} INFO - Started process 215 to run task
[2026-09-08T06:45:03.370+0000] {standard_task_runner.py:104} INFO - Running: ['***', 'tasks', 'run', 'oil_price_pipeline_dag', 'train_model', 'manual__2026-09-08T06:43:58.628877+00:00', '--job-id', '9', '--raw', '--subdir', 'DAGS_FOLDER/ml_03_oil_pipeline.py', '--cfg-path', '/tmp/tmpoy7dvzdi']
[2026-09-08T06:45:03.377+0000] {standard_task_runner.py:105} INFO - Job 9: Subtask train_model
[2026-09-08T06:45:03.501+0000] {task_command.py:467} INFO - Running <TaskInstance: oil_price_pipeline_dag.train_model manual__2026-09-08T06:43:58.628877+00:00 [running]> on host cc163e6dd6e2
[2026-09-08T06:45:03.974+0000] {taskinstance.py:3132} INFO - Exporting env vars: AIRFLOW_CTX_DAG_OWNER='workshop2' AIRFLOW_CTX_DAG_ID='oil_price_pipeline_dag' AIRFLOW_CTX_TASK_ID='train_model' AIRFLOW_CTX_EXECUTION_DATE='2026-09-08T06:43:58.628877+00:00' AIRFLOW_CTX_TRY_NUMBER='1' AIRFLOW_CTX_DAG_RUN_ID='manual__2026-09-08T06:43:58.628877+00:00'
[2026-09-08T06:45:03.976+0000] {taskinstance.py:731} INFO - ::endgroup::
[2026-09-08T06:45:07.996+0000] {logging_mixin.py:190} INFO - เทรนโมเดลเสร็จ: train=50, holdout=5
[2026-09-08T06:45:07.997+0000] {logging_mixin.py:190} INFO - บันทึก candidate: /opt/***/models/oil_models/candidate_manual__2026-09-08T06-43-58.628877-00-00.pkl
[2026-09-08T06:45:07.999+0000] {python.py:240} INFO - Done. Returned value was: None
[2026-09-08T06:45:08.025+0000] {taskinstance.py:340} INFO - ::group::Post task execution logs
[2026-09-08T06:45:08.026+0000] {taskinstance.py:352} INFO - Marking task as SUCCESS. dag_id=oil_price_pipeline_dag, task_id=train_model, run_id=manual__2026-09-08T06:43:58.628877+00:00, execution_date=20260908T064358, start_date=20260908T064503, end_date=20260908T064508
[2026-09-08T06:45:08.098+0000] {local_task_job_runner.py:266} INFO - Task exited with return code 0
[2026-09-08T06:45:08.396+0000] {standard_task_runner.py:217} INFO - Process not found (most likely exited), stop collecting metrics
[2026-09-08T06:45:08.405+0000] {taskinstance.py:3895} INFO - 1 downstream tasks scheduled from follow-on schedule check
[2026-09-08T06:45:08.417+0000] {local_task_job_runner.py:245} INFO - ::endgroup::
