[2026-09-06T17:22:30.793+0000] {local_task_job_runner.py:123} INFO - ::group::Pre task execution logs
[2026-09-06T17:22:30.812+0000] {taskinstance.py:2613} INFO - Dependencies all met for dep_context=non-requeueable deps ti=<TaskInstance: oil_price_pipeline_dag.get_previous_rmse manual__2026-09-06T17:22:09.670896+00:00 [queued]>
[2026-09-06T17:22:30.821+0000] {taskinstance.py:2613} INFO - Dependencies all met for dep_context=requeueable deps ti=<TaskInstance: oil_price_pipeline_dag.get_previous_rmse manual__2026-09-06T17:22:09.670896+00:00 [queued]>
[2026-09-06T17:22:30.821+0000] {taskinstance.py:2866} INFO - Starting attempt 1 of 2
[2026-09-06T17:22:30.837+0000] {taskinstance.py:2889} INFO - Executing <Task(PythonOperator): get_previous_rmse> on 2026-09-06 17:22:09.670896+00:00
[2026-09-06T17:22:30.845+0000] {warnings.py:112} WARNING - /home/***/.local/lib/python3.12/site-packages/***/task/task_runner/standard_task_runner.py:70: DeprecationWarning: This process (pid=537) is multi-threaded, use of fork() may lead to deadlocks in the child.
  pid = os.fork()

[2026-09-06T17:22:30.847+0000] {standard_task_runner.py:72} INFO - Started process 539 to run task
[2026-09-06T17:22:30.847+0000] {standard_task_runner.py:104} INFO - Running: ['***', 'tasks', 'run', 'oil_price_pipeline_dag', 'get_previous_rmse', 'manual__2026-09-06T17:22:09.670896+00:00', '--job-id', '9', '--raw', '--subdir', 'DAGS_FOLDER/ml_03_oil_pipeline.py', '--cfg-path', '/tmp/tmppswzlvvg']
[2026-09-06T17:22:30.849+0000] {standard_task_runner.py:105} INFO - Job 9: Subtask get_previous_rmse
[2026-09-06T17:22:30.904+0000] {task_command.py:467} INFO - Running <TaskInstance: oil_price_pipeline_dag.get_previous_rmse manual__2026-09-06T17:22:09.670896+00:00 [running]> on host 1b5b1934435f
[2026-09-06T17:22:31.153+0000] {taskinstance.py:3132} INFO - Exporting env vars: AIRFLOW_CTX_DAG_OWNER='workshop2' AIRFLOW_CTX_DAG_ID='oil_price_pipeline_dag' AIRFLOW_CTX_TASK_ID='get_previous_rmse' AIRFLOW_CTX_EXECUTION_DATE='2026-09-06T17:22:09.670896+00:00' AIRFLOW_CTX_TRY_NUMBER='1' AIRFLOW_CTX_DAG_RUN_ID='manual__2026-09-06T17:22:09.670896+00:00'
[2026-09-06T17:22:31.153+0000] {taskinstance.py:731} INFO - ::endgroup::
[2026-09-06T17:22:31.172+0000] {base.py:84} INFO - Retrieving connection 'postgres_target'
[2026-09-06T17:22:31.177+0000] {sql.py:553} INFO - Running statement: SELECT rmse FROM model_metrics WHERE model_name = %s AND deployed = TRUE ORDER BY run_at DESC LIMIT 1;, parameters: ('oil_price_wti',)
[2026-09-06T17:22:31.179+0000] {sql.py:562} INFO - Rows affected: 0
[2026-09-06T17:22:31.192+0000] {logging_mixin.py:190} INFO - ยังไม่เคยมีโมเดลที่ deploy มาก่อน (รอบแรก) — ถือว่ายังไม่มี champion ให้เทียบ
[2026-09-06T17:22:31.193+0000] {python.py:240} INFO - Done. Returned value was: None
[2026-09-06T17:22:31.202+0000] {taskinstance.py:340} INFO - ::group::Post task execution logs
[2026-09-06T17:22:31.203+0000] {taskinstance.py:352} INFO - Marking task as SUCCESS. dag_id=oil_price_pipeline_dag, task_id=get_previous_rmse, run_id=manual__2026-09-06T17:22:09.670896+00:00, execution_date=20260906T172209, start_date=20260906T172230, end_date=20260906T172231
[2026-09-06T17:22:31.262+0000] {local_task_job_runner.py:266} INFO - Task exited with return code 0
[2026-09-06T17:22:31.432+0000] {taskinstance.py:3895} INFO - 1 downstream tasks scheduled from follow-on schedule check
[2026-09-06T17:22:31.436+0000] {local_task_job_runner.py:245} INFO - ::endgroup::
