[2026-09-06T17:51:46.675+0000] {local_task_job_runner.py:123} INFO - ::group::Pre task execution logs
[2026-09-06T17:51:46.690+0000] {taskinstance.py:2613} INFO - Dependencies all met for dep_context=non-requeueable deps ti=<TaskInstance: oil_price_pipeline_dag.train_model manual__2026-09-06T17:51:15.733045+00:00 [queued]>
[2026-09-06T17:51:46.701+0000] {taskinstance.py:2613} INFO - Dependencies all met for dep_context=requeueable deps ti=<TaskInstance: oil_price_pipeline_dag.train_model manual__2026-09-06T17:51:15.733045+00:00 [queued]>
[2026-09-06T17:51:46.713+0000] {taskinstance.py:2866} INFO - Starting attempt 1 of 2
[2026-09-06T17:51:46.733+0000] {taskinstance.py:2889} INFO - Executing <Task(PythonOperator): train_model> on 2026-09-06 17:51:15.733045+00:00
[2026-09-06T17:51:46.739+0000] {warnings.py:112} WARNING - /home/***/.local/lib/python3.12/site-packages/***/task/task_runner/standard_task_runner.py:70: DeprecationWarning: This process (pid=170) is multi-threaded, use of fork() may lead to deadlocks in the child.
  pid = os.fork()

[2026-09-06T17:51:46.741+0000] {standard_task_runner.py:72} INFO - Started process 172 to run task
[2026-09-06T17:51:46.741+0000] {standard_task_runner.py:104} INFO - Running: ['***', 'tasks', 'run', 'oil_price_pipeline_dag', 'train_model', 'manual__2026-09-06T17:51:15.733045+00:00', '--job-id', '7', '--raw', '--subdir', 'DAGS_FOLDER/ml_03_oil_pipeline.py', '--cfg-path', '/tmp/tmpj01ltdj8']
[2026-09-06T17:51:46.744+0000] {standard_task_runner.py:105} INFO - Job 7: Subtask train_model
[2026-09-06T17:51:46.795+0000] {task_command.py:467} INFO - Running <TaskInstance: oil_price_pipeline_dag.train_model manual__2026-09-06T17:51:15.733045+00:00 [running]> on host 10c0bf379f23
[2026-09-06T17:51:47.006+0000] {taskinstance.py:3132} INFO - Exporting env vars: AIRFLOW_CTX_DAG_OWNER='workshop2' AIRFLOW_CTX_DAG_ID='oil_price_pipeline_dag' AIRFLOW_CTX_TASK_ID='train_model' AIRFLOW_CTX_EXECUTION_DATE='2026-09-06T17:51:15.733045+00:00' AIRFLOW_CTX_TRY_NUMBER='1' AIRFLOW_CTX_DAG_RUN_ID='manual__2026-09-06T17:51:15.733045+00:00'
[2026-09-06T17:51:47.007+0000] {taskinstance.py:731} INFO - ::endgroup::
[2026-09-06T17:51:49.731+0000] {logging_mixin.py:190} INFO - เทรนโมเดลเสร็จ (train 139 แถว, กันไว้วัดผล 5 แถว)
[2026-09-06T17:51:49.732+0000] {logging_mixin.py:190} INFO - บันทึกไว้ที่: /opt/***/models/oil_models/candidate_manual__2026-09-06T17-51-15.733045-00-00.pkl
[2026-09-06T17:51:49.733+0000] {python.py:240} INFO - Done. Returned value was: None
[2026-09-06T17:51:49.741+0000] {taskinstance.py:340} INFO - ::group::Post task execution logs
[2026-09-06T17:51:49.741+0000] {taskinstance.py:352} INFO - Marking task as SUCCESS. dag_id=oil_price_pipeline_dag, task_id=train_model, run_id=manual__2026-09-06T17:51:15.733045+00:00, execution_date=20260906T175115, start_date=20260906T175146, end_date=20260906T175149
[2026-09-06T17:51:49.806+0000] {local_task_job_runner.py:266} INFO - Task exited with return code 0
[2026-09-06T17:51:49.969+0000] {taskinstance.py:3895} INFO - 1 downstream tasks scheduled from follow-on schedule check
[2026-09-06T17:51:49.973+0000] {local_task_job_runner.py:245} INFO - ::endgroup::
