[2026-09-08T04:55:55.692+0000] {local_task_job_runner.py:123} INFO - ::group::Pre task execution logs
[2026-09-08T04:55:55.707+0000] {taskinstance.py:2613} INFO - Dependencies all met for dep_context=non-requeueable deps ti=<TaskInstance: oil_price_pipeline_dag.get_previous_rmse manual__2026-09-08T04:55:40.730300+00:00 [queued]>
[2026-09-08T04:55:55.714+0000] {taskinstance.py:2613} INFO - Dependencies all met for dep_context=requeueable deps ti=<TaskInstance: oil_price_pipeline_dag.get_previous_rmse manual__2026-09-08T04:55:40.730300+00:00 [queued]>
[2026-09-08T04:55:55.715+0000] {taskinstance.py:2866} INFO - Starting attempt 1 of 2
[2026-09-08T04:55:55.730+0000] {taskinstance.py:2889} INFO - Executing <Task(PythonOperator): get_previous_rmse> on 2026-09-08 04:55:40.730300+00:00
[2026-09-08T04:55:55.736+0000] {warnings.py:112} WARNING - /home/***/.local/lib/python3.12/site-packages/***/task/task_runner/standard_task_runner.py:70: DeprecationWarning: This process (pid=512) is multi-threaded, use of fork() may lead to deadlocks in the child.
  pid = os.fork()

[2026-09-08T04:55:55.737+0000] {standard_task_runner.py:72} INFO - Started process 514 to run task
[2026-09-08T04:55:55.738+0000] {standard_task_runner.py:104} INFO - Running: ['***', 'tasks', 'run', 'oil_price_pipeline_dag', 'get_previous_rmse', 'manual__2026-09-08T04:55:40.730300+00:00', '--job-id', '294', '--raw', '--subdir', 'DAGS_FOLDER/ml_03_oil_pipeline.py', '--cfg-path', '/tmp/tmp7_jsdrzh']
[2026-09-08T04:55:55.740+0000] {standard_task_runner.py:105} INFO - Job 294: Subtask get_previous_rmse
[2026-09-08T04:55:55.784+0000] {task_command.py:467} INFO - Running <TaskInstance: oil_price_pipeline_dag.get_previous_rmse manual__2026-09-08T04:55:40.730300+00:00 [running]> on host 0bad5c1c53b5
[2026-09-08T04:55:55.977+0000] {taskinstance.py:3132} INFO - Exporting env vars: AIRFLOW_CTX_DAG_OWNER='workshop2' AIRFLOW_CTX_DAG_ID='oil_price_pipeline_dag' AIRFLOW_CTX_TASK_ID='get_previous_rmse' AIRFLOW_CTX_EXECUTION_DATE='2026-09-08T04:55:40.730300+00:00' AIRFLOW_CTX_TRY_NUMBER='1' AIRFLOW_CTX_DAG_RUN_ID='manual__2026-09-08T04:55:40.730300+00:00'
[2026-09-08T04:55:55.978+0000] {taskinstance.py:731} INFO - ::endgroup::
[2026-09-08T04:55:55.996+0000] {base.py:84} INFO - Retrieving connection 'postgres_target'
[2026-09-08T04:55:56.000+0000] {sql.py:553} INFO - Running statement: 
        SELECT rmse
        FROM model_metrics
        WHERE model_name = %s
          AND deployed = TRUE
        ORDER BY run_at DESC
        LIMIT 1;
        , parameters: ('gasohol_95_thailand',)
[2026-09-08T04:55:56.002+0000] {sql.py:562} INFO - Rows affected: 1
[2026-09-08T04:55:56.013+0000] {logging_mixin.py:190} INFO - Champion RMSE เดิม = 0.1836 บาท/ลิตร
[2026-09-08T04:55:56.013+0000] {python.py:240} INFO - Done. Returned value was: None
[2026-09-08T04:55:56.023+0000] {taskinstance.py:340} INFO - ::group::Post task execution logs
[2026-09-08T04:55:56.024+0000] {taskinstance.py:352} INFO - Marking task as SUCCESS. dag_id=oil_price_pipeline_dag, task_id=get_previous_rmse, run_id=manual__2026-09-08T04:55:40.730300+00:00, execution_date=20260908T045540, start_date=20260908T045555, end_date=20260908T045556
[2026-09-08T04:55:56.072+0000] {local_task_job_runner.py:266} INFO - Task exited with return code 0
[2026-09-08T04:55:56.207+0000] {taskinstance.py:3895} INFO - 1 downstream tasks scheduled from follow-on schedule check
[2026-09-08T04:55:56.211+0000] {local_task_job_runner.py:245} INFO - ::endgroup::
