[2026-09-07T20:13:43.300+0000] {local_task_job_runner.py:123} INFO - ::group::Pre task execution logs
[2026-09-07T20:13:43.313+0000] {taskinstance.py:2613} INFO - Dependencies all met for dep_context=non-requeueable deps ti=<TaskInstance: oil_price_pipeline_dag.decide_deploy manual__2026-09-07T20:12:45.655015+00:00 [queued]>
[2026-09-07T20:13:43.319+0000] {taskinstance.py:2613} INFO - Dependencies all met for dep_context=requeueable deps ti=<TaskInstance: oil_price_pipeline_dag.decide_deploy manual__2026-09-07T20:12:45.655015+00:00 [queued]>
[2026-09-07T20:13:43.321+0000] {taskinstance.py:2866} INFO - Starting attempt 1 of 2
[2026-09-07T20:13:43.334+0000] {taskinstance.py:2889} INFO - Executing <Task(BranchPythonOperator): decide_deploy> on 2026-09-07 20:12:45.655015+00:00
[2026-09-07T20:13:43.341+0000] {warnings.py:112} WARNING - /home/***/.local/lib/python3.12/site-packages/***/task/task_runner/standard_task_runner.py:70: DeprecationWarning: This process (pid=172) is multi-threaded, use of fork() may lead to deadlocks in the child.
  pid = os.fork()

[2026-09-07T20:13:43.343+0000] {standard_task_runner.py:72} INFO - Started process 174 to run task
[2026-09-07T20:13:43.343+0000] {standard_task_runner.py:104} INFO - Running: ['***', 'tasks', 'run', 'oil_price_pipeline_dag', 'decide_deploy', 'manual__2026-09-07T20:12:45.655015+00:00', '--job-id', '260', '--raw', '--subdir', 'DAGS_FOLDER/ml_03_oil_pipeline.py', '--cfg-path', '/tmp/tmpv_dyl_1y']
[2026-09-07T20:13:43.345+0000] {standard_task_runner.py:105} INFO - Job 260: Subtask decide_deploy
[2026-09-07T20:13:43.382+0000] {task_command.py:467} INFO - Running <TaskInstance: oil_price_pipeline_dag.decide_deploy manual__2026-09-07T20:12:45.655015+00:00 [running]> on host 352574bf8447
[2026-09-07T20:13:43.572+0000] {taskinstance.py:3132} INFO - Exporting env vars: AIRFLOW_CTX_DAG_OWNER='workshop2' AIRFLOW_CTX_DAG_ID='oil_price_pipeline_dag' AIRFLOW_CTX_TASK_ID='decide_deploy' AIRFLOW_CTX_EXECUTION_DATE='2026-09-07T20:12:45.655015+00:00' AIRFLOW_CTX_TRY_NUMBER='1' AIRFLOW_CTX_DAG_RUN_ID='manual__2026-09-07T20:12:45.655015+00:00'
[2026-09-07T20:13:43.573+0000] {taskinstance.py:731} INFO - ::endgroup::
[2026-09-07T20:13:43.581+0000] {baseoperator.py:421} WARNING - BranchPythonOperator.execute cannot be called outside TaskInstance!
[2026-09-07T20:13:43.606+0000] {logging_mixin.py:190} INFO - โมเดลใหม่ดีกว่า/ยังไม่มี champion -> deploy
[2026-09-07T20:13:43.607+0000] {python.py:240} INFO - Done. Returned value was: deploy_model
[2026-09-07T20:13:43.607+0000] {branch.py:38} INFO - Branch into deploy_model
[2026-09-07T20:13:43.607+0000] {skipmixin.py:230} INFO - Following branch ('deploy_model',)
[2026-09-07T20:13:43.617+0000] {skipmixin.py:278} INFO - Skipping tasks [('skip_deploy', -1)]
[2026-09-07T20:13:43.644+0000] {taskinstance.py:340} INFO - ::group::Post task execution logs
[2026-09-07T20:13:43.645+0000] {taskinstance.py:352} INFO - Marking task as SUCCESS. dag_id=oil_price_pipeline_dag, task_id=decide_deploy, run_id=manual__2026-09-07T20:12:45.655015+00:00, execution_date=20260907T201245, start_date=20260907T201343, end_date=20260907T201343
[2026-09-07T20:13:43.678+0000] {local_task_job_runner.py:266} INFO - Task exited with return code 0
[2026-09-07T20:13:43.833+0000] {taskinstance.py:3895} INFO - 1 downstream tasks scheduled from follow-on schedule check
[2026-09-07T20:13:43.837+0000] {local_task_job_runner.py:245} INFO - ::endgroup::
